E/RobotCore( 5250):     at java.util.concurrent.ThreadPoolExecutor.runWorker(ThreadPoolExecutor.java:1112)
E/RobotCore( 5250):     at java.util.concurrent.ThreadPoolExecutor$Worker.run(ThreadPoolExecutor.java:587)
E/RobotCore( 5250):     at java.lang.Thread.run(Thread.java:841)
V/RobotUsbDeviceFtdi( 5250): closing AL00VW5E
V/RobotCore( 5250): thread: ...terminating 'r/w loop: Modern Robotics USB DC Motor Controller [AL00VW5E]'
I/System.out( 5250): Sigma2016 -- center light sensor read is set to false
W/System.err( 5250): java.lang.InterruptedException
D/RobotCore( 5250): system telemetry: key=$System$Warning$ msg="problem communicating with Modern Robotics USB DC Motor Controller [AL00VW5E]"
W/System.err( 5250): 	at java.util.concurrent.locks.AbstractQueuedSynchronizer.doAcquireSharedInterruptibly(AbstractQueuedSynchronizer.java:975)
W/System.err( 5250): 	at java.util.concurrent.locks.AbstractQueuedSynchronizer.acquireSharedInterruptibly(AbstractQueuedSynchronizer.java:1281)
W/System.err( 5250): 	at java.util.concurrent.Semaphore.acquire(Semaphore.java:283)
W/System.err( 5250): 	at com.ftdi.j2xx.ProcessInCtrl.acquireReadableBuffer(FT_Device.java:2294)
W/System.err( 5250): 	at com.ftdi.j2xx.ProcessRequestWorker.run(FT_Device.java:2764)
W/System.err( 5250): 	at java.lang.Thread.run(Thread.java:841)
V/RobotCore( 5250): event loop: device has shutdown abnormally
V/RobotCore( 5250): event loop: detaching device owner
I/FIRST   ( 5250): ======= MODULE DETACH RECOVERY: disarm Modern Robotics USB DC Motor Controller [AL00VW5E]=======
D/RobotCore( 5250): disarming modern motor controller Modern Robotics USB DC Motor Controller [AL00VW5E]...
V/RobotCore( 5250): executive service ReadWriteRunnable for Modern Robotics USB Device is terminated
V/RobotUsbDeviceFtdi( 5250): closing AL00VW5E
D/RobotCore( 5250): ...disarming modern motor controller Modern Robotics USB DC Motor Controller [AL00VW5E] complete
I/FIRST   ( 5250): ======= MODULE DETACH RECOVERY: pretend Modern Robotics USB DC Motor Controller [AL00VW5E]=======
D/RobotCore( 5250): arming modern motor controller Modern Robotics USB DC Motor Controller [AL00VW5E] (pretend)...
V/RobotCore( 5250): Starting up pretend device AL00VW5E
E/MediaPlayer-JNI( 5250): QCMediaPlayer mediaplayer NOT present
D/Sonivox (  268): file[-1199075144]: EAS_HWOpenFile ---->. mDrmManagerClient[0], mDrmBufOffset[0], mDrmBufSize[0], mDrmBuf[0]
D/Sonivox (  268): wangchong: path is NULL
D/PRDrmPlugIn(  266): PRDrmPlugin::onInitialize, uniqueId = 7486
D/PRDrmPlugIn(  266): PRDrmPlugin::onSetOnInfoListener: starts! uniqueId = 7486
D/PRDrmPlugIn(  266): PRDrmPlugin::onSetOnInfoListener: ends!
D/Sonivox (  268): [qwu ]FileSource::canHandle()begin 
D/Sonivox (  268): [qwu ]FileSource::canHandle()end 
D/Sonivox (  268): [qwu ]FileSource::canHandle() OK 
D/Sonivox (  268): [qwu ]FileSource::canHandle() failed 
D/PRDrmPlugIn(  266): PRDrmPlugin::onTerminate, uniqueId = 7486
D/Sonivox (  268): file[-1199075144]: EAS_HWOpenFile <----. mDrmManagerClient[0], mDrmBufOffset[0], mDrmBufSize[0], mDrmBuf[0]
D/Sonivox (  268): file[-1199075144]: EAS_HWCloseFile ---->. mDrmManagerClient[0], mDrmBufOffset[0], mDrmBufSize[0], mDrmBuf[0]
D/Sonivox (  268): file[-1199075144]: EAS_HWCloseFile <----. mDrmManagerClient[0], mDrmBufOffset[0], mDrmBufSize[0], mDrmBuf[0]
I/ExtendedUtils(  268): AV Sync late margin : Intended=40ms Using=0ms
D/Utils   (  268): printFileName fd(38) -> /data/app/com.qualcomm.ftcrobotcontroller-2.apk
V/RobotCore( 5250): thread: 'r/w loop: Modern Robotics USB DC Motor Controller [AL00VW5E]' starting...
D/RobotCore( 5250): ...arming modern motor controller Modern Robotics USB DC Motor Controller [AL00VW5E] complete
I/FIRST   ( 5250): ======= MODULE DETACH RECOVERY: complete Modern Robotics USB DC Motor Controller [AL00VW5E]=======
D/LockScreen_KeyguardViewMediator(  978): setHidden false
D/LockScreen_KeyguardUpdateMonitor(  978): sendKeyguardVisibilityChanged(true)
D/LockScreen_KeyguardUpdateMonitor(  978): handleKeyguardVisibilityChanged(1)
D/PRDrmPlugIn(  266): PRDrmPlugin::onInitialize, uniqueId = 6584
D/PRDrmPlugIn(  266): PRDrmPlugin::onSetOnInfoListener: starts! uniqueId = 6584
D/PRDrmPlugIn(  266): PRDrmPlugin::onSetOnInfoListener: ends!
D/PRDrmPlugIn(  266): PRDrmPlugin::onTerminate, uniqueId = 6584
D/ExtendedUtils(  268): extended extractor not needed, return default
D/AudioPolicyManager(  268): copl: isOffloadSupported: SR=44100, CM=0x0, Format=0x17000001, StreamType=3, BitRate=4294967295, duration=1043650 us, has_video=0
D/AudioPolicyManager(  268): copl: PCM offload disabled by property audio.offload.pcm.enable
I/AwesomePlayer(  268): Could not offload audio decode, try pcm offload
D/AudioPolicyManager(  268): copl: isOffloadSupported: SR=44100, CM=0x0, Format=0x17000001, StreamType=3, BitRate=4294967295, duration=1043650 us, has_video=0
D/AudioPolicyManager(  268): copl: PCM offload disabled by property audio.offload.pcm.enable
E/MediaPlayer( 5250): Should have subtitle controller already set
D/Sonivox (  268): file[-1199075144]: EAS_HWOpenFile ---->. mDrmManagerClient[0], mDrmBufOffset[0], mDrmBufSize[0], mDrmBuf[0]
D/Sonivox (  268): wangchong: path is NULL
D/PRDrmPlugIn(  266): PRDrmPlugin::onInitialize, uniqueId = 5697
D/PRDrmPlugIn(  266): PRDrmPlugin::onSetOnInfoListener: starts! uniqueId = 5697
D/PRDrmPlugIn(  266): PRDrmPlugin::onSetOnInfoListener: ends!
D/Sonivox (  268): [qwu ]FileSource::canHandle()begin 
D/Sonivox (  268): [qwu ]FileSource::canHandle()end 
D/Sonivox (  268): [qwu ]FileSource::canHandle() OK 
D/Sonivox (  268): [qwu ]FileSource::canHandle() failed 
D/PRDrmPlugIn(  266): PRDrmPlugin::onTerminate, uniqueId = 5697
D/Sonivox (  268): file[-1199075144]: EAS_HWOpenFile <----. mDrmManagerClient[0], mDrmBufOffset[0], mDrmBufSize[0], mDrmBuf[0]
D/Sonivox (  268): file[-1199075144]: EAS_HWCloseFile ---->. mDrmManagerClient[0], mDrmBufOffset[0], mDrmBufSize[0], mDrmBuf[0]
D/Sonivox (  268): file[-1199075144]: EAS_HWCloseFile <----. mDrmManagerClient[0], mDrmBufOffset[0], mDrmBufSize[0], mDrmBuf[0]
I/ExtendedUtils(  268): AV Sync late margin : Intended=40ms Using=0ms
D/Utils   (  268): printFileName fd(39) -> /data/app/com.qualcomm.ftcrobotcontroller-2.apk
D/PRDrmPlugIn(  266): PRDrmPlugin::onInitialize, uniqueId = 6106
D/PRDrmPlugIn(  266): PRDrmPlugin::onSetOnInfoListener: starts! uniqueId = 6106
D/PRDrmPlugIn(  266): PRDrmPlugin::onSetOnInfoListener: ends!
D/PRDrmPlugIn(  266): PRDrmPlugin::onTerminate, uniqueId = 6106
D/ExtendedUtils(  268): extended extractor not needed, return default
D/AudioPolicyManager(  268): copl: isOffloadSupported: SR=44100, CM=0x0, Format=0x17000001, StreamType=-1, BitRate=4294967295, duration=1043650 us, has_video=0
D/AudioPolicyManager(  268): copl: isOffloadSupported: stream_type != MUSIC, returning false
I/AwesomePlayer(  268): Could not offload audio decode, try pcm offload
D/AudioPolicyManager(  268): copl: isOffloadSupported: SR=44100, CM=0x0, Format=0x17000001, StreamType=-1, BitRate=4294967295, duration=1043650 us, has_video=0
D/AudioPolicyManager(  268): copl: isOffloadSupported: stream_type != MUSIC, returning false
D/AudioPlayer(  268): start of Playback, useOffload 0
D/AudioPlayer(  268): Pause Playback at 928798
D/AudioPlayer(  268): reset: mPlaying=0 mReachedEOS=1 useOffload=0
D/AudioPolicyManager(  268):  getOutput() device 2, stream 3, samplingRate 0, format 0, channelMask 3, flags 0 
D/AudioPolicyManager(  268): getOutput() returns output 2
D/AudioPolicyManager(  268):  getOutput() device 2, stream 3, samplingRate 0, format 0, channelMask 3, flags 0 
D/AudioPolicyManager(  268): getOutput() returns output 2
D/AudioPolicyManager(  268):  getOutput() device 2, stream 3, samplingRate 44100, format 1, channelMask 3, flags 4 
D/AudioPolicyManager(  268): getOutput() returns output 3
D/AudioFlinger(  268): start(4100), calling pid 5250 session 64
D/AudioFlinger(  268): ? => ACTIVE (4100) on thread 0xb8876988
D/AudioPolicyManagerBase(  268): startOutput() output 3, stream 3, session 64
D/audio_hw_primary(  268): start_output_stream: enter: stream(0xb885f960)usecase(1: low-latency-playback) devices(0x2)
D/audio_hw_primary(  268): select_devices: out_snd_device(2: speaker) in_snd_device(0: )
D/hardware_info(  268): hw_info_append_hw_type : device_name = speaker
I/listen_hal_loader(  268): audio_extn_listen_update_device_status(): device 0x2 of type 0 for Event 1, with Raise=0
D/ACDB-LOADER(  268): ACDB -> send_audio_cal, acdb_id = 14, path =  0
D/ACDB-LOADER(  268): ACDB -> send_adm_topology
D/ACDB-LOADER(  268): ACDB -> ACDB_CMD_GET_AUDPROC_COMMON_TOPOLOGY_ID
D/ACDB-LOADER(  268): ACDB -> send_asm_topology
D/ACDB-LOADER(  268): ACDB -> ACDB_CMD_GET_AUDPROC_STREAM_TOPOLOGY_ID
D/ACDB-LOADER(  268): ACDB -> send_audtable
D/ACDB-LOADER(  268): ACDB -> ACDB_CMD_GET_AUDPROC_COMMON_TABLE
D/ACDB-LOADER(  268): ACDB -> AUDIO_SET_AUDPROC_CAL
D/ACDB-LOADER(  268): ACDB -> send_audvoltable
D/ACDB-LOADER(  268): ACDB -> ACDB_CMD_GET_AUDPROC_GAIN_DEP_STEP_TABLE
D/ACDB-LOADER(  268): ACDB -> AUDIO_SET_AUDPROC_VOL_CAL
D/ACDB-LOADER(  268): ACDB -> send_afe_cal
D/ACDB-LOADER(  268): ACDB -> ACDB_CMD_GET_AFE_COMMON_TABLE
D/ACDB-LOADER(  268): ACDB -> AUDIO_SET_AFE_CAL
D/PowerManagerService(  811): sendPendingNotificationsLocked mSendGoToSleepFinishedNotificationWhenReady = false
I/listen_hal_loader(  268): audio_extn_listen_update_stream_status(): uc_id 1 of type 0 for Event 3, with Raise=0
D/audio_hw_primary(  268): select_devices: done
D/ACDB-LOADER(  268): ACDB -> send_audio_cal, acdb_id = 14, path =  0
D/ACDB-LOADER(  268): ACDB -> send_adm_topology
D/ACDB-LOADER(  268): ACDB -> ACDB_CMD_GET_AUDPROC_COMMON_TOPOLOGY_ID
D/ACDB-LOADER(  268): ACDB -> send_asm_topology
D/ACDB-LOADER(  268): ACDB -> ACDB_CMD_GET_AUDPROC_STREAM_TOPOLOGY_ID
D/ACDB-LOADER(  268): ACDB -> send_audtable
D/ACDB-LOADER(  268): ACDB -> ACDB_CMD_GET_AUDPROC_COMMON_TABLE
D/ACDB-LOADER(  268): ACDB -> AUDIO_SET_AUDPROC_CAL
D/ACDB-LOADER(  268): ACDB -> send_audvoltable
D/ACDB-LOADER(  268): ACDB -> ACDB_CMD_GET_AUDPROC_GAIN_DEP_STEP_TABLE
D/ACDB-LOADER(  268): ACDB -> AUDIO_SET_AUDPROC_VOL_CAL
D/ACDB-LOADER(  268): ACDB -> send_afe_cal
D/ACDB-LOADER(  268): ACDB -> ACDB_CMD_GET_AFE_COMMON_TABLE
D/ACDB-LOADER(  268): ACDB -> AUDIO_SET_AFE_CAL
D/LockScreen_KeyguardViewMediator(  978): setHidden false
D/LockScreen_KeyguardUpdateMonitor(  978): sendKeyguardVisibilityChanged(true)
D/LockScreen_KeyguardUpdateMonitor(  978): handleKeyguardVisibilityChanged(1)
E/MRReaderWriter( 5250): AL00XOKN: comm timeout read: header: unable to read 5 bytes in 164 ms: [55 aa 80 40 09]
W/RobotCore( 5250): could not read Modern Robotics USB Servo Controller [AL00XOKN]: comm timeout read: header: unable to read 5 bytes in 164 ms
E/MRReaderWriter( 5250): AL00VE3C: comm timeout write: header: unable to read 5 bytes in 164 ms: [55 aa 00 30 20]
W/RobotCore( 5250): could not write to Modern Robotics USB Core Device Interface Module [AL00VE3C]: comm timeout write: header: unable to read 5 bytes in 164 ms
E/MRReaderWriter( 5250): AL00XROI: comm timeout write: header: unable to read 5 bytes in 164 ms: [55 aa 00 b0 20]
W/RobotCore( 5250): could not write to Modern Robotics USB Legacy Module [AL00XROI]: comm timeout write: header: unable to read 5 bytes in 164 ms
E/MRReaderWriter( 5250): AL00VVUU: comm timeout read: header: unable to read 5 bytes in 164 ms: [55 aa 80 40 1e]
W/RobotCore( 5250): could not read Modern Robotics USB DC Motor Controller [AL00VVUU]: comm timeout read: header: unable to read 5 bytes in 164 ms
E/MRReaderWriter( 5250): AL00VS9P: comm timeout read: header: unable to read 5 bytes in 164 ms: [55 aa 80 40 1e]
W/RobotCore( 5250): could not read Modern Robotics USB DC Motor Controller [AL00VS9P]: comm timeout read: header: unable to read 5 bytes in 164 ms
D/LockScreen_KeyguardViewMediator(  978): setHidden false
D/LockScreen_KeyguardUpdateMonitor(  978): sendKeyguardVisibilityChanged(true)
D/LockScreen_KeyguardUpdateMonitor(  978): handleKeyguardVisibilityChanged(1)
E/MRReaderWriter( 5250): AL00XOKN: comm timeout read: sync0: unable to read 1 bytes in 124 ms: [55 aa 80 40 09]
W/RobotCore( 5250): could not read Modern Robotics USB Servo Controller [AL00XOKN]: comm timeout read: sync0: unable to read 1 bytes in 124 ms
E/MRReaderWriter( 5250): AL00XROI: comm timeout read: sync0: unable to read 1 bytes in 124 ms: [55 aa 80 03 0d]
W/RobotCore( 5250): could not read Modern Robotics USB Legacy Module [AL00XROI]: comm timeout read: sync0: unable to read 1 bytes in 124 ms
E/MRReaderWriter( 5250): AL00VE3C: comm timeout read: sync0: unable to read 1 bytes in 124 ms: [55 aa 80 03 15]
W/RobotCore( 5250): could not read Modern Robotics USB Core Device Interface Module [AL00VE3C]: comm timeout read: sync0: unable to read 1 bytes in 124 ms
E/MRReaderWriter( 5250): AL00VVUU: comm timeout read: sync0: unable to read 1 bytes in 124 ms: [55 aa 80 40 1e]
W/RobotCore( 5250): could not read Modern Robotics USB DC Motor Controller [AL00VVUU]: comm timeout read: sync0: unable to read 1 bytes in 124 ms
E/MRReaderWriter( 5250): AL00VS9P: comm timeout write: sync0: unable to read 1 bytes in 124 ms: [55 aa 00 40 1e]
W/RobotCore( 5250): could not write to Modern Robotics USB DC Motor Controller [AL00VS9P]: comm timeout write: sync0: unable to read 1 bytes in 124 ms
D/LockScreen_KeyguardViewMediator(  978): setHidden false
D/LockScreen_KeyguardUpdateMonitor(  978): sendKeyguardVisibilityChanged(true)
D/LockScreen_KeyguardUpdateMonitor(  978): handleKeyguardVisibilityChanged(1)
E/MRReaderWriter( 5250): AL00XOKN: comm timeout read: sync0: unable to read 1 bytes in 124 ms: [55 aa 80 40 09]
W/RobotCore( 5250): could not read Modern Robotics USB Servo Controller [AL00XOKN]: comm timeout read: sync0: unable to read 1 bytes in 124 ms
E/MRReaderWriter( 5250): AL00XROI: comm timeout write: sync0: unable to read 1 bytes in 124 ms: [55 aa 00 4f 01]
W/RobotCore( 5250): could not write to Modern Robotics USB Legacy Module [AL00XROI]: comm timeout write: sync0: unable to read 1 bytes in 124 ms
E/MRReaderWriter( 5250): AL00VE3C: comm timeout write: sync0: unable to read 1 bytes in 124 ms: [55 aa 00 30 20]
W/RobotCore( 5250): could not write to Modern Robotics USB Core Device Interface Module [AL00VE3C]: comm timeout write: sync0: unable to read 1 bytes in 124 ms
E/MRReaderWriter( 5250): AL00VVUU: comm timeout read: sync0: unable to read 1 bytes in 124 ms: [55 aa 80 40 1e]
W/RobotCore( 5250): could not read Modern Robotics USB DC Motor Controller [AL00VVUU]: comm timeout read: sync0: unable to read 1 bytes in 124 ms
D/LockScreen_KeyguardViewMediator(  978): setHidden false
D/LockScreen_KeyguardUpdateMonitor(  978): sendKeyguardVisibilityChanged(true)
D/LockScreen_KeyguardUpdateMonitor(  978): handleKeyguardVisibilityChanged(1)
E/MRReaderWriter( 5250): AL00VS9P: comm timeout read: sync0: unable to read 1 bytes in 124 ms: [55 aa 80 40 1e]
W/RobotCore( 5250): could not read Modern Robotics USB DC Motor Controller [AL00VS9P]: comm timeout read: sync0: unable to read 1 bytes in 124 ms
D/dalvikvm( 5250): GC_CONCURRENT freed 2235K, 39% free 6783K/11092K, paused 4ms+4ms, total 48ms
V/UsbRequest( 5250): endpoint still open in finalize(): android.hardware.usb.UsbRequest@41f3d220
D/UsbRequestJNI( 5250): close
E/MRReaderWriter( 5250): AL00XOKN: comm timeout read: sync0: unable to read 1 bytes in 124 ms: [55 aa 80 40 09]
W/RobotCore( 5250): could not read Modern Robotics USB Servo Controller [AL00XOKN]: comm timeout read: sync0: unable to read 1 bytes in 124 ms
E/MRReaderWriter( 5250): AL00XROI: comm timeout read: sync0: unable to read 1 bytes in 124 ms: [55 aa 80 03 0d]
W/RobotCore( 5250): could not read Modern Robotics USB Legacy Module [AL00XROI]: comm timeout read: sync0: unable to read 1 bytes in 124 ms
D/LockScreen_KeyguardViewMediator(  978): setHidden false
D/LockScreen_KeyguardUpdateMonitor(  978): sendKeyguardVisibilityChanged(true)
D/LockScreen_KeyguardUpdateMonitor(  978): handleKeyguardVisibilityChanged(1)
E/MRReaderWriter( 5250): AL00VE3C: comm timeout read: sync0: unable to read 1 bytes in 124 ms: [55 aa 80 03 15]
W/RobotCore( 5250): could not read Modern Robotics USB Core Device Interface Module [AL00VE3C]: comm timeout read: sync0: unable to read 1 bytes in 124 ms
E/MRReaderWriter( 5250): AL00VVUU: comm timeout read: sync0: unable to read 1 bytes in 124 ms: [55 aa 80 40 1e]
W/RobotCore( 5250): could not read Modern Robotics USB DC Motor Controller [AL00VVUU]: comm timeout read: sync0: unable to read 1 bytes in 124 ms
E/MRReaderWriter( 5250): AL00VS9P: comm timeout write: sync0: unable to read 1 bytes in 124 ms: [55 aa 00 40 1e]
W/RobotCore( 5250): could not write to Modern Robotics USB DC Motor Controller [AL00VS9P]: comm timeout write: sync0: unable to read 1 bytes in 124 ms
D/LockScreen_KeyguardViewMediator(  978): setHidden false
D/LockScreen_KeyguardUpdateMonitor(  978): sendKeyguardVisibilityChanged(true)
D/LockScreen_KeyguardUpdateMonitor(  978): handleKeyguardVisibilityChanged(1)
E/MRReaderWriter( 5250): AL00XOKN: comm timeout read: sync0: unable to read 1 bytes in 124 ms: [55 aa 80 40 09]
W/RobotCore( 5250): could not read Modern Robotics USB Servo Controller [AL00XOKN]: comm timeout read: sync0: unable to read 1 bytes in 124 ms
E/MRReaderWriter( 5250): AL00XROI: comm timeout write: sync0: unable to read 1 bytes in 124 ms: [55 aa 00 6f 01]
W/RobotCore( 5250): could not write to Modern Robotics USB Legacy Module [AL00XROI]: comm timeout write: sync0: unable to read 1 bytes in 124 ms
E/MRReaderWriter( 5250): AL00VE3C: comm timeout write: sync0: unable to read 1 bytes in 124 ms: [55 aa 00 30 20]
W/RobotCore( 5250): could not write to Modern Robotics USB Core Device Interface Module [AL00VE3C]: comm timeout write: sync0: unable to read 1 bytes in 124 ms
E/MRReaderWriter( 5250): AL00VVUU: comm timeout read: sync0: unable to read 1 bytes in 124 ms: [55 aa 80 40 1e]
W/RobotCore( 5250): could not read Modern Robotics USB DC Motor Controller [AL00VVUU]: comm timeout read: sync0: unable to read 1 bytes in 124 ms
E/MRReaderWriter( 5250): AL00VS9P: comm timeout read: sync0: unable to read 1 bytes in 124 ms: [55 aa 80 40 1e]
W/RobotCore( 5250): could not read Modern Robotics USB DC Motor Controller [AL00VS9P]: comm timeout read: sync0: unable to read 1 bytes in 124 ms
D/LockScreen_KeyguardViewMediator(  978): setHidden false
D/LockScreen_KeyguardUpdateMonitor(  978): sendKeyguardVisibilityChanged(true)
D/LockScreen_KeyguardUpdateMonitor(  978): handleKeyguardVisibilityChanged(1)
E/MRReaderWriter( 5250): AL00XOKN: comm timeout read: sync0: unable to read 1 bytes in 124 ms: [55 aa 80 40 09]
W/RobotCore( 5250): could not read Modern Robotics USB Servo Controller [AL00XOKN]: comm timeout read: sync0: unable to read 1 bytes in 124 ms
E/MRReaderWriter( 5250): AL00XROI: comm timeout read: sync0: unable to read 1 bytes in 124 ms: [55 aa 80 03 0d]
W/RobotCore( 5250): could not read Modern Robotics USB Legacy Module [AL00XROI]: comm timeout read: sync0: unable to read 1 bytes in 124 ms
E/MRReaderWriter( 5250): AL00VE3C: comm timeout read: sync0: unable to read 1 bytes in 124 ms: [55 aa 80 03 15]
W/RobotCore( 5250): could not read Modern Robotics USB Core Device Interface Module [AL00VE3C]: comm timeout read: sync0: unable to read 1 bytes in 124 ms
E/MRReaderWriter( 5250): AL00VVUU: comm timeout read: sync0: unable to read 1 bytes in 124 ms: [55 aa 80 40 1e]
W/RobotCore( 5250): could not read Modern Robotics USB DC Motor Controller [AL00VVUU]: comm timeout read: sync0: unable to read 1 bytes in 124 ms
E/MRReaderWriter( 5250): AL00VS9P: comm timeout write: sync0: unable to read 1 bytes in 124 ms: [55 aa 00 40 1e]
W/RobotCore( 5250): could not write to Modern Robotics USB DC Motor Controller [AL00VS9P]: comm timeout write: sync0: unable to read 1 bytes in 124 ms
D/LockScreen_KeyguardViewMediator(  978): setHidden false
D/LockScreen_KeyguardUpdateMonitor(  978): sendKeyguardVisibilityChanged(true)
D/LockScreen_KeyguardUpdateMonitor(  978): handleKeyguardVisibilityChanged(1)
E/MRReaderWriter( 5250): AL00XOKN: comm timeout read: sync0: unable to read 1 bytes in 124 ms: [55 aa 80 40 09]
W/RobotCore( 5250): could not read Modern Robotics USB Servo Controller [AL00XOKN]: comm timeout read: sync0: unable to read 1 bytes in 124 ms
E/MRReaderWriter( 5250): AL00XROI: comm timeout write: sync0: unable to read 1 bytes in 124 ms: [55 aa 00 90 20]
W/RobotCore( 5250): could not write to Modern Robotics USB Legacy Module [AL00XROI]: comm timeout write: sync0: unable to read 1 bytes in 124 ms
E/MRReaderWriter( 5250): AL00VE3C: comm timeout write: sync0: unable to read 1 bytes in 124 ms: [55 aa 00 30 20]
W/RobotCore( 5250): could not write to Modern Robotics USB Core Device Interface Module [AL00VE3C]: comm timeout write: sync0: unable to read 1 bytes in 124 ms
D/LockScreen_KeyguardViewMediator(  978): setHidden false
D/LockScreen_KeyguardUpdateMonitor(  978): sendKeyguardVisibilityChanged(true)
D/LockScreen_KeyguardUpdateMonitor(  978): handleKeyguardVisibilityChanged(1)
E/MRReaderWriter( 5250): AL00VVUU: comm timeout write: sync0: unable to read 1 bytes in 124 ms: [55 aa 00 40 1e]
W/RobotCore( 5250): could not write to Modern Robotics USB DC Motor Controller [AL00VVUU]: comm timeout write: sync0: unable to read 1 bytes in 124 ms
E/MRReaderWriter( 5250): AL00VS9P: comm timeout read: sync0: unable to read 1 bytes in 124 ms: [55 aa 80 40 1e]
W/RobotCore( 5250): could not read Modern Robotics USB DC Motor Controller [AL00VS9P]: comm timeout read: sync0: unable to read 1 bytes in 124 ms
E/MRReaderWriter( 5250): AL00XOKN: comm timeout read: sync0: unable to read 1 bytes in 124 ms: [55 aa 80 40 09]
W/RobotCore( 5250): could not read Modern Robotics USB Servo Controller [AL00XOKN]: comm timeout read: sync0: unable to read 1 bytes in 124 ms
E/MRReaderWriter( 5250): AL00XROI: comm timeout read: sync0: unable to read 1 bytes in 124 ms: [55 aa 80 03 0d]
W/RobotCore( 5250): could not read Modern Robotics USB Legacy Module [AL00XROI]: comm timeout read: sync0: unable to read 1 bytes in 124 ms
D/LockScreen_KeyguardViewMediator(  978): setHidden false
D/LockScreen_KeyguardUpdateMonitor(  978): sendKeyguardVisibilityChanged(true)
D/LockScreen_KeyguardUpdateMonitor(  978): handleKeyguardVisibilityChanged(1)
E/MRReaderWriter( 5250): AL00VE3C: comm timeout read: sync0: unable to read 1 bytes in 124 ms: [55 aa 80 03 15]
W/RobotCore( 5250): could not read Modern Robotics USB Core Device Interface Module [AL00VE3C]: comm timeout read: sync0: unable to read 1 bytes in 124 ms
E/MRReaderWriter( 5250): AL00VVUU: comm timeout read: sync0: unable to read 1 bytes in 124 ms: [55 aa 80 40 1e]
W/RobotCore( 5250): could not read Modern Robotics USB DC Motor Controller [AL00VVUU]: comm timeout read: sync0: unable to read 1 bytes in 124 ms
E/MRReaderWriter( 5250): AL00VS9P: comm timeout write: sync0: unable to read 1 bytes in 124 ms: [55 aa 00 40 1e]
W/RobotCore( 5250): could not write to Modern Robotics USB DC Motor Controller [AL00VS9P]: comm timeout write: sync0: unable to read 1 bytes in 124 ms
D/UsbDeviceConnectionJNI( 5250): close
D/BulkIn::( 5250): Stop BulkIn thread
W/System.err( 5250): java.lang.NullPointerException
W/System.err( 5250): 	at com.ftdi.j2xx.ProcessInCtrl.releaseWritableBuffers(FT_Device.java:2675)
W/System.err( 5250): 	at com.ftdi.j2xx.BulkInWorker.run(FT_Device.java:2879)
W/System.err( 5250): 	at java.lang.Thread.run(Thread.java:841)
D/ProcessRequestThread::( 5250): Device has been closed.
W/System.err( 5250): java.lang.InterruptedException
W/System.err( 5250): 	at java.util.concurrent.locks.AbstractQueuedSynchronizer.doAcquireSharedInterruptibly(AbstractQueuedSynchronizer.java:975)
W/System.err( 5250): 	at java.util.concurrent.locks.AbstractQueuedSynchronizer.acquireSharedInterruptibly(AbstractQueuedSynchronizer.java:1281)
W/System.err( 5250): 	at java.util.concurrent.Semaphore.acquire(Semaphore.java:283)
W/System.err( 5250): 	at com.ftdi.j2xx.ProcessInCtrl.acquireReadableBuffer(FT_Device.java:2294)
W/System.err( 5250): 	at com.ftdi.j2xx.ProcessRequestWorker.run(FT_Device.java:2764)
W/System.err( 5250): 	at java.lang.Thread.run(Thread.java:841)
I/System.out( 5250): Sigma2016 -- sensor reading thread did not run for 17ms
E/MRReaderWriter( 5250): AL00XOKN: comm timeout read: sync0: unable to read 1 bytes in 124 ms: [55 aa 80 40 09]
W/RobotCore( 5250): could not read Modern Robotics USB Servo Controller [AL00XOKN]: comm timeout read: sync0: unable to read 1 bytes in 124 ms
W/RobotCore( 5250): error: closed: FT_Device.read()=-1
V/RobotUsbDeviceFtdi( 5250): closing AL00VS9P
D/RobotCore( 5250): system telemetry: key=$System$Warning$ msg="problem communicating with Modern Robotics USB DC Motor Controller [AL00VS9P]; problem communicating with Modern Robotics USB DC Motor Controller [AL00VW5E]"
I/System.out( 5250): Sigma2016 -- center light sensor read is set to true
V/RobotCore( 5250): thread: ...terminating 'r/w loop: Modern Robotics USB DC Motor Controller [AL00VS9P]'
E/FTDI_Device::( 5250): UsbConnection.requestWait() == null
V/RobotCore( 5250): event loop: device has shutdown abnormally
V/RobotCore( 5250): event loop: detaching device owner
I/FIRST   ( 5250): ======= MODULE DETACH RECOVERY: disarm Modern Robotics USB DC Motor Controller [AL00VS9P]=======
D/RobotCore( 5250): disarming modern motor controller Modern Robotics USB DC Motor Controller [AL00VS9P]...
D/AudioPolicyManager(  268):  getOutput() device 2, stream 3, samplingRate 0, format 0, channelMask 3, flags 0 
D/AudioPolicyManager(  268): getOutput() returns output 2
D/AudioPolicyManager(  268):  getOutput() device 2, stream 3, samplingRate 0, format 0, channelMask 3, flags 0 
D/AudioPolicyManager(  268): getOutput() returns output 2
D/AudioPolicyManager(  268):  getOutput() device 2, stream 3, samplingRate 44100, format 1, channelMask 3, flags 4 
D/AudioPolicyManager(  268): getOutput() returns output 3
I/System.out( 5250): Sigma2016 -- center light sensor read is set to false
D/AudioFlinger(  268): start(4099), calling pid 5250 session 65
D/AudioFlinger(  268): ? => ACTIVE (4099) on thread 0xb889a000
D/AudioPolicyManagerBase(  268): startOutput() output 3, stream 3, session 65
V/RobotCore( 5250): executive service ReadWriteRunnable for Modern Robotics USB Device is terminated
V/RobotUsbDeviceFtdi( 5250): closing AL00VS9P
D/RobotCore( 5250): ...disarming modern motor controller Modern Robotics USB DC Motor Controller [AL00VS9P] complete
I/FIRST   ( 5250): ======= MODULE DETACH RECOVERY: pretend Modern Robotics USB DC Motor Controller [AL00VS9P]=======
D/RobotCore( 5250): arming modern motor controller Modern Robotics USB DC Motor Controller [AL00VS9P] (pretend)...
V/RobotCore( 5250): Starting up pretend device AL00VS9P
V/RobotCore( 5250): thread: 'r/w loop: Modern Robotics USB DC Motor Controller [AL00VS9P]' starting...
D/RobotCore( 5250): ...arming modern motor controller Modern Robotics USB DC Motor Controller [AL00VS9P] complete
I/FIRST   ( 5250): ======= MODULE DETACH RECOVERY: complete Modern Robotics USB DC Motor Controller [AL00VS9P]=======
D/LockScreen_KeyguardViewMediator(  978): setHidden false
D/LockScreen_KeyguardUpdateMonitor(  978): sendKeyguardVisibilityChanged(true)
D/LockScreen_KeyguardUpdateMonitor(  978): handleKeyguardVisibilityChanged(1)
D/ProcessRequestThread::( 5250): Device has been closed.
W/System.err( 5250): java.lang.InterruptedException
W/System.err( 5250): 	at java.util.concurrent.locks.AbstractQueuedSynchronizer.doAcquireSharedInterruptibly(AbstractQueuedSynchronizer.java:975)
W/System.err( 5250): 	at java.util.concurrent.locks.AbstractQueuedSynchronizer.acquireSharedInterruptibly(AbstractQueuedSynchronizer.java:1281)
W/System.err( 5250): 	at java.util.concurrent.Semaphore.acquire(Semaphore.java:283)
W/System.err( 5250): 	at com.ftdi.j2xx.ProcessInCtrl.acquireReadableBuffer(FT_Device.java:2294)
W/System.err( 5250): 	at com.ftdi.j2xx.ProcessRequestWorker.run(FT_Device.java:2764)
W/System.err( 5250): 	at java.lang.Thread.run(Thread.java:841)
D/UsbDeviceConnectionJNI( 5250): close
D/ProcessRequestThread::( 5250): Device has been closed.
W/System.err( 5250): java.lang.InterruptedException
W/System.err( 5250): 	at java.util.concurrent.locks.AbstractQueuedSynchronizer.doAcquireSharedInterruptibly(AbstractQueuedSynchronizer.java:975)
W/System.err( 5250): 	at java.util.concurrent.locks.AbstractQueuedSynchronizer.acquireSharedInterruptibly(AbstractQueuedSynchronizer.java:1281)
W/System.err( 5250): 	at java.util.concurrent.Semaphore.acquire(Semaphore.java:283)
W/System.err( 5250): 	at com.ftdi.j2xx.ProcessInCtrl.acquireReadableBuffer(FT_Device.java:2294)
W/System.err( 5250): 	at com.ftdi.j2xx.ProcessRequestWorker.run(FT_Device.java:2764)
W/System.err( 5250): 	at java.lang.Thread.run(Thread.java:841)
D/UsbDeviceConnectionJNI( 5250): close
D/ProcessRequestThread::( 5250): Device has been closed.
W/System.err( 5250): java.lang.InterruptedException
W/System.err( 5250): 	at java.util.concurrent.locks.AbstractQueuedSynchronizer.doAcquireSharedInterruptibly(AbstractQueuedSynchronizer.java:975)
W/System.err( 5250): 	at java.util.concurrent.locks.AbstractQueuedSynchronizer.acquireSharedInterruptibly(AbstractQueuedSynchronizer.java:1281)
W/System.err( 5250): 	at java.util.concurrent.Semaphore.acquire(Semaphore.java:283)
W/System.err( 5250): 	at com.ftdi.j2xx.ProcessInCtrl.acquireReadableBuffer(FT_Device.java:2294)
W/System.err( 5250): 	at com.ftdi.j2xx.ProcessRequestWorker.run(FT_Device.java:2764)
W/System.err( 5250): 	at java.lang.Thread.run(Thread.java:841)
W/RobotCore( 5250): error: closed: FT_Device.read()=-1
V/RobotUsbDeviceFtdi( 5250): closing AL00XOKN
V/RobotCore( 5250): thread: ...terminating 'r/w loop: Modern Robotics USB Servo Controller [AL00XOKN]'
D/UsbDeviceConnectionJNI( 5250): close
D/BulkIn::( 5250): Stop BulkIn thread
W/System.err( 5250): java.lang.NullPointerException
W/System.err( 5250): 	at com.ftdi.j2xx.ProcessInCtrl.purgeINData(FT_Device.java:2602)
W/System.err( 5250): 	at com.ftdi.j2xx.BulkInWorker.run(FT_Device.java:2880)
W/System.err( 5250): 	at java.lang.Thread.run(Thread.java:841)
D/RobotCore( 5250): system telemetry: key=$System$Warning$ msg="problem communicating with Modern Robotics USB DC Motor Controller [AL00VS9P]; problem communicating with Modern Robotics USB DC Motor Controller [AL00VW5E]; problem communicating with Modern Robotics USB Servo Controller [AL00XOKN]"
V/RobotCore( 5250): event loop: device has shutdown abnormally
V/RobotCore( 5250): event loop: detaching device owner
I/FIRST   ( 5250): ======= MODULE DETACH RECOVERY: disarm Modern Robotics USB Servo Controller [AL00XOKN]=======
D/RobotCore( 5250): disarming modern servo controller "Modern Robotics USB Servo Controller [AL00XOKN]"...
V/RobotCore( 5250): executive service ReadWriteRunnable for Modern Robotics USB Device is terminated
V/RobotUsbDeviceFtdi( 5250): closing AL00XOKN
D/RobotCore( 5250): ...disarming modern servo controller Modern Robotics USB Servo Controller [AL00XOKN] complete
I/FIRST   ( 5250): ======= MODULE DETACH RECOVERY: pretend Modern Robotics USB Servo Controller [AL00XOKN]=======
D/RobotCore( 5250): arming modern servo controller Modern Robotics USB Servo Controller [AL00XOKN] (pretend)...
V/RobotCore( 5250): Starting up pretend device AL00XOKN
D/ProcessRequestThread::( 5250): Device has been closed.
W/System.err( 5250): java.lang.InterruptedException
W/System.err( 5250): 	at java.util.concurrent.locks.AbstractQueuedSynchronizer.doAcquireSharedInterruptibly(AbstractQueuedSynchronizer.java:975)
W/System.err( 5250): 	at java.util.concurrent.locks.AbstractQueuedSynchronizer.acquireSharedInterruptibly(AbstractQueuedSynchronizer.java:1281)
W/System.err( 5250): 	at java.util.concurrent.Semaphore.acquire(Semaphore.java:283)
V/RobotCore( 5250): thread: 'r/w loop: Modern Robotics USB Servo Controller [AL00XOKN]' starting...
W/System.err( 5250): 	at com.ftdi.j2xx.ProcessInCtrl.acquireReadableBuffer(FT_Device.java:2294)
W/System.err( 5250): 	at com.ftdi.j2xx.ProcessRequestWorker.run(FT_Device.java:2764)
W/System.err( 5250): 	at java.lang.Thread.run(Thread.java:841)
D/RobotCore( 5250): ...arming modern servo controller Modern Robotics USB Servo Controller [AL00XOKN] complete
I/FIRST   ( 5250): ======= MODULE DETACH RECOVERY: complete Modern Robotics USB Servo Controller [AL00XOKN]=======
D/UsbDeviceConnectionJNI( 5250): close
D/BulkIn::( 5250): Stop BulkIn thread
W/System.err( 5250): java.lang.NullPointerException
W/System.err( 5250): 	at com.ftdi.j2xx.ProcessInCtrl.purgeINData(FT_Device.java:2602)
W/System.err( 5250): 	at com.ftdi.j2xx.BulkInWorker.run(FT_Device.java:2880)
W/System.err( 5250): 	at java.lang.Thread.run(Thread.java:841)
E/MRReaderWriter( 5250): AL00XROI: comm timeout write: sync0: unable to read 1 bytes in 124 ms: [55 aa 00 b0 20]
W/RobotCore( 5250): could not write to Modern Robotics USB Legacy Module [AL00XROI]: comm timeout write: sync0: unable to read 1 bytes in 124 ms
W/RobotCore( 5250): error: closed: FT_Device.read()=-1
V/RobotUsbDeviceFtdi( 5250): closing AL00XROI
D/RobotCore( 5250): system telemetry: key=$System$Warning$ msg="problem communicating with Modern Robotics USB DC Motor Controller [AL00VS9P]; problem communicating with Modern Robotics USB DC Motor Controller [AL00VW5E]; problem communicating with Modern Robotics USB Legacy Module [AL00XROI]; problem communicating with Modern Robotics USB Servo Controller [AL00XOKN]"
V/RobotCore( 5250): thread: ...terminating 'r/w loop: Modern Robotics USB Legacy Module [AL00XROI]'
V/RobotCore( 5250): event loop: device has shutdown abnormally
V/RobotCore( 5250): event loop: detaching device owner
I/FIRST   ( 5250): ======= MODULE DETACH RECOVERY: disarm Modern Robotics USB Legacy Module [AL00XROI]=======
V/RobotCore( 5250): waiting for service ReadWriteRunnable for Modern Robotics USB Device
D/LockScreen_KeyguardViewMediator(  978): setHidden false
D/LockScreen_KeyguardUpdateMonitor(  978): sendKeyguardVisibilityChanged(true)
D/LockScreen_KeyguardUpdateMonitor(  978): handleKeyguardVisibilityChanged(1)
V/RobotCore( 5250): awaitTermination returned, isTerminated=true
V/RobotCore( 5250): executive service ReadWriteRunnable for Modern Robotics USB Device is terminated
V/RobotUsbDeviceFtdi( 5250): closing AL00XROI
I/FIRST   ( 5250): ======= MODULE DETACH RECOVERY: pretend Modern Robotics USB Legacy Module [AL00XROI]=======
V/RobotCore( 5250): Starting up pretend device AL00XROI
V/RobotCore( 5250): thread: 'r/w loop: Modern Robotics USB Legacy Module [AL00XROI]' starting...
I/FIRST   ( 5250): ======= MODULE DETACH RECOVERY: complete Modern Robotics USB Legacy Module [AL00XROI]=======
E/MRReaderWriter( 5250): AL00VE3C: comm timeout write: sync0: unable to read 1 bytes in 124 ms: [55 aa 00 30 20]
W/RobotCore( 5250): could not write to Modern Robotics USB Core Device Interface Module [AL00VE3C]: comm timeout write: sync0: unable to read 1 bytes in 124 ms
W/RobotCore( 5250): error: closed: FT_Device.read()=-1
V/RobotUsbDeviceFtdi( 5250): closing AL00VE3C
V/RobotCore( 5250): thread: ...terminating 'r/w loop: Modern Robotics USB Core Device Interface Module [AL00VE3C]'
D/RobotCore( 5250): system telemetry: key=$System$Warning$ msg="problem communicating with Modern Robotics USB DC Motor Controller [AL00VS9P]; problem communicating with Modern Robotics USB DC Motor Controller [AL00VW5E]; problem communicating with Modern Robotics USB Legacy Module [AL00XROI]; problem communicating with Modern Robotics USB Servo Controller [AL00XOKN]; problem communicating with Modern Robotics USB Core Device Interface Module [AL00VE3C]"
V/RobotCore( 5250): event loop: device has shutdown abnormally
V/RobotCore( 5250): event loop: detaching device owner
I/FIRST   ( 5250): ======= MODULE DETACH RECOVERY: disarm Modern Robotics USB Core Device Interface Module [AL00VE3C]=======
V/RobotCore( 5250): waiting for service ReadWriteRunnable for Modern Robotics USB Device
V/RobotCore( 5250): awaitTermination returned, isTerminated=true
V/RobotCore( 5250): executive service ReadWriteRunnable for Modern Robotics USB Device is terminated
V/RobotUsbDeviceFtdi( 5250): closing AL00VE3C
I/FIRST   ( 5250): ======= MODULE DETACH RECOVERY: pretend Modern Robotics USB Core Device Interface Module [AL00VE3C]=======
V/RobotCore( 5250): Starting up pretend device AL00VE3C
D/LockScreen_KeyguardViewMediator(  978): setHidden false
D/LockScreen_KeyguardUpdateMonitor(  978): sendKeyguardVisibilityChanged(true)
D/LockScreen_KeyguardUpdateMonitor(  978): handleKeyguardVisibilityChanged(1)
V/RobotCore( 5250): thread: 'r/w loop: Modern Robotics USB Core Device Interface Module [AL00VE3C]' starting...
I/FIRST   ( 5250): ======= MODULE DETACH RECOVERY: complete Modern Robotics USB Core Device Interface Module [AL00VE3C]=======
D/LockScreen_KeyguardViewMediator(  978): setHidden false
D/LockScreen_KeyguardUpdateMonitor(  978): sendKeyguardVisibilityChanged(true)
D/LockScreen_KeyguardUpdateMonitor(  978): handleKeyguardVisibilityChanged(1)
E/MRReaderWriter( 5250): AL00VVUU: comm timeout write: sync0: unable to read 1 bytes in 124 ms: [55 aa 00 40 1e]
W/RobotCore( 5250): could not write to Modern Robotics USB DC Motor Controller [AL00VVUU]: comm timeout write: sync0: unable to read 1 bytes in 124 ms
W/RobotCore( 5250): error: closed: FT_Device.read()=-1
V/RobotUsbDeviceFtdi( 5250): closing AL00VVUU
V/RobotCore( 5250): thread: ...terminating 'r/w loop: Modern Robotics USB DC Motor Controller [AL00VVUU]'
I/System.out( 5250): --BlueNear log-- R:G:B = 0:0:0
D/RobotCore( 5250): system telemetry: key=$System$Warning$ msg="problem communicating with Modern Robotics USB DC Motor Controller [AL00VS9P]; problem communicating with Modern Robotics USB DC Motor Controller [AL00VVUU]; problem communicating with Modern Robotics USB DC Motor Controller [AL00VW5E]; problem communicating with Modern Robotics USB Legacy Module [AL00XROI]; problem communicating with Modern Robotics USB Servo Controller [AL00XOKN]; problem communicating with Modern Robotics USB Core Device Interface Module [AL00VE3C]"
V/RobotCore( 5250): event loop: device has shutdown abnormally
V/RobotCore( 5250): event loop: detaching device owner
I/FIRST   ( 5250): ======= MODULE DETACH RECOVERY: disarm Modern Robotics USB DC Motor Controller [AL00VVUU]=======
D/RobotCore( 5250): disarming modern motor controller Modern Robotics USB DC Motor Controller [AL00VVUU]...
V/RobotCore( 5250): executive service ReadWriteRunnable for Modern Robotics USB Device is terminated
V/RobotUsbDeviceFtdi( 5250): closing AL00VVUU
D/RobotCore( 5250): ...disarming modern motor controller Modern Robotics USB DC Motor Controller [AL00VVUU] complete
I/FIRST   ( 5250): ======= MODULE DETACH RECOVERY: pretend Modern Robotics USB DC Motor Controller [AL00VVUU]=======
D/RobotCore( 5250): arming modern motor controller Modern Robotics USB DC Motor Controller [AL00VVUU] (pretend)...
V/RobotCore( 5250): Starting up pretend device AL00VVUU
V/RobotCore( 5250): thread: 'r/w loop: Modern Robotics USB DC Motor Controller [AL00VVUU]' starting...
D/RobotCore( 5250): ...arming modern motor controller Modern Robotics USB DC Motor Controller [AL00VVUU] complete
I/FIRST   ( 5250): ======= MODULE DETACH RECOVERY: complete Modern Robotics USB DC Motor Controller [AL00VVUU]=======
I/System.out( 5250): --BlueNear log-- R:G:B = 0:0:0
I/System.out( 5250): --BlueNear log-- R:G:B = 0:0:0
D/LockScreen_KeyguardViewMediator(  978): setHidden false
D/LockScreen_KeyguardUpdateMonitor(  978): sendKeyguardVisibilityChanged(true)
D/LockScreen_KeyguardUpdateMonitor(  978): handleKeyguardVisibilityChanged(1)
I/System.out( 5250): --BlueNear log-- R:G:B = 0:0:0
I/System.out( 5250): --BlueNear log-- R:G:B = 0:0:0
I/System.out( 5250): --BlueNear log-- R:G:B = 0:0:0
I/System.out( 5250): --BlueNear log-- R:G:B = 0:0:0
I/System.out( 5250): --BlueNear log-- R:G:B = 0:0:0
I/System.out( 5250): --BlueNear log-- R:G:B = 0:0:0
I/System.out( 5250): --BlueNear log-- R:G:B = 0:0:0
I/System.out( 5250): --BlueNear log-- R:G:B = 0:0:0
I/System.out( 5250): --BlueNear log-- R:G:B = 0:0:0
I/System.out( 5250): --BlueNear log-- R:G:B = 0:0:0
I/System.out( 5250): --BlueNear log-- R:G:B = 0:0:0
D/LockScreen_KeyguardViewMediator(  978): setHidden false
D/LockScreen_KeyguardUpdateMonitor(  978): sendKeyguardVisibilityChanged(true)
D/LockScreen_KeyguardUpdateMonitor(  978): handleKeyguardVisibilityChanged(1)
I/System.out( 5250): --BlueNear log-- R:G:B = 0:0:0
I/System.out( 5250): --BlueNear log-- R:G:B = 0:0:0
I/System.out( 5250): --BlueNear log-- R:G:B = 0:0:0
I/System.out( 5250): --BlueNear log-- R:G:B = 0:0:0
I/System.out( 5250): --BlueNear log-- R:G:B = 0:0:0
I/System.out( 5250): --BlueNear log-- R:G:B = 0:0:0
I/System.out( 5250): --BlueNear log-- R:G:B = 0:0:0
I/System.out( 5250): --BlueNear log-- R:G:B = 0:0:0
I/System.out( 5250): --BlueNear log-- R:G:B = 0:0:0
I/System.out( 5250): --BlueNear log-- R:G:B = 0:0:0
I/System.out( 5250): --BlueNear log-- R:G:B = 0:0:0
I/System.out( 5250): --BlueNear log-- R:G:B = 0:0:0
I/System.out( 5250): --BlueNear log-- R:G:B = 0:0:0
I/System.out( 5250): --BlueNear log-- R:G:B = 0:0:0
I/System.out( 5250): --BlueNear log-- R:G:B = 0:0:0
I/System.out( 5250): --BlueNear log-- R:G:B = 0:0:0
I/System.out( 5250): --BlueNear log-- R:G:B = 0:0:0
I/System.out( 5250): --BlueNear log-- R:G:B = 0:0:0
I/System.out( 5250): --BlueNear log-- R:G:B = 0:0:0
I/System.out( 5250): --BlueNear log-- R:G:B = 0:0:0
I/System.out( 5250): --BlueNear log-- R:G:B = 0:0:0
I/System.out( 5250): --BlueNear log-- R:G:B = 0:0:0
I/System.out( 5250): --BlueNear log-- R:G:B = 0:0:0
D/LockScreen_KeyguardViewMediator(  978): setHidden false
D/LockScreen_KeyguardUpdateMonitor(  978): sendKeyguardVisibilityChanged(true)
D/LockScreen_KeyguardUpdateMonitor(  978): handleKeyguardVisibilityChanged(1)
I/System.out( 5250): --BlueNear log-- R:G:B = 0:0:0
I/System.out( 5250): --BlueNear log-- R:G:B = 0:0:0
I/System.out( 5250): --BlueNear log-- R:G:B = 0:0:0
I/System.out( 5250): --BlueNear log-- R:G:B = 0:0:0
I/System.out( 5250): --BlueNear log-- R:G:B = 0:0:0
I/System.out( 5250): --BlueNear log-- R:G:B = 0:0:0
I/System.out( 5250): --BlueNear log-- R:G:B = 0:0:0
I/System.out( 5250): --BlueNear log-- R:G:B = 0:0:0
I/System.out( 5250): --BlueNear log-- R:G:B = 0:0:0
I/System.out( 5250): --BlueNear log-- R:G:B = 0:0:0
I/System.out( 5250): --BlueNear log-- R:G:B = 0:0:0
I/System.out( 5250): --BlueNear log-- R:G:B = 0:0:0
I/System.out( 5250): --BlueNear log-- R:G:B = 0:0:0
I/System.out( 5250): --BlueNear log-- R:G:B = 0:0:0
I/System.out( 5250): --BlueNear log-- R:G:B = 0:0:0
I/System.out( 5250): --BlueNear log-- R:G:B = 0:0:0
I/System.out( 5250): --BlueNear log-- R:G:B = 0:0:0
I/System.out( 5250): --BlueNear log-- R:G:B = 0:0:0
I/System.out( 5250): --BlueNear log-- R:G:B = 0:0:0
I/System.out( 5250): --BlueNear log-- R:G:B = 0:0:0
I/System.out( 5250): --BlueNear log-- R:G:B = 0:0:0
I/System.out( 5250): --BlueNear log-- R:G:B = 0:0:0
I/System.out( 5250): --BlueNear log-- R:G:B = 0:0:0
I/System.out( 5250): Sigma2016 -- sensor reading thread did not run for 11ms
I/System.out( 5250): --BlueNear log-- R:G:B = 0:0:0
I/System.out( 5250): --BlueNear log-- R:G:B = 0:0:0
D/LockScreen_KeyguardViewMediator(  978): setHidden false
D/LockScreen_KeyguardUpdateMonitor(  978): sendKeyguardVisibilityChanged(true)
D/LockScreen_KeyguardUpdateMonitor(  978): handleKeyguardVisibilityChanged(1)
I/System.out( 5250): --BlueNear log-- R:G:B = 0:0:0
I/System.out( 5250): --BlueNear log-- R:G:B = 0:0:0
D/dalvikvm( 5250): GC_CONCURRENT freed 3353K, 52% free 5424K/11092K, paused 4ms+5ms, total 52ms
V/UsbRequest( 5250): endpoint still open in finalize(): android.hardware.usb.UsbRequest@41e47768
D/UsbRequestJNI( 5250): close
V/UsbRequest( 5250): endpoint still open in finalize(): android.hardware.usb.UsbRequest@41f5ee40
D/UsbRequestJNI( 5250): close
V/UsbRequest( 5250): endpoint still open in finalize(): android.hardware.usb.UsbRequest@41f9fdc8
D/UsbRequestJNI( 5250): close
V/UsbRequest( 5250): endpoint still open in finalize(): android.hardware.usb.UsbRequest@41febe28
D/UsbRequestJNI( 5250): close
I/System.out( 5250): --BlueNear log-- R:G:B = 0:0:0
I/System.out( 5250): --BlueNear log-- R:G:B = 0:0:0
I/System.out( 5250): --BlueNear log-- R:G:B = 0:0:0
I/System.out( 5250): --BlueNear log-- R:G:B = 0:0:0
I/System.out( 5250): --BlueNear log-- R:G:B = 0:0:0
I/System.out( 5250): --BlueNear log-- R:G:B = 0:0:0
I/System.out( 5250): --BlueNear log-- R:G:B = 0:0:0
I/System.out( 5250): --BlueNear log-- R:G:B = 0:0:0
I/System.out( 5250): --BlueNear log-- R:G:B = 0:0:0
I/System.out( 5250): --BlueNear log-- R:G:B = 0:0:0
I/System.out( 5250): --BlueNear log-- R:G:B = 0:0:0
I/System.out( 5250): --BlueNear log-- R:G:B = 0:0:0
I/System.out( 5250): --BlueNear log-- R:G:B = 0:0:0
I/System.out( 5250): --BlueNear log-- R:G:B = 0:0:0
I/System.out( 5250): --BlueNear log-- R:G:B = 0:0:0
I/System.out( 5250): --BlueNear log-- R:G:B = 0:0:0
I/System.out( 5250): --BlueNear log-- R:G:B = 0:0:0
I/System.out( 5250): --BlueNear log-- R:G:B = 0:0:0
I/System.out( 5250): --BlueNear log-- R:G:B = 0:0:0
D/LockScreen_KeyguardViewMediator(  978): setHidden false
D/LockScreen_KeyguardUpdateMonitor(  978): sendKeyguardVisibilityChanged(true)
D/LockScreen_KeyguardUpdateMonitor(  978): handleKeyguardVisibilityChanged(1)
I/System.out( 5250): --BlueNear log-- R:G:B = 0:0:0
I/System.out( 5250): --BlueNear log-- R:G:B = 0:0:0
D/AudioPolicyManager(  268):  getOutput() device 2, stream 3, samplingRate 0, format 0, channelMask 3, flags 0 
D/AudioPolicyManager(  268): getOutput() returns output 2
D/AudioPolicyManager(  268):  getOutput() device 2, stream 3, samplingRate 0, format 0, channelMask 3, flags 0 
D/AudioPolicyManager(  268): getOutput() returns output 2
D/AudioPolicyManager(  268):  getOutput() device 2, stream 3, samplingRate 44100, format 1, channelMask 3, flags 4 
D/AudioPolicyManager(  268): getOutput() returns output 3
D/AudioFlinger(  268): start(4100), calling pid 5250 session 66
D/AudioFlinger(  268): ? => ACTIVE (4100) on thread 0xb8876988
D/AudioPolicyManagerBase(  268): startOutput() output 3, stream 3, session 66
I/System.out( 5250): --BlueNear log-- R:G:B = 0:0:0
I/System.out( 5250): --BlueNear log-- R:G:B = 0:0:0
I/System.out( 5250): --BlueNear log-- R:G:B = 0:0:0
I/System.out( 5250): --BlueNear log-- R:G:B = 0:0:0
I/System.out( 5250): --BlueNear log-- R:G:B = 0:0:0
I/System.out( 5250): --BlueNear log-- R:G:B = 0:0:0
I/System.out( 5250): --BlueNear log-- R:G:B = 0:0:0
I/System.out( 5250): --BlueNear log-- R:G:B = 0:0:0
I/System.out( 5250): --BlueNear log-- R:G:B = 0:0:0
I/System.out( 5250): --BlueNear log-- R:G:B = 0:0:0
I/System.out( 5250): --BlueNear log-- R:G:B = 0:0:0
I/System.out( 5250): --BlueNear log-- R:G:B = 0:0:0
I/System.out( 5250): --BlueNear log-- R:G:B = 0:0:0
I/System.out( 5250): --BlueNear log-- R:G:B = 0:0:0
I/System.out( 5250): --BlueNear log-- R:G:B = 0:0:0
I/System.out( 5250): --BlueNear log-- R:G:B = 0:0:0
I/System.out( 5250): --BlueNear log-- R:G:B = 0:0:0
I/System.out( 5250): --BlueNear log-- R:G:B = 0:0:0
I/System.out( 5250): --BlueNear log-- R:G:B = 0:0:0
I/System.out( 5250): --BlueNear log-- R:G:B = 0:0:0
I/System.out( 5250): --BlueNear log-- R:G:B = 0:0:0
I/System.out( 5250): --BlueNear log-- R:G:B = 0:0:0
D/LockScreen_KeyguardViewMediator(  978): setHidden false
D/LockScreen_KeyguardUpdateMonitor(  978): sendKeyguardVisibilityChanged(true)
D/LockScreen_KeyguardUpdateMonitor(  978): handleKeyguardVisibilityChanged(1)
I/System.out( 5250): --BlueNear log-- R:G:B = 0:0:0
I/System.out( 5250): --BlueNear log-- R:G:B = 0:0:0
I/System.out( 5250): --BlueNear log-- R:G:B = 0:0:0
I/System.out( 5250): --BlueNear log-- R:G:B = 0:0:0
I/System.out( 5250): --BlueNear log-- R:G:B = 0:0:0
I/System.out( 5250): --BlueNear log-- R:G:B = 0:0:0
I/System.out( 5250): --BlueNear log-- R:G:B = 0:0:0
I/System.out( 5250): --BlueNear log-- R:G:B = 0:0:0
I/System.out( 5250): --BlueNear log-- R:G:B = 0:0:0
I/System.out( 5250): --BlueNear log-- R:G:B = 0:0:0
I/System.out( 5250): --BlueNear log-- R:G:B = 0:0:0
I/System.out( 5250): --BlueNear log-- R:G:B = 0:0:0
I/System.out( 5250): --BlueNear log-- R:G:B = 0:0:0
I/System.out( 5250): --BlueNear log-- R:G:B = 0:0:0
I/System.out( 5250): --BlueNear log-- R:G:B = 0:0:0
I/System.out( 5250): --BlueNear log-- R:G:B = 0:0:0
I/System.out( 5250): --BlueNear log-- R:G:B = 0:0:0
I/System.out( 5250): --BlueNear log-- R:G:B = 0:0:0
I/System.out( 5250): --BlueNear log-- R:G:B = 0:0:0
I/System.out( 5250): --BlueNear log-- R:G:B = 0:0:0
I/System.out( 5250): --BlueNear log-- R:G:B = 0:0:0
I/System.out( 5250): --BlueNear log-- R:G:B = 0:0:0
I/System.out( 5250): --BlueNear log-- R:G:B = 0:0:0
D/LockScreen_KeyguardViewMediator(  978): setHidden false
D/LockScreen_KeyguardUpdateMonitor(  978): sendKeyguardVisibilityChanged(true)
D/LockScreen_KeyguardUpdateMonitor(  978): handleKeyguardVisibilityChanged(1)
I/System.out( 5250): --BlueNear log-- R:G:B = 0:0:0
I/System.out( 5250): --BlueNear log-- R:G:B = 0:0:0
I/System.out( 5250): --BlueNear log-- R:G:B = 0:0:0
I/System.out( 5250): --BlueNear log-- R:G:B = 0:0:0
I/System.out( 5250): --BlueNear log-- R:G:B = 0:0:0
I/System.out( 5250): --BlueNear log-- R:G:B = 0:0:0
I/System.out( 5250): --BlueNear log-- R:G:B = 0:0:0
I/System.out( 5250): --BlueNear log-- R:G:B = 0:0:0
I/System.out( 5250): --BlueNear log-- R:G:B = 0:0:0
I/System.out( 5250): --BlueNear log-- R:G:B = 0:0:0
