--------- beginning of /dev/log/system
W/ViewRootImpl(  978): Dropping event due to no window focus: KeyEvent { action=ACTION_DOWN, keyCode=KEYCODE_MENU, scanCode=139, metaState=0, flags=0x48, repeatCount=4, eventTime=3159674, downTime=3158986, deviceId=0, source=0x101 }
D/PowerManagerService(  811): sendPendingNotificationsLocked mSendGoToSleepFinishedNotificationWhenReady = false
D/PowerManagerService(  811): sendPendingNotificationsLocked mSendGoToSleepFinishedNotificationWhenReady = false
D/LightsService(  811):  Trun on the button and after 2000s,then turn off the button !
D/PowerManagerService(  811): sendPendingNotificationsLocked mSendGoToSleepFinishedNotificationWhenReady = false
D/LightsService(  811):  Trun on the button and after 2000s,then turn off the button !
D/PowerManagerService(  811): sendPendingNotificationsLocked mSendGoToSleepFinishedNotificationWhenReady = false
W/ContextImpl(  811): Calling a method in the system process without a qualified user: android.app.ContextImpl.sendBroadcast:1213 com.android.internal.policy.impl.PhoneWindowManager.interceptKeyBeforeQueueing:4268 com.android.server.wm.InputMonitor.interceptKeyBeforeQueueing:357 com.android.server.input.InputManagerService.interceptKeyBeforeQueueing:1343 dalvik.system.NativeStart.run:-2 
D/PowerManagerService(  811): sendPendingNotificationsLocked mSendGoToSleepFinishedNotificationWhenReady = false
D/LightsService(  811):  Trun on the button and after 2000s,then turn off the button !
D/PowerManagerService(  811): sendPendingNotificationsLocked mSendGoToSleepFinishedNotificationWhenReady = false
I/ActivityManager(  811): Killing 4174:com.android.keychain/1000 (adj 15): empty #17
I/ActivityManager(  811): Killing 4474:com.qualcomm.ftcrobotcontroller/u0a112 (adj 9): remove task
D/WifiService(  811): Client connection lost with reason: 4
D/WifiService(  811): releaseWifiLockLocked: WifiLock{ type=3 binder=android.os.BinderProxy@41c632c8}
F/ActivityManager(  811): Service ServiceRecord{42319f50 u0 com.qualcomm.ftcrobotcontroller/com.qualcomm.ftccommon.FtcRobotControllerService} in process ProcessRecord{4212aba8 4474:com.qualcomm.ftcrobotcontroller/u0a112} not same as in map: null
I/WindowState(  811): WIN DEATH: Window{42164d50 u0 com.qualcomm.ftcrobotcontroller/org.firstinspires.ftc.robotcontroller.internal.FtcRobotControllerActivity}
W/BackupManagerService(  811): dataChanged but no participant pkg='com.android.providers.settings' uid=10017
D/PowerManagerService(  811): sendPendingNotificationsLocked mSendGoToSleepFinishedNotificationWhenReady = false
D/DisplayPowerController(  811): ZTE_PM updateAutoBrightness: useAutoBrightness = true  mAmbientLuxValid = true  mAmbientLux = 0.024888407
D/DisplayPowerController(  811): updateAutoBrightness: value=0.04718249 *255 = 12.031535
D/LightsService(  811):  turnOffButtonLight   mButtonLightTimeout = 2000
D/DisplayPowerController(  811): ZTE_PM updateAutoBrightness: useAutoBrightness = true  mAmbientLuxValid = true  mAmbientLux = 0.008285088
D/DisplayPowerController(  811): updateAutoBrightness: value=0.047099985 *255 = 12.010496
D/DisplayPowerController(  811): updateAmbientLux:  mLightSensorListener lux is 1.0
D/DisplayPowerController(  811): ZTE_PM updateAutoBrightness: useAutoBrightness = true  mAmbientLuxValid = true  mAmbientLux = 0.7397625
D/DisplayPowerController(  811): updateAutoBrightness: value=0.050766025 *255 = 12.945336
D/DisplayPowerController(  811): ZTE_PM mPowerRequest.screenState is 2
D/DisplayPowerController(  811): ZTE_PM_PROX disable ProxSensor while NO useProximitySensor 
D/DisplayPowerController(  811): ZTE_PM_PROX setProximitySensorEnabled enable = false
D/DisplayPowerController(  811): ZTE_PM  setLightSensorEnabled enable = true updateAutoBrightness = false
D/DisplayPowerState(  811): Updating screen state: onChanged=false, on= true, backlightChanged=true, backlight=13
D/DisplayPowerController(  811): updateAmbientLux:  mLightSensorListener lux is 2.0
D/DisplayPowerController(  811): updateAmbientLux:  mLightSensorListener lux is 1.0
D/DisplayPowerController(  811): updateAmbientLux:  mLightSensorListener lux is 2.0
D/DisplayPowerController(  811): updateAmbientLux:  mLightSensorListener lux is 1.0
D/DisplayPowerController(  811): ZTE_PM updateAutoBrightness: useAutoBrightness = true  mAmbientLuxValid = true  mAmbientLux = 1.1356678
D/DisplayPowerController(  811): updateAutoBrightness: value=0.052775748 *255 = 13.457816
D/DisplayPowerController(  811): updateAmbientLux:  mLightSensorListener lux is 0.0
D/DisplayPowerController(  811): updateAmbientLux:  mLightSensorListener lux is 1.0
D/PowerManagerService_DumpWakeLock(  811): Dump interval is: 17 s
D/PowerManagerService_DumpWakeLock(  811):  Current State is: Awake
D/PowerManagerService_DumpWakeLock(  811): Screen off timeout: 300000 ms
D/PowerManagerService_DumpWakeLock(  811): Screen dim duration: 7000 ms
D/PowerManagerService_DumpWakeLock(  811): Suspend Blockers: size=5
D/PowerManagerService_DumpWakeLock(  811):   PowerManagerService.WakeLocks: ref count=0
D/PowerManagerService_DumpWakeLock(  811):   PowerManagerService.Display: ref count=1
D/PowerManagerService_DumpWakeLock(  811):   PowerManagerService.Proximity: ref count=0
D/PowerManagerService_DumpWakeLock(  811):   PowerManagerService.Broadcasts: ref count=0
D/PowerManagerService_DumpWakeLock(  811):   PowerManagerService.WirelessChargerDetector: ref count=0
D/PowerManagerService_DumpWakeLock(  811): Screen On Blocker: held=false, mNestCount=0
D/PowerManagerService_DumpWakeLock(  811): Display Blanker: blanked=false
D/DisplayPowerController(  811): updateAmbientLux:  mLightSensorListener lux is 0.0
W/AlarmManager(  811): Alarm triggering: Alarm{422463a8 type 2 com.google.android.gms}
W/AlarmManager(  811): Alarm triggering: Alarm{4223f290 type 0 android}
W/AlarmManager(  811): +++Alarm  wakeup phone ,pkg=com.google.android.gms
D/PowerManagerService(  811): sendPendingNotificationsLocked mSendGoToSleepFinishedNotificationWhenReady = false
W/AlarmManager(  811): +++Alarm  wakeup phone ,pkg=android
D/PowerManagerService(  811): sendPendingNotificationsLocked mSendGoToSleepFinishedNotificationWhenReady = false
W/AlarmManager(  811): +++alarm onSendFinished ,action=CONTEXT_MANAGER_ALARM_WAKEUP_205734
V/BackupManagerService(  811): Running a backup pass
D/PowerManagerService(  811): sendPendingNotificationsLocked mSendGoToSleepFinishedNotificationWhenReady = false
W/AlarmManager(  811): +++alarm onSendFinished ,action=android.app.backup.intent.RUN
D/PowerManagerService(  811): sendPendingNotificationsLocked mSendGoToSleepFinishedNotificationWhenReady = false
V/BackupManagerService(  811): clearing pending backups
V/PerformBackupTask(  811): Beginning backup of 17 targets
D/PerformBackupTask(  811): invokeAgentForBackup on @pm@
D/PowerManagerService(  811): sendPendingNotificationsLocked mSendGoToSleepFinishedNotificationWhenReady = false
I/PerformBackupTask(  811): no backup data written; not calling transport
D/PerformBackupTask(  811): starting agent for backup of BackupRequest{pkg=com.android.calendar}
I/ActivityManager(  811): Start proc com.android.calendar for backup com.android.calendar/.CalendarBackupAgent: pid=4567 uid=10044 gids={50044, 9997, 3003, 1028, 1015}
D/BackupManagerService(  811): awaiting agent for ApplicationInfo{41ed2378 com.android.calendar}
D/BackupManagerService(  811): agentConnected pkg=com.android.calendar agent=android.os.BinderProxy@41a8a498
I/BackupManagerService(  811): got agent android.app.IBackupAgent$Stub$Proxy@423aa210
D/PerformBackupTask(  811): invokeAgentForBackup on com.android.calendar
I/PerformBackupTask(  811): no backup data written; not calling transport
D/PerformBackupTask(  811): starting agent for backup of BackupRequest{pkg=com.android.browser}
I/ActivityManager(  811): Start proc com.android.browser for backup com.android.browser/.BrowserBackupAgent: pid=4580 uid=10039 gids={50039, 9997, 3003, 1028, 1015, 1023}
D/BackupManagerService(  811): awaiting agent for ApplicationInfo{41e963c0 com.android.browser}
D/BatteryService(  811): ZTE Sending ACTION_BATTERY_CHANGED.  level:86, scale:100, status:4, health:2, present:true, voltage: 4100, temperature: 260, technology: Li-ion, AC powered:false, USB powered:false, Wireless powered:false, icon:17302952, invalid charger:0
D/WifiController(  811): battery changed pluggedType: 0
D/PowerManagerService(  811): sendPendingNotificationsLocked mSendGoToSleepFinishedNotificationWhenReady = false
D/VoldCmdListener(  244): volume mkdirs /storage/sdcard1/Android/data/com.android.browser/files/
W/Vold    (  244): Returning OperationFailed - no handler for errno 30
D/BackupManagerService(  811): agentConnected pkg=com.android.browser agent=android.os.BinderProxy@4222fb18
I/BackupManagerService(  811): got agent android.app.IBackupAgent$Stub$Proxy@41c1ebf8
D/PerformBackupTask(  811): invokeAgentForBackup on com.android.browser
I/PerformBackupTask(  811): no backup data written; not calling transport
D/PerformBackupTask(  811): starting agent for backup of BackupRequest{pkg=android}
D/BackupManagerService(  811): awaiting agent for ApplicationInfo{41c2a330 android}
D/BackupManagerService(  811): agentConnected pkg=android agent=android.app.backup.BackupAgent$BackupServiceBinder@41d36a90
I/BackupManagerService(  811): got agent android.app.backup.BackupAgent$BackupServiceBinder@41d36a90
D/PerformBackupTask(  811): invokeAgentForBackup on android
D/PerformBackupTask(  811): starting agent for backup of BackupRequest{pkg=com.google.android.talk}
I/ActivityManager(  811): Start proc com.google.android.talk for backup com.google.android.talk/com.google.android.apps.hangouts.service.BabelBackupAgent: pid=4596 uid=10057 gids={50057, 9997, 3003, 1028, 1015, 3002}
D/BackupManagerService(  811): awaiting agent for ApplicationInfo{41a40920 com.google.android.talk}
I/ActivityManager(  811): Killing 4128:com.android.gallery3d/u0a11 (adj 15): empty #17
D/vibrator_java(  811): mPackageName=android
D/PowerManagerService(  811): sendPendingNotificationsLocked mSendGoToSleepFinishedNotificationWhenReady = false
D/vibrator_java(  811): doVibratorOn  uid= 1000  millis=10ms
W/ContextImpl(  811): Calling a method in the system process without a qualified user: android.app.ContextImpl.sendBroadcast:1213 com.android.internal.policy.impl.PhoneWindowManager.interceptKeyBeforeQueueing:4268 com.android.server.wm.InputMonitor.interceptKeyBeforeQueueing:357 com.android.server.input.InputManagerService.interceptKeyBeforeQueueing:1343 dalvik.system.NativeStart.run:-2 
D/PowerManagerService(  811): sendPendingNotificationsLocked mSendGoToSleepFinishedNotificationWhenReady = false
D/LightsService(  811):  Trun on the button and after 2000s,then turn off the button !
D/PowerManagerService(  811): sendPendingNotificationsLocked mSendGoToSleepFinishedNotificationWhenReady = false
D/vibrator_java(  811): mPackageName=android
D/vibrator_java(  811): doVibratorOn  uid= 1000  millis=40ms
D/BackupManagerService(  811): agentConnected pkg=com.google.android.talk agent=android.os.BinderProxy@42201d28
I/BackupManagerService(  811): got agent android.app.IBackupAgent$Stub$Proxy@42201da0
D/PerformBackupTask(  811): invokeAgentForBackup on com.google.android.talk
D/PerformBackupTask(  811): starting agent for backup of BackupRequest{pkg=com.google.android.videos}
I/ActivityManager(  811): Start proc com.google.android.videos for backup com.google.android.videos/.service.backup.VideosBackupAgent: pid=4632 uid=10095 gids={50095, 9997, 3003}
D/BackupManagerService(  811): awaiting agent for ApplicationInfo{41f10380 com.google.android.videos}
I/ActivityManager(  811): Killing 4249:com.google.android.partnersetup/u0a15 (adj 15): empty #17
D/PowerManagerService(  811): sendPendingNotificationsLocked mSendGoToSleepFinishedNotificationWhenReady = false
D/LightsService(  811):  Trun on the button and after 2000s,then turn off the button !
D/vibrator_java(  811): mPackageName=android
D/PowerManagerService(  811): sendPendingNotificationsLocked mSendGoToSleepFinishedNotificationWhenReady = false
D/vibrator_java(  811): doVibratorOn  uid= 1000  millis=1ms
D/vibrator_java(  811): doVibratorOn  uid= 1000  millis=21ms
I/ActivityManager(  811): START u0 {act=com.android.systemui.recent.action.TOGGLE_RECENTS flg=0x10800000 cmp=com.android.systemui/.recent.RecentsActivity} from pid 978
D/PowerManagerService(  811): sendPendingNotificationsLocked mSendGoToSleepFinishedNotificationWhenReady = false
D/PowerManagerService(  811): sendPendingNotificationsLocked mSendGoToSleepFinishedNotificationWhenReady = false
W/BackupManagerService(  811): dataChanged but no participant pkg='com.android.providers.settings' uid=10017
D/DisplayPowerController(  811): ZTE_PM updateAutoBrightness: useAutoBrightness = true  mAmbientLuxValid = true  mAmbientLux = 0.10614604
D/DisplayPowerController(  811): updateAutoBrightness: value=0.047586776 *255 = 12.134628
D/DisplayPowerController(  811): ZTE_PM mPowerRequest.screenState is 2
D/DisplayPowerController(  811): ZTE_PM_PROX disable ProxSensor while NO useProximitySensor 
D/DisplayPowerController(  811): ZTE_PM_PROX setProximitySensorEnabled enable = false
D/DisplayPowerController(  811): ZTE_PM  setLightSensorEnabled enable = true updateAutoBrightness = false
D/DisplayPowerState(  811): Updating screen state: onChanged=false, on= true, backlightChanged=true, backlight=12
W/ViewRootImpl(  978): Dropping event due to no window focus: KeyEvent { action=ACTION_DOWN, keyCode=KEYCODE_MENU, scanCode=139, metaState=0, flags=0x48, repeatCount=2, eventTime=3173833, downTime=3173281, deviceId=0, source=0x101 }
W/ViewRootImpl(  978): Dropping event due to no window focus: KeyEvent { action=ACTION_DOWN, keyCode=KEYCODE_MENU, scanCode=139, metaState=0, flags=0x48, repeatCount=3, eventTime=3174051, downTime=3173281, deviceId=0, source=0x101 }
D/PowerManagerService(  811): sendPendingNotificationsLocked mSendGoToSleepFinishedNotificationWhenReady = false
W/BackupManagerService(  811): dataChanged but no participant pkg='com.android.providers.settings' uid=10017
D/BackupManagerService(  811): agentConnected pkg=com.google.android.videos agent=android.os.BinderProxy@421915a0
I/BackupManagerService(  811): got agent android.app.IBackupAgent$Stub$Proxy@41d2fe78
D/PerformBackupTask(  811): invokeAgentForBackup on com.google.android.videos
D/PerformBackupTask(  811): starting agent for backup of BackupRequest{pkg=com.google.android.youtube}
D/PowerManagerService(  811): sendPendingNotificationsLocked mSendGoToSleepFinishedNotificationWhenReady = false
D/LightsService(  811):  Trun on the button and after 2000s,then turn off the button !
I/ActivityManager(  811): Start proc com.google.android.youtube for backup com.google.android.youtube/com.google.android.apps.youtube.app.application.backup.YouTubeBackupAgent: pid=4676 uid=10099 gids={50099, 9997, 3003, 1028, 1015}
D/BackupManagerService(  811): awaiting agent for ApplicationInfo{41e20fa8 com.google.android.youtube}
W/ContextImpl(  811): Calling a method in the system process without a qualified user: android.app.ContextImpl.sendBroadcast:1213 com.android.internal.policy.impl.PhoneWindowManager.interceptKeyBeforeQueueing:4268 com.android.server.wm.InputMonitor.interceptKeyBeforeQueueing:357 com.android.server.input.InputManagerService.interceptKeyBeforeQueueing:1343 dalvik.system.NativeStart.run:-2 
D/vibrator_java(  811): mPackageName=android
D/PowerManagerService(  811): sendPendingNotificationsLocked mSendGoToSleepFinishedNotificationWhenReady = false
D/vibrator_java(  811): doVibratorOn  uid= 1000  millis=10ms
W/ContextImpl(  811): Calling a method in the system process without a qualified user: android.app.ContextImpl.sendBroadcast:1213 com.android.internal.policy.impl.PhoneWindowManager.interceptKeyBeforeQueueing:4268 com.android.server.wm.InputMonitor.interceptKeyBeforeQueueing:357 com.android.server.input.InputManagerService.interceptKeyBeforeQueueing:1343 dalvik.system.NativeStart.run:-2 
D/PowerManagerService(  811): sendPendingNotificationsLocked mSendGoToSleepFinishedNotificationWhenReady = false
D/vibrator_java(  811): mPackageName=android
D/vibrator_java(  811): doVibratorOn  uid= 1000  millis=40ms
D/VoldCmdListener(  244): volume mkdirs /storage/sdcard1/Android/data/com.google.android.videos/files/Movies/
W/Vold    (  244): Returning OperationFailed - no handler for errno 30
I/ActivityManager(  811): Killing 4162:com.android.voicedialer/u0a33 (adj 15): empty #17
W/BackupManagerService(  811): dataChanged but no participant pkg='com.android.providers.settings' uid=10017
D/PowerManagerService(  811): sendPendingNotificationsLocked mSendGoToSleepFinishedNotificationWhenReady = false
D/LightsService(  811):  Trun on the button and after 2000s,then turn off the button !
D/vibrator_java(  811): mPackageName=android
D/PowerManagerService(  811): sendPendingNotificationsLocked mSendGoToSleepFinishedNotificationWhenReady = false
D/vibrator_java(  811): doVibratorOn  uid= 1000  millis=1ms
D/DisplayPowerController(  811): updateAmbientLux:  mLightSensorListener lux is 1.0
D/vibrator_java(  811): doVibratorOn  uid= 1000  millis=21ms
I/ActivityManager(  811): START u0 {act=android.intent.action.ASSIST flg=0x34000000 cmp=com.google.android.googlequicksearchbox/.SearchActivity (has extras)} from pid 811
D/PowerManagerService(  811): sendPendingNotificationsLocked mSendGoToSleepFinishedNotificationWhenReady = false
D/PowerManagerService(  811): sendPendingNotificationsLocked mSendGoToSleepFinishedNotificationWhenReady = false
I/ActivityManager(  811): START u0 {act=android.intent.action.ASSIST flg=0x34000000 cmp=com.google.android.googlequicksearchbox/com.google.android.apps.gsa.searchnow.SearchNowActivity (has extras)} from pid 3419
D/PowerManagerService(  811): sendPendingNotificationsLocked mSendGoToSleepFinishedNotificationWhenReady = false
D/VoldCmdListener(  244): volume mkdirs /storage/sdcard1/Android/data/com.google.android.youtube/cache/
W/Vold    (  244): Returning OperationFailed - no handler for errno 30
D/PowerManagerService(  811): sendPendingNotificationsLocked mSendGoToSleepFinishedNotificationWhenReady = false
D/LightsService(  811):  Trun on the button and after 2000s,then turn off the button !
D/DisplayPowerController(  811): updateAmbientLux:  mLightSensorListener lux is 2.0
D/VoldCmdListener(  244): volume mkdirs /storage/sdcard1/Android/data/com.google.android.youtube/cache/
W/Vold    (  244): Returning OperationFailed - no handler for errno 30
D/VoldCmdListener(  244): volume mkdirs /storage/sdcard1/Android/data/com.google.android.youtube/cache/
W/Vold    (  244): Returning OperationFailed - no handler for errno 30
D/VoldCmdListener(  244): volume mkdirs /storage/sdcard1/Android/data/com.google.android.youtube/files/
W/Vold    (  244): Returning OperationFailed - no handler for errno 30
D/VoldCmdListener(  244): volume mkdirs /storage/sdcard1/Android/data/com.google.android.youtube/files/
W/Vold    (  244): Returning OperationFailed - no handler for errno 30
D/DisplayPowerController(  811): updateAmbientLux:  mLightSensorListener lux is 3.0
D/DisplayPowerController(  811): updateAmbientLux:  mLightSensorListener lux is 6.0
D/DisplayPowerController(  811): updateAmbientLux:  mLightSensorListener lux is 8.0
D/PowerManagerService(  811): sendPendingNotificationsLocked mSendGoToSleepFinishedNotificationWhenReady = false
D/LightsService(  811):  Trun on the button and after 2000s,then turn off the button !
D/BackupManagerService(  811): agentConnected pkg=com.google.android.youtube agent=android.os.BinderProxy@419f7d08
I/BackupManagerService(  811): got agent android.app.IBackupAgent$Stub$Proxy@41a9ea20
D/PerformBackupTask(  811): invokeAgentForBackup on com.google.android.youtube
W/ContextImpl(  811): Calling a method in the system process without a qualified user: android.app.ContextImpl.sendBroadcast:1213 com.android.internal.policy.impl.PhoneWindowManager.interceptKeyBeforeQueueing:4268 com.android.server.wm.InputMonitor.interceptKeyBeforeQueueing:357 com.android.server.input.InputManagerService.interceptKeyBeforeQueueing:1343 dalvik.system.NativeStart.run:-2 
I/PerformBackupTask(  811): no backup data written; not calling transport
D/PerformBackupTask(  811): starting agent for backup of BackupRequest{pkg=com.android.dialer}
I/ActivityManager(  811): Start proc com.android.dialer for backup com.android.dialer/.DialerBackupAgent: pid=4795 uid=10005 gids={50005, 3003, 1028, 1015}
D/BackupManagerService(  811): awaiting agent for ApplicationInfo{41ca7780 com.android.dialer}
D/DisplayPowerController(  811): updateAmbientLux:  mLightSensorListener lux is 11.0
W/ActivityManager(  811): Permission Denial: Accessing service ComponentInfo{com.google.android.music/com.google.android.music.dial.DialMediaRouteProviderService} from pid=4676, uid=10099 that is not exported from uid 10069
D/DisplayPowerController(  811): updateAmbientLux:  mLightSensorListener lux is 14.0
D/BackupManagerService(  811): agentConnected pkg=com.android.dialer agent=android.os.BinderProxy@4220f890
I/BackupManagerService(  811): got agent android.app.IBackupAgent$Stub$Proxy@41b6bd90
D/PerformBackupTask(  811): invokeAgentForBackup on com.android.dialer
I/PerformBackupTask(  811): no backup data written; not calling transport
D/PerformBackupTask(  811): starting agent for backup of BackupRequest{pkg=com.android.providers.userdictionary}
D/BackupManagerService(  811): awaiting agent for ApplicationInfo{41c782b0 com.android.providers.userdictionary}
D/BackupManagerService(  811): agentConnected pkg=com.android.providers.userdictionary agent=android.os.BinderProxy@422b84e8
I/BackupManagerService(  811): got agent android.app.IBackupAgent$Stub$Proxy@42237458
D/PerformBackupTask(  811): invokeAgentForBackup on com.android.providers.userdictionary
I/ActivityManager(  811): Start proc com.google.android.partnersetup for content provider com.google.android.partnersetup/.RlzAppProvider: pid=4810 uid=10015 gids={50015, 9997, 3003}
I/PerformBackupTask(  811): no backup data written; not calling transport
D/PerformBackupTask(  811): starting agent for backup of BackupRequest{pkg=com.qti.backupagent}
I/ActivityManager(  811): Start proc com.qti.backupagent for backup com.qti.backupagent/.QtiBackupAgent: pid=4822 uid=10085 gids={50085, 1028, 1015}
D/BackupManagerService(  811): awaiting agent for ApplicationInfo{419f0d50 com.qti.backupagent}
D/BackupManagerService(  811): agentConnected pkg=com.qti.backupagent agent=android.os.BinderProxy@422e61f8
I/BackupManagerService(  811): got agent android.app.IBackupAgent$Stub$Proxy@4231dd10
D/PerformBackupTask(  811): invokeAgentForBackup on com.qti.backupagent
D/DisplayPowerController(  811): updateAmbientLux:  mLightSensorListener lux is 16.0
I/PerformBackupTask(  811): no backup data written; not calling transport
D/PerformBackupTask(  811): starting agent for backup of BackupRequest{pkg=com.android.sharedstoragebackup}
I/ActivityManager(  811): Start proc com.android.sharedstoragebackup for backup com.android.sharedstoragebackup/.SharedStorageAgent: pid=4836 uid=10029 gids={50029, 1028, 1015, 1023}
D/BackupManagerService(  811): awaiting agent for ApplicationInfo{41e16998 com.android.sharedstoragebackup}
I/ActivityManager(  811): Killing 4201:com.google.android.apps.docs/u0a50 (adj 15): empty #17
D/BackupManagerService(  811): agentConnected pkg=com.android.sharedstoragebackup agent=android.os.BinderProxy@42284df0
I/BackupManagerService(  811): got agent android.app.IBackupAgent$Stub$Proxy@4228b270
D/PerformBackupTask(  811): invokeAgentForBackup on com.android.sharedstoragebackup
I/PerformBackupTask(  811): no backup data written; not calling transport
D/PerformBackupTask(  811): starting agent for backup of BackupRequest{pkg=com.android.providers.settings}
D/BackupManagerService(  811): awaiting agent for ApplicationInfo{41e0c0e8 com.android.providers.settings}
D/DisplayPowerController(  811): updateAmbientLux:  mLightSensorListener lux is 24.0
D/BackupManagerService(  811): agentConnected pkg=com.android.providers.settings agent=android.app.backup.BackupAgent$BackupServiceBinder@4227a8a8
I/BackupManagerService(  811): got agent android.app.backup.BackupAgent$BackupServiceBinder@4227a8a8
D/PerformBackupTask(  811): invokeAgentForBackup on com.android.providers.settings
I/ActivityManager(  811): Killing 4148:com.android.musicfx/u0a21 (adj 15): empty #17
D/DisplayPowerController(  811): updateAmbientLux:  mLightSensorListener lux is 61.0
I/PerformBackupTask(  811): no backup data written; not calling transport
D/PerformBackupTask(  811): starting agent for backup of BackupRequest{pkg=com.google.android.googlequicksearchbox}
I/ActivityManager(  811): Start proc com.google.android.googlequicksearchbox for backup com.google.android.googlequicksearchbox/com.google.android.apps.gsa.launcher.GelBackupAgentHelper: pid=4852 uid=10031 gids={50031, 9997, 3003, 1028, 3002, 1015}
D/BackupManagerService(  811): awaiting agent for ApplicationInfo{41af7298 com.google.android.googlequicksearchbox}
I/ActivityManager(  811): Killing 3996:android.process.acore/u0a3 (adj 15): empty #17
D/DisplayPowerController(  811): updateAmbientLux:  mLightSensorListener lux is 82.0
D/DisplayPowerController(  811): ZTE_PM updateAutoBrightness: useAutoBrightness = true  mAmbientLuxValid = true  mAmbientLux = 26.148788
D/DisplayPowerController(  811): updateAutoBrightness: value=0.1823028 *255 = 46.487213
D/DisplayPowerController(  811): ZTE_PM mPowerRequest.screenState is 2
D/DisplayPowerController(  811): ZTE_PM_PROX disable ProxSensor while NO useProximitySensor 
D/DisplayPowerController(  811): ZTE_PM_PROX setProximitySensorEnabled enable = false
D/DisplayPowerController(  811): ZTE_PM  setLightSensorEnabled enable = true updateAutoBrightness = false
D/DisplayPowerState(  811): Updating screen state: onChanged=false, on= true, backlightChanged=true, backlight=15
D/DisplayPowerState(  811): Updating screen state: onChanged=false, on= true, backlightChanged=true, backlight=22
D/BackupManagerService(  811): agentConnected pkg=com.google.android.googlequicksearchbox agent=android.os.BinderProxy@4249c068
I/BackupManagerService(  811): got agent android.app.IBackupAgent$Stub$Proxy@41aa7ca8
D/PerformBackupTask(  811): invokeAgentForBackup on com.google.android.googlequicksearchbox
I/PerformBackupTask(  811): no backup data written; not calling transport
D/PerformBackupTask(  811): starting agent for backup of BackupRequest{pkg=com.android.vending}
I/ActivityManager(  811): Killing 4302:com.google.android.apps.magazines/u0a64 (adj 15): empty #17
D/DisplayPowerController(  811): updateAmbientLux:  mLightSensorListener lux is 42.0
D/BackupManagerService(  811): awaiting agent for ApplicationInfo{41f97308 com.android.vending}
D/BackupManagerService(  811): agentConnected pkg=com.android.vending agent=android.os.BinderProxy@41c19868
I/BackupManagerService(  811): got agent android.app.IBackupAgent$Stub$Proxy@41c19af8
D/PerformBackupTask(  811): invokeAgentForBackup on com.android.vending
D/DisplayPowerState(  811): Updating screen state: onChanged=false, on= true, backlightChanged=true, backlight=32
D/PerformBackupTask(  811): starting agent for backup of BackupRequest{pkg=com.google.android.apps.docs}
I/ActivityManager(  811): Start proc com.google.android.apps.docs for backup com.google.android.apps.docs/.app.backup.BackupAgent: pid=4866 uid=10050 gids={50050, 9997, 1028, 3003, 1015}
D/BackupManagerService(  811): awaiting agent for ApplicationInfo{41ce4590 com.google.android.apps.docs}
D/PowerManagerService(  811): sendPendingNotificationsLocked mSendGoToSleepFinishedNotificationWhenReady = false
D/PowerManagerService(  811): sendPendingNotificationsLocked mSendGoToSleepFinishedNotificationWhenReady = false
D/DisplayPowerState(  811): Updating screen state: onChanged=false, on= true, backlightChanged=true, backlight=42
D/PowerManagerService(  811): sendPendingNotificationsLocked mSendGoToSleepFinishedNotificationWhenReady = false
D/PowerManagerService(  811): sendPendingNotificationsLocked mSendGoToSleepFinishedNotificationWhenReady = false
D/DisplayPowerState(  811): Updating screen state: onChanged=false, on= true, backlightChanged=true, backlight=46
D/DisplayPowerController(  811): updateAmbientLux:  mLightSensorListener lux is 31.0
D/DisplayPowerController(  811): updateAmbientLux:  mLightSensorListener lux is 30.0
D/DisplayPowerController(  811): updateAmbientLux:  mLightSensorListener lux is 23.0
D/BackupManagerService(  811): agentConnected pkg=com.google.android.apps.docs agent=android.os.BinderProxy@422a3b40
I/BackupManagerService(  811): got agent android.app.IBackupAgent$Stub$Proxy@4211e470
D/PerformBackupTask(  811): invokeAgentForBackup on com.google.android.apps.docs
D/PerformBackupTask(  811): starting agent for backup of BackupRequest{pkg=com.google.android.marvin.talkback}
I/ActivityManager(  811): Start proc com.google.android.marvin.talkback for backup com.google.android.marvin.talkback/com.android.talkback.TalkBackBackupAgent: pid=4901 uid=10103 gids={50103, 9997, 3003}
D/BackupManagerService(  811): awaiting agent for ApplicationInfo{41d75c30 com.google.android.marvin.talkback}
D/DisplayPowerController(  811): updateAmbientLux:  mLightSensorListener lux is 21.0
I/ActivityManager(  811): Killing 2890:com.google.android.apps.plus/u0a79 (adj 15): empty #17
D/BackupManagerService(  811): agentConnected pkg=com.google.android.marvin.talkback agent=android.os.BinderProxy@42311738
I/BackupManagerService(  811): got agent android.app.IBackupAgent$Stub$Proxy@423483d8
D/PerformBackupTask(  811): invokeAgentForBackup on com.google.android.marvin.talkback
I/PerformBackupTask(  811): no backup data written; not calling transport
D/PerformBackupTask(  811): starting agent for backup of BackupRequest{pkg=com.google.android.apps.books}
D/PowerManagerService(  811): sendPendingNotificationsLocked mSendGoToSleepFinishedNotificationWhenReady = false
D/PowerManagerService(  811): sendPendingNotificationsLocked mSendGoToSleepFinishedNotificationWhenReady = false
I/ActivityManager(  811): Start proc com.google.android.apps.books for backup com.google.android.apps.books/.app.BooksBackupAgent: pid=4916 uid=10042 gids={50042, 9997, 3003, 1028, 1015}
I/ActivityManager(  811): Killing 4372:com.android.chrome/u0a46 (adj 15): empty #17
D/BackupManagerService(  811): awaiting agent for ApplicationInfo{41ad6510 com.google.android.apps.books}
D/LightsService(  811):  turnOffButtonLight   mButtonLightTimeout = 2000
W/ActivityManager(  811): Unable to start service Intent { act=com.google.android.gms.speech.service.START pkg=com.google.android.gms } U=0: not found
W/ActivityManager(  811): Unbind failed: could not find connection for android.os.BinderProxy@42227340
D/DisplayPowerController(  811): updateAmbientLux:  mLightSensorListener lux is 23.0
D/DisplayPowerController(  811): updateAmbientLux:  mLightSensorListener lux is 26.0
D/DisplayPowerController(  811): updateAmbientLux:  mLightSensorListener lux is 47.0
D/PowerManagerService(  811): sendPendingNotificationsLocked mSendGoToSleepFinishedNotificationWhenReady = false
D/BackupManagerService(  811): agentConnected pkg=com.google.android.apps.books agent=android.os.BinderProxy@419fa298
I/BackupManagerService(  811): got agent android.app.IBackupAgent$Stub$Proxy@421e4828
D/PerformBackupTask(  811): invokeAgentForBackup on com.google.android.apps.books
I/PerformBackupTask(  811): no backup data written; not calling transport
D/PerformBackupTask(  811): starting agent for backup of BackupRequest{pkg=com.google.android.gm}
D/DisplayPowerController(  811): updateAmbientLux:  mLightSensorListener lux is 87.0
I/ActivityManager(  811): Start proc com.google.android.gm for backup com.google.android.gm/.persistence.GmailBackupAgent: pid=4940 uid=10053 gids={50053, 9997, 3003, 1028, 1015}
D/BackupManagerService(  811): awaiting agent for ApplicationInfo{41f29c98 com.google.android.gm}
D/PowerManagerService(  811): sendPendingNotificationsLocked mSendGoToSleepFinishedNotificationWhenReady = false
I/ActivityManager(  811): Killing 4407:cn.zte.music/u0a22 (adj 15): empty #17
D/DisplayPowerController(  811): updateAmbientLux:  mLightSensorListener lux is 145.0
D/ActivityThread( 4940): Loading provider com.android.gmail.ui: com.google.android.gm.provider.GmailProvider
D/PowerManagerService(  811): sendPendingNotificationsLocked mSendGoToSleepFinishedNotificationWhenReady = false
D/DisplayPowerController(  811): updateAmbientLux:  mLightSensorListener lux is 193.0
D/PowerManagerService(  811): sendPendingNotificationsLocked mSendGoToSleepFinishedNotificationWhenReady = false
I/ActivityManager(  811): Start proc android.process.acore for content provider com.android.providers.contacts/.ContactsProvider2: pid=4964 uid=10003 gids={50003, 9997, 1023, 3003, 1028, 1015}
D/PowerManagerService(  811): sendPendingNotificationsLocked mSendGoToSleepFinishedNotificationWhenReady = false
D/PowerManagerService(  811): sendPendingNotificationsLocked mSendGoToSleepFinishedNotificationWhenReady = false
D/PowerManagerService(  811): sendPendingNotificationsLocked mSendGoToSleepFinishedNotificationWhenReady = false
D/PowerManagerService(  811): sendPendingNotificationsLocked mSendGoToSleepFinishedNotificationWhenReady = false
D/BackupManagerService(  811): agentConnected pkg=com.google.android.gm agent=android.os.BinderProxy@420f9d88
I/BackupManagerService(  811): got agent android.app.IBackupAgent$Stub$Proxy@41ac61b8
D/PerformBackupTask(  811): invokeAgentForBackup on com.google.android.gm
D/DisplayPowerController(  811): updateAmbientLux:  mLightSensorListener lux is 386.0
D/PowerManagerService(  811): sendPendingNotificationsLocked mSendGoToSleepFinishedNotificationWhenReady = false
D/PowerManagerService(  811): sendPendingNotificationsLocked mSendGoToSleepFinishedNotificationWhenReady = false
D/PowerManagerService(  811): sendPendingNotificationsLocked mSendGoToSleepFinishedNotificationWhenReady = false
D/PowerManagerService(  811): sendPendingNotificationsLocked mSendGoToSleepFinishedNotificationWhenReady = false
D/DisplayPowerController(  811): updateAmbientLux:  mLightSensorListener lux is 450.0
D/PowerManagerService(  811): sendPendingNotificationsLocked mSendGoToSleepFinishedNotificationWhenReady = false
I/ActivityManager(  811): START u0 {cmp=com.google.android.googlequicksearchbox/com.google.android.apps.gsa.sidekick.main.optin.animation.NewOptInActivityWithAnimation (has extras)} from pid 3419
D/PowerManagerService(  811): sendPendingNotificationsLocked mSendGoToSleepFinishedNotificationWhenReady = false
D/vibrator_java(  811): mPackageName=android
D/PowerManagerService(  811): sendPendingNotificationsLocked mSendGoToSleepFinishedNotificationWhenReady = false
D/vibrator_java(  811): doVibratorOn  uid= 1000  millis=10ms
W/ContextImpl(  811): Calling a method in the system process without a qualified user: android.app.ContextImpl.sendBroadcast:1213 com.android.internal.policy.impl.PhoneWindowManager.interceptKeyBeforeQueueing:4268 com.android.server.wm.InputMonitor.interceptKeyBeforeQueueing:357 com.android.server.input.InputManagerService.interceptKeyBeforeQueueing:1343 dalvik.system.NativeStart.run:-2 
D/PowerManagerService(  811): sendPendingNotificationsLocked mSendGoToSleepFinishedNotificationWhenReady = false
D/LightsService(  811):  Trun on the button and after 2000s,then turn off the button !
D/PowerManagerService(  811): sendPendingNotificationsLocked mSendGoToSleepFinishedNotificationWhenReady = false
D/vibrator_java(  811): mPackageName=android
D/vibrator_java(  811): doVibratorOn  uid= 1000  millis=40ms
D/PowerManagerService(  811): sendPendingNotificationsLocked mSendGoToSleepFinishedNotificationWhenReady = false
D/DisplayPowerController(  811): updateAmbientLux:  mLightSensorListener lux is 442.0
D/PowerManagerService(  811): sendPendingNotificationsLocked mSendGoToSleepFinishedNotificationWhenReady = false
D/PowerManagerService(  811): sendPendingNotificationsLocked mSendGoToSleepFinishedNotificationWhenReady = false
D/PowerManagerService(  811): sendPendingNotificationsLocked mSendGoToSleepFinishedNotificationWhenReady = false
D/PowerManagerService(  811): sendPendingNotificationsLocked mSendGoToSleepFinishedNotificationWhenReady = false
D/PowerManagerService(  811): sendPendingNotificationsLocked mSendGoToSleepFinishedNotificationWhenReady = false
D/DisplayPowerController(  811): updateAmbientLux:  mLightSensorListener lux is 422.0
D/PowerManagerService(  811): sendPendingNotificationsLocked mSendGoToSleepFinishedNotificationWhenReady = false
I/ActivityManager(  811): START u0 {flg=0x14000000 cmp=com.google.android.googlequicksearchbox/.SearchActivity (has extras)} from pid 3419
D/PowerManagerService(  811): sendPendingNotificationsLocked mSendGoToSleepFinishedNotificationWhenReady = false
D/PowerManagerService(  811): sendPendingNotificationsLocked mSendGoToSleepFinishedNotificationWhenReady = false
D/PowerManagerService(  811): sendPendingNotificationsLocked mSendGoToSleepFinishedNotificationWhenReady = false
D/PowerManagerService(  811): sendPendingNotificationsLocked mSendGoToSleepFinishedNotificationWhenReady = false
I/PerformBackupTask(  811): no backup data written; not calling transport
D/PowerManagerService(  811): sendPendingNotificationsLocked mSendGoToSleepFinishedNotificationWhenReady = false
I/PerformBackupTask(  811): Backup pass finished.
D/PowerManagerService(  811): sendPendingNotificationsLocked mSendGoToSleepFinishedNotificationWhenReady = false
I/ActivityManager(  811): START u0 {flg=0x14000000 cmp=com.google.android.googlequicksearchbox/com.google.android.apps.gsa.searchnow.SearchNowActivity (has extras)} from pid 3419
D/PowerManagerService(  811): sendPendingNotificationsLocked mSendGoToSleepFinishedNotificationWhenReady = false
W/ViewRootImpl( 3419): Dropping event due to no window focus: KeyEvent { action=ACTION_DOWN, keyCode=KEYCODE_MENU, scanCode=139, metaState=0, flags=0x48, repeatCount=0, eventTime=3179273, downTime=3179273, deviceId=0, source=0x101 }
I/ActivityManager(  811): Killing 3131:com.android.settings/1000 (adj 15): empty #17
D/PowerManagerService(  811): sendPendingNotificationsLocked mSendGoToSleepFinishedNotificationWhenReady = false
D/DisplayPowerController(  811): updateAmbientLux:  mLightSensorListener lux is 395.0
W/InputMethodManagerService(  811): Window already focused, ignoring focus gain of: com.android.internal.view.IInputMethodClient$Stub$Proxy@41e8dc50 attribute=null, token = android.os.BinderProxy@422bb810
D/PowerManagerService(  811): sendPendingNotificationsLocked mSendGoToSleepFinishedNotificationWhenReady = false
D/LightsService(  811):  Trun on the button and after 2000s,then turn off the button !
D/vibrator_java(  811): mPackageName=android
D/PowerManagerService(  811): sendPendingNotificationsLocked mSendGoToSleepFinishedNotificationWhenReady = false
D/vibrator_java(  811): doVibratorOn  uid= 1000  millis=1ms
I/ActivityManager(  811): START u0 {act=com.android.systemui.recent.action.TOGGLE_RECENTS flg=0x10800000 cmp=com.android.systemui/.recent.RecentsActivity (has extras)} from pid 978
D/vibrator_java(  811): doVibratorOn  uid= 1000  millis=21ms
D/PowerManagerService(  811): sendPendingNotificationsLocked mSendGoToSleepFinishedNotificationWhenReady = false
D/DisplayPowerController(  811): updateAmbientLux:  mLightSensorListener lux is 352.0
D/PowerManagerService(  811): sendPendingNotificationsLocked mSendGoToSleepFinishedNotificationWhenReady = false
D/PowerManagerService(  811): sendPendingNotificationsLocked mSendGoToSleepFinishedNotificationWhenReady = false
D/PowerManagerService(  811): sendPendingNotificationsLocked mSendGoToSleepFinishedNotificationWhenReady = false
D/PowerManagerService(  811): sendPendingNotificationsLocked mSendGoToSleepFinishedNotificationWhenReady = false
I/ActivityManager(  811): Killing 4429:com.qualcomm.logkit/u0a63 (adj 15): empty #17
D/PowerManagerService(  811): sendPendingNotificationsLocked mSendGoToSleepFinishedNotificationWhenReady = false
D/PowerManagerService(  811): sendPendingNotificationsLocked mSendGoToSleepFinishedNotificationWhenReady = false
D/PowerManagerService(  811): sendPendingNotificationsLocked mSendGoToSleepFinishedNotificationWhenReady = false
D/DisplayPowerController(  811): updateAmbientLux:  mLightSensorListener lux is 257.0
D/DisplayPowerController(  811): updateAmbientLux:  mLightSensorListener lux is 216.0
D/PowerManagerService(  811): sendPendingNotificationsLocked mSendGoToSleepFinishedNotificationWhenReady = false
D/PowerManagerService(  811): sendPendingNotificationsLocked mSendGoToSleepFinishedNotificationWhenReady = false
D/PowerManagerService(  811): sendPendingNotificationsLocked mSendGoToSleepFinishedNotificationWhenReady = false
D/PowerManagerService(  811): sendPendingNotificationsLocked mSendGoToSleepFinishedNotificationWhenReady = false
D/PowerManagerService(  811): sendPendingNotificationsLocked mSendGoToSleepFinishedNotificationWhenReady = false
D/PowerManagerService(  811): sendPendingNotificationsLocked mSendGoToSleepFinishedNotificationWhenReady = false
D/PowerManagerService(  811): sendPendingNotificationsLocked mSendGoToSleepFinishedNotificationWhenReady = false
D/PowerManagerService(  811): sendPendingNotificationsLocked mSendGoToSleepFinishedNotificationWhenReady = false
I/ActivityManager(  811): Start proc com.android.inputmethod.latin for service com.android.inputmethod.latin/.spellcheck.AndroidSpellCheckerService: pid=5043 uid=10060 gids={50060, 9997, 1028, 1015}
W/ContextImpl(  811): Calling a method in the system process without a qualified user: android.app.ContextImpl.sendBroadcast:1213 com.android.internal.policy.impl.PhoneWindowManager.interceptKeyBeforeQueueing:4268 com.android.server.wm.InputMonitor.interceptKeyBeforeQueueing:357 com.android.server.input.InputManagerService.interceptKeyBeforeQueueing:1343 dalvik.system.NativeStart.run:-2 
D/PowerManagerService(  811): sendPendingNotificationsLocked mSendGoToSleepFinishedNotificationWhenReady = false
D/PowerManagerService(  811): sendPendingNotificationsLocked mSendGoToSleepFinishedNotificationWhenReady = false
D/PowerManagerService(  811): sendPendingNotificationsLocked mSendGoToSleepFinishedNotificationWhenReady = false
D/PowerManagerService(  811): sendPendingNotificationsLocked mSendGoToSleepFinishedNotificationWhenReady = false
D/DisplayPowerController(  811): updateAmbientLux:  mLightSensorListener lux is 176.0
D/PowerManagerService(  811): sendPendingNotificationsLocked mSendGoToSleepFinishedNotificationWhenReady = false
D/PowerManagerService(  811): sendPendingNotificationsLocked mSendGoToSleepFinishedNotificationWhenReady = false
D/PowerManagerService(  811): sendPendingNotificationsLocked mSendGoToSleepFinishedNotificationWhenReady = false
D/PowerManagerService(  811): sendPendingNotificationsLocked mSendGoToSleepFinishedNotificationWhenReady = false
W/BackupManagerService(  811): dataChanged but no participant pkg='com.android.providers.settings' uid=10017
D/PowerManagerService(  811): sendPendingNotificationsLocked mSendGoToSleepFinishedNotificationWhenReady = false
D/PowerManagerService(  811): sendPendingNotificationsLocked mSendGoToSleepFinishedNotificationWhenReady = false
I/ActivityManager(  811): Killing 4567:com.android.calendar/u0a44 (adj 15): empty #17
D/DisplayPowerController(  811): updateAmbientLux:  mLightSensorListener lux is 100.0
D/PowerManagerService(  811): sendPendingNotificationsLocked mSendGoToSleepFinishedNotificationWhenReady = false
D/DisplayPowerController(  811): updateAmbientLux:  mLightSensorListener lux is 50.0
D/PowerManagerService(  811): sendPendingNotificationsLocked mSendGoToSleepFinishedNotificationWhenReady = false
D/PowerManagerService(  811): sendPendingNotificationsLocked mSendGoToSleepFinishedNotificationWhenReady = false
D/DisplayPowerController(  811): updateAmbientLux:  mLightSensorListener lux is 40.0
D/VoldCmdListener(  244): volume mkdirs /storage/sdcard1/Android/data/com.google.android.apps.docs/cache/
W/Vold    (  244): Returning OperationFailed - no handler for errno 30
D/DisplayPowerController(  811): updateAmbientLux:  mLightSensorListener lux is 36.0
D/DisplayPowerController(  811): ZTE_PM updateAutoBrightness: useAutoBrightness = true  mAmbientLuxValid = true  mAmbientLux = 164.12404
D/DisplayPowerController(  811): updateAutoBrightness: value=0.3642497 *255 = 92.883675
D/DisplayPowerController(  811): ZTE_PM mPowerRequest.screenState is 2
D/DisplayPowerController(  811): ZTE_PM_PROX disable ProxSensor while NO useProximitySensor 
D/DisplayPowerController(  811): ZTE_PM_PROX setProximitySensorEnabled enable = false
D/DisplayPowerController(  811): ZTE_PM  setLightSensorEnabled enable = true updateAutoBrightness = false
D/DisplayPowerState(  811): Updating screen state: onChanged=false, on= true, backlightChanged=true, backlight=49
D/DisplayPowerState(  811): Updating screen state: onChanged=false, on= true, backlightChanged=true, backlight=56
D/PowerManagerService(  811): sendPendingNotificationsLocked mSendGoToSleepFinishedNotificationWhenReady = false
D/PowerManagerService(  811): sendPendingNotificationsLocked mSendGoToSleepFinishedNotificationWhenReady = false
D/DisplayPowerState(  811): Updating screen state: onChanged=false, on= true, backlightChanged=true, backlight=69
D/DisplayPowerState(  811): Updating screen state: onChanged=false, on= true, backlightChanged=true, backlight=79
D/DisplayPowerController(  811): updateAmbientLux:  mLightSensorListener lux is 52.0
D/DisplayPowerState(  811): Updating screen state: onChanged=false, on= true, backlightChanged=true, backlight=89
D/vibrator_java(  811): mPackageName=android
D/PowerManagerService(  811): sendPendingNotificationsLocked mSendGoToSleepFinishedNotificationWhenReady = false
D/vibrator_java(  811): doVibratorOn  uid= 1000  millis=10ms
W/ContextImpl(  811): Calling a method in the system process without a qualified user: android.app.ContextImpl.sendBroadcast:1213 com.android.internal.policy.impl.PhoneWindowManager.interceptKeyBeforeQueueing:4268 com.android.server.wm.InputMonitor.interceptKeyBeforeQueueing:357 com.android.server.input.InputManagerService.interceptKeyBeforeQueueing:1343 dalvik.system.NativeStart.run:-2 
D/DisplayPowerState(  811): Updating screen state: onChanged=false, on= true, backlightChanged=true, backlight=93
D/vibrator_java(  811): doVibratorOn  uid= 1000  millis=30ms
D/DisplayPowerController(  811): updateAmbientLux:  mLightSensorListener lux is 44.0
D/PowerManagerService(  811): sendPendingNotificationsLocked mSendGoToSleepFinishedNotificationWhenReady = false
D/DisplayPowerController(  811): updateAmbientLux:  mLightSensorListener lux is 27.0
D/DisplayPowerController(  811): updateAmbientLux:  mLightSensorListener lux is 15.0
D/DisplayPowerController(  811): updateAmbientLux:  mLightSensorListener lux is 10.0
D/LightsService(  811):  turnOffButtonLight   mButtonLightTimeout = 2000
D/DisplayPowerController(  811): updateAmbientLux:  mLightSensorListener lux is 8.0
D/DisplayPowerController(  811): updateAmbientLux:  mLightSensorListener lux is 7.0
W/ContextImpl(  811): Calling a method in the system process without a qualified user: android.app.ContextImpl.sendBroadcast:1213 com.android.internal.policy.impl.PhoneWindowManager.interceptKeyBeforeQueueing:4268 com.android.server.wm.InputMonitor.interceptKeyBeforeQueueing:357 com.android.server.input.InputManagerService.interceptKeyBeforeQueueing:1343 dalvik.system.NativeStart.run:-2 
D/DisplayPowerController(  811): updateAmbientLux:  mLightSensorListener lux is 8.0
D/DisplayPowerController(  811): updateAmbientLux:  mLightSensorListener lux is 7.0
D/PowerManagerService(  811): sendPendingNotificationsLocked mSendGoToSleepFinishedNotificationWhenReady = false
D/PowerManagerService(  811): sendPendingNotificationsLocked mSendGoToSleepFinishedNotificationWhenReady = false
D/PowerManagerService(  811): sendPendingNotificationsLocked mSendGoToSleepFinishedNotificationWhenReady = false
D/PowerManagerService(  811): sendPendingNotificationsLocked mSendGoToSleepFinishedNotificationWhenReady = false
D/PowerManagerService(  811): sendPendingNotificationsLocked mSendGoToSleepFinishedNotificationWhenReady = false
D/PowerManagerService(  811): sendPendingNotificationsLocked mSendGoToSleepFinishedNotificationWhenReady = false
D/PowerManagerService(  811): sendPendingNotificationsLocked mSendGoToSleepFinishedNotificationWhenReady = false
D/PowerManagerService(  811): sendPendingNotificationsLocked mSendGoToSleepFinishedNotificationWhenReady = false
D/PowerManagerService(  811): sendPendingNotificationsLocked mSendGoToSleepFinishedNotificationWhenReady = false
D/DisplayPowerController(  811): updateAmbientLux:  mLightSensorListener lux is 6.0
D/DisplayPowerController(  811): updateAmbientLux:  mLightSensorListener lux is 5.0
D/DisplayPowerController(  811): updateAmbientLux:  mLightSensorListener lux is 4.0
D/PowerManagerService(  811): sendPendingNotificationsLocked mSendGoToSleepFinishedNotificationWhenReady = false
D/LightsService(  811):  Trun on the button and after 2000s,then turn off the button !
D/PowerManagerService(  811): sendPendingNotificationsLocked mSendGoToSleepFinishedNotificationWhenReady = false
D/LightsService(  811):  Trun on the button and after 2000s,then turn off the button !
D/vibrator_java(  811): mPackageName=android
