W/RobotCore( 3836): could not write to Modern Robotics USB Core Device Interface Module [AL00VE3C]: comm timeout write: sync0: unable to read 1 bytes in 124 ms
D/UsbDeviceConnectionJNI( 3836): close
D/ProcessRequestThread::( 3836): Device has been closed.
W/System.err( 3836): java.lang.InterruptedException
W/System.err( 3836): 	at java.util.concurrent.locks.AbstractQueuedSynchronizer.doAcquireSharedInterruptibly(AbstractQueuedSynchronizer.java:975)
D/BulkIn::( 3836): Stop BulkIn thread
I/System.out( 3836): Sigma2016 -- sensor reading thread did not run for 14ms
E/MRReaderWriter( 3836): AL00XROI: comm timeout write: sync0: unable to read 1 bytes in 124 ms: [55 aa 00 90 20]
W/RobotCore( 3836): could not write to Modern Robotics USB Legacy Module [AL00XROI]: comm timeout write: sync0: unable to read 1 bytes in 124 ms
E/FTDI_Device::( 3836): UsbConnection.requestWait() == null
W/System.err( 3836): 	at java.util.concurrent.locks.AbstractQueuedSynchronizer.acquireSharedInterruptibly(AbstractQueuedSynchronizer.java:1281)
W/System.err( 3836): 	at java.util.concurrent.Semaphore.acquire(Semaphore.java:283)
W/System.err( 3836): 	at com.ftdi.j2xx.ProcessInCtrl.acquireReadableBuffer(FT_Device.java:2294)
W/System.err( 3836): 	at java.lang.NullPointerException
W/System.err( 3836): 	at com.ftdi.j2xx.ProcessInCtrl.releaseWritableBuffers(FT_Device.java:2672)
W/System.err( 3836): 	at com.ftdi.j2xx.BulkInWorker.run(FT_Device.java:2879)
W/System.err( 3836): 	at java.lang.Thread.run(Thread.java:841)
W/RobotCore( 3836): could not write to Modern Robotics USB DC Motor Controller [AL00VS9P]: FTDI Null Pointer Exception
E/RobotCore( 3836): java.lang.NullPointerException
E/RobotCore( 3836):     at com.ftdi.j2xx.ProcessInCtrl.readBulkInData(FT_Device.java:2520)
E/RobotCore( 3836):     at com.ftdi.j2xx.FT_Device.read(FT_Device.java:666)
E/RobotCore( 3836):     at com.qualcomm.robotcore.hardware.usb.ftdi.RobotUsbDeviceFtdi.read(RobotUsbDeviceFtdi.java:211)
E/RobotCore( 3836):     at com.qualcomm.hardware.modernrobotics.comm.ModernRoboticsReaderWriter.readIncomingBytes(ModernRoboticsReaderWriter.java:362)
E/RobotCore( 3836):     at com.qualcomm.hardware.modernrobotics.comm.ModernRoboticsReaderWriter.readSingleByte(ModernRoboticsReaderWriter.java:383)
E/RobotCore( 3836):     at com.qualcomm.hardware.modernrobotics.comm.ModernRoboticsReaderWriter.readResponse(ModernRoboticsReaderWriter.java:293)
E/RobotCore( 3836):     at com.qualcomm.hardware.modernrobotics.comm.ModernRoboticsReaderWriter.read(ModernRoboticsReaderWriter.java:179)
E/RobotCore( 3836):     at com.qualcomm.hardware.modernrobotics.comm.ReadWriteRunnableStandard$1.run(ReadWriteRunnableStandard.java:344)
E/RobotCore( 3836):     at com.qualcomm.robotcore.util.ThreadPool.logThreadLifeCycle(ThreadPool.java:513)
E/MRReaderWriter( 3836): AL00XOKN: comm timeout read: sync0: unable to read 1 bytes in 124 ms: [55 aa 80 40 09]
W/RobotCore( 3836): could not read Modern Robotics USB Servo Controller [AL00XOKN]: comm timeout read: sync0: unable to read 1 bytes in 124 ms
E/FTDI_Device::( 3836): UsbConnection.requestWait() == null
D/UsbDeviceConnectionJNI( 3836): close
D/ProcessRequestThread::( 3836): Device has been closed.
W/System.err( 3836): java.lang.InterruptedException
W/System.err( 3836): 	at java.util.concurrent.locks.AbstractQueuedSynchronizer.doAcquireSharedInterruptibly(AbstractQueuedSynchronizer.java:975)
W/System.err( 3836): 	at java.util.concurrent.locks.AbstractQueuedSynchronizer.acquireSharedInterruptibly(AbstractQueuedSynchronizer.java:1281)
W/System.err( 3836): 	at java.util.concurrent.Semaphore.acquire(Semaphore.java:283)
W/System.err( 3836): 	at com.ftdi.j2xx.ProcessInCtrl.acquireReadableBuffer(FT_Device.java:2294)
W/System.err( 3836): 	at com.ftdi.j2xx.ProcessRequestWorker.run(FT_Device.java:2764)
W/System.err( 3836): 	at java.lang.Thread.run(Thread.java:841)
W/RobotCore( 3836): could not write to Modern Robotics USB DC Motor Controller [AL00VVUU]: FTDI Null Pointer Exception
E/RobotCore( 3836): java.lang.NullPointerException
E/RobotCore( 3836):     at com.ftdi.j2xx.ProcessInCtrl.readBulkInData(FT_Device.java:2520)
E/RobotCore( 3836):     at com.ftdi.j2xx.FT_Device.read(FT_Device.java:666)
E/RobotCore( 3836):     at com.qualcomm.robotcore.hardware.usb.ftdi.RobotUsbDeviceFtdi.read(RobotUsbDeviceFtdi.java:211)
E/RobotCore( 3836):     at com.qualcomm.hardware.modernrobotics.comm.ModernRoboticsReaderWriter.readIncomingBytes(ModernRoboticsReaderWriter.java:362)
E/RobotCore( 3836):     at com.qualcomm.hardware.modernrobotics.comm.ModernRoboticsReaderWriter.readSingleByte(ModernRoboticsReaderWriter.java:383)
E/RobotCore( 3836):     at com.qualcomm.hardware.modernrobotics.comm.ModernRoboticsReaderWriter.readResponse(ModernRoboticsReaderWriter.java:293)
E/RobotCore( 3836):     at com.qualcomm.hardware.modernrobotics.comm.ModernRoboticsReaderWriter.write(ModernRoboticsReaderWriter.java:234)
E/RobotCore( 3836):     at com.qualcomm.hardware.modernrobotics.comm.ReadWriteRunnableStandard$1.run(ReadWriteRunnableStandard.java:396)
W/System.err( 3836): com.ftdi.j2xx.ProcessRequestWorker.run(FT_Device.java:2764)
W/System.err( 3836): 	at java.lang.Thread.run(Thread.java:841)
D/ProcessRequestThread::( 3836): Device has been closed.
W/System.err( 3836): java.lang.InterruptedException
W/System.err( 3836): 	at java.util.concurrent.locks.AbstractQueuedSynchronizer.doAcquireSharedInterruptibly(AbstractQueuedSynchronizer.java:975)
W/System.err( 3836): 	at java.util.concurrent.locks.AbstractQueuedSynchronizer.acquireSharedInterruptibly(AbstractQueuedSynchronizer.java:1281)
W/System.err( 3836): 	at java.util.concurrent.Semaphore.acquire(Semaphore.java:283)
W/System.err( 3836): 	at com.ftdi.j2xx.ProcessInCtrl.acquireReadableBuffer(FT_Device.java:2294)
W/System.err( 3836): 	at com.ftdi.j2xx.ProcessRequestWorker.run(FT_Device.java:2764)
W/System.err( 3836): 	at java.lang.Thread.run(Thread.java:841)
D/UsbDeviceConnectionJNI( 3836): close
W/RobotCore( 3836): could not write to Modern Robotics USB Servo Controller [AL00XOKN]: FTDI Null Pointer Exception
E/RobotCore( 3836): java.lang.NullPointerException
E/RobotCore( 3836):     at com.ftdi.j2xx.ProcessInCtrl.readBulkInData(FT_Device.java:2520)
E/RobotCore( 3836):     at com.ftdi.j2xx.FT_Device.read(FT_Device.java:666)
E/RobotCore( 3836):     at com.qualcomm.robotcore.hardware.usb.ftdi.RobotUsbDeviceFtdi.read(RobotUsbDeviceFtdi.java:211)
E/RobotCore( 3836):     at com.qualcomm.hardware.modernrobotics.comm.ModernRoboticsReaderWriter.readIncomingBytes(ModernRoboticsReaderWriter.java:362)
E/RobotCore( 3836):     at com.qualcomm.hardware.modernrobotics.comm.ModernRoboticsReaderWriter.readSingleByte(ModernRoboticsReaderWriter.java:383)
E/RobotCore( 3836):     at com.qualcomm.hardware.modernrobotics.comm.ModernRoboticsReaderWriter.readResponse(ModernRoboticsReaderWriter.java:293)
E/RobotCore( 3836):     at com.qualcomm.hardware.modernrobotics.comm.ModernRoboticsReaderWriter.write(ModernRoboticsReaderWriter.java:234)
E/RobotCore( 3836):     at com.qualcomm.hardware.modernrobotics.comm.ReadWriteRunnableStandard$1.run(ReadWriteRunnableStandard.java:396)
E/RobotCore( 3836):     at com.qualcomm.robotcore.util.ThreadPool.logThreadLifeCycle(ThreadPool.java:513)
E/RobotCore( 3836):     at com.qualcomm.hardware.modernrobotics.comm.ReadWriteRunnableStandard.run(ReadWriteRunnableStandard.java:304)
E/RobotCore( 3836):     at java.util.concurrent.ThreadPoolExecutor.runWorker(ThreadPoolExecutor.java:1112)
E/RobotCore( 3836):     at java.util.concurrent.ThreadPoolExecutor$Worker.run(ThreadPoolExecutor.java:587)
D/UsbDeviceConnectionJNI( 3836): close
D/ProcessRequestThread::( 3836): Device has been closed.
W/System.err( 3836): java.lang.InterruptedException
W/System.err( 3836): 	at java.util.concurrent.locks.AbstractQueuedSynchronizer.doAcquireSharedInterruptibly(AbstractQueuedSynchronizer.java:975)
W/System.err( 3836): 	at java.util.concurrent.locks.AbstractQueuedSynchronizer.acquireSharedInterruptibly(AbstractQueuedSynchronizer.java:1281)
W/System.err( 3836): 	at java.util.concurrent.Semaphore.acquire(Semaphore.java:283)
W/System.err( 3836): 	at com.ftdi.j2xx.ProcessInCtrl.acquireReadableBuffer(FT_Device.java:2294)
W/System.err( 3836): 	at com.ftdi.j2xx.ProcessRequestWorker.run(FT_Device.java:2764)
W/System.err( 3836): 	at java.lang.Thread.run(Thread.java:841)
W/RobotCore( 3836): could not write to Modern Robotics USB Core Device Interface Module [AL00VE3C]: FTDI Null Pointer Exception
E/RobotCore( 3836): java.lang.NullPointerException
E/RobotCore( 3836):     at java.lang.Thread.run(Thread.java:841)
V/RobotUsbDeviceFtdi( 3836): closing AL00XOKN
E/RobotCore( 3836):     at com.ftdi.j2xx.ProcessInCtrl.readBulkInData(FT_Device.java:2520)
V/RobotCore( 3836): thread: ...terminating 'r/w loop: Modern Robotics USB Servo Controller [AL00XOKN]'
E/RobotCore( 3836):     at com.ftdi.j2xx.FT_Device.read(FT_Device.java:666)
E/RobotCore( 3836):     at com.qualcomm.robotcore.hardware.usb.ftdi.RobotUsbDeviceFtdi.read(RobotUsbDeviceFtdi.java:211)
E/RobotCore( 3836):     at com.qualcomm.hardware.modernrobotics.comm.ModernRoboticsReaderWriter.readIncomingBytes(ModernRoboticsReaderWriter.java:362)
E/RobotCore( 3836):     at com.qualcomm.hardware.modernrobotics.comm.ModernRoboticsReaderWriter.readSingleByte(ModernRoboticsReaderWriter.java:383)
E/RobotCore( 3836):     at com.qualcomm.hardware.modernrobotics.comm.ReadWriteRunnableStandard.run(ReadWriteRunnableStandard.java:304)
E/RobotCore( 3836):     at com.qualcomm.hardware.modernrobotics.comm.ModernRoboticsReaderWriter.readResponse(ModernRoboticsReaderWriter.java:293)
E/RobotCore( 3836):     at java.util.concurrent.ThreadPoolExecutor.runWorker(ThreadPoolExecutor.java:1112)
E/RobotCore( 3836):     at com.qualcomm.hardware.modernrobotics.comm.ModernRoboticsReaderWriter.read(ModernRoboticsReaderWriter.java:179)
E/RobotCore( 3836):     at java.util.concurrent.ThreadPoolExecutor$Worker.run(ThreadPoolExecutor.java:587)
E/RobotCore( 3836):     at com.qualcomm.hardware.modernrobotics.comm.ReadWriteRunnableStandard$1.run(ReadWriteRunnableStandard.java:344)
E/RobotCore( 3836):     at java.lang.Thread.run(Thread.java:841)
E/RobotCore( 3836):     at com.qualcomm.robotcore.util.ThreadPool.logThreadLifeCycle(ThreadPool.java:513)
E/RobotCore( 3836):     at com.qualcomm.hardware.modernrobotics.comm.ReadWriteRunnableStandard.run(ReadWriteRunnableStandard.java:304)
V/RobotUsbDeviceFtdi( 3836): closing AL00VS9P
E/RobotCore( 3836):     at java.util.concurrent.ThreadPoolExecutor.runWorker(ThreadPoolExecutor.java:1112)
E/RobotCore( 3836):     at java.util.concurrent.ThreadPoolExecutor$Worker.run(ThreadPoolExecutor.java:587)
E/RobotCore( 3836):     at java.lang.Thread.run(Thread.java:841)
V/RobotUsbDeviceFtdi( 3836): closing AL00VE3C
V/RobotCore( 3836): thread: ...terminating 'r/w loop: Modern Robotics USB DC Motor Controller [AL00VS9P]'
V/RobotCore( 3836): thread: ...terminating 'r/w loop: Modern Robotics USB Core Device Interface Module [AL00VE3C]'
E/RobotCore( 3836):     at com.qualcomm.robotcore.util.ThreadPool.logThreadLifeCycle(ThreadPool.java:513)
E/RobotCore( 3836):     at com.qualcomm.hardware.modernrobotics.comm.ReadWriteRunnableStandard.run(ReadWriteRunnableStandard.java:304)
E/RobotCore( 3836):     at java.util.concurrent.ThreadPoolExecutor.runWorker(ThreadPoolExecutor.java:1112)
E/RobotCore( 3836):     at java.util.concurrent.ThreadPoolExecutor$Worker.run(ThreadPoolExecutor.java:587)
E/RobotCore( 3836):     at java.lang.Thread.run(Thread.java:841)
V/RobotUsbDeviceFtdi( 3836): closing AL00VVUU
D/RobotCore( 3836): system telemetry: key=$System$Warning$ msg="problem communicating with Modern Robotics USB Core Device Interface Module [AL00VE3C]; problem communicating with Modern Robotics USB DC Motor Controller [AL00VS9P]; problem communicating with Modern Robotics USB DC Motor Controller [AL00VW5E]; problem communicating with Modern Robotics USB Servo Controller [AL00XOKN]; problem communicating with Modern Robotics USB DC Motor Controller [AL00VVUU]"
V/RobotCore( 3836): event loop: device has shutdown abnormally
V/RobotCore( 3836): event loop: detaching device owner
I/FIRST   ( 3836): ======= MODULE DETACH RECOVERY: disarm Modern Robotics USB Core Device Interface Module [AL00VE3C]=======
V/RobotCore( 3836): waiting for service ReadWriteRunnable for Modern Robotics USB Device
V/Robocol ( 3836): packet processing took 0.999 s: type=HEARTBEAT
V/RobotCore( 3836): thread: ...terminating 'r/w loop: Modern Robotics USB DC Motor Controller [AL00VVUU]'
V/RobotCore( 3836): awaitTermination returned, isTerminated=true
V/RobotCore( 3836): executive service ReadWriteRunnable for Modern Robotics USB Device is terminated
V/RobotUsbDeviceFtdi( 3836): closing AL00VE3C
I/FIRST   ( 3836): ======= MODULE DETACH RECOVERY: pretend Modern Robotics USB Core Device Interface Module [AL00VE3C]=======
V/RobotCore( 3836): Starting up pretend device AL00VE3C
V/RobotCore( 3836): thread: 'r/w loop: Modern Robotics USB Core Device Interface Module [AL00VE3C]' starting...
I/FIRST   ( 3836): ======= MODULE DETACH RECOVERY: complete Modern Robotics USB Core Device Interface Module [AL00VE3C]=======
V/RobotCore( 3836): event loop: device has shutdown abnormally
V/RobotCore( 3836): event loop: detaching device owner
I/FIRST   ( 3836): ======= MODULE DETACH RECOVERY: disarm Modern Robotics USB DC Motor Controller [AL00VS9P]=======
D/RobotCore( 3836): disarming modern motor controller Modern Robotics USB DC Motor Controller [AL00VS9P]...
V/RobotCore( 3836): waiting for service ReadWriteRunnable for Modern Robotics USB Device
V/RobotCore( 3836): awaitTermination returned, isTerminated=true
V/RobotCore( 3836): executive service ReadWriteRunnable for Modern Robotics USB Device is terminated
V/RobotUsbDeviceFtdi( 3836): closing AL00VS9P
D/RobotCore( 3836): ...disarming modern motor controller Modern Robotics USB DC Motor Controller [AL00VS9P] complete
I/FIRST   ( 3836): ======= MODULE DETACH RECOVERY: pretend Modern Robotics USB DC Motor Controller [AL00VS9P]=======
D/RobotCore( 3836): arming modern motor controller Modern Robotics USB DC Motor Controller [AL00VS9P] (pretend)...
V/RobotCore( 3836): Starting up pretend device AL00VS9P
V/RobotCore( 3836): thread: 'r/w loop: Modern Robotics USB DC Motor Controller [AL00VS9P]' starting...
D/RobotCore( 3836): ...arming modern motor controller Modern Robotics USB DC Motor Controller [AL00VS9P] complete
I/FIRST   ( 3836): ======= MODULE DETACH RECOVERY: complete Modern Robotics USB DC Motor Controller [AL00VS9P]=======
V/RobotCore( 3836): event loop: device has shutdown abnormally
V/RobotCore( 3836): event loop: detaching device owner
I/FIRST   ( 3836): ======= MODULE DETACH RECOVERY: disarm Modern Robotics USB Servo Controller [AL00XOKN]=======
D/RobotCore( 3836): disarming modern servo controller "Modern Robotics USB Servo Controller [AL00XOKN]"...
V/RobotCore( 3836): waiting for service ReadWriteRunnable for Modern Robotics USB Device
V/RobotCore( 3836): awaitTermination returned, isTerminated=true
V/RobotCore( 3836): executive service ReadWriteRunnable for Modern Robotics USB Device is terminated
V/RobotUsbDeviceFtdi( 3836): closing AL00XOKN
D/RobotCore( 3836): ...disarming modern servo controller Modern Robotics USB Servo Controller [AL00XOKN] complete
I/FIRST   ( 3836): ======= MODULE DETACH RECOVERY: pretend Modern Robotics USB Servo Controller [AL00XOKN]=======
D/RobotCore( 3836): arming modern servo controller Modern Robotics USB Servo Controller [AL00XOKN] (pretend)...
V/RobotCore( 3836): Starting up pretend device AL00XOKN
V/RobotCore( 3836): thread: 'r/w loop: Modern Robotics USB Servo Controller [AL00XOKN]' starting...
D/RobotCore( 3836): ...arming modern servo controller Modern Robotics USB Servo Controller [AL00XOKN] complete
I/FIRST   ( 3836): ======= MODULE DETACH RECOVERY: complete Modern Robotics USB Servo Controller [AL00XOKN]=======
V/RobotCore( 3836): event loop: device has shutdown abnormally
V/RobotCore( 3836): event loop: detaching device owner
I/FIRST   ( 3836): ======= MODULE DETACH RECOVERY: disarm Modern Robotics USB DC Motor Controller [AL00VVUU]=======
D/RobotCore( 3836): disarming modern motor controller Modern Robotics USB DC Motor Controller [AL00VVUU]...
V/RobotCore( 3836): waiting for service ReadWriteRunnable for Modern Robotics USB Device
V/RobotCore( 3836): awaitTermination returned, isTerminated=true
V/RobotCore( 3836): executive service ReadWriteRunnable for Modern Robotics USB Device is terminated
V/RobotUsbDeviceFtdi( 3836): closing AL00VVUU
D/RobotCore( 3836): ...disarming modern motor controller Modern Robotics USB DC Motor Controller [AL00VVUU] complete
I/FIRST   ( 3836): ======= MODULE DETACH RECOVERY: pretend Modern Robotics USB DC Motor Controller [AL00VVUU]=======
D/RobotCore( 3836): arming modern motor controller Modern Robotics USB DC Motor Controller [AL00VVUU] (pretend)...
V/RobotCore( 3836): Starting up pretend device AL00VVUU
D/AudioPolicyManager(  268):  getOutput() device 2, stream 3, samplingRate 0, format 0, channelMask 3, flags 0 
D/AudioPolicyManager(  268): getOutput() returns output 2
D/AudioPolicyManager(  268):  getOutput() device 2, stream 3, samplingRate 0, format 0, channelMask 3, flags 0 
V/RobotCore( 3836): thread: 'r/w loop: Modern Robotics USB DC Motor Controller [AL00VVUU]' starting...
D/AudioPolicyManager(  268): getOutput() returns output 2
D/RobotCore( 3836): ...arming modern motor controller Modern Robotics USB DC Motor Controller [AL00VVUU] complete
I/FIRST   ( 3836): ======= MODULE DETACH RECOVERY: complete Modern Robotics USB DC Motor Controller [AL00VVUU]=======
D/AudioPolicyManager(  268):  getOutput() device 2, stream 3, samplingRate 44100, format 1, channelMask 3, flags 4 
D/AudioPolicyManager(  268): getOutput() returns output 3
D/UsbDeviceConnectionJNI( 3836): close
I/RobotCore( 3836): Attempting to switch to op mode $Stop$Robot$
D/ProcessRequestThread::( 3836): Device has been closed.
D/BulkIn::( 3836): Stop BulkIn thread
W/System.err( 3836): java.lang.InterruptedException
W/System.err( 3836): java.lang.NullPointerException
W/System.err( 3836): 	at com.ftdi.j2xx.ProcessInCtrl.releaseWritableBuffers(FT_Device.java:2675)
W/System.err( 3836): 	at com.ftdi.j2xx.BulkInWorker.run(FT_Device.java:2879)
W/System.err( 3836): 	at java.lang.Thread.run(Thread.java:841)
W/System.err( 3836): 	at java.util.concurrent.locks.AbstractQueuedSynchronizer.doAcquireSharedInterruptibly(AbstractQueuedSynchronizer.java:975)
W/System.err( 3836): 	at java.util.concurrent.locks.AbstractQueuedSynchronizer.acquireSharedInterruptibly(AbstractQueuedSynchronizer.java:1281)
W/System.err( 3836): 	at java.util.concurrent.Semaphore.acquire(Semaphore.java:283)
W/System.err( 3836): 	at com.ftdi.j2xx.ProcessInCtrl.acquireReadableBuffer(FT_Device.java:2294)
W/System.err( 3836): 	at com.ftdi.j2xx.ProcessRequestWorker.run(FT_Device.java:2764)
W/System.err( 3836): 	at java.lang.Thread.run(Thread.java:841)
W/RobotCore( 3836): error: closed: FT_Device.read()=-1
V/RobotUsbDeviceFtdi( 3836): closing AL00XROI
V/RobotCore( 3836): thread: ...terminating 'r/w loop: Modern Robotics USB Legacy Module [AL00XROI]'
D/AudioFlinger(  268): start(4099), calling pid 3836 session 35
D/AudioFlinger(  268): ? => ACTIVE (4099) on thread 0xb8873988
D/AudioPolicyManagerBase(  268): startOutput() output 3, stream 3, session 35
D/RobotCore( 3836): system telemetry: key=$System$Warning$ msg="problem communicating with Modern Robotics USB Core Device Interface Module [AL00VE3C]; problem communicating with Modern Robotics USB DC Motor Controller [AL00VS9P]; problem communicating with Modern Robotics USB DC Motor Controller [AL00VW5E]; problem communicating with Modern Robotics USB Servo Controller [AL00XOKN]; problem communicating with Modern Robotics USB Legacy Module [AL00XROI]; problem communicating with Modern Robotics USB DC Motor Controller [AL00VVUU]"
V/RobotCore( 3836): event loop: device has shutdown abnormally
V/RobotCore( 3836): event loop: detaching device owner
I/FIRST   ( 3836): ======= MODULE DETACH RECOVERY: disarm Modern Robotics USB Legacy Module [AL00XROI]=======
V/RobotCore( 3836): executive service ReadWriteRunnable for Modern Robotics USB Device is terminated
V/RobotUsbDeviceFtdi( 3836): closing AL00XROI
I/FIRST   ( 3836): ======= MODULE DETACH RECOVERY: pretend Modern Robotics USB Legacy Module [AL00XROI]=======
V/RobotCore( 3836): Starting up pretend device AL00XROI
D/LockScreen_KeyguardViewMediator(  978): setHidden false
D/LockScreen_KeyguardUpdateMonitor(  978): sendKeyguardVisibilityChanged(true)
D/LockScreen_KeyguardUpdateMonitor(  978): handleKeyguardVisibilityChanged(1)
V/RobotCore( 3836): thread: 'r/w loop: Modern Robotics USB Legacy Module [AL00XROI]' starting...
I/FIRST   ( 3836): ======= MODULE DETACH RECOVERY: complete Modern Robotics USB Legacy Module [AL00XROI]=======
V/Robocol ( 3836): sending CMD_INIT_OP_MODE_RESP(960), attempt: 0
D/LockScreen_KeyguardViewMediator(  978): setHidden false
D/LockScreen_KeyguardUpdateMonitor(  978): sendKeyguardVisibilityChanged(true)
D/LockScreen_KeyguardUpdateMonitor(  978): handleKeyguardVisibilityChanged(1)
V/Robocol ( 3836): received command: CMD_INIT_OP_MODE_RESP(960) $Stop$Robot$
V/Robocol ( 3836): received command: CMD_RUN_OP_MODE(10804) $Stop$Robot$
V/Robocol ( 3836): sending CMD_RUN_OP_MODE_RESP(967), attempt: 0
V/Robocol ( 3836): received command: CMD_RUN_OP_MODE_RESP(967) $Stop$Robot$
D/LockScreen_KeyguardViewMediator(  978): setHidden false
D/LockScreen_KeyguardUpdateMonitor(  978): sendKeyguardVisibilityChanged(true)
D/LockScreen_KeyguardUpdateMonitor(  978): handleKeyguardVisibilityChanged(1)
D/LockScreen_KeyguardViewMediator(  978): setHidden false
D/LockScreen_KeyguardUpdateMonitor(  978): sendKeyguardVisibilityChanged(true)
D/LockScreen_KeyguardUpdateMonitor(  978): handleKeyguardVisibilityChanged(1)
D/dalvikvm( 3836): GC_CONCURRENT freed 3354K, 52% free 5408K/11092K, paused 5ms+3ms, total 45ms
V/UsbRequest( 3836): endpoint still open in finalize(): android.hardware.usb.UsbRequest@41ec2d38
D/UsbRequestJNI( 3836): close
V/UsbRequest( 3836): endpoint still open in finalize(): android.hardware.usb.UsbRequest@41e87288
D/UsbRequestJNI( 3836): close
V/UsbRequest( 3836): endpoint still open in finalize(): android.hardware.usb.UsbRequest@41efa6b8
D/UsbRequestJNI( 3836): close
V/UsbRequest( 3836): endpoint still open in finalize(): android.hardware.usb.UsbRequest@41e9fc88
D/UsbRequestJNI( 3836): close
D/LockScreen_KeyguardViewMediator(  978): setHidden false
D/LockScreen_KeyguardUpdateMonitor(  978): sendKeyguardVisibilityChanged(true)
D/LockScreen_KeyguardUpdateMonitor(  978): handleKeyguardVisibilityChanged(1)
D/LockScreen_KeyguardViewMediator(  978): setHidden false
D/LockScreen_KeyguardUpdateMonitor(  978): sendKeyguardVisibilityChanged(true)
D/LockScreen_KeyguardUpdateMonitor(  978): handleKeyguardVisibilityChanged(1)
D/AudioPolicyManager(  268):  getOutput() device 2, stream 3, samplingRate 0, format 0, channelMask 3, flags 0 
D/AudioPolicyManager(  268): getOutput() returns output 2
D/AudioPolicyManager(  268):  getOutput() device 2, stream 3, samplingRate 0, format 0, channelMask 3, flags 0 
D/AudioPolicyManager(  268): getOutput() returns output 2
D/AudioPolicyManager(  268):  getOutput() device 2, stream 3, samplingRate 44100, format 1, channelMask 3, flags 4 
D/AudioPolicyManager(  268): getOutput() returns output 3
D/AudioFlinger(  268): start(4098), calling pid 3836 session 36
D/AudioFlinger(  268): ? => ACTIVE (4098) on thread 0xb8873698
D/AudioPolicyManagerBase(  268): startOutput() output 3, stream 3, session 36
D/LockScreen_KeyguardViewMediator(  978): setHidden false
D/LockScreen_KeyguardUpdateMonitor(  978): sendKeyguardVisibilityChanged(true)
D/LockScreen_KeyguardUpdateMonitor(  978): handleKeyguardVisibilityChanged(1)
D/DisplayPowerController(  811): ZTE_PM updateAutoBrightness: useAutoBrightness = true  mAmbientLuxValid = true  mAmbientLux = 3.9153833
D/DisplayPowerController(  811): updateAutoBrightness: value=0.06732091 *255 = 17.166832
D/DisplayPowerController(  811): ZTE_PM mPowerRequest.screenState is 2
D/DisplayPowerController(  811): ZTE_PM_PROX disable ProxSensor while NO useProximitySensor 
D/DisplayPowerController(  811): ZTE_PM_PROX setProximitySensorEnabled enable = false
D/DisplayPowerController(  811): ZTE_PM  setLightSensorEnabled enable = true updateAutoBrightness = false
D/DisplayPowerState(  811): Updating screen state: onChanged=false, on= true, backlightChanged=true, backlight=17
D/ledlog_java_com(  811): Excessive delay setting light: 65ms
D/LockScreen_KeyguardViewMediator(  978): setHidden false
D/LockScreen_KeyguardUpdateMonitor(  978): sendKeyguardVisibilityChanged(true)
D/LockScreen_KeyguardUpdateMonitor(  978): handleKeyguardVisibilityChanged(1)
D/LockScreen_KeyguardViewMediator(  978): setHidden false
D/LockScreen_KeyguardUpdateMonitor(  978): sendKeyguardVisibilityChanged(true)
D/LockScreen_KeyguardUpdateMonitor(  978): handleKeyguardVisibilityChanged(1)
D/dalvikvm( 3836): GC_CONCURRENT freed 1995K, 51% free 5480K/11092K, paused 5ms+5ms, total 49ms
D/LockScreen_KeyguardViewMediator(  978): setHidden false
D/LockScreen_KeyguardUpdateMonitor(  978): sendKeyguardVisibilityChanged(true)
D/LockScreen_KeyguardUpdateMonitor(  978): handleKeyguardVisibilityChanged(1)
V/Robocol ( 3836): issuing peerDisconnected(): lastRecvPacket=2.008 s
V/RobotCore( 3836): Network: active, disconnected
I/RobotCore( 3836): Lost connection while running op mode: $Stop$Robot$
E/MediaPlayer-JNI( 3836): QCMediaPlayer mediaplayer NOT present
D/Sonivox (  268): file[-1199012736]: EAS_HWOpenFile ---->. mDrmManagerClient[0], mDrmBufOffset[0], mDrmBufSize[0], mDrmBuf[0]
D/Sonivox (  268): wangchong: path is NULL
D/PRDrmPlugIn(  266): PRDrmPlugin::onInitialize, uniqueId = 6945
D/PRDrmPlugIn(  266): PRDrmPlugin::onSetOnInfoListener: starts! uniqueId = 6945
D/PRDrmPlugIn(  266): PRDrmPlugin::onSetOnInfoListener: ends!
D/Sonivox (  268): [qwu ]FileSource::canHandle()begin 
D/Sonivox (  268): [qwu ]FileSource::canHandle()end 
D/Sonivox (  268): [qwu ]FileSource::canHandle() OK 
D/Sonivox (  268): [qwu ]FileSource::canHandle() failed 
D/PRDrmPlugIn(  266): PRDrmPlugin::onTerminate, uniqueId = 6945
D/Sonivox (  268): file[-1199012736]: EAS_HWOpenFile <----. mDrmManagerClient[0], mDrmBufOffset[0], mDrmBufSize[0], mDrmBuf[0]
D/Sonivox (  268): file[-1199012736]: EAS_HWCloseFile ---->. mDrmManagerClient[0], mDrmBufOffset[0], mDrmBufSize[0], mDrmBuf[0]
D/Sonivox (  268): file[-1199012736]: EAS_HWCloseFile <----. mDrmManagerClient[0], mDrmBufOffset[0], mDrmBufSize[0], mDrmBuf[0]
I/ExtendedUtils(  268): AV Sync late margin : Intended=40ms Using=0ms
D/Utils   (  268): printFileName fd(38) -> /data/app/com.qualcomm.ftcrobotcontroller-1.apk
D/PRDrmPlugIn(  266): PRDrmPlugin::onInitialize, uniqueId = 5872
D/PRDrmPlugIn(  266): PRDrmPlugin::onSetOnInfoListener: starts! uniqueId = 5872
D/PRDrmPlugIn(  266): PRDrmPlugin::onSetOnInfoListener: ends!
D/PRDrmPlugIn(  266): PRDrmPlugin::onTerminate, uniqueId = 5872
D/ExtendedUtils(  268): extended extractor not needed, return default
D/AudioPolicyManager(  268): copl: isOffloadSupported: SR=44100, CM=0x0, Format=0x17000001, StreamType=3, BitRate=4294967295, duration=516598 us, has_video=0
D/AudioPolicyManager(  268): copl: PCM offload disabled by property audio.offload.pcm.enable
I/AwesomePlayer(  268): Could not offload audio decode, try pcm offload
D/AudioPolicyManager(  268): copl: isOffloadSupported: SR=44100, CM=0x0, Format=0x17000001, StreamType=3, BitRate=4294967295, duration=516598 us, has_video=0
D/AudioPolicyManager(  268): copl: PCM offload disabled by property audio.offload.pcm.enable
E/MediaPlayer( 3836): Should have subtitle controller already set
D/Sonivox (  268): file[-1199010512]: EAS_HWOpenFile ---->. mDrmManagerClient[0], mDrmBufOffset[0], mDrmBufSize[0], mDrmBuf[0]
D/Sonivox (  268): wangchong: path is NULL
D/PRDrmPlugIn(  266): PRDrmPlugin::onInitialize, uniqueId = 4143
D/PRDrmPlugIn(  266): PRDrmPlugin::onSetOnInfoListener: starts! uniqueId = 4143
D/PRDrmPlugIn(  266): PRDrmPlugin::onSetOnInfoListener: ends!
D/Sonivox (  268): [qwu ]FileSource::canHandle()begin 
D/Sonivox (  268): [qwu ]FileSource::canHandle()end 
D/Sonivox (  268): [qwu ]FileSource::canHandle() OK 
D/Sonivox (  268): [qwu ]FileSource::canHandle() failed 
D/PRDrmPlugIn(  266): PRDrmPlugin::onTerminate, uniqueId = 4143
D/Sonivox (  268): file[-1199010512]: EAS_HWOpenFile <----. mDrmManagerClient[0], mDrmBufOffset[0], mDrmBufSize[0], mDrmBuf[0]
D/Sonivox (  268): file[-1199010512]: EAS_HWCloseFile ---->. mDrmManagerClient[0], mDrmBufOffset[0], mDrmBufSize[0], mDrmBuf[0]
D/Sonivox (  268): file[-1199010512]: EAS_HWCloseFile <----. mDrmManagerClient[0], mDrmBufOffset[0], mDrmBufSize[0], mDrmBuf[0]
I/ExtendedUtils(  268): AV Sync late margin : Intended=40ms Using=0ms
D/Utils   (  268): printFileName fd(39) -> /data/app/com.qualcomm.ftcrobotcontroller-1.apk
D/PRDrmPlugIn(  266): PRDrmPlugin::onInitialize, uniqueId = 6599
D/PRDrmPlugIn(  266): PRDrmPlugin::onSetOnInfoListener: starts! uniqueId = 6599
D/PRDrmPlugIn(  266): PRDrmPlugin::onSetOnInfoListener: ends!
D/PRDrmPlugIn(  266): PRDrmPlugin::onTerminate, uniqueId = 6599
D/ExtendedUtils(  268): extended extractor not needed, return default
D/AudioPolicyManager(  268): copl: isOffloadSupported: SR=44100, CM=0x0, Format=0x17000001, StreamType=-1, BitRate=4294967295, duration=516598 us, has_video=0
D/AudioPolicyManager(  268): copl: isOffloadSupported: stream_type != MUSIC, returning false
I/AwesomePlayer(  268): Could not offload audio decode, try pcm offload
D/AudioPolicyManager(  268): copl: isOffloadSupported: SR=44100, CM=0x0, Format=0x17000001, StreamType=-1, BitRate=4294967295, duration=516598 us, has_video=0
D/AudioPolicyManager(  268): copl: isOffloadSupported: stream_type != MUSIC, returning false
D/AudioPlayer(  268): start of Playback, useOffload 0
D/AudioPlayer(  268): Pause Playback at 371519
D/AudioPlayer(  268): reset: mPlaying=0 mReachedEOS=1 useOffload=0
D/AudioPolicyManager(  268):  getOutput() device 2, stream 3, samplingRate 0, format 0, channelMask 3, flags 0 
D/AudioPolicyManager(  268): getOutput() returns output 2
D/AudioPolicyManager(  268):  getOutput() device 2, stream 3, samplingRate 0, format 0, channelMask 3, flags 0 
D/AudioPolicyManager(  268): getOutput() returns output 2
D/AudioPolicyManager(  268):  getOutput() device 2, stream 3, samplingRate 44100, format 1, channelMask 3, flags 4 
D/AudioPolicyManager(  268): getOutput() returns output 3
D/AudioFlinger(  268): start(4100), calling pid 3836 session 38
D/AudioFlinger(  268): ? => ACTIVE (4100) on thread 0xb8873880
D/AudioPolicyManagerBase(  268): startOutput() output 3, stream 3, session 38
I/RobotCore( 3836): Attempting to switch to op mode $Stop$Robot$
D/LockScreen_KeyguardViewMediator(  978): setHidden false
D/LockScreen_KeyguardUpdateMonitor(  978): sendKeyguardVisibilityChanged(true)
D/LockScreen_KeyguardUpdateMonitor(  978): handleKeyguardVisibilityChanged(1)
D/LockScreen_KeyguardViewMediator(  978): setHidden false
D/LockScreen_KeyguardUpdateMonitor(  978): sendKeyguardVisibilityChanged(true)
D/LockScreen_KeyguardUpdateMonitor(  978): handleKeyguardVisibilityChanged(1)
D/DisplayPowerController(  811): ZTE_PM updateAutoBrightness: useAutoBrightness = true  mAmbientLuxValid = true  mAmbientLux = 5.5741334
D/DisplayPowerController(  811): updateAutoBrightness: value=0.076290555 *255 = 19.454092
D/DisplayPowerController(  811): ZTE_PM mPowerRequest.screenState is 2
D/DisplayPowerController(  811): ZTE_PM_PROX disable ProxSensor while NO useProximitySensor 
D/DisplayPowerController(  811): ZTE_PM_PROX setProximitySensorEnabled enable = false
D/DisplayPowerController(  811): ZTE_PM  setLightSensorEnabled enable = true updateAutoBrightness = false
D/DisplayPowerState(  811): Updating screen state: onChanged=false, on= true, backlightChanged=true, backlight=19
D/ledlog_java_com(  811): Excessive delay setting light: 66ms
D/dalvikvm( 3836): GC_CONCURRENT freed 2032K, 52% free 5387K/11092K, paused 4ms+2ms, total 37ms
D/LockScreen_KeyguardViewMediator(  978): setHidden false
D/LockScreen_KeyguardUpdateMonitor(  978): sendKeyguardVisibilityChanged(true)
D/LockScreen_KeyguardUpdateMonitor(  978): handleKeyguardVisibilityChanged(1)
D/LockScreen_KeyguardViewMediator(  978): setHidden false
D/LockScreen_KeyguardUpdateMonitor(  978): sendKeyguardVisibilityChanged(true)
D/LockScreen_KeyguardUpdateMonitor(  978): handleKeyguardVisibilityChanged(1)
D/LockScreen_KeyguardViewMediator(  978): setHidden false
D/LockScreen_KeyguardUpdateMonitor(  978): sendKeyguardVisibilityChanged(true)
D/LockScreen_KeyguardUpdateMonitor(  978): handleKeyguardVisibilityChanged(1)
D/DisplayPowerController(  811): updateAmbientLux:  mLightSensorListener lux is 5.0
D/LockScreen_KeyguardViewMediator(  978): setHidden false
D/LockScreen_KeyguardUpdateMonitor(  978): sendKeyguardVisibilityChanged(true)
D/LockScreen_KeyguardUpdateMonitor(  978): handleKeyguardVisibilityChanged(1)
D/LockScreen_KeyguardViewMediator(  978): setHidden false
D/LockScreen_KeyguardUpdateMonitor(  978): sendKeyguardVisibilityChanged(true)
D/LockScreen_KeyguardUpdateMonitor(  978): handleKeyguardVisibilityChanged(1)
D/dalvikvm( 3836): GC_CONCURRENT freed 1949K, 52% free 5387K/11092K, paused 3ms+3ms, total 46ms
D/LockScreen_KeyguardViewMediator(  978): setHidden false
D/LockScreen_KeyguardUpdateMonitor(  978): sendKeyguardVisibilityChanged(true)
D/LockScreen_KeyguardUpdateMonitor(  978): handleKeyguardVisibilityChanged(1)
D/DisplayPowerController(  811): updateAmbientLux:  mLightSensorListener lux is 6.0
D/audio_hw_primary(  268): out_standby: enter: stream (0xb885f960) usecase(1: low-latency-playback)
I/listen_hal_loader(  268): audio_extn_listen_update_stream_status(): uc_id 1 of type 0 for Event 2, with Raise=0
D/hardware_info(  268): hw_info_append_hw_type : device_name = speaker
I/listen_hal_loader(  268): audio_extn_listen_update_device_status(): device 0x2 of type 0 for Event 0, with Raise=0
D/PowerManagerService(  811): sendPendingNotificationsLocked mSendGoToSleepFinishedNotificationWhenReady = false
D/LockScreen_KeyguardViewMediator(  978): setHidden false
D/LockScreen_KeyguardUpdateMonitor(  978): sendKeyguardVisibilityChanged(true)
D/LockScreen_KeyguardUpdateMonitor(  978): handleKeyguardVisibilityChanged(1)
D/LockScreen_KeyguardViewMediator(  978): setHidden false
D/LockScreen_KeyguardUpdateMonitor(  978): sendKeyguardVisibilityChanged(true)
D/LockScreen_KeyguardUpdateMonitor(  978): handleKeyguardVisibilityChanged(1)
D/PowerManagerService_DumpWakeLock(  811): Dump interval is: 21 s
D/PowerManagerService_DumpWakeLock(  811):  Current State is: Awake
D/PowerManagerService_DumpWakeLock(  811): Screen off timeout: 300000 ms
D/PowerManagerService_DumpWakeLock(  811): Screen dim duration: 7000 ms
D/PowerManagerService_DumpWakeLock(  811): Wake Locks: size=1
D/PowerManagerService_DumpWakeLock(  811):   SCREEN_BRIGHT_WAKE_LOCK        'WindowManager' ON_AFTER_RELEASE (uid=1000, pid=811, ws=WorkSource{10112})
D/PowerManagerService_DumpWakeLock(  811): Suspend Blockers: size=5
D/PowerManagerService_DumpWakeLock(  811):   PowerManagerService.WakeLocks: ref count=1
D/PowerManagerService_DumpWakeLock(  811):   PowerManagerService.Display: ref count=1
D/PowerManagerService_DumpWakeLock(  811):   PowerManagerService.Proximity: ref count=0
D/PowerManagerService_DumpWakeLock(  811):   PowerManagerService.Broadcasts: ref count=0
D/PowerManagerService_DumpWakeLock(  811):   PowerManagerService.WirelessChargerDetector: ref count=0
D/PowerManagerService_DumpWakeLock(  811): Screen On Blocker: held=false, mNestCount=0
D/PowerManagerService_DumpWakeLock(  811): Display Blanker: blanked=false
D/LockScreen_KeyguardViewMediator(  978): setHidden false
D/LockScreen_KeyguardUpdateMonitor(  978): sendKeyguardVisibilityChanged(true)
D/LockScreen_KeyguardUpdateMonitor(  978): handleKeyguardVisibilityChanged(1)
D/DisplayPowerController(  811): updateAmbientLux:  mLightSensorListener lux is 5.0
D/LockScreen_KeyguardViewMediator(  978): setHidden false
D/LockScreen_KeyguardUpdateMonitor(  978): sendKeyguardVisibilityChanged(true)
D/LockScreen_KeyguardUpdateMonitor(  978): handleKeyguardVisibilityChanged(1)
D/dalvikvm( 3836): GC_CONCURRENT freed 2016K, 52% free 5387K/11092K, paused 4ms+5ms, total 62ms
I/System.out( 3836): Sigma2016 -- sensor reading thread did not run for 16ms
D/WifiApPowerMode(  811): ACTION_BATTERY_CHANGED received. pluggedType=0 mUSBConnected=false
D/LockScreen_KeyguardUpdateMonitor(  978): received broadcast android.intent.action.BATTERY_CHANGED
D/LockScreen_DMLockCodeController(  978): canAcceptIntent - can: false
D/LockScreen_CMASAlertController(  978): canAcceptIntent - can: false
D/BatteryService(  811): ZTE Sending ACTION_BATTERY_CHANGED.  level:79, scale:100, status:4, health:2, present:true, voltage: 4052, temperature: 280, technology: Li-ion, AC powered:false, USB powered:false, Wireless powered:false, icon:17302952, invalid charger:0
D/WifiController(  811): battery changed pluggedType: 0
D/PowerManagerService(  811): sendPendingNotificationsLocked mSendGoToSleepFinishedNotificationWhenReady = false
D/LockScreen_KeyguardUpdateMonitor(  978): handleBatteryUpdate
D/LockScreen_KeyguardViewMediator(  978): setHidden false
D/LockScreen_KeyguardUpdateMonitor(  978): sendKeyguardVisibilityChanged(true)
D/LockScreen_KeyguardUpdateMonitor(  978): handleKeyguardVisibilityChanged(1)
D/LockScreen_KeyguardViewMediator(  978): setHidden false
D/LockScreen_KeyguardUpdateMonitor(  978): sendKeyguardVisibilityChanged(true)
D/LockScreen_KeyguardUpdateMonitor(  978): handleKeyguardVisibilityChanged(1)
D/vibrator_java(  811): mPackageName=android
D/PowerManagerService(  811): sendPendingNotificationsLocked mSendGoToSleepFinishedNotificationWhenReady = false
D/vibrator_java(  811): doVibratorOn  uid= 1000  millis=10ms
W/ContextImpl(  811): Calling a method in the system process without a qualified user: android.app.ContextImpl.sendBroadcast:1213 com.android.internal.policy.impl.PhoneWindowManager.interceptKeyBeforeQueueing:4268 com.android.server.wm.InputMonitor.interceptKeyBeforeQueueing:357 com.android.server.input.InputManagerService.interceptKeyBeforeQueueing:1343 dalvik.system.NativeStart.run:-2 
D/PowerManagerService(  811): sendPendingNotificationsLocked mSendGoToSleepFinishedNotificationWhenReady = false
D/LightsService(  811):  Trun on the button and after 2000s,then turn off the button !
D/vibrator_java(  811): mPackageName=android
D/vibrator_java(  811): doVibratorOn  uid= 1000  millis=40ms
D/PowerManagerService(  811): sendPendingNotificationsLocked mSendGoToSleepFinishedNotificationWhenReady = false
W/UnimplementedWebViewApi( 3836): Unimplemented WebView method onKeyDown called from: android.webkit.WebView.onKeyDown(WebView.java:2178)
D/dalvikvm(  811): GC_FOR_ALLOC freed 959K, 20% free 13205K/16356K, paused 83ms, total 83ms
D/LockScreen_KeyguardViewMediator(  978): setHidden false
D/LockScreen_KeyguardUpdateMonitor(  978): sendKeyguardVisibilityChanged(true)
D/LockScreen_KeyguardUpdateMonitor(  978): handleKeyguardVisibilityChanged(1)
D/DisplayPowerController(  811): updateAmbientLux:  mLightSensorListener lux is 6.0
D/DisplayPowerController(  811): updateAmbientLux:  mLightSensorListener lux is 5.0
D/PowerManagerService(  811): sendPendingNotificationsLocked mSendGoToSleepFinishedNotificationWhenReady = false
D/LightsService(  811):  Trun on the button and after 2000s,then turn off the button !
D/vibrator_java(  811): mPackageName=android
D/PowerManagerService(  811): sendPendingNotificationsLocked mSendGoToSleepFinishedNotificationWhenReady = false
D/vibrator_java(  811): doVibratorOn  uid= 1000  millis=1ms
I/ActivityManager(  811): START u0 {act=com.android.systemui.recent.action.TOGGLE_RECENTS flg=0x10800000 cmp=com.android.systemui/.recent.RecentsActivity (has extras)} from pid 978
D/dalvikvm(  811): GC_FOR_ALLOC freed 481K, 20% free 13154K/16356K, paused 83ms, total 83ms
D/vibrator_java(  811): doVibratorOn  uid= 1000  millis=21ms
V/RCActivity( 3836): onPause()
D/LockScreen_KeyguardViewMediator(  978): setHidden false
D/LockScreen_KeyguardUpdateMonitor(  978): sendKeyguardVisibilityChanged(true)
D/LockScreen_KeyguardViewMediator(  978): setHidden false
D/LockScreen_KeyguardUpdateMonitor(  978): sendKeyguardVisibilityChanged(true)
D/PowerManagerService(  811): sendPendingNotificationsLocked mSendGoToSleepFinishedNotificationWhenReady = false
D/RecentsButtonBarView(  978): onFinishInflate
D/RecentsButtonBarView(  978): onFinishInflate ***googleNowButton: android.widget.Button{4279b420 GFED..C. ......I. 0,0-0,0 #7f07008c app:id/googlenow}****removeAllButton: android.widget.Button{427aa370 VFED..C. ......I. 0,0-0,0 #7f07008b app:id/removeall}
W/ViewRootImpl( 3836): Dropping event due to no window focus: KeyEvent { action=ACTION_DOWN, keyCode=KEYCODE_MENU, scanCode=139, metaState=0, flags=0x48, repeatCount=2, eventTime=1792234, downTime=1791682, deviceId=0, source=0x101 }
D/PowerManagerService(  811): sendPendingNotificationsLocked mSendGoToSleepFinishedNotificationWhenReady = false
D/LockScreen_KeyguardViewMediator(  978): setHidden false
D/LockScreen_KeyguardUpdateMonitor(  978): sendKeyguardVisibilityChanged(true)
D/LockScreen_KeyguardViewMediator(  978): setHidden false
D/LockScreen_KeyguardUpdateMonitor(  978): sendKeyguardVisibilityChanged(true)
D/RecentsButtonBarView(  978): onAttachedToWindow
D/RecentsButtonBarView(  978): getRecentsPanelView - panel: com.android.systemui.recent.RecentsPanelView{41941b88 VFED.... .F....I. 0,0-0,0 #7f070094 app:id/recents_root}
D/LockScreen_KeyguardViewMediator(  978): setHidden false
D/LockScreen_KeyguardUpdateMonitor(  978): sendKeyguardVisibilityChanged(true)
D/LockScreen_KeyguardUpdateMonitor(  978): handleKeyguardVisibilityChanged(1)
D/LockScreen_KeyguardUpdateMonitor(  978): handleKeyguardVisibilityChanged(1)
D/LockScreen_KeyguardUpdateMonitor(  978): handleKeyguardVisibilityChanged(1)
D/LockScreen_KeyguardUpdateMonitor(  978): handleKeyguardVisibilityChanged(1)
W/ViewRootImpl(  978): Dropping event due to no window focus: KeyEvent { action=ACTION_DOWN, keyCode=KEYCODE_MENU, scanCode=139, metaState=0, flags=0x48, repeatCount=3, eventTime=1792290, downTime=1791682, deviceId=0, source=0x101 }
W/ViewRootImpl(  978): Dropping event due to no window focus: KeyEvent { action=ACTION_DOWN, keyCode=KEYCODE_MENU, scanCode=139, metaState=0, flags=0x48, repeatCount=4, eventTime=1792358, downTime=1791682, deviceId=0, source=0x101 }
D/LockScreen_KeyguardUpdateMonitor(  978): handleKeyguardVisibilityChanged(1)
D/LockScreen_KeyguardViewMediator(  978): setHidden false
D/LockScreen_KeyguardUpdateMonitor(  978): sendKeyguardVisibilityChanged(true)
W/IInputConnectionWrapper( 3836): showStatusIcon on inactive InputConnection
D/LockScreen_KeyguardViewMediator(  978): setHidden false
D/LockScreen_KeyguardUpdateMonitor(  978): sendKeyguardVisibilityChanged(true)
D/LockScreen_KeyguardViewMediator(  978): setHidden false
D/LockScreen_KeyguardUpdateMonitor(  978): sendKeyguardVisibilityChanged(true)
D/LockScreen_KeyguardViewMediator(  978): setHidden false
D/LockScreen_KeyguardUpdateMonitor(  978): sendKeyguardVisibilityChanged(true)
I/ActivityManager(  811): Displayed com.android.systemui/.recent.RecentsActivity: +120ms
D/LockScreen_KeyguardViewMediator(  978): setHidden false
D/LockScreen_KeyguardUpdateMonitor(  978): sendKeyguardVisibilityChanged(true)
D/LockScreen_KeyguardViewMediator(  978): setHidden false
D/LockScreen_KeyguardUpdateMonitor(  978): sendKeyguardVisibilityChanged(true)
D/LockScreen_KeyguardUpdateMonitor(  978): handleKeyguardVisibilityChanged(1)
D/dalvikvm( 3836): GC_CONCURRENT freed 1937K, 51% free 5469K/11092K, paused 1ms+3ms, total 50ms
D/LockScreen_KeyguardViewMediator(  978): setHidden false
D/LockScreen_KeyguardUpdateMonitor(  978): sendKeyguardVisibilityChanged(true)
D/LockScreen_KeyguardUpdateMonitor(  978): handleKeyguardVisibilityChanged(1)
D/LockScreen_KeyguardUpdateMonitor(  978): handleKeyguardVisibilityChanged(1)
D/LockScreen_KeyguardUpdateMonitor(  978): handleKeyguardVisibilityChanged(1)
D/LockScreen_KeyguardUpdateMonitor(  978): handleKeyguardVisibilityChanged(1)
D/LockScreen_KeyguardUpdateMonitor(  978): handleKeyguardVisibilityChanged(1)
D/LockScreen_KeyguardUpdateMonitor(  978): handleKeyguardVisibilityChanged(1)
I/Timeline(  978): Timeline: Activity_idle id: android.os.BinderProxy@421a25f8 time:1792436
D/PowerManagerService(  811): sendPendingNotificationsLocked mSendGoToSleepFinishedNotificationWhenReady = false
D/LockScreen_KeyguardViewMediator(  978): setHidden false
D/LockScreen_KeyguardUpdateMonitor(  978): sendKeyguardVisibilityChanged(true)
D/LockScreen_KeyguardUpdateMonitor(  978): handleKeyguardVisibilityChanged(1)
W/ContextImpl(  811): Calling a method in the system process without a qualified user: android.app.ContextImpl.sendBroadcast:1213 com.android.internal.policy.impl.PhoneWindowManager.interceptKeyBeforeQueueing:4268 com.android.server.wm.InputMonitor.interceptKeyBeforeQueueing:357 com.android.server.input.InputManagerService.interceptKeyBeforeQueueing:1343 dalvik.system.NativeStart.run:-2 
D/PowerManagerService(  811): sendPendingNotificationsLocked mSendGoToSleepFinishedNotificationWhenReady = false
D/LightsService(  811):  Trun on the button and after 2000s,then turn off the button !
I/Timeline(  811): Timeline: Activity_windows_visible id: ActivityRecord{418ff4c0 u0 com.android.systemui/.recent.RecentsActivity t7} time:1792709
D/LockScreen_KeyguardViewMediator(  978): setHidden false
D/LockScreen_KeyguardUpdateMonitor(  978): sendKeyguardVisibilityChanged(true)
W/SurfaceFlinger(  261): couldn't log to binary event log: overflow.
D/LockScreen_KeyguardViewMediator(  978): setHidden false
D/LockScreen_KeyguardUpdateMonitor(  978): sendKeyguardVisibilityChanged(true)
D/LockScreen_KeyguardUpdateMonitor(  978): handleKeyguardVisibilityChanged(1)
V/RCActivity( 3836): onStop()
V/RobotCore( 3836): executive service robot setup is terminated
V/Robocol ( 3836): EventLoopManager.shutdown()
V/RobotCore( 3836): waiting for service EventLoop
V/RobotCore( 3836): EventLoopRunnable interrupted
V/RobotCore( 3836): EventLoopManager state is STOPPED
V/RobotCore( 3836): Robot Status: stopped
I/FIRST   ( 3836): ======= TEARDOWN =======
D/RobotCore( 3836): disarming modern motor controller Modern Robotics USB DC Motor Controller [AL00VS9P]...
D/LockScreen_KeyguardUpdateMonitor(  978): handleKeyguardVisibilityChanged(1)
D/PowerManagerService(  811): sendPendingNotificationsLocked mSendGoToSleepFinishedNotificationWhenReady = false
D/LightsService(  811):  Trun on the button and after 2000s,then turn off the button !
D/PowerManagerService(  811): sendPendingNotificationsLocked mSendGoToSleepFinishedNotificationWhenReady = false
V/RobotCore( 3836): waiting for service ReadWriteRunnable for Modern Robotics USB Device
V/RobotCore( 3836): thread: ...terminating 'r/w loop: Modern Robotics USB DC Motor Controller [AL00VS9P]'
V/RobotCore( 3836): awaitTermination returned, isTerminated=true
V/RobotCore( 3836): executive service ReadWriteRunnable for Modern Robotics USB Device is terminated
D/RobotCore( 3836): ...disarming modern motor controller Modern Robotics USB DC Motor Controller [AL00VS9P] complete
D/RobotCore( 3836): disarming modern motor controller Modern Robotics USB DC Motor Controller [AL00VW5E]...
V/RobotCore( 3836): thread: ...terminating 'r/w loop: Modern Robotics USB DC Motor Controller [AL00VW5E]'
V/RobotCore( 3836): executive service ReadWriteRunnable for Modern Robotics USB Device is terminated
D/RobotCore( 3836): ...disarming modern motor controller Modern Robotics USB DC Motor Controller [AL00VW5E] complete
D/RobotCore( 3836): disarming modern motor controller Modern Robotics USB DC Motor Controller [AL00VVUU]...
D/LockScreen_KeyguardViewMediator(  978): setHidden false
D/LockScreen_KeyguardUpdateMonitor(  978): sendKeyguardVisibilityChanged(true)
V/RobotCore( 3836): thread: ...terminating 'r/w loop: Modern Robotics USB DC Motor Controller [AL00VVUU]'
V/RobotCore( 3836): executive service ReadWriteRunnable for Modern Robotics USB Device is terminated
D/RobotCore( 3836): ...disarming modern motor controller Modern Robotics USB DC Motor Controller [AL00VVUU] complete
D/RobotCore( 3836): disarming modern servo controller "Modern Robotics USB Servo Controller [AL00XOKN]"...
V/RobotCore( 3836): thread: ...terminating 'r/w loop: Modern Robotics USB Servo Controller [AL00XOKN]'
V/RobotCore( 3836): executive service ReadWriteRunnable for Modern Robotics USB Device is terminated
D/RobotCore( 3836): ...disarming modern servo controller Modern Robotics USB Servo Controller [AL00XOKN] complete
D/LockScreen_KeyguardUpdateMonitor(  978): handleKeyguardVisibilityChanged(1)
V/RobotCore( 3836): thread: ...terminating 'r/w loop: Modern Robotics USB Legacy Module [AL00XROI]'
V/RobotCore( 3836): executive service ReadWriteRunnable for Modern Robotics USB Device is terminated
V/RobotCore( 3836): waiting for service ReadWriteRunnable for Modern Robotics USB Device
V/RobotCore( 3836): thread: ...terminating 'r/w loop: Modern Robotics USB Core Device Interface Module [AL00VE3C]'
V/RobotCore( 3836): awaitTermination returned, isTerminated=true
