I/System.out( 9775): Ground Brightness:: 97 Light Level:: 101
I/System.out( 9775): Sigma2016 -- Blue While did not run for 45ms
I/System.out( 9775): Sigma2016 -- Blue While did not run for 42ms
I/System.out( 9775): Sigma2016 -- Blue While did not run for 32ms
I/System.out( 9775): --BlueNear log-- ultrasoniclevel=8.0 error=1.0 angleOffset=-5.0 distance=18.0
I/System.out( 9775): --BlueNear log-- error=1.0 leftspeed=-0.05000000000000002 rightSpeed=0.15 curAngle=-5.0 targetAngle=0.0
I/System.out( 9775): Ground Brightness:: 97 Light Level:: 101
I/System.out( 9775): Sigma2016 -- Blue While did not run for 42ms
I/System.out( 9775): --BlueNear log-- ultrasoniclevel=8.0 error=1.0 angleOffset=-6.0 distance=18.0
I/System.out( 9775): --BlueNear log-- error=1.0 leftspeed=-0.09 rightSpeed=0.15 curAngle=-6.0 targetAngle=0.0
I/System.out( 9775): Ground Brightness:: 97 Light Level:: 101
I/System.out( 9775): --BlueNear log-- ultrasoniclevel=8.0 error=1.0 angleOffset=-6.0 distance=18.0
I/System.out( 9775): --BlueNear log-- error=1.0 leftspeed=-0.09 rightSpeed=0.15 curAngle=-6.0 targetAngle=0.0
I/System.out( 9775): Ground Brightness:: 97 Light Level:: 101
I/System.out( 9775): --BlueNear log-- ultrasoniclevel=8.0 error=1.0 angleOffset=-6.0 distance=18.0
I/System.out( 9775): --BlueNear log-- error=1.0 leftspeed=-0.09 rightSpeed=0.15 curAngle=-6.0 targetAngle=0.0
I/System.out( 9775): Ground Brightness:: 97 Light Level:: 101
I/System.out( 9775): --BlueNear log-- ultrasoniclevel=8.0 error=1.0 angleOffset=-6.0 distance=18.0
I/System.out( 9775): --BlueNear log-- error=1.0 leftspeed=-0.09 rightSpeed=0.15 curAngle=-6.0 targetAngle=0.0
I/System.out( 9775): Ground Brightness:: 97 Light Level:: 101
I/System.out( 9775): --BlueNear log-- ultrasoniclevel=7.0 error=0.0 angleOffset=-6.0 distance=18.0
I/System.out( 9775): --BlueNear log-- error=0.0 leftspeed=-0.09 rightSpeed=0.15 curAngle=-6.0 targetAngle=0.0
I/System.out( 9775): Ground Brightness:: 97 Light Level:: 101
I/System.out( 9775): --BlueNear log-- ultrasoniclevel=7.0 error=0.0 angleOffset=-6.0 distance=18.0
I/System.out( 9775): --BlueNear log-- error=0.0 leftspeed=-0.09 rightSpeed=0.15 curAngle=-6.0 targetAngle=0.0
I/System.out( 9775): Ground Brightness:: 97 Light Level:: 101
I/System.out( 9775): --BlueNear log-- ultrasoniclevel=7.0 error=0.0 angleOffset=-6.0 distance=18.0
I/System.out( 9775): --BlueNear log-- error=0.0 leftspeed=-0.09 rightSpeed=0.15 curAngle=-6.0 targetAngle=0.0
I/System.out( 9775): Ground Brightness:: 97 Light Level:: 101
I/System.out( 9775): --BlueNear log-- ultrasoniclevel=7.0 error=0.0 angleOffset=-6.0 distance=18.0
I/System.out( 9775): --BlueNear log-- error=0.0 leftspeed=-0.09 rightSpeed=0.15 curAngle=-6.0 targetAngle=0.0
I/System.out( 9775): Ground Brightness:: 97 Light Level:: 101
I/System.out( 9775): --BlueNear log-- ultrasoniclevel=7.0 error=0.0 angleOffset=-6.0 distance=18.0
I/System.out( 9775): --BlueNear log-- error=0.0 leftspeed=-0.09 rightSpeed=0.15 curAngle=-6.0 targetAngle=0.0
I/System.out( 9775): Ground Brightness:: 97 Light Level:: 101
I/System.out( 9775): --BlueNear log-- ultrasoniclevel=7.0 error=0.0 angleOffset=-6.0 distance=18.0
I/System.out( 9775): --BlueNear log-- error=0.0 leftspeed=-0.09 rightSpeed=0.15 curAngle=-6.0 targetAngle=0.0
I/System.out( 9775): Ground Brightness:: 97 Light Level:: 101
I/System.out( 9775): Sigma2016 -- Blue While did not run for 41ms
I/System.out( 9775): --BlueNear log-- ultrasoniclevel=7.0 error=0.0 angleOffset=-5.0 distance=18.0
I/System.out( 9775): --BlueNear log-- error=0.0 leftspeed=-0.05000000000000002 rightSpeed=0.15 curAngle=-5.0 targetAngle=0.0
I/System.out( 9775): Ground Brightness:: 97 Light Level:: 101
I/System.out( 9775): --BlueNear log-- ultrasoniclevel=7.0 error=0.0 angleOffset=-5.0 distance=18.0
I/System.out( 9775): --BlueNear log-- error=0.0 leftspeed=-0.05000000000000002 rightSpeed=0.15 curAngle=-5.0 targetAngle=0.0
I/System.out( 9775): Ground Brightness:: 97 Light Level:: 101
I/System.out( 9775): --BlueNear log-- ultrasoniclevel=7.0 error=0.0 angleOffset=-5.0 distance=18.0
I/System.out( 9775): --BlueNear log-- error=0.0 leftspeed=-0.05000000000000002 rightSpeed=0.15 curAngle=-5.0 targetAngle=0.0
I/System.out( 9775): Ground Brightness:: 97 Light Level:: 101
I/System.out( 9775): --BlueNear log-- ultrasoniclevel=7.0 error=0.0 angleOffset=-5.0 distance=18.0
I/System.out( 9775): --BlueNear log-- error=0.0 leftspeed=-0.05000000000000002 rightSpeed=0.15 curAngle=-5.0 targetAngle=0.0
I/System.out( 9775): Ground Brightness:: 97 Light Level:: 101
I/System.out( 9775): Sigma2016 -- Blue While did not run for 47ms
I/System.out( 9775): --BlueNear log-- ultrasoniclevel=8.0 error=1.0 angleOffset=-3.0 distance=18.0
I/System.out( 9775): --BlueNear log-- error=1.0 leftspeed=0.03 rightSpeed=0.15 curAngle=-3.0 targetAngle=0.0
I/System.out( 9775): Ground Brightness:: 97 Light Level:: 101
I/System.out( 9775): Sigma2016 -- Blue While did not run for 46ms
D/DisplayPowerController(  811): updateAmbientLux:  mLightSensorListener lux is 12.0
D/dalvikvm( 9775): GC_CONCURRENT freed 1992K, 37% free 7082K/11088K, paused 3ms+5ms, total 47ms
I/System.out( 9775): Sigma2016 -- Blue While did not run for 54ms
I/System.out( 9775): Sigma2016 -- Blue While did not run for 42ms
I/System.out( 9775): --BlueNear log-- ultrasoniclevel=9.0 error=2.0 angleOffset=0.0 distance=18.0
I/System.out( 9775): --BlueNear log-- error=2.0 leftspeed=0.15 rightSpeed=0.09 curAngle=0.0 targetAngle=-2.0
I/System.out( 9775): Ground Brightness:: 97 Light Level:: 101
I/System.out( 9775): Sigma2016 -- Blue While did not run for 40ms
I/System.out( 9775): Sigma2016 -- Blue While did not run for 46ms
I/System.out( 9775): --BlueNear log-- ultrasoniclevel=9.0 error=2.0 angleOffset=1.0 distance=18.0
I/System.out( 9775): --BlueNear log-- error=2.0 leftspeed=0.15 rightSpeed=0.06 curAngle=1.0 targetAngle=-2.0
I/System.out( 9775): Ground Brightness:: 97 Light Level:: 101
I/System.out( 9775): --BlueNear log-- ultrasoniclevel=9.0 error=2.0 angleOffset=1.0 distance=18.0
I/System.out( 9775): --BlueNear log-- error=2.0 leftspeed=0.15 rightSpeed=0.06 curAngle=1.0 targetAngle=-2.0
I/System.out( 9775): Ground Brightness:: 97 Light Level:: 101
I/System.out( 9775): Sigma2016 -- Blue While did not run for 30ms
I/System.out( 9775): --BlueNear log-- ultrasoniclevel=10.0 error=3.0 angleOffset=2.0 distance=18.0
I/System.out( 9775): --BlueNear log-- error=3.0 leftspeed=0.15 rightSpeed=-0.15 curAngle=2.0 targetAngle=-5.0
I/System.out( 9775): Ground Brightness:: 97 Light Level:: 101
D/DisplayPowerController(  811): updateAmbientLux:  mLightSensorListener lux is 11.0
I/System.out( 9775): Sigma2016 -- Blue While did not run for 28ms
I/System.out( 9775): --BlueNear log-- ultrasoniclevel=10.0 error=3.0 angleOffset=2.0 distance=18.0
I/System.out( 9775): --BlueNear log-- error=3.0 leftspeed=0.15 rightSpeed=-0.15 curAngle=2.0 targetAngle=-5.0
I/System.out( 9775): Ground Brightness:: 97 Light Level:: 101
I/System.out( 9775): --BlueNear log-- ultrasoniclevel=10.0 error=3.0 angleOffset=2.0 distance=18.0
I/System.out( 9775): --BlueNear log-- error=3.0 leftspeed=0.15 rightSpeed=-0.15 curAngle=2.0 targetAngle=-5.0
I/System.out( 9775): Ground Brightness:: 97 Light Level:: 101
I/System.out( 9775): --BlueNear log-- ultrasoniclevel=10.0 error=3.0 angleOffset=2.0 distance=18.0
I/System.out( 9775): --BlueNear log-- error=3.0 leftspeed=0.15 rightSpeed=-0.15 curAngle=2.0 targetAngle=-5.0
I/System.out( 9775): Ground Brightness:: 97 Light Level:: 101
I/System.out( 9775): --BlueNear log-- ultrasoniclevel=10.0 error=3.0 angleOffset=2.0 distance=18.0
I/System.out( 9775): --BlueNear log-- error=3.0 leftspeed=0.15 rightSpeed=-0.15 curAngle=2.0 targetAngle=-5.0
I/System.out( 9775): Ground Brightness:: 97 Light Level:: 101
I/System.out( 9775): --BlueNear log-- ultrasoniclevel=10.0 error=3.0 angleOffset=2.0 distance=18.0
I/System.out( 9775): --BlueNear log-- error=3.0 leftspeed=0.15 rightSpeed=-0.15 curAngle=2.0 targetAngle=-5.0
I/System.out( 9775): Ground Brightness:: 97 Light Level:: 101
I/System.out( 9775): --BlueNear log-- ultrasoniclevel=10.0 error=3.0 angleOffset=2.0 distance=18.0
I/System.out( 9775): --BlueNear log-- error=3.0 leftspeed=0.15 rightSpeed=-0.15 curAngle=2.0 targetAngle=-5.0
I/System.out( 9775): Ground Brightness:: 97 Light Level:: 101
I/System.out( 9775): --BlueNear log-- ultrasoniclevel=10.0 error=3.0 angleOffset=1.0 distance=18.0
I/System.out( 9775): --BlueNear log-- error=3.0 leftspeed=0.15 rightSpeed=-0.15 curAngle=1.0 targetAngle=-5.0
I/System.out( 9775): Ground Brightness:: 97 Light Level:: 101
I/System.out( 9775): --BlueNear log-- ultrasoniclevel=10.0 error=3.0 angleOffset=1.0 distance=18.0
I/System.out( 9775): --BlueNear log-- error=3.0 leftspeed=0.15 rightSpeed=-0.15 curAngle=1.0 targetAngle=-5.0
I/System.out( 9775): Ground Brightness:: 97 Light Level:: 101
I/System.out( 9775): --BlueNear log-- ultrasoniclevel=10.0 error=3.0 angleOffset=1.0 distance=18.0
I/System.out( 9775): --BlueNear log-- error=3.0 leftspeed=0.15 rightSpeed=-0.15 curAngle=1.0 targetAngle=-5.0
I/System.out( 9775): Ground Brightness:: 97 Light Level:: 101
I/System.out( 9775): --BlueNear log-- ultrasoniclevel=10.0 error=3.0 angleOffset=1.0 distance=18.0
I/System.out( 9775): --BlueNear log-- error=3.0 leftspeed=0.15 rightSpeed=-0.15 curAngle=1.0 targetAngle=-5.0
I/System.out( 9775): Ground Brightness:: 97 Light Level:: 101
I/System.out( 9775): --BlueNear log-- ultrasoniclevel=10.0 error=3.0 angleOffset=1.0 distance=18.0
I/System.out( 9775): --BlueNear log-- error=3.0 leftspeed=0.15 rightSpeed=-0.15 curAngle=1.0 targetAngle=-5.0
I/System.out( 9775): Ground Brightness:: 97 Light Level:: 101
I/System.out( 9775): --BlueNear log-- ultrasoniclevel=10.0 error=3.0 angleOffset=1.0 distance=18.0
I/System.out( 9775): --BlueNear log-- error=3.0 leftspeed=0.15 rightSpeed=-0.15 curAngle=1.0 targetAngle=-5.0
I/System.out( 9775): Ground Brightness:: 97 Light Level:: 101
I/System.out( 9775): --BlueNear log-- ultrasoniclevel=10.0 error=3.0 angleOffset=1.0 distance=18.0
I/System.out( 9775): --BlueNear log-- error=3.0 leftspeed=0.15 rightSpeed=-0.15 curAngle=1.0 targetAngle=-5.0
I/System.out( 9775): Ground Brightness:: 97 Light Level:: 105
I/System.out( 9775): --BlueNear log-- ultrasoniclevel=10.0 error=3.0 angleOffset=1.0 distance=18.0
I/System.out( 9775): --BlueNear log-- error=3.0 leftspeed=0.15 rightSpeed=-0.15 curAngle=1.0 targetAngle=-5.0
I/System.out( 9775): Ground Brightness:: 97 Light Level:: 105
I/System.out( 9775): Sigma2016 -- Blue While did not run for 42ms
I/System.out( 9775): --BlueNear log-- ultrasoniclevel=10.0 error=3.0 angleOffset=0.0 distance=18.0
I/System.out( 9775): --BlueNear log-- error=3.0 leftspeed=0.15 rightSpeed=-0.1 curAngle=0.0 targetAngle=-5.0
I/System.out( 9775): Ground Brightness:: 97 Light Level:: 105
I/System.out( 9775): --BlueNear log-- ultrasoniclevel=9.0 error=2.0 angleOffset=0.0 distance=18.0
I/System.out( 9775): --BlueNear log-- error=2.0 leftspeed=0.15 rightSpeed=0.09 curAngle=0.0 targetAngle=-2.0
I/System.out( 9775): Ground Brightness:: 97 Light Level:: 105
I/System.out( 9775): Sigma2016 -- Blue While did not run for 48ms
D/DisplayPowerController(  811): updateAmbientLux:  mLightSensorListener lux is 12.0
I/System.out( 9775): Sigma2016 -- Blue While did not run for 35ms
I/System.out( 9775): --BlueNear log-- ultrasoniclevel=9.0 error=2.0 angleOffset=-1.0 distance=18.0
I/System.out( 9775): --BlueNear log-- error=2.0 leftspeed=0.15 rightSpeed=0.12 curAngle=-1.0 targetAngle=-2.0
I/System.out( 9775): Ground Brightness:: 97 Light Level:: 105
I/System.out( 9775): Sigma2016 -- Blue While did not run for 37ms
I/System.out( 9775): --BlueNear log-- ultrasoniclevel=9.0 error=2.0 angleOffset=-2.0 distance=18.0
I/System.out( 9775): --BlueNear log-- error=2.0 leftspeed=0.15 rightSpeed=0.15 curAngle=-2.0 targetAngle=-2.0
I/System.out( 9775): Ground Brightness:: 97 Light Level:: 105
I/System.out( 9775): --BlueNear log-- ultrasoniclevel=9.0 error=2.0 angleOffset=-2.0 distance=18.0
I/System.out( 9775): --BlueNear log-- error=2.0 leftspeed=0.15 rightSpeed=0.15 curAngle=-2.0 targetAngle=-2.0
I/System.out( 9775): Ground Brightness:: 97 Light Level:: 105
I/System.out( 9775): --BlueNear log-- ultrasoniclevel=9.0 error=2.0 angleOffset=-2.0 distance=18.0
I/System.out( 9775): --BlueNear log-- error=2.0 leftspeed=0.15 rightSpeed=0.15 curAngle=-2.0 targetAngle=-2.0
I/System.out( 9775): Ground Brightness:: 97 Light Level:: 105
D/dalvikvm( 9775): GC_CONCURRENT freed 2034K, 37% free 7091K/11088K, paused 4ms+5ms, total 48ms
I/System.out( 9775): Sigma2016 -- Blue While did not run for 27ms
I/System.out( 9775): --BlueNear log-- ultrasoniclevel=8.0 error=1.0 angleOffset=-3.0 distance=18.0
I/System.out( 9775): --BlueNear log-- error=1.0 leftspeed=0.03 rightSpeed=0.15 curAngle=-3.0 targetAngle=0.0
I/System.out( 9775): Ground Brightness:: 97 Light Level:: 105
I/System.out( 9775): Sigma2016 -- Blue While did not run for 31ms
I/System.out( 9775): Sigma2016 -- Blue While did not run for 32ms
I/System.out( 9775): --BlueNear log-- ultrasoniclevel=8.0 error=1.0 angleOffset=-4.0 distance=18.0
I/System.out( 9775): --BlueNear log-- error=1.0 leftspeed=-0.010000000000000009 rightSpeed=0.15 curAngle=-4.0 targetAngle=0.0
I/System.out( 9775): Ground Brightness:: 97 Light Level:: 105
I/System.out( 9775): --BlueNear log-- ultrasoniclevel=8.0 error=1.0 angleOffset=-4.0 distance=18.0
I/System.out( 9775): --BlueNear log-- error=1.0 leftspeed=-0.010000000000000009 rightSpeed=0.15 curAngle=-4.0 targetAngle=0.0
I/System.out( 9775): Ground Brightness:: 97 Light Level:: 105
I/System.out( 9775): --BlueNear log-- ultrasoniclevel=8.0 error=1.0 angleOffset=-4.0 distance=18.0
I/System.out( 9775): --BlueNear log-- error=1.0 leftspeed=-0.010000000000000009 rightSpeed=0.15 curAngle=-4.0 targetAngle=0.0
I/System.out( 9775): Ground Brightness:: 97 Light Level:: 105
I/System.out( 9775): --BlueNear log-- ultrasoniclevel=8.0 error=1.0 angleOffset=-4.0 distance=18.0
I/System.out( 9775): --BlueNear log-- error=1.0 leftspeed=-0.010000000000000009 rightSpeed=0.15 curAngle=-4.0 targetAngle=0.0
I/System.out( 9775): Ground Brightness:: 97 Light Level:: 105
I/System.out( 9775): Sigma2016 -- Blue While did not run for 29ms
I/System.out( 9775): --BlueNear log-- ultrasoniclevel=8.0 error=1.0 angleOffset=-5.0 distance=18.0
I/System.out( 9775): --BlueNear log-- error=1.0 leftspeed=-0.05000000000000002 rightSpeed=0.15 curAngle=-5.0 targetAngle=0.0
I/System.out( 9775): Ground Brightness:: 97 Light Level:: 105
I/System.out( 9775): --BlueNear log-- ultrasoniclevel=8.0 error=1.0 angleOffset=-5.0 distance=18.0
I/System.out( 9775): --BlueNear log-- error=1.0 leftspeed=-0.05000000000000002 rightSpeed=0.15 curAngle=-5.0 targetAngle=0.0
I/System.out( 9775): Ground Brightness:: 97 Light Level:: 105
I/System.out( 9775): --BlueNear log-- ultrasoniclevel=8.0 error=1.0 angleOffset=-5.0 distance=18.0
I/System.out( 9775): --BlueNear log-- error=1.0 leftspeed=-0.05000000000000002 rightSpeed=0.15 curAngle=-5.0 targetAngle=0.0
I/System.out( 9775): Ground Brightness:: 97 Light Level:: 105
I/System.out( 9775): --BlueNear log-- ultrasoniclevel=8.0 error=1.0 angleOffset=-5.0 distance=18.0
I/System.out( 9775): --BlueNear log-- error=1.0 leftspeed=-0.05000000000000002 rightSpeed=0.15 curAngle=-5.0 targetAngle=0.0
I/System.out( 9775): Ground Brightness:: 97 Light Level:: 105
I/System.out( 9775): --BlueNear log-- ultrasoniclevel=8.0 error=1.0 angleOffset=-5.0 distance=18.0
I/System.out( 9775): --BlueNear log-- error=1.0 leftspeed=-0.05000000000000002 rightSpeed=0.15 curAngle=-5.0 targetAngle=0.0
I/System.out( 9775): Ground Brightness:: 97 Light Level:: 105
I/System.out( 9775): --BlueNear log-- ultrasoniclevel=8.0 error=1.0 angleOffset=-5.0 distance=18.0
I/System.out( 9775): --BlueNear log-- error=1.0 leftspeed=-0.05000000000000002 rightSpeed=0.15 curAngle=-5.0 targetAngle=0.0
I/System.out( 9775): Ground Brightness:: 97 Light Level:: 105
I/System.out( 9775): --BlueNear log-- ultrasoniclevel=8.0 error=1.0 angleOffset=-5.0 distance=18.0
I/System.out( 9775): --BlueNear log-- error=1.0 leftspeed=-0.05000000000000002 rightSpeed=0.15 curAngle=-5.0 targetAngle=0.0
I/System.out( 9775): Ground Brightness:: 97 Light Level:: 105
I/System.out( 9775): --BlueNear log-- ultrasoniclevel=8.0 error=1.0 angleOffset=-5.0 distance=18.0
I/System.out( 9775): --BlueNear log-- error=1.0 leftspeed=-0.05000000000000002 rightSpeed=0.15 curAngle=-5.0 targetAngle=0.0
I/System.out( 9775): Ground Brightness:: 97 Light Level:: 105
I/System.out( 9775): --BlueNear log-- ultrasoniclevel=8.0 error=1.0 angleOffset=-5.0 distance=18.0
I/System.out( 9775): --BlueNear log-- error=1.0 leftspeed=-0.05000000000000002 rightSpeed=0.15 curAngle=-5.0 targetAngle=0.0
I/System.out( 9775): Ground Brightness:: 97 Light Level:: 105
I/System.out( 9775): --BlueNear log-- ultrasoniclevel=8.0 error=1.0 angleOffset=-5.0 distance=18.0
I/System.out( 9775): --BlueNear log-- error=1.0 leftspeed=-0.05000000000000002 rightSpeed=0.15 curAngle=-5.0 targetAngle=0.0
I/System.out( 9775): Ground Brightness:: 97 Light Level:: 105
I/System.out( 9775): Sigma2016 -- Blue While did not run for 44ms
I/System.out( 9775): --BlueNear log-- ultrasoniclevel=8.0 error=1.0 angleOffset=-4.0 distance=18.0
I/System.out( 9775): --BlueNear log-- error=1.0 leftspeed=-0.010000000000000009 rightSpeed=0.15 curAngle=-4.0 targetAngle=0.0
I/System.out( 9775): Ground Brightness:: 97 Light Level:: 127
I/System.out( 9775): --BlueNear log-- ultrasoniclevel=8.0 error=1.0 angleOffset=-4.0 distance=18.0
I/System.out( 9775): --BlueNear log-- error=1.0 leftspeed=-0.010000000000000009 rightSpeed=0.15 curAngle=-4.0 targetAngle=0.0
I/System.out( 9775): Ground Brightness:: 97 Light Level:: 127
I/System.out( 9775): --BlueNear log-- ultrasoniclevel=8.0 error=1.0 angleOffset=-4.0 distance=18.0
I/System.out( 9775): --BlueNear log-- error=1.0 leftspeed=-0.010000000000000009 rightSpeed=0.15 curAngle=-4.0 targetAngle=0.0
I/System.out( 9775): Ground Brightness:: 97 Light Level:: 127
I/System.out( 9775): --BlueNear log-- ultrasoniclevel=8.0 error=1.0 angleOffset=-4.0 distance=18.0
I/System.out( 9775): --BlueNear log-- error=1.0 leftspeed=-0.010000000000000009 rightSpeed=0.15 curAngle=-4.0 targetAngle=0.0
I/System.out( 9775): Ground Brightness:: 97 Light Level:: 127
I/System.out( 9775): --BlueNear log-- ultrasoniclevel=8.0 error=1.0 angleOffset=-4.0 distance=18.0
I/System.out( 9775): --BlueNear log-- error=1.0 leftspeed=-0.010000000000000009 rightSpeed=0.15 curAngle=-4.0 targetAngle=0.0
I/System.out( 9775): Ground Brightness:: 97 Light Level:: 127
I/System.out( 9775): --BlueNear log-- ultrasoniclevel=8.0 error=1.0 angleOffset=-4.0 distance=18.0
I/System.out( 9775): --BlueNear log-- error=1.0 leftspeed=-0.010000000000000009 rightSpeed=0.15 curAngle=-4.0 targetAngle=0.0
I/System.out( 9775): Ground Brightness:: 97 Light Level:: 127
I/System.out( 9775): --BlueNear log-- ultrasoniclevel=8.0 error=1.0 angleOffset=-4.0 distance=18.0
I/System.out( 9775): --BlueNear log-- error=1.0 leftspeed=-0.010000000000000009 rightSpeed=0.15 curAngle=-4.0 targetAngle=0.0
I/System.out( 9775): Ground Brightness:: 97 Light Level:: 127
I/System.out( 9775): --BlueNear log-- ultrasoniclevel=8.0 error=1.0 angleOffset=-4.0 distance=18.0
I/System.out( 9775): --BlueNear log-- error=1.0 leftspeed=-0.010000000000000009 rightSpeed=0.15 curAngle=-4.0 targetAngle=0.0
I/System.out( 9775): Ground Brightness:: 97 Light Level:: 553
I/System.out( 9775): Sigma2016 ---> Ground Brightness:: 97 DETECTED Light Level:: 553
I/System.out( 9775): Sigma2016 -- center light sensor read is set to false
I/System.out( 9775): --BlueNear log-- R:G:B = 84:0:73
I/System.out( 9775): --BlueNear log-- R:G:B = 84:0:73
I/System.out( 9775): --BlueNear log-- R:G:B = 84:0:73
I/System.out( 9775): --BlueNear log-- R:G:B = 79:0:68
I/System.out( 9775): --BlueNear log-- R:G:B = 79:0:68
I/System.out( 9775): --BlueNear log-- R:G:B = 79:0:68
D/dalvikvm( 9775): GC_CONCURRENT freed 2001K, 37% free 7069K/11088K, paused 4ms+3ms, total 42ms
D/dalvikvm( 9775): GC_CONCURRENT freed 1979K, 37% free 7089K/11088K, paused 4ms+3ms, total 49ms
D/DisplayPowerController(  811): updateAmbientLux:  mLightSensorListener lux is 11.0
D/dalvikvm( 9775): GC_CONCURRENT freed 1979K, 37% free 7091K/11088K, paused 3ms+5ms, total 50ms
D/DisplayPowerController(  811): updateAmbientLux:  mLightSensorListener lux is 12.0
I/System.out( 9775): --BlueNear log-- red light detected and blue button pushed. redCheck=6 blueCheck=0
D/dalvikvm( 9775): GC_CONCURRENT freed 1986K, 36% free 7127K/11088K, paused 3ms+4ms, total 50ms
D/dalvikvm( 9775): GC_CONCURRENT freed 2108K, 37% free 7088K/11088K, paused 4ms+4ms, total 40ms
D/DisplayPowerController(  811): updateAmbientLux:  mLightSensorListener lux is 10.0
D/BatteryService(  811): ZTE Sending ACTION_BATTERY_CHANGED.  level:97, scale:100, status:3, health:2, present:true, voltage: 4172, temperature: 270, technology: Li-ion, AC powered:false, USB powered:false, Wireless powered:false, icon:17302952, invalid charger:0
D/WifiApPowerMode(  811): ACTION_BATTERY_CHANGED received. pluggedType=0 mUSBConnected=false
D/LockScreen_KeyguardUpdateMonitor(  978): received broadcast android.intent.action.BATTERY_CHANGED
D/LockScreen_DMLockCodeController(  978): canAcceptIntent - can: false
D/LockScreen_CMASAlertController(  978): canAcceptIntent - can: false
D/LockScreen_KeyguardUpdateMonitor(  978): handleBatteryUpdate
D/WifiController(  811): battery changed pluggedType: 0
D/PowerManagerService(  811): sendPendingNotificationsLocked mSendGoToSleepFinishedNotificationWhenReady = false
D/dalvikvm( 9775): GC_CONCURRENT freed 1999K, 36% free 7103K/11088K, paused 3ms+2ms, total 46ms
D/DisplayPowerController(  811): updateAmbientLux:  mLightSensorListener lux is 8.0
D/dalvikvm( 9775): GC_CONCURRENT freed 1995K, 37% free 7081K/11088K, paused 3ms+4ms, total 35ms
D/DisplayPowerController(  811): updateAmbientLux:  mLightSensorListener lux is 7.0
D/DisplayPowerController(  811): updateAmbientLux:  mLightSensorListener lux is 20.0
D/dalvikvm( 9775): GC_CONCURRENT freed 2000K, 37% free 7093K/11088K, paused 3ms+4ms, total 36ms
D/DisplayPowerController(  811): updateAmbientLux:  mLightSensorListener lux is 39.0
D/DisplayPowerController(  811): updateAmbientLux:  mLightSensorListener lux is 45.0
D/DisplayPowerController(  811): updateAmbientLux:  mLightSensorListener lux is 53.0
D/dalvikvm( 9775): GC_CONCURRENT freed 2076K, 37% free 7085K/11088K, paused 3ms+4ms, total 40ms
D/DisplayPowerController(  811): updateAmbientLux:  mLightSensorListener lux is 18.0
D/dalvikvm( 9775): GC_CONCURRENT freed 1981K, 36% free 7097K/11088K, paused 3ms+4ms, total 42ms
D/DisplayPowerController(  811): updateAmbientLux:  mLightSensorListener lux is 8.0
D/DisplayPowerController(  811): updateAmbientLux:  mLightSensorListener lux is 48.0
D/dalvikvm( 9775): GC_CONCURRENT freed 2025K, 36% free 7146K/11088K, paused 3ms+4ms, total 53ms
D/DisplayPowerController(  811): updateAmbientLux:  mLightSensorListener lux is 178.0
D/DisplayPowerController(  811): updateAmbientLux:  mLightSensorListener lux is 333.0
D/DisplayPowerController(  811): updateAmbientLux:  mLightSensorListener lux is 207.0
D/LockScreen_KeyguardViewMediator(  978): setHidden false
D/LockScreen_KeyguardUpdateMonitor(  978): sendKeyguardVisibilityChanged(true)
D/LockScreen_KeyguardUpdateMonitor(  978): handleKeyguardVisibilityChanged(1)
D/SensorManager(  811): android: unregisterListenerImpl: all sensors
D/SensorService(  811): xym SensorService::disable---on 0
D/SensorService(  811): xym 0 active sensors
E/SensorManager(  811): SensorListener android: 
D/DisplayPowerController(  811): ZTE_PM mPowerRequest.screenState is 2
D/DisplayPowerController(  811): ZTE_PM_PROX disable ProxSensor while NO useProximitySensor 
D/DisplayPowerController(  811): ZTE_PM_PROX setProximitySensorEnabled enable = false
D/DisplayPowerController(  811): ZTE_PM  setLightSensorEnabled enable = false updateAutoBrightness = false
D/PowerManagerService(  811): sendPendingNotificationsLocked mSendGoToSleepFinishedNotificationWhenReady = false
D/DisplayPowerState(  811): Updating screen state: onChanged=false, on= true, backlightChanged=true, backlight=29
D/DisplayPowerState(  811): Updating screen state: onChanged=false, on= true, backlightChanged=true, backlight=22
D/ledlog_java_com(  811): Excessive delay setting light: 66ms
D/dalvikvm( 9775): GC_CONCURRENT freed 2075K, 36% free 7146K/11088K, paused 2ms+3ms, total 46ms
D/DisplayPowerState(  811): Updating screen state: onChanged=false, on= true, backlightChanged=true, backlight=12
D/dalvikvm( 9775): GC_CONCURRENT freed 2075K, 37% free 7094K/11088K, paused 2ms+4ms, total 60ms
D/dalvikvm( 9775): GC_CONCURRENT freed 1985K, 37% free 7086K/11088K, paused 4ms+5ms, total 49ms
D/dalvikvm( 9775): GC_CONCURRENT freed 1990K, 37% free 7091K/11088K, paused 4ms+6ms, total 50ms
D/dalvikvm( 9775): GC_CONCURRENT freed 1986K, 37% free 7096K/11088K, paused 4ms+2ms, total 48ms
D/dalvikvm( 9775): GC_CONCURRENT freed 2061K, 36% free 7128K/11088K, paused 3ms+5ms, total 42ms
D/dalvikvm( 9775): GC_CONCURRENT freed 2059K, 36% free 7110K/11088K, paused 3ms+2ms, total 36ms
D/dalvikvm( 9775): GC_CONCURRENT freed 2041K, 36% free 7104K/11088K, paused 3ms+4ms, total 54ms
D/dalvikvm( 9775): GC_CONCURRENT freed 2066K, 37% free 7083K/11088K, paused 3ms+4ms, total 38ms
D/dalvikvm( 9775): GC_CONCURRENT freed 2016K, 37% free 7094K/11088K, paused 2ms+4ms, total 34ms
D/dalvikvm( 9775): GC_CONCURRENT freed 2053K, 37% free 7085K/11088K, paused 3ms+3ms, total 36ms
D/dalvikvm( 9775): GC_CONCURRENT freed 2029K, 36% free 7128K/11088K, paused 4ms+3ms, total 52ms
I/FIRST   ( 9775): auto-stopping OpMode 'Blue Near Auto Op Sigma 2016'
V/RobotCore( 9775): waiting for service user linear op mode
V/RobotCore( 9775): thread: ...terminating 'LinearOpMode main'
V/RobotCore( 9775): awaitTermination returned, isTerminated=true
V/RobotCore( 9775): executive service user linear op mode is terminated
V/RobotCore( 9775): executive service user linear op mode is terminated
I/RobotCore( 9775): Attempting to switch to op mode $Stop$Robot$
V/Robocol ( 9775): sending CMD_INIT_OP_MODE_RESP(715), attempt: 0
V/Robocol ( 9775): received command: CMD_INIT_OP_MODE_RESP(715) $Stop$Robot$
V/Robocol ( 9775): received command: CMD_RUN_OP_MODE(10638) $Stop$Robot$
V/Robocol ( 9775): sending CMD_RUN_OP_MODE_RESP(721), attempt: 0
V/Robocol ( 9775): received command: CMD_RUN_OP_MODE_RESP(721) $Stop$Robot$
D/dalvikvm( 9775): GC_CONCURRENT freed 2028K, 36% free 7098K/11088K, paused 2ms+4ms, total 51ms
D/dalvikvm( 9775): GC_CONCURRENT freed 2026K, 37% free 7071K/11088K, paused 3ms+4ms, total 50ms
D/dalvikvm( 9775): GC_CONCURRENT freed 1978K, 37% free 7088K/11088K, paused 4ms+3ms, total 43ms
D/dalvikvm( 9775): GC_CONCURRENT freed 1990K, 37% free 7078K/11088K, paused 4ms+2ms, total 47ms
D/dalvikvm( 9775): GC_CONCURRENT freed 2005K, 37% free 7083K/11088K, paused 4ms+4ms, total 55ms
D/dalvikvm( 9775): GC_CONCURRENT freed 1987K, 37% free 7089K/11088K, paused 2ms+3ms, total 44ms
D/dalvikvm( 9775): GC_CONCURRENT freed 1989K, 37% free 7082K/11088K, paused 4ms+4ms, total 44ms
D/dalvikvm( 9775): GC_CONCURRENT freed 1995K, 37% free 7088K/11088K, paused 2ms+3ms, total 52ms
D/dalvikvm( 9775): GC_CONCURRENT freed 1994K, 37% free 7074K/11088K, paused 3ms+4ms, total 47ms
D/dalvikvm( 9775): GC_CONCURRENT freed 1979K, 37% free 7083K/11088K, paused 3ms+3ms, total 47ms
V/Robocol ( 9775): received command: CMD_INIT_OP_MODE(10761) $Stop$Robot$
I/RobotCore( 9775): Attempting to switch to op mode $Stop$Robot$
V/Robocol ( 9775): sending CMD_INIT_OP_MODE_RESP(855), attempt: 0
V/Robocol ( 9775): received command: CMD_INIT_OP_MODE_RESP(855) $Stop$Robot$
V/Robocol ( 9775): received command: CMD_RUN_OP_MODE(10766) $Stop$Robot$
V/Robocol ( 9775): sending CMD_RUN_OP_MODE_RESP(861), attempt: 0
V/Robocol ( 9775): received command: CMD_RUN_OP_MODE_RESP(861) $Stop$Robot$
D/dalvikvm( 9775): GC_CONCURRENT freed 1986K, 37% free 7078K/11088K, paused 4ms+4ms, total 47ms
D/dalvikvm( 9775): GC_CONCURRENT freed 1983K, 37% free 7070K/11088K, paused 4ms+4ms, total 44ms
D/dalvikvm( 9775): GC_CONCURRENT freed 1971K, 37% free 7073K/11088K, paused 4ms+3ms, total 42ms
V/Robocol ( 9775): issuing peerDisconnected(): lastRecvPacket=2.036 s
V/RobotCore( 9775): Network: active, disconnected
I/RobotCore( 9775): Lost connection while running op mode: $Stop$Robot$
E/MediaPlayer-JNI( 9775): QCMediaPlayer mediaplayer NOT present
D/Sonivox (  266): file[-1196898944]: EAS_HWOpenFile ---->. mDrmManagerClient[0], mDrmBufOffset[0], mDrmBufSize[0], mDrmBuf[0]
D/Sonivox (  266): wangchong: path is NULL
D/PRDrmPlugIn(  261): PRDrmPlugin::onInitialize, uniqueId = 7729
D/PRDrmPlugIn(  261): PRDrmPlugin::onSetOnInfoListener: starts! uniqueId = 7729
D/PRDrmPlugIn(  261): PRDrmPlugin::onSetOnInfoListener: ends!
D/Sonivox (  266): [qwu ]FileSource::canHandle()begin 
D/Sonivox (  266): [qwu ]FileSource::canHandle()end 
D/Sonivox (  266): [qwu ]FileSource::canHandle() OK 
D/Sonivox (  266): [qwu ]FileSource::canHandle() failed 
D/PRDrmPlugIn(  261): PRDrmPlugin::onTerminate, uniqueId = 7729
D/Sonivox (  266): file[-1196898944]: EAS_HWOpenFile <----. mDrmManagerClient[0], mDrmBufOffset[0], mDrmBufSize[0], mDrmBuf[0]
D/Sonivox (  266): file[-1196898944]: EAS_HWCloseFile ---->. mDrmManagerClient[0], mDrmBufOffset[0], mDrmBufSize[0], mDrmBuf[0]
D/Sonivox (  266): file[-1196898944]: EAS_HWCloseFile <----. mDrmManagerClient[0], mDrmBufOffset[0], mDrmBufSize[0], mDrmBuf[0]
I/ExtendedUtils(  266): AV Sync late margin : Intended=40ms Using=0ms
D/Utils   (  266): printFileName fd(33) -> /data/app/com.qualcomm.ftcrobotcontroller-2.apk
D/PRDrmPlugIn(  261): PRDrmPlugin::onInitialize, uniqueId = 4501
D/PRDrmPlugIn(  261): PRDrmPlugin::onSetOnInfoListener: starts! uniqueId = 4501
D/PRDrmPlugIn(  261): PRDrmPlugin::onSetOnInfoListener: ends!
D/PRDrmPlugIn(  261): PRDrmPlugin::onTerminate, uniqueId = 4501
D/ExtendedUtils(  266): extended extractor not needed, return default
D/AudioPolicyManager(  266): copl: isOffloadSupported: SR=44100, CM=0x0, Format=0x17000001, StreamType=3, BitRate=4294967295, duration=516598 us, has_video=0
D/AudioPolicyManager(  266): copl: PCM offload disabled by property audio.offload.pcm.enable
I/AwesomePlayer(  266): Could not offload audio decode, try pcm offload
D/AudioPolicyManager(  266): copl: isOffloadSupported: SR=44100, CM=0x0, Format=0x17000001, StreamType=3, BitRate=4294967295, duration=516598 us, has_video=0
D/AudioPolicyManager(  266): copl: PCM offload disabled by property audio.offload.pcm.enable
E/MediaPlayer( 9775): Should have subtitle controller already set
D/Sonivox (  266): file[-1196898944]: EAS_HWOpenFile ---->. mDrmManagerClient[0], mDrmBufOffset[0], mDrmBufSize[0], mDrmBuf[0]
D/Sonivox (  266): wangchong: path is NULL
D/PRDrmPlugIn(  261): PRDrmPlugin::onInitialize, uniqueId = 5652
D/PRDrmPlugIn(  261): PRDrmPlugin::onSetOnInfoListener: starts! uniqueId = 5652
D/PRDrmPlugIn(  261): PRDrmPlugin::onSetOnInfoListener: ends!
D/Sonivox (  266): [qwu ]FileSource::canHandle()begin 
D/Sonivox (  266): [qwu ]FileSource::canHandle()end 
D/Sonivox (  266): [qwu ]FileSource::canHandle() OK 
D/Sonivox (  266): [qwu ]FileSource::canHandle() failed 
D/PRDrmPlugIn(  261): PRDrmPlugin::onTerminate, uniqueId = 5652
D/Sonivox (  266): file[-1196898944]: EAS_HWOpenFile <----. mDrmManagerClient[0], mDrmBufOffset[0], mDrmBufSize[0], mDrmBuf[0]
D/Sonivox (  266): file[-1196898944]: EAS_HWCloseFile ---->. mDrmManagerClient[0], mDrmBufOffset[0], mDrmBufSize[0], mDrmBuf[0]
D/Sonivox (  266): file[-1196898944]: EAS_HWCloseFile <----. mDrmManagerClient[0], mDrmBufOffset[0], mDrmBufSize[0], mDrmBuf[0]
I/ExtendedUtils(  266): AV Sync late margin : Intended=40ms Using=0ms
D/Utils   (  266): printFileName fd(35) -> /data/app/com.qualcomm.ftcrobotcontroller-2.apk
D/dalvikvm( 9775): GC_CONCURRENT freed 1981K, 36% free 7120K/11088K, paused 4ms+5ms, total 64ms
D/PRDrmPlugIn(  261): PRDrmPlugin::onInitialize, uniqueId = 6592
D/PRDrmPlugIn(  261): PRDrmPlugin::onSetOnInfoListener: starts! uniqueId = 6592
D/PRDrmPlugIn(  261): PRDrmPlugin::onSetOnInfoListener: ends!
D/PRDrmPlugIn(  261): PRDrmPlugin::onTerminate, uniqueId = 6592
D/ExtendedUtils(  266): extended extractor not needed, return default
D/AudioPolicyManager(  266): copl: isOffloadSupported: SR=44100, CM=0x0, Format=0x17000001, StreamType=-1, BitRate=4294967295, duration=516598 us, has_video=0
D/AudioPolicyManager(  266): copl: isOffloadSupported: stream_type != MUSIC, returning false
I/AwesomePlayer(  266): Could not offload audio decode, try pcm offload
D/AudioPolicyManager(  266): copl: isOffloadSupported: SR=44100, CM=0x0, Format=0x17000001, StreamType=-1, BitRate=4294967295, duration=516598 us, has_video=0
D/AudioPolicyManager(  266): copl: isOffloadSupported: stream_type != MUSIC, returning false
D/AudioPlayer(  266): start of Playback, useOffload 0
D/AudioPlayer(  266): Pause Playback at 371519
D/AudioPlayer(  266): reset: mPlaying=0 mReachedEOS=1 useOffload=0
D/AudioPolicyManager(  266):  getOutput() device 2, stream 3, samplingRate 0, format 0, channelMask 3, flags 0 
D/AudioPolicyManager(  266): getOutput() returns output 2
D/AudioPolicyManager(  266):  getOutput() device 2, stream 3, samplingRate 0, format 0, channelMask 3, flags 0 
D/AudioPolicyManager(  266): getOutput() returns output 2
D/AudioPolicyManager(  266):  getOutput() device 2, stream 3, samplingRate 44100, format 1, channelMask 3, flags 4 
D/AudioPolicyManager(  266): getOutput() returns output 3
D/AudioFlinger(  266): start(4098), calling pid 9775 session 207
D/AudioFlinger(  266): ? => ACTIVE (4098) on thread 0xb8a69720
D/AudioPolicyManagerBase(  266): startOutput() output 3, stream 3, session 207
D/audio_hw_primary(  266): start_output_stream: enter: stream(0xb8a52a78)usecase(1: low-latency-playback) devices(0x2)
D/audio_hw_primary(  266): select_devices: out_snd_device(2: speaker) in_snd_device(0: )
D/hardware_info(  266): hw_info_append_hw_type : device_name = speaker
I/listen_hal_loader(  266): audio_extn_listen_update_device_status(): device 0x2 of type 0 for Event 1, with Raise=0
D/ACDB-LOADER(  266): ACDB -> send_audio_cal, acdb_id = 14, path =  0
D/ACDB-LOADER(  266): ACDB -> send_adm_topology
D/ACDB-LOADER(  266): ACDB -> ACDB_CMD_GET_AUDPROC_COMMON_TOPOLOGY_ID
D/ACDB-LOADER(  266): ACDB -> send_asm_topology
D/ACDB-LOADER(  266): ACDB -> ACDB_CMD_GET_AUDPROC_STREAM_TOPOLOGY_ID
D/ACDB-LOADER(  266): ACDB -> send_audtable
D/ACDB-LOADER(  266): ACDB -> ACDB_CMD_GET_AUDPROC_COMMON_TABLE
D/ACDB-LOADER(  266): ACDB -> AUDIO_SET_AUDPROC_CAL
D/ACDB-LOADER(  266): ACDB -> send_audvoltable
D/ACDB-LOADER(  266): ACDB -> ACDB_CMD_GET_AUDPROC_GAIN_DEP_STEP_TABLE
D/ACDB-LOADER(  266): ACDB -> AUDIO_SET_AUDPROC_VOL_CAL
D/ACDB-LOADER(  266): ACDB -> send_afe_cal
D/ACDB-LOADER(  266): ACDB -> ACDB_CMD_GET_AFE_COMMON_TABLE
D/ACDB-LOADER(  266): ACDB -> AUDIO_SET_AFE_CAL
D/PowerManagerService(  811): sendPendingNotificationsLocked mSendGoToSleepFinishedNotificationWhenReady = false
I/listen_hal_loader(  266): audio_extn_listen_update_stream_status(): uc_id 1 of type 0 for Event 3, with Raise=0
D/audio_hw_primary(  266): select_devices: done
D/ACDB-LOADER(  266): ACDB -> send_audio_cal, acdb_id = 14, path =  0
D/ACDB-LOADER(  266): ACDB -> send_adm_topology
D/ACDB-LOADER(  266): ACDB -> ACDB_CMD_GET_AUDPROC_COMMON_TOPOLOGY_ID
D/ACDB-LOADER(  266): ACDB -> send_asm_topology
D/ACDB-LOADER(  266): ACDB -> ACDB_CMD_GET_AUDPROC_STREAM_TOPOLOGY_ID
D/ACDB-LOADER(  266): ACDB -> send_audtable
D/ACDB-LOADER(  266): ACDB -> ACDB_CMD_GET_AUDPROC_COMMON_TABLE
D/ACDB-LOADER(  266): ACDB -> AUDIO_SET_AUDPROC_CAL
D/ACDB-LOADER(  266): ACDB -> send_audvoltable
D/ACDB-LOADER(  266): ACDB -> ACDB_CMD_GET_AUDPROC_GAIN_DEP_STEP_TABLE
D/ACDB-LOADER(  266): ACDB -> AUDIO_SET_AUDPROC_VOL_CAL
D/ACDB-LOADER(  266): ACDB -> send_afe_cal
D/ACDB-LOADER(  266): ACDB -> ACDB_CMD_GET_AFE_COMMON_TABLE
D/ACDB-LOADER(  266): ACDB -> AUDIO_SET_AFE_CAL
I/RobotCore( 9775): Attempting to switch to op mode $Stop$Robot$
D/dalvikvm( 9775): GC_CONCURRENT freed 2025K, 37% free 7071K/11088K, paused 3ms+3ms, total 40ms
D/dalvikvm( 9775): GC_CONCURRENT freed 1978K, 37% free 7080K/11088K, paused 3ms+4ms, total 45ms
D/dalvikvm( 9775): GC_CONCURRENT freed 1988K, 37% free 7096K/11088K, paused 4ms+2ms, total 51ms
D/UsbDeviceConnectionJNI( 9775): close
D/ProcessRequestThread::( 9775): Device has been closed.
W/System.err( 9775): java.lang.InterruptedException
D/BulkIn::( 9775): Stop BulkIn thread
W/System.err( 9775): 	at java.lang.NullPointerException
W/System.err( 9775): 	at com.ftdi.j2xx.ProcessInCtrl.purgeINData(FT_Device.java:2602)
W/System.err( 9775): 	at com.ftdi.j2xx.BulkInWorker.run(FT_Device.java:2880)
W/System.err( 9775): 	at java.lang.Thread.run(Thread.java:841)
W/System.err( 9775): java.util.concurrent.locks.AbstractQueuedSynchronizer.doAcquireSharedInterruptibly(AbstractQueuedSynchronizer.java:975)
W/System.err( 9775): 	at java.util.concurrent.locks.AbstractQueuedSynchronizer.acquireSharedInterruptibly(AbstractQueuedSynchronizer.java:1281)
W/System.err( 9775): 	at java.util.concurrent.Semaphore.acquire(Semaphore.java:283)
W/System.err( 9775): 	at com.ftdi.j2xx.ProcessInCtrl.acquireReadableBuffer(FT_Device.java:2294)
W/System.err( 9775): 	at com.ftdi.j2xx.ProcessRequestWorker.run(FT_Device.java:2764)
W/System.err( 9775): 	at java.lang.Thread.run(Thread.java:841)
W/RobotCore( 9775): could not write to Modern Robotics USB DC Motor Controller [AL00VW5E]: FTDI Null Pointer Exception
E/RobotCore( 9775): java.lang.NullPointerException
E/RobotCore( 9775):     at com.ftdi.j2xx.ProcessInCtrl.readBulkInData(FT_Device.java:2520)
E/RobotCore( 9775):     at com.ftdi.j2xx.FT_Device.read(FT_Device.java:666)
E/RobotCore( 9775):     at com.qualcomm.robotcore.hardware.usb.ftdi.RobotUsbDeviceFtdi.read(RobotUsbDeviceFtdi.java:211)
E/RobotCore( 9775):     at com.qualcomm.hardware.modernrobotics.comm.ModernRoboticsReaderWriter.readIncomingBytes(ModernRoboticsReaderWriter.java:362)
E/RobotCore( 9775):     at com.qualcomm.hardware.modernrobotics.comm.ModernRoboticsReaderWriter.readResponse(ModernRoboticsReaderWriter.java:313)
E/RobotCore( 9775):     at com.qualcomm.hardware.modernrobotics.comm.ModernRoboticsReaderWriter.read(ModernRoboticsReaderWriter.java:179)
E/RobotCore( 9775):     at com.qualcomm.hardware.modernrobotics.comm.ReadWriteRunnableStandard$1.run(ReadWriteRunnableStandard.java:344)
E/RobotCore( 9775):     at com.qualcomm.robotcore.util.ThreadPool.logThreadLifeCycle(ThreadPool.java:513)
E/RobotCore( 9775):     at com.qualcomm.hardware.modernrobotics.comm.ReadWriteRunnableStandard.run(ReadWriteRunnableStandard.java:304)
E/RobotCore( 9775):     at java.util.concurrent.ThreadPoolExecutor.runWorker(ThreadPoolExecutor.java:1112)
E/RobotCore( 9775):     at java.util.concurrent.ThreadPoolExecutor$Worker.run(ThreadPoolExecutor.java:587)
E/RobotCore( 9775):     at java.lang.Thread.run(Thread.java:841)
V/RobotUsbDeviceFtdi( 9775): closing AL00VW5E
V/RobotCore( 9775): thread: ...terminating 'r/w loop: Modern Robotics USB DC Motor Controller [AL00VW5E]'
E/MRReaderWriter( 9775): AL00XOKN: comm timeout read: header: unable to read 5 bytes in 164 ms: [55 aa 80 40 09]
W/RobotCore( 9775): could not read Modern Robotics USB Servo Controller [AL00XOKN]: comm timeout read: header: unable to read 5 bytes in 164 ms
E/MRReaderWriter( 9775): AL00XROI: comm timeout read: header: unable to read 5 bytes in 164 ms: [55 aa 80 b0 20]
W/RobotCore( 9775): could not read Modern Robotics USB Legacy Module [AL00XROI]: comm timeout read: header: unable to read 5 bytes in 164 ms
D/audio_hw_primary(  266): out_standby: enter: stream (0xb8a52a78) usecase(1: low-latency-playback)
E/MRReaderWriter( 9775): AL00VVUU: comm timeout read: header: unable to read 5 bytes in 164 ms: [55 aa 80 40 1e]
W/RobotCore( 9775): could not read Modern Robotics USB DC Motor Controller [AL00VVUU]: comm timeout read: header: unable to read 5 bytes in 164 ms
I/listen_hal_loader(  266): audio_extn_listen_update_stream_status(): uc_id 1 of type 0 for Event 2, with Raise=0
D/hardware_info(  266): hw_info_append_hw_type : device_name = speaker
E/MRReaderWriter( 9775): AL00VS9P: comm timeout write: header: unable to read 5 bytes in 164 ms: [55 aa 00 40 1e]
W/RobotCore( 9775): could not write to Modern Robotics USB DC Motor Controller [AL00VS9P]: comm timeout write: header: unable to read 5 bytes in 164 ms
I/listen_hal_loader(  266): audio_extn_listen_update_device_status(): device 0x2 of type 0 for Event 0, with Raise=0
D/PowerManagerService(  811): sendPendingNotificationsLocked mSendGoToSleepFinishedNotificationWhenReady = false
V/RobotCore( 9775): event loop: device has shutdown abnormally
V/RobotCore( 9775): event loop: detaching device owner
I/FIRST   ( 9775): ======= MODULE DETACH RECOVERY: disarm Modern Robotics USB DC Motor Controller [AL00VW5E]=======
D/RobotCore( 9775): disarming modern motor controller Modern Robotics USB DC Motor Controller [AL00VW5E]...
V/RobotCore( 9775): waiting for service ReadWriteRunnable for Modern Robotics USB Device
V/RobotCore( 9775): awaitTermination returned, isTerminated=true
V/RobotCore( 9775): executive service ReadWriteRunnable for Modern Robotics USB Device is terminated
V/RobotUsbDeviceFtdi( 9775): closing AL00VW5E
D/RobotCore( 9775): ...disarming modern motor controller Modern Robotics USB DC Motor Controller [AL00VW5E] complete
I/FIRST   ( 9775): ======= MODULE DETACH RECOVERY: pretend Modern Robotics USB DC Motor Controller [AL00VW5E]=======
D/RobotCore( 9775): arming modern motor controller Modern Robotics USB DC Motor Controller [AL00VW5E] (pretend)...
V/RobotCore( 9775): Starting up pretend device AL00VW5E
V/RobotCore( 9775): thread: 'r/w loop: Modern Robotics USB DC Motor Controller [AL00VW5E]' starting...
D/RobotCore( 9775): ...arming modern motor controller Modern Robotics USB DC Motor Controller [AL00VW5E] complete
I/FIRST   ( 9775): ======= MODULE DETACH RECOVERY: complete Modern Robotics USB DC Motor Controller [AL00VW5E]=======
E/MediaPlayer-JNI( 9775): QCMediaPlayer mediaplayer NOT present
D/Sonivox (  266): file[-1196898944]: EAS_HWOpenFile ---->. mDrmManagerClient[0], mDrmBufOffset[0], mDrmBufSize[0], mDrmBuf[0]
D/Sonivox (  266): wangchong: path is NULL
D/PRDrmPlugIn(  261): PRDrmPlugin::onInitialize, uniqueId = 5583
D/PRDrmPlugIn(  261): PRDrmPlugin::onSetOnInfoListener: starts! uniqueId = 5583
D/PRDrmPlugIn(  261): PRDrmPlugin::onSetOnInfoListener: ends!
D/Sonivox (  266): [qwu ]FileSource::canHandle()begin 
D/Sonivox (  266): [qwu ]FileSource::canHandle()end 
D/Sonivox (  266): [qwu ]FileSource::canHandle() OK 
D/Sonivox (  266): [qwu ]FileSource::canHandle() failed 
D/PRDrmPlugIn(  261): PRDrmPlugin::onTerminate, uniqueId = 5583
D/Sonivox (  266): file[-1196898944]: EAS_HWOpenFile <----. mDrmManagerClient[0], mDrmBufOffset[0], mDrmBufSize[0], mDrmBuf[0]
D/Sonivox (  266): file[-1196898944]: EAS_HWCloseFile ---->. mDrmManagerClient[0], mDrmBufOffset[0], mDrmBufSize[0], mDrmBuf[0]
D/Sonivox (  266): file[-1196898944]: EAS_HWCloseFile <----. mDrmManagerClient[0], mDrmBufOffset[0], mDrmBufSize[0], mDrmBuf[0]
I/ExtendedUtils(  266): AV Sync late margin : Intended=40ms Using=0ms
D/Utils   (  266): printFileName fd(36) -> /data/app/com.qualcomm.ftcrobotcontroller-2.apk
D/LockScreen_KeyguardViewMediator(  978): setHidden false
D/LockScreen_KeyguardUpdateMonitor(  978): sendKeyguardVisibilityChanged(true)
D/LockScreen_KeyguardUpdateMonitor(  978): handleKeyguardVisibilityChanged(1)
D/SensorManager(  811): android: registerListenerImpl  handle=0, light
D/SensorService(  811): xym SensorService::enable---on 0
D/DisplayPowerController(  811): ZTE_PM mPowerRequest.screenState is 2
D/DisplayPowerController(  811): ZTE_PM_PROX disable ProxSensor while NO useProximitySensor 
D/DisplayPowerController(  811): ZTE_PM_PROX setProximitySensorEnabled enable = false
D/DisplayPowerController(  811): ZTE_PM  setLightSensorEnabled enable = true updateAutoBrightness = false
D/PRDrmPlugIn(  261): PRDrmPlugin::onInitialize, uniqueId = 4542
D/PRDrmPlugIn(  261): PRDrmPlugin::onSetOnInfoListener: starts! uniqueId = 4542
D/PRDrmPlugIn(  261): PRDrmPlugin::onSetOnInfoListener: ends!
D/PRDrmPlugIn(  261): PRDrmPlugin::onTerminate, uniqueId = 4542
D/ExtendedUtils(  266): extended extractor not needed, return default
D/AudioPolicyManager(  266): copl: isOffloadSupported: SR=44100, CM=0x0, Format=0x17000001, StreamType=3, BitRate=4294967295, duration=1043650 us, has_video=0
D/AudioPolicyManager(  266): copl: PCM offload disabled by property audio.offload.pcm.enable
I/AwesomePlayer(  266): Could not offload audio decode, try pcm offload
D/AudioPolicyManager(  266): copl: isOffloadSupported: SR=44100, CM=0x0, Format=0x17000001, StreamType=3, BitRate=4294967295, duration=1043650 us, has_video=0
D/AudioPolicyManager(  266): copl: PCM offload disabled by property audio.offload.pcm.enable
E/MediaPlayer( 9775): Should have subtitle controller already set
D/Sonivox (  266): file[-1196898944]: EAS_HWOpenFile ---->. mDrmManagerClient[0], mDrmBufOffset[0], mDrmBufSize[0], mDrmBuf[0]
D/Sonivox (  266): wangchong: path is NULL
D/PRDrmPlugIn(  261): PRDrmPlugin::onInitialize, uniqueId = 5489
D/PRDrmPlugIn(  261): PRDrmPlugin::onSetOnInfoListener: starts! uniqueId = 5489
D/PRDrmPlugIn(  261): PRDrmPlugin::onSetOnInfoListener: ends!
D/Sonivox (  266): [qwu ]FileSource::canHandle()begin 
D/Sonivox (  266): [qwu ]FileSource::canHandle()end 
D/Sonivox (  266): [qwu ]FileSource::canHandle() OK 
D/Sonivox (  266): [qwu ]FileSource::canHandle() failed 
D/PRDrmPlugIn(  261): PRDrmPlugin::onTerminate, uniqueId = 5489
D/Sonivox (  266): file[-1196898944]: EAS_HWOpenFile <----. mDrmManagerClient[0], mDrmBufOffset[0], mDrmBufSize[0], mDrmBuf[0]
D/Sonivox (  266): file[-1196898944]: EAS_HWCloseFile ---->. mDrmManagerClient[0], mDrmBufOffset[0], mDrmBufSize[0], mDrmBuf[0]
D/Sonivox (  266): file[-1196898944]: EAS_HWCloseFile <----. mDrmManagerClient[0], mDrmBufOffset[0], mDrmBufSize[0], mDrmBuf[0]
I/ExtendedUtils(  266): AV Sync late margin : Intended=40ms Using=0ms
D/Utils   (  266): printFileName fd(37) -> /data/app/com.qualcomm.ftcrobotcontroller-2.apk
D/PRDrmPlugIn(  261): PRDrmPlugin::onInitialize, uniqueId = 7437
D/PRDrmPlugIn(  261): PRDrmPlugin::onSetOnInfoListener: starts! uniqueId = 7437
D/PRDrmPlugIn(  261): PRDrmPlugin::onSetOnInfoListener: ends!
D/PRDrmPlugIn(  261): PRDrmPlugin::onTerminate, uniqueId = 7437
D/ExtendedUtils(  266): extended extractor not needed, return default
D/AudioPolicyManager(  266): copl: isOffloadSupported: SR=44100, CM=0x0, Format=0x17000001, StreamType=-1, BitRate=4294967295, duration=1043650 us, has_video=0
D/AudioPolicyManager(  266): copl: isOffloadSupported: stream_type != MUSIC, returning false
I/AwesomePlayer(  266): Could not offload audio decode, try pcm offload
D/AudioPolicyManager(  266): copl: isOffloadSupported: SR=44100, CM=0x0, Format=0x17000001, StreamType=-1, BitRate=4294967295, duration=1043650 us, has_video=0
D/AudioPolicyManager(  266): copl: isOffloadSupported: stream_type != MUSIC, returning false
D/AudioPlayer(  266): start of Playback, useOffload 0
D/AudioPlayer(  266): Pause Playback at 928798
D/AudioPlayer(  266): reset: mPlaying=0 mReachedEOS=1 useOffload=0
D/AudioPolicyManager(  266):  getOutput() device 2, stream 3, samplingRate 0, format 0, channelMask 3, flags 0 
D/AudioPolicyManager(  266): getOutput() returns output 2
D/AudioPolicyManager(  266):  getOutput() device 2, stream 3, samplingRate 0, format 0, channelMask 3, flags 0 
D/AudioPolicyManager(  266): getOutput() returns output 2
D/AudioPolicyManager(  266):  getOutput() device 2, stream 3, samplingRate 44100, format 1, channelMask 3, flags 4 
D/AudioPolicyManager(  266): getOutput() returns output 3
D/AudioFlinger(  266): start(4099), calling pid 9775 session 209
D/AudioFlinger(  266): ? => ACTIVE (4099) on thread 0xb8a63410
D/AudioPolicyManagerBase(  266): startOutput() output 3, stream 3, session 209
D/audio_hw_primary(  266): start_output_stream: enter: stream(0xb8a52a78)usecase(1: low-latency-playback) devices(0x2)
D/audio_hw_primary(  266): select_devices: out_snd_device(2: speaker) in_snd_device(0: )
D/hardware_info(  266): hw_info_append_hw_type : device_name = speaker
I/listen_hal_loader(  266): audio_extn_listen_update_device_status(): device 0x2 of type 0 for Event 1, with Raise=0
D/ACDB-LOADER(  266): ACDB -> send_audio_cal, acdb_id = 14, path =  0
D/ACDB-LOADER(  266): ACDB -> send_adm_topology
D/ACDB-LOADER(  266): ACDB -> ACDB_CMD_GET_AUDPROC_COMMON_TOPOLOGY_ID
D/ACDB-LOADER(  266): ACDB -> send_asm_topology
D/ACDB-LOADER(  266): ACDB -> ACDB_CMD_GET_AUDPROC_STREAM_TOPOLOGY_ID
D/ACDB-LOADER(  266): ACDB -> send_audtable
D/ACDB-LOADER(  266): ACDB -> ACDB_CMD_GET_AUDPROC_COMMON_TABLE
D/ACDB-LOADER(  266): ACDB -> AUDIO_SET_AUDPROC_CAL
D/ACDB-LOADER(  266): ACDB -> send_audvoltable
D/ACDB-LOADER(  266): ACDB -> ACDB_CMD_GET_AUDPROC_GAIN_DEP_STEP_TABLE
D/ACDB-LOADER(  266): ACDB -> AUDIO_SET_AUDPROC_VOL_CAL
D/ACDB-LOADER(  266): ACDB -> send_afe_cal
D/ACDB-LOADER(  266): ACDB -> ACDB_CMD_GET_AFE_COMMON_TABLE
D/ACDB-LOADER(  266): ACDB -> AUDIO_SET_AFE_CAL
I/listen_hal_loader(  266): audio_extn_listen_update_stream_status(): uc_id 1 of type 0 for Event 3, with Raise=0
D/audio_hw_primary(  266): select_devices: done
