D/LockScreen_CMASAlertController(  978): canAcceptIntent - can: false
D/LockScreen_KeyguardUpdateMonitor(  978): handleBatteryUpdate
D/WifiApPowerMode(  811): ACTION_BATTERY_CHANGED received. pluggedType=2 mUSBConnected=true
E/RingtoneManager(  978): lgn getRingtone ringtoneUri: ,streamType: -1
D/PowerManagerService(  811): sendPendingNotificationsLocked mSendGoToSleepFinishedNotificationWhenReady = false
D/WifiController(  811): battery changed pluggedType: 2
D/PowerUI (  978): playing charger insert/remove sound. enabledtrue
I/EntropyMixer(  811): Writing entropy...
E/MediaPlayer-JNI(  978): QCMediaPlayer mediaplayer NOT present
E/MediaPlayer(  978): Uri is  /system/media/audio/ui/ChargerInsert.ogg
D/Sonivox (  266): file[-1196898944]: EAS_HWOpenFile ---->. mDrmManagerClient[0], mDrmBufOffset[0], mDrmBufSize[0], mDrmBuf[0]
D/Sonivox (  266): wangchong: path is NULL
D/PRDrmPlugIn(  261): PRDrmPlugin::onInitialize, uniqueId = 5172
D/PRDrmPlugIn(  261): PRDrmPlugin::onSetOnInfoListener: starts! uniqueId = 5172
D/PRDrmPlugIn(  261): PRDrmPlugin::onSetOnInfoListener: ends!
D/Sonivox (  266): [qwu ]FileSource::canHandle()begin 
D/Sonivox (  266): [qwu ]FileSource::canHandle()end 
D/Sonivox (  266): [qwu ]FileSource::canHandle() OK 
D/Sonivox (  266): [qwu ]FileSource::canHandle() failed 
D/PRDrmPlugIn(  261): PRDrmPlugin::onTerminate, uniqueId = 5172
D/Sonivox (  266): file[-1196898944]: EAS_HWOpenFile <----. mDrmManagerClient[0], mDrmBufOffset[0], mDrmBufSize[0], mDrmBuf[0]
D/Sonivox (  266): file[-1196898944]: EAS_HWCloseFile ---->. mDrmManagerClient[0], mDrmBufOffset[0], mDrmBufSize[0], mDrmBuf[0]
D/Sonivox (  266): file[-1196898944]: EAS_HWCloseFile <----. mDrmManagerClient[0], mDrmBufOffset[0], mDrmBufSize[0], mDrmBuf[0]
I/ExtendedUtils(  266): AV Sync late margin : Intended=40ms Using=0ms
D/Utils   (  266): printFileName fd(25) -> /system/media/audio/ui/ChargerInsert.ogg
D/PowerManagerService(  811): sendPendingNotificationsLocked mSendGoToSleepFinishedNotificationWhenReady = false
E/Vold    (  243): wangzy usb Switch state: CONNECTED
D/PRDrmPlugIn(  261): PRDrmPlugin::onInitialize, uniqueId = 8021
D/PRDrmPlugIn(  261): PRDrmPlugin::onSetOnInfoListener: starts! uniqueId = 8021
D/PRDrmPlugIn(  261): PRDrmPlugin::onSetOnInfoListener: ends!
V/UsbDeviceManager(  811): USB UEVENT: {USB_STATE=CONNECTED, SUBSYSTEM=android_usb, DEVPATH=/devices/virtual/android_usb/android0, SEQNUM=7920, ACTION=change}
D/UsbDeviceManager(  811): usb updateState(CONNECTED)
D/UsbDeviceManager(  811): broadcasting Intent { act=android.hardware.usb.action.USB_STATE flg=0x20000000 (has extras) } connected: true configured: false
D/UsbDeviceManager(  811): AlwaysAsk=1 mMenuPopUpEnabletrue
D/UsbDeviceManager(  811): updateUsbNotification();   1
E/UsbDeviceManager(  811): ++++++++++++++++mConnectedtrue
E/UsbDeviceManager(  811): ++++++++++++++++mUseUsbNotificationtrue
E/UsbDeviceManager(  811): ++++++++++++++++mUsbNotificationId0
E/UsbDeviceManager(  811): ++++++++++++++++id17040934
D/UsbDeviceManager(  811): com.android.settings.ConnectSettings
D/PRDrmPlugIn(  261): PRDrmPlugin::onTerminate, uniqueId = 8021
D/ExtendedUtils(  266): extended extractor not needed, return default
D/AudioPolicyManager(  266): copl: isOffloadSupported: SR=44100, CM=0x3, Format=0x7000000, StreamType=2, BitRate=4294967295, duration=605555 us, has_video=0
D/AudioPolicyManager(  266): copl: isOffloadSupported: stream_type != MUSIC, returning false
D/OMXCodec(  266): Successfully allocated OMX node 'OMX.google.vorbis.decoder'
I/AwesomePlayer(  266): Could not offload audio decode, try pcm offload
D/AudioPolicyManager(  266): copl: isOffloadSupported: SR=44100, CM=0x1, Format=0x17000001, StreamType=2, BitRate=4294967295, duration=605555 us, has_video=0
D/AudioPolicyManager(  266): copl: isOffloadSupported: stream_type != MUSIC, returning false
D/Ringtone(  978): Successfully created local player
D/DisplayPowerController(  811): updateAmbientLux:  mLightSensorListener lux is 42.0
E/MediaPlayer-JNI(  978): QCMediaPlayer mediaplayer NOT present
E/MediaPlayer(  978): Uri is  /system/media/audio/ui/ChargerInsert.ogg
D/Sonivox (  266): file[-1196898944]: EAS_HWOpenFile ---->. mDrmManagerClient[0], mDrmBufOffset[0], mDrmBufSize[0], mDrmBuf[0]
D/Sonivox (  266): wangchong: path is NULL
D/PRDrmPlugIn(  261): PRDrmPlugin::onInitialize, uniqueId = 8009
D/PRDrmPlugIn(  261): PRDrmPlugin::onSetOnInfoListener: starts! uniqueId = 8009
D/PRDrmPlugIn(  261): PRDrmPlugin::onSetOnInfoListener: ends!
D/Sonivox (  266): [qwu ]FileSource::canHandle()begin 
D/Sonivox (  266): [qwu ]FileSource::canHandle()end 
D/Sonivox (  266): [qwu ]FileSource::canHandle() OK 
D/Sonivox (  266): [qwu ]FileSource::canHandle() failed 
E/NetworkScheduler.SR( 1264): Invalid parameter app
E/NetworkScheduler.SR( 1264): Invalid package name : Perhaps you didn't include a PendingIntent in the extras?
D/PRDrmPlugIn(  261): PRDrmPlugin::onTerminate, uniqueId = 8009
D/PowerManagerService(  811): sendPendingNotificationsLocked mSendGoToSleepFinishedNotificationWhenReady = false
D/PowerManagerService(  811): sendPendingNotificationsLocked mSendGoToSleepFinishedNotificationWhenReady = false
D/Sonivox (  266): file[-1196898944]: EAS_HWOpenFile <----. mDrmManagerClient[0], mDrmBufOffset[0], mDrmBufSize[0], mDrmBuf[0]
D/Sonivox (  266): file[-1196898944]: EAS_HWCloseFile ---->. mDrmManagerClient[0], mDrmBufOffset[0], mDrmBufSize[0], mDrmBuf[0]
D/Sonivox (  266): file[-1196898944]: EAS_HWCloseFile <----. mDrmManagerClient[0], mDrmBufOffset[0], mDrmBufSize[0], mDrmBuf[0]
I/ExtendedUtils(  266): AV Sync late margin : Intended=40ms Using=0ms
D/Utils   (  266): printFileName fd(25) -> /system/media/audio/ui/ChargerInsert.ogg
D/PRDrmPlugIn(  261): PRDrmPlugin::onInitialize, uniqueId = 6117
D/PRDrmPlugIn(  261): PRDrmPlugin::onSetOnInfoListener: starts! uniqueId = 6117
D/PRDrmPlugIn(  261): PRDrmPlugin::onSetOnInfoListener: ends!
D/PRDrmPlugIn(  261): PRDrmPlugin::onTerminate, uniqueId = 6117
D/PowerManagerService(  811): sendPendingNotificationsLocked mSendGoToSleepFinishedNotificationWhenReady = false
D/ExtendedUtils(  266): extended extractor not needed, return default
D/AudioPolicyManager(  266): copl: isOffloadSupported: SR=44100, CM=0x3, Format=0x7000000, StreamType=5, BitRate=4294967295, duration=605555 us, has_video=0
D/AudioPolicyManager(  266): copl: isOffloadSupported: stream_type != MUSIC, returning false
D/OMXCodec(  266): Successfully allocated OMX node 'OMX.google.vorbis.decoder'
I/AwesomePlayer(  266): Could not offload audio decode, try pcm offload
D/AudioPolicyManager(  266): copl: isOffloadSupported: SR=44100, CM=0x1, Format=0x17000001, StreamType=5, BitRate=4294967295, duration=605555 us, has_video=0
D/AudioPolicyManager(  266): copl: isOffloadSupported: stream_type != MUSIC, returning false
D/Ringtone(  978): Successfully created local player
E/MediaPlayer(  978): Should have subtitle controller already set
D/PowerUI (  978): paly enable=true
D/PowerManagerService(  811): sendPendingNotificationsLocked mSendGoToSleepFinishedNotificationWhenReady = false
D/PowerManagerService(  811): sendPendingNotificationsLocked mSendGoToSleepFinishedNotificationWhenReady = false
I/iu.Environment( 2060): update battery state; isPlugged? true*
D/Ulp_jni (  811): JNI:system_update. Event-2
D/LBSSystemMonitorService(  811): handleMessage what - 14
D/DeviceContext(  811): handleMessage what - 1
D/PowerManagerService(  811): sendPendingNotificationsLocked mSendGoToSleepFinishedNotificationWhenReady = false
D/Ulp_jni (  811): Location CB invoked
I/iu.UploadsManager( 2060): num queued entries: 0
I/iu.UploadsManager( 2060): num updated entries: 0
I/iu.SyncManager( 2060): NEXT; no task
D/PowerManagerService(  811): sendPendingNotificationsLocked mSendGoToSleepFinishedNotificationWhenReady = false
D/PowerManagerService(  811): sendPendingNotificationsLocked mSendGoToSleepFinishedNotificationWhenReady = false
D/PowerManagerService(  811): sendPendingNotificationsLocked mSendGoToSleepFinishedNotificationWhenReady = false
D/PowerManagerService(  811): sendPendingNotificationsLocked mSendGoToSleepFinishedNotificationWhenReady = false
D/PowerManagerService(  811): sendPendingNotificationsLocked mSendGoToSleepFinishedNotificationWhenReady = false
D/PowerManagerService(  811): sendPendingNotificationsLocked mSendGoToSleepFinishedNotificationWhenReady = false
D/PowerManagerService(  811): sendPendingNotificationsLocked mSendGoToSleepFinishedNotificationWhenReady = false
D/PowerManagerService(  811): sendPendingNotificationsLocked mSendGoToSleepFinishedNotificationWhenReady = false
D/PowerManagerService(  811): sendPendingNotificationsLocked mSendGoToSleepFinishedNotificationWhenReady = false
D/PowerManagerService(  811): sendPendingNotificationsLocked mSendGoToSleepFinishedNotificationWhenReady = false
D/PowerManagerService(  811): sendPendingNotificationsLocked mSendGoToSleepFinishedNotificationWhenReady = false
D/PowerManagerService(  811): sendPendingNotificationsLocked mSendGoToSleepFinishedNotificationWhenReady = false
D/PowerManagerService(  811): sendPendingNotificationsLocked mSendGoToSleepFinishedNotificationWhenReady = false
D/PowerManagerService(  811): sendPendingNotificationsLocked mSendGoToSleepFinishedNotificationWhenReady = false
I/iu.FingerprintManager( 2060): Start processing all media
I/iu.FingerprintManager( 2060): Start processing media store URI: content://media/external/images/media
D/PowerManagerService(  811): sendPendingNotificationsLocked mSendGoToSleepFinishedNotificationWhenReady = false
D/PowerManagerService(  811): sendPendingNotificationsLocked mSendGoToSleepFinishedNotificationWhenReady = false
D/PowerManagerService(  811): sendPendingNotificationsLocked mSendGoToSleepFinishedNotificationWhenReady = false
D/DisplayPowerController(  811): updateAmbientLux:  mLightSensorListener lux is 51.0
D/PowerManagerService(  811): sendPendingNotificationsLocked mSendGoToSleepFinishedNotificationWhenReady = false
D/PowerManagerService(  811): sendPendingNotificationsLocked mSendGoToSleepFinishedNotificationWhenReady = false
D/PowerManagerService(  811): sendPendingNotificationsLocked mSendGoToSleepFinishedNotificationWhenReady = false
D/PowerManagerService(  811): sendPendingNotificationsLocked mSendGoToSleepFinishedNotificationWhenReady = false
D/PowerManagerService(  811): sendPendingNotificationsLocked mSendGoToSleepFinishedNotificationWhenReady = false
D/PowerManagerService(  811): sendPendingNotificationsLocked mSendGoToSleepFinishedNotificationWhenReady = false
D/PowerManagerService(  811): sendPendingNotificationsLocked mSendGoToSleepFinishedNotificationWhenReady = false
D/PowerManagerService(  811): sendPendingNotificationsLocked mSendGoToSleepFinishedNotificationWhenReady = false
I/iu.FingerprintManager( 2060): Start processing media store URI: content://media/external/video/media
E/Vold    (  243): wangzy usb Switch state: CONFIGURED
V/UsbDeviceManager(  811): USB UEVENT: {USB_STATE=CONFIGURED, SUBSYSTEM=android_usb, DEVPATH=/devices/virtual/android_usb/android0, SEQNUM=7925, ACTION=change}
D/UsbDeviceManager(  811): usb updateState(CONFIGURED)
D/UsbDeviceManager(  811): broadcasting Intent { act=android.hardware.usb.action.USB_STATE flg=0x20000000 (has extras) } connected: true configured: true
D/PowerManagerService(  811): sendPendingNotificationsLocked mSendGoToSleepFinishedNotificationWhenReady = false
D/UsbDeviceManager(  811): AlwaysAsk=1 mMenuPopUpEnabletrue
D/UsbDeviceManager(  811): updateUsbNotification();   1
E/UsbDeviceManager(  811): ++++++++++++++++mConnectedtrue
E/UsbDeviceManager(  811): ++++++++++++++++mUseUsbNotificationtrue
E/UsbDeviceManager(  811): ++++++++++++++++mUsbNotificationId17040934
E/UsbDeviceManager(  811): ++++++++++++++++id17040934
E/AUD_MediaButtonIntentReceiver( 9423): receive action: android.hardware.usb.action.USB_STATE
E/AUD_MediaButtonIntentReceiver( 9423): usbState.equals(intentAction)
I/iu.FingerprintManager( 2060): Start processing media store URI: content://media/phoneStorage/images/media
D/PowerManagerService(  811): sendPendingNotificationsLocked mSendGoToSleepFinishedNotificationWhenReady = false
D/PowerManagerService(  811): sendPendingNotificationsLocked mSendGoToSleepFinishedNotificationWhenReady = false
I/iu.FingerprintManager( 2060): Start processing media store URI: content://media/phoneStorage/video/media
D/dalvikvm(  978): GC_CONCURRENT freed 2105K, 31% free 11161K/16004K, paused 4ms+8ms, total 40ms
D/dalvikvm(  978): WAIT_FOR_CONCURRENT_GC blocked 34ms
I/iu.FingerprintManager( 2060): Finished generating fingerprints; 0.055 seconds
I/iu.FingerprintManager( 2060):   numSeen=2 numGenerated=0 numDeleted=0 numFailed=0
W/ctxmgr  ( 1115): [ContextSpecificAclFactory]LocationConsent failed, ULR opt-in status is: false, account#-395797278#
W/ctxmgr  ( 1115): [AclManager]No 2 for (accnt=account#-395797278#, com.google.android.gms(10012):UserLocationProducer, vrsn=10084000, 0, 3pPkg = null ,  3pMdlId = null). Was: 2 for 1, account#-395797278#
D/PowerManagerService(  811): sendPendingNotificationsLocked mSendGoToSleepFinishedNotificationWhenReady = false
D/PowerManagerService(  811): sendPendingNotificationsLocked mSendGoToSleepFinishedNotificationWhenReady = false
D/PowerManagerService(  811): sendPendingNotificationsLocked mSendGoToSleepFinishedNotificationWhenReady = false
D/DisplayPowerController(  811): updateAmbientLux:  mLightSensorListener lux is 63.0
D/DisplayPowerController(  811): updateAmbientLux:  mLightSensorListener lux is 69.0
D/DisplayPowerController(  811): updateAmbientLux:  mLightSensorListener lux is 55.0
D/DisplayPowerController(  811): updateAmbientLux:  mLightSensorListener lux is 62.0
D/DisplayPowerController(  811): updateAmbientLux:  mLightSensorListener lux is 63.0
D/DisplayPowerController(  811): updateAmbientLux:  mLightSensorListener lux is 64.0
D/DisplayPowerController(  811): updateAmbientLux:  mLightSensorListener lux is 63.0
D/DisplayPowerController(  811): updateAmbientLux:  mLightSensorListener lux is 64.0
D/DisplayPowerController(  811): updateAmbientLux:  mLightSensorListener lux is 63.0
D/DisplayPowerController(  811): updateAmbientLux:  mLightSensorListener lux is 64.0
D/DisplayPowerController(  811): updateAmbientLux:  mLightSensorListener lux is 63.0
D/DisplayPowerController(  811): updateAmbientLux:  mLightSensorListener lux is 64.0
D/Ulp_jni (  811): Location CB invoked
D/PowerManagerService(  811): sendPendingNotificationsLocked mSendGoToSleepFinishedNotificationWhenReady = false
D/PowerManagerService(  811): sendPendingNotificationsLocked mSendGoToSleepFinishedNotificationWhenReady = false
D/PowerManagerService(  811): sendPendingNotificationsLocked mSendGoToSleepFinishedNotificationWhenReady = false
D/PowerManagerService(  811): sendPendingNotificationsLocked mSendGoToSleepFinishedNotificationWhenReady = false
D/PowerManagerService(  811): sendPendingNotificationsLocked mSendGoToSleepFinishedNotificationWhenReady = false
D/PowerManagerService(  811): sendPendingNotificationsLocked mSendGoToSleepFinishedNotificationWhenReady = false
D/PowerManagerService(  811): sendPendingNotificationsLocked mSendGoToSleepFinishedNotificationWhenReady = false
D/PowerManagerService(  811): sendPendingNotificationsLocked mSendGoToSleepFinishedNotificationWhenReady = false
D/PowerManagerService(  811): sendPendingNotificationsLocked mSendGoToSleepFinishedNotificationWhenReady = false
D/PowerManagerService(  811): sendPendingNotificationsLocked mSendGoToSleepFinishedNotificationWhenReady = false
D/PowerManagerService(  811): sendPendingNotificationsLocked mSendGoToSleepFinishedNotificationWhenReady = false
D/PowerManagerService(  811): sendPendingNotificationsLocked mSendGoToSleepFinishedNotificationWhenReady = false
D/PowerManagerService(  811): sendPendingNotificationsLocked mSendGoToSleepFinishedNotificationWhenReady = false
D/PowerManagerService(  811): sendPendingNotificationsLocked mSendGoToSleepFinishedNotificationWhenReady = false
D/PowerManagerService(  811): sendPendingNotificationsLocked mSendGoToSleepFinishedNotificationWhenReady = false
D/PowerManagerService(  811): sendPendingNotificationsLocked mSendGoToSleepFinishedNotificationWhenReady = false
D/PowerManagerService(  811): sendPendingNotificationsLocked mSendGoToSleepFinishedNotificationWhenReady = false
D/PowerManagerService(  811): sendPendingNotificationsLocked mSendGoToSleepFinishedNotificationWhenReady = false
D/PowerManagerService(  811): sendPendingNotificationsLocked mSendGoToSleepFinishedNotificationWhenReady = false
D/PowerManagerService(  811): sendPendingNotificationsLocked mSendGoToSleepFinishedNotificationWhenReady = false
D/PowerManagerService(  811): sendPendingNotificationsLocked mSendGoToSleepFinishedNotificationWhenReady = false
D/PowerManagerService(  811): sendPendingNotificationsLocked mSendGoToSleepFinishedNotificationWhenReady = false
D/PowerManagerService(  811): sendPendingNotificationsLocked mSendGoToSleepFinishedNotificationWhenReady = false
W/ctxmgr  ( 1115): [ContextSpecificAclFactory]LocationConsent failed, ULR opt-in status is: false, account#-395797278#
W/ctxmgr  ( 1115): [AclManager]No 2 for (accnt=account#-395797278#, com.google.android.gms(10012):UserLocationProducer, vrsn=10084000, 0, 3pPkg = null ,  3pMdlId = null). Was: 2 for 1, account#-395797278#
D/PowerManagerService(  811): sendPendingNotificationsLocked mSendGoToSleepFinishedNotificationWhenReady = false
D/DisplayPowerController(  811): updateAmbientLux:  mLightSensorListener lux is 63.0
D/DisplayPowerController(  811): updateAmbientLux:  mLightSensorListener lux is 64.0
D/Ulp_jni (  811): Location CB invoked
D/PowerManagerService(  811): sendPendingNotificationsLocked mSendGoToSleepFinishedNotificationWhenReady = false
D/PowerManagerService(  811): sendPendingNotificationsLocked mSendGoToSleepFinishedNotificationWhenReady = false
D/PowerManagerService(  811): sendPendingNotificationsLocked mSendGoToSleepFinishedNotificationWhenReady = false
D/PowerManagerService(  811): sendPendingNotificationsLocked mSendGoToSleepFinishedNotificationWhenReady = false
D/PowerManagerService(  811): sendPendingNotificationsLocked mSendGoToSleepFinishedNotificationWhenReady = false
D/PowerManagerService(  811): sendPendingNotificationsLocked mSendGoToSleepFinishedNotificationWhenReady = false
D/PowerManagerService(  811): sendPendingNotificationsLocked mSendGoToSleepFinishedNotificationWhenReady = false
D/PowerManagerService(  811): sendPendingNotificationsLocked mSendGoToSleepFinishedNotificationWhenReady = false
D/PowerManagerService(  811): sendPendingNotificationsLocked mSendGoToSleepFinishedNotificationWhenReady = false
D/PowerManagerService(  811): sendPendingNotificationsLocked mSendGoToSleepFinishedNotificationWhenReady = false
D/PowerManagerService(  811): sendPendingNotificationsLocked mSendGoToSleepFinishedNotificationWhenReady = false
D/PowerManagerService(  811): sendPendingNotificationsLocked mSendGoToSleepFinishedNotificationWhenReady = false
D/PowerManagerService(  811): sendPendingNotificationsLocked mSendGoToSleepFinishedNotificationWhenReady = false
D/PowerManagerService(  811): sendPendingNotificationsLocked mSendGoToSleepFinishedNotificationWhenReady = false
D/PowerManagerService(  811): sendPendingNotificationsLocked mSendGoToSleepFinishedNotificationWhenReady = false
D/PowerManagerService(  811): sendPendingNotificationsLocked mSendGoToSleepFinishedNotificationWhenReady = false
D/PowerManagerService(  811): sendPendingNotificationsLocked mSendGoToSleepFinishedNotificationWhenReady = false
D/PowerManagerService(  811): sendPendingNotificationsLocked mSendGoToSleepFinishedNotificationWhenReady = false
D/PowerManagerService(  811): sendPendingNotificationsLocked mSendGoToSleepFinishedNotificationWhenReady = false
D/PowerManagerService(  811): sendPendingNotificationsLocked mSendGoToSleepFinishedNotificationWhenReady = false
D/PowerManagerService(  811): sendPendingNotificationsLocked mSendGoToSleepFinishedNotificationWhenReady = false
D/PowerManagerService(  811): sendPendingNotificationsLocked mSendGoToSleepFinishedNotificationWhenReady = false
D/PowerManagerService(  811): sendPendingNotificationsLocked mSendGoToSleepFinishedNotificationWhenReady = false
W/ctxmgr  ( 1115): [ContextSpecificAclFactory]LocationConsent failed, ULR opt-in status is: false, account#-395797278#
W/ctxmgr  ( 1115): [AclManager]No 2 for (accnt=account#-395797278#, com.google.android.gms(10012):UserLocationProducer, vrsn=10084000, 0, 3pPkg = null ,  3pMdlId = null). Was: 2 for 1, account#-395797278#
D/dalvikvm( 1115): GC_CONCURRENT freed 1887K, 47% free 5967K/11088K, paused 4ms+4ms, total 39ms
D/PowerManagerService(  811): sendPendingNotificationsLocked mSendGoToSleepFinishedNotificationWhenReady = false
D/DisplayPowerController(  811): updateAmbientLux:  mLightSensorListener lux is 63.0
D/DisplayPowerController(  811): updateAmbientLux:  mLightSensorListener lux is 64.0
D/DisplayPowerController(  811): updateAmbientLux:  mLightSensorListener lux is 63.0
D/DisplayPowerController(  811): updateAmbientLux:  mLightSensorListener lux is 64.0
D/DisplayPowerController(  811): updateAmbientLux:  mLightSensorListener lux is 63.0
D/DisplayPowerController(  811): updateAmbientLux:  mLightSensorListener lux is 64.0
D/DisplayPowerController(  811): updateAmbientLux:  mLightSensorListener lux is 63.0
D/DisplayPowerController(  811): updateAmbientLux:  mLightSensorListener lux is 64.0
D/DisplayPowerController(  811): updateAmbientLux:  mLightSensorListener lux is 63.0
D/DisplayPowerController(  811): updateAmbientLux:  mLightSensorListener lux is 64.0
D/DisplayPowerController(  811): updateAmbientLux:  mLightSensorListener lux is 63.0
D/DisplayPowerController(  811): updateAmbientLux:  mLightSensorListener lux is 64.0
D/DisplayPowerController(  811): updateAmbientLux:  mLightSensorListener lux is 63.0
D/DisplayPowerController(  811): updateAmbientLux:  mLightSensorListener lux is 64.0
D/DisplayPowerController(  811): updateAmbientLux:  mLightSensorListener lux is 63.0
D/DisplayPowerController(  811): updateAmbientLux:  mLightSensorListener lux is 64.0
D/DisplayPowerController(  811): updateAmbientLux:  mLightSensorListener lux is 63.0
D/DisplayPowerController(  811): updateAmbientLux:  mLightSensorListener lux is 64.0
D/DisplayPowerController(  811): updateAmbientLux:  mLightSensorListener lux is 65.0
D/DisplayPowerController(  811): updateAmbientLux:  mLightSensorListener lux is 64.0
I/PlayCommon( 2231): [179] com.google.android.play.a.g.e(900): Preparing logs for uploading
D/BatteryService(  811): ZTE Sending ACTION_BATTERY_CHANGED.  level:96, scale:100, status:2, health:2, present:true, voltage: 4323, temperature: 280, technology: Li-ion, AC powered:false, USB powered:true, Wireless powered:false, icon:17302966, invalid charger:0
D/LockScreen_KeyguardUpdateMonitor(  978): received broadcast android.intent.action.BATTERY_CHANGED
D/LockScreen_DMLockCodeController(  978): canAcceptIntent - can: false
D/LockScreen_CMASAlertController(  978): canAcceptIntent - can: false
D/LockScreen_KeyguardUpdateMonitor(  978): handleBatteryUpdate
D/WifiApPowerMode(  811): ACTION_BATTERY_CHANGED received. pluggedType=2 mUSBConnected=true
D/PowerManagerService(  811): sendPendingNotificationsLocked mSendGoToSleepFinishedNotificationWhenReady = false
D/WifiController(  811): battery changed pluggedType: 2
I/PlayCommon( 2231): [179] com.google.android.play.a.g.a(1040): Connecting to server: https://play.googleapis.com/play/log?format=raw&proto_v2=true
E/PlayCommon( 2231): [179] com.google.android.play.a.g.a(1051): Failed to connect to server: java.net.UnknownHostException: Unable to resolve host "play.googleapis.com": No address associated with hostname
D/DisplayPowerController(  811): updateAmbientLux:  mLightSensorListener lux is 63.0
D/DisplayPowerController(  811): updateAmbientLux:  mLightSensorListener lux is 64.0
D/WifiMonitor(  811): Event [IFNAME=wlan0 CTRL-EVENT-BSS-REMOVED 49 34:68:95:f9:d9:99]
W/WifiMonitor(  811): <<<<<tokens[0]= CTRL-EVENT-BSS-REMOVED
W/WifiMonitor(  811): <<<<<tokens[0]= CTRL-EVENT-SCAN-RESULTS
D/WifiMonitor(  811): Event [IFNAME=wlan0 WPS-AP-AVAILABLE ]
D/WifiStateMachine(  811): handleMessage: E msg.what=147461
D/WifiStateMachine(  811): processMsg: DisconnectedState
D/WifiStateMachine(  811): processMsg: ConnectModeState
D/WifiStateMachine(  811): processMsg: DriverStartedState
D/WifiStateMachine(  811): processMsg: SupplicantStartedState
W/WifiMonitor(  811): <<<<<tokens[0]= WPS-AP-AVAILABLE
W/WifiMonitor(  811): couldn't identify event type - WPS-AP-AVAILABLE 
D/WifiMonitor(  811): Event [IFNAME=p2p0 CTRL-EVENT-BSS-REMOVED 50 34:68:95:f9:d9:99]
E/XTCC-3.0.0.7(  407): [PosMgr] handlePosition failed: 12
D/LBSSystemMonitorService(  811): handleMessage what - 4
D/Wiper_jni(  811): Send Network Location.
W/XTWiFiLP( 1161): No fix from XTWiFi-PE
W/XTWiFiLP( 1161): No WiFi scan result from XTWiFi-PE
D/WifiStateMachine(  811): handleMessage: X
D/Ulp_jni (  811): Location CB invoked
D/PowerManagerService(  811): sendPendingNotificationsLocked mSendGoToSleepFinishedNotificationWhenReady = false
D/PowerManagerService(  811): sendPendingNotificationsLocked mSendGoToSleepFinishedNotificationWhenReady = false
D/PowerManagerService(  811): sendPendingNotificationsLocked mSendGoToSleepFinishedNotificationWhenReady = false
D/PowerManagerService(  811): sendPendingNotificationsLocked mSendGoToSleepFinishedNotificationWhenReady = false
D/PowerManagerService(  811): sendPendingNotificationsLocked mSendGoToSleepFinishedNotificationWhenReady = false
D/PowerManagerService(  811): sendPendingNotificationsLocked mSendGoToSleepFinishedNotificationWhenReady = false
D/PowerManagerService(  811): sendPendingNotificationsLocked mSendGoToSleepFinishedNotificationWhenReady = false
D/PowerManagerService(  811): sendPendingNotificationsLocked mSendGoToSleepFinishedNotificationWhenReady = false
D/PowerManagerService(  811): sendPendingNotificationsLocked mSendGoToSleepFinishedNotificationWhenReady = false
D/PowerManagerService(  811): sendPendingNotificationsLocked mSendGoToSleepFinishedNotificationWhenReady = false
D/PowerManagerService(  811): sendPendingNotificationsLocked mSendGoToSleepFinishedNotificationWhenReady = false
D/PowerManagerService(  811): sendPendingNotificationsLocked mSendGoToSleepFinishedNotificationWhenReady = false
D/PowerManagerService(  811): sendPendingNotificationsLocked mSendGoToSleepFinishedNotificationWhenReady = false
D/PowerManagerService(  811): sendPendingNotificationsLocked mSendGoToSleepFinishedNotificationWhenReady = false
D/PowerManagerService(  811): sendPendingNotificationsLocked mSendGoToSleepFinishedNotificationWhenReady = false
D/PowerManagerService(  811): sendPendingNotificationsLocked mSendGoToSleepFinishedNotificationWhenReady = false
D/PowerManagerService(  811): sendPendingNotificationsLocked mSendGoToSleepFinishedNotificationWhenReady = false
D/PowerManagerService(  811): sendPendingNotificationsLocked mSendGoToSleepFinishedNotificationWhenReady = false
D/PowerManagerService(  811): sendPendingNotificationsLocked mSendGoToSleepFinishedNotificationWhenReady = false
D/PowerManagerService(  811): sendPendingNotificationsLocked mSendGoToSleepFinishedNotificationWhenReady = false
D/PowerManagerService(  811): sendPendingNotificationsLocked mSendGoToSleepFinishedNotificationWhenReady = false
D/PowerManagerService(  811): sendPendingNotificationsLocked mSendGoToSleepFinishedNotificationWhenReady = false
D/PowerManagerService(  811): sendPendingNotificationsLocked mSendGoToSleepFinishedNotificationWhenReady = false
W/ctxmgr  ( 1115): [ContextSpecificAclFactory]LocationConsent failed, ULR opt-in status is: false, account#-395797278#
W/ctxmgr  ( 1115): [AclManager]No 2 for (accnt=account#-395797278#, com.google.android.gms(10012):UserLocationProducer, vrsn=10084000, 0, 3pPkg = null ,  3pMdlId = null). Was: 2 for 1, account#-395797278#
D/PowerManagerService(  811): sendPendingNotificationsLocked mSendGoToSleepFinishedNotificationWhenReady = false
I/PlayCommon( 2231): [204] com.google.android.play.a.g.e(900): Preparing logs for uploading
I/PlayCommon( 2231): [204] com.google.android.play.a.g.e(902): No file ready to send
D/Ulp_jni (  811): Location CB invoked
D/PowerManagerService(  811): sendPendingNotificationsLocked mSendGoToSleepFinishedNotificationWhenReady = false
D/PowerManagerService(  811): sendPendingNotificationsLocked mSendGoToSleepFinishedNotificationWhenReady = false
D/PowerManagerService(  811): sendPendingNotificationsLocked mSendGoToSleepFinishedNotificationWhenReady = false
D/PowerManagerService(  811): sendPendingNotificationsLocked mSendGoToSleepFinishedNotificationWhenReady = false
D/PowerManagerService(  811): sendPendingNotificationsLocked mSendGoToSleepFinishedNotificationWhenReady = false
D/PowerManagerService(  811): sendPendingNotificationsLocked mSendGoToSleepFinishedNotificationWhenReady = false
D/PowerManagerService(  811): sendPendingNotificationsLocked mSendGoToSleepFinishedNotificationWhenReady = false
D/PowerManagerService(  811): sendPendingNotificationsLocked mSendGoToSleepFinishedNotificationWhenReady = false
D/PowerManagerService(  811): sendPendingNotificationsLocked mSendGoToSleepFinishedNotificationWhenReady = false
D/PowerManagerService(  811): sendPendingNotificationsLocked mSendGoToSleepFinishedNotificationWhenReady = false
D/PowerManagerService(  811): sendPendingNotificationsLocked mSendGoToSleepFinishedNotificationWhenReady = false
D/PowerManagerService(  811): sendPendingNotificationsLocked mSendGoToSleepFinishedNotificationWhenReady = false
D/PowerManagerService(  811): sendPendingNotificationsLocked mSendGoToSleepFinishedNotificationWhenReady = false
D/PowerManagerService(  811): sendPendingNotificationsLocked mSendGoToSleepFinishedNotificationWhenReady = false
D/PowerManagerService(  811): sendPendingNotificationsLocked mSendGoToSleepFinishedNotificationWhenReady = false
D/PowerManagerService(  811): sendPendingNotificationsLocked mSendGoToSleepFinishedNotificationWhenReady = false
D/PowerManagerService(  811): sendPendingNotificationsLocked mSendGoToSleepFinishedNotificationWhenReady = false
D/PowerManagerService(  811): sendPendingNotificationsLocked mSendGoToSleepFinishedNotificationWhenReady = false
D/PowerManagerService(  811): sendPendingNotificationsLocked mSendGoToSleepFinishedNotificationWhenReady = false
D/PowerManagerService(  811): sendPendingNotificationsLocked mSendGoToSleepFinishedNotificationWhenReady = false
D/PowerManagerService(  811): sendPendingNotificationsLocked mSendGoToSleepFinishedNotificationWhenReady = false
D/PowerManagerService(  811): sendPendingNotificationsLocked mSendGoToSleepFinishedNotificationWhenReady = false
D/PowerManagerService(  811): sendPendingNotificationsLocked mSendGoToSleepFinishedNotificationWhenReady = false
W/ctxmgr  ( 1115): [ContextSpecificAclFactory]LocationConsent failed, ULR opt-in status is: false, account#-395797278#
W/ctxmgr  ( 1115): [AclManager]No 2 for (accnt=account#-395797278#, com.google.android.gms(10012):UserLocationProducer, vrsn=10084000, 0, 3pPkg = null ,  3pMdlId = null). Was: 2 for 1, account#-395797278#
D/PowerManagerService(  811): sendPendingNotificationsLocked mSendGoToSleepFinishedNotificationWhenReady = false
D/DisplayPowerController(  811): updateAmbientLux:  mLightSensorListener lux is 65.0
D/DisplayPowerController(  811): updateAmbientLux:  mLightSensorListener lux is 64.0
D/DisplayPowerController(  811): updateAmbientLux:  mLightSensorListener lux is 65.0
D/DisplayPowerController(  811): updateAmbientLux:  mLightSensorListener lux is 64.0
D/DisplayPowerController(  811): updateAmbientLux:  mLightSensorListener lux is 65.0
D/DisplayPowerController(  811): updateAmbientLux:  mLightSensorListener lux is 64.0
D/DisplayPowerController(  811): updateAmbientLux:  mLightSensorListener lux is 65.0
D/DisplayPowerController(  811): updateAmbientLux:  mLightSensorListener lux is 64.0
D/DisplayPowerController(  811): updateAmbientLux:  mLightSensorListener lux is 65.0
D/DisplayPowerController(  811): updateAmbientLux:  mLightSensorListener lux is 64.0
D/DisplayPowerController(  811): updateAmbientLux:  mLightSensorListener lux is 65.0
D/DisplayPowerController(  811): updateAmbientLux:  mLightSensorListener lux is 64.0
D/DisplayPowerController(  811): updateAmbientLux:  mLightSensorListener lux is 65.0
D/DisplayPowerController(  811): updateAmbientLux:  mLightSensorListener lux is 64.0
D/DisplayPowerController(  811): updateAmbientLux:  mLightSensorListener lux is 65.0
D/DisplayPowerController(  811): updateAmbientLux:  mLightSensorListener lux is 64.0
D/DisplayPowerController(  811): updateAmbientLux:  mLightSensorListener lux is 65.0
D/DisplayPowerController(  811): updateAmbientLux:  mLightSensorListener lux is 64.0
D/DisplayPowerController(  811): updateAmbientLux:  mLightSensorListener lux is 65.0
D/DisplayPowerController(  811): updateAmbientLux:  mLightSensorListener lux is 64.0
D/DisplayPowerController(  811): updateAmbientLux:  mLightSensorListener lux is 65.0
D/DisplayPowerController(  811): updateAmbientLux:  mLightSensorListener lux is 64.0
D/DisplayPowerController(  811): updateAmbientLux:  mLightSensorListener lux is 65.0
D/DisplayPowerController(  811): updateAmbientLux:  mLightSensorListener lux is 64.0
D/Ulp_jni (  811): Location CB invoked
D/PowerManagerService(  811): sendPendingNotificationsLocked mSendGoToSleepFinishedNotificationWhenReady = false
D/PowerManagerService(  811): sendPendingNotificationsLocked mSendGoToSleepFinishedNotificationWhenReady = false
D/PowerManagerService(  811): sendPendingNotificationsLocked mSendGoToSleepFinishedNotificationWhenReady = false
D/PowerManagerService(  811): sendPendingNotificationsLocked mSendGoToSleepFinishedNotificationWhenReady = false
D/PowerManagerService(  811): sendPendingNotificationsLocked mSendGoToSleepFinishedNotificationWhenReady = false
D/PowerManagerService(  811): sendPendingNotificationsLocked mSendGoToSleepFinishedNotificationWhenReady = false
D/PowerManagerService(  811): sendPendingNotificationsLocked mSendGoToSleepFinishedNotificationWhenReady = false
D/PowerManagerService(  811): sendPendingNotificationsLocked mSendGoToSleepFinishedNotificationWhenReady = false
D/PowerManagerService(  811): sendPendingNotificationsLocked mSendGoToSleepFinishedNotificationWhenReady = false
D/PowerManagerService(  811): sendPendingNotificationsLocked mSendGoToSleepFinishedNotificationWhenReady = false
D/PowerManagerService(  811): sendPendingNotificationsLocked mSendGoToSleepFinishedNotificationWhenReady = false
D/PowerManagerService(  811): sendPendingNotificationsLocked mSendGoToSleepFinishedNotificationWhenReady = false
D/PowerManagerService(  811): sendPendingNotificationsLocked mSendGoToSleepFinishedNotificationWhenReady = false
D/PowerManagerService(  811): sendPendingNotificationsLocked mSendGoToSleepFinishedNotificationWhenReady = false
D/PowerManagerService(  811): sendPendingNotificationsLocked mSendGoToSleepFinishedNotificationWhenReady = false
D/PowerManagerService(  811): sendPendingNotificationsLocked mSendGoToSleepFinishedNotificationWhenReady = false
D/PowerManagerService(  811): sendPendingNotificationsLocked mSendGoToSleepFinishedNotificationWhenReady = false
D/PowerManagerService(  811): sendPendingNotificationsLocked mSendGoToSleepFinishedNotificationWhenReady = false
D/PowerManagerService(  811): sendPendingNotificationsLocked mSendGoToSleepFinishedNotificationWhenReady = false
D/PowerManagerService(  811): sendPendingNotificationsLocked mSendGoToSleepFinishedNotificationWhenReady = false
D/PowerManagerService(  811): sendPendingNotificationsLocked mSendGoToSleepFinishedNotificationWhenReady = false
D/PowerManagerService(  811): sendPendingNotificationsLocked mSendGoToSleepFinishedNotificationWhenReady = false
D/PowerManagerService(  811): sendPendingNotificationsLocked mSendGoToSleepFinishedNotificationWhenReady = false
W/ctxmgr  ( 1115): [ContextSpecificAclFactory]LocationConsent failed, ULR opt-in status is: false, account#-395797278#
W/ctxmgr  ( 1115): [AclManager]No 2 for (accnt=account#-395797278#, com.google.android.gms(10012):UserLocationProducer, vrsn=10084000, 0, 3pPkg = null ,  3pMdlId = null). Was: 2 for 1, account#-395797278#
D/PowerManagerService(  811): sendPendingNotificationsLocked mSendGoToSleepFinishedNotificationWhenReady = false
D/DisplayPowerController(  811): updateAmbientLux:  mLightSensorListener lux is 65.0
D/DisplayPowerController(  811): updateAmbientLux:  mLightSensorListener lux is 64.0
D/DisplayPowerController(  811): updateAmbientLux:  mLightSensorListener lux is 65.0
D/DisplayPowerController(  811): updateAmbientLux:  mLightSensorListener lux is 64.0
D/DisplayPowerController(  811): updateAmbientLux:  mLightSensorListener lux is 65.0
D/DisplayPowerController(  811): updateAmbientLux:  mLightSensorListener lux is 64.0
D/DisplayPowerController(  811): updateAmbientLux:  mLightSensorListener lux is 65.0
D/DisplayPowerController(  811): updateAmbientLux:  mLightSensorListener lux is 64.0
D/DisplayPowerController(  811): updateAmbientLux:  mLightSensorListener lux is 65.0
D/DisplayPowerController(  811): updateAmbientLux:  mLightSensorListener lux is 64.0
D/DisplayPowerController(  811): updateAmbientLux:  mLightSensorListener lux is 65.0
D/DisplayPowerController(  811): updateAmbientLux:  mLightSensorListener lux is 64.0
D/DisplayPowerController(  811): updateAmbientLux:  mLightSensorListener lux is 65.0
D/DisplayPowerController(  811): updateAmbientLux:  mLightSensorListener lux is 64.0
D/DisplayPowerController(  811): updateAmbientLux:  mLightSensorListener lux is 65.0
D/DisplayPowerController(  811): updateAmbientLux:  mLightSensorListener lux is 64.0
D/LockScreen_KeyguardUpdateMonitor(  978): received broadcast android.intent.action.TIME_TICK
D/LockScreen_DMLockCodeController(  978): canAcceptIntent - can: false
D/LockScreen_CMASAlertController(  978): canAcceptIntent - can: false
W/AlarmManager(  811): Alarm triggering: Alarm{4282d8c0 type 3 android}
D/PowerManagerService(  811): sendPendingNotificationsLocked mSendGoToSleepFinishedNotificationWhenReady = false
D/LockScreen_KeyguardUpdateMonitor(  978): handleTimeUpdate
E/niejiyong(  978): WeatherService is Running
E/niejiyong(  978): Weather process is Running
E/niejiyong(  978): WeatherService is Running
E/niejiyong(  978): Weather process is Running
D/haha    ( 1432): mDateTimeReceiver intent::Intent { act=android.intent.action.TIME_TICK flg=0x50000014 (has extras) }
E/niejiyong( 1432): TypeBWeatherWidget :: performUpdate..
E/niejiyong( 1432): TypeBWeatherWidget :: performUpdate..cityLocationId = cityId:351193
D/haha    ( 1432): WeatherWidget update  AmPm=1,  Hour=2,  Minute=40
D/PowerManagerService(  811): sendPendingNotificationsLocked mSendGoToSleepFinishedNotificationWhenReady = false
D/DisplayPowerController(  811): updateAmbientLux:  mLightSensorListener lux is 65.0
D/DisplayPowerController(  811): updateAmbientLux:  mLightSensorListener lux is 64.0
D/DisplayPowerController(  811): updateAmbientLux:  mLightSensorListener lux is 65.0
D/DisplayPowerController(  811): updateAmbientLux:  mLightSensorListener lux is 64.0
D/DisplayPowerController(  811): updateAmbientLux:  mLightSensorListener lux is 65.0
D/DisplayPowerController(  811): updateAmbientLux:  mLightSensorListener lux is 64.0
D/DisplayPowerController(  811): updateAmbientLux:  mLightSensorListener lux is 65.0
D/DisplayPowerController(  811): updateAmbientLux:  mLightSensorListener lux is 64.0
D/DisplayPowerController(  811): updateAmbientLux:  mLightSensorListener lux is 65.0
D/Ulp_jni (  811): Location CB invoked
D/PowerManagerService(  811): sendPendingNotificationsLocked mSendGoToSleepFinishedNotificationWhenReady = false
D/PowerManagerService(  811): sendPendingNotificationsLocked mSendGoToSleepFinishedNotificationWhenReady = false
D/PowerManagerService(  811): sendPendingNotificationsLocked mSendGoToSleepFinishedNotificationWhenReady = false
D/PowerManagerService(  811): sendPendingNotificationsLocked mSendGoToSleepFinishedNotificationWhenReady = false
D/PowerManagerService(  811): sendPendingNotificationsLocked mSendGoToSleepFinishedNotificationWhenReady = false
D/PowerManagerService(  811): sendPendingNotificationsLocked mSendGoToSleepFinishedNotificationWhenReady = false
D/PowerManagerService(  811): sendPendingNotificationsLocked mSendGoToSleepFinishedNotificationWhenReady = false
D/PowerManagerService(  811): sendPendingNotificationsLocked mSendGoToSleepFinishedNotificationWhenReady = false
D/PowerManagerService(  811): sendPendingNotificationsLocked mSendGoToSleepFinishedNotificationWhenReady = false
D/PowerManagerService(  811): sendPendingNotificationsLocked mSendGoToSleepFinishedNotificationWhenReady = false
D/PowerManagerService(  811): sendPendingNotificationsLocked mSendGoToSleepFinishedNotificationWhenReady = false
D/PowerManagerService(  811): sendPendingNotificationsLocked mSendGoToSleepFinishedNotificationWhenReady = false
D/PowerManagerService(  811): sendPendingNotificationsLocked mSendGoToSleepFinishedNotificationWhenReady = false
D/PowerManagerService(  811): sendPendingNotificationsLocked mSendGoToSleepFinishedNotificationWhenReady = false
D/PowerManagerService(  811): sendPendingNotificationsLocked mSendGoToSleepFinishedNotificationWhenReady = false
D/PowerManagerService(  811): sendPendingNotificationsLocked mSendGoToSleepFinishedNotificationWhenReady = false
D/PowerManagerService(  811): sendPendingNotificationsLocked mSendGoToSleepFinishedNotificationWhenReady = false
D/PowerManagerService(  811): sendPendingNotificationsLocked mSendGoToSleepFinishedNotificationWhenReady = false
D/PowerManagerService(  811): sendPendingNotificationsLocked mSendGoToSleepFinishedNotificationWhenReady = false
D/PowerManagerService(  811): sendPendingNotificationsLocked mSendGoToSleepFinishedNotificationWhenReady = false
D/PowerManagerService(  811): sendPendingNotificationsLocked mSendGoToSleepFinishedNotificationWhenReady = false
D/PowerManagerService(  811): sendPendingNotificationsLocked mSendGoToSleepFinishedNotificationWhenReady = false
D/PowerManagerService(  811): sendPendingNotificationsLocked mSendGoToSleepFinishedNotificationWhenReady = false
W/ctxmgr  ( 1115): [ContextSpecificAclFactory]LocationConsent failed, ULR opt-in status is: false, account#-395797278#
W/ctxmgr  ( 1115): [AclManager]No 2 for (accnt=account#-395797278#, com.google.android.gms(10012):UserLocationProducer, vrsn=10084000, 0, 3pPkg = null ,  3pMdlId = null). Was: 2 for 1, account#-395797278#
D/PowerManagerService(  811): sendPendingNotificationsLocked mSendGoToSleepFinishedNotificationWhenReady = false
D/DisplayPowerController(  811): updateAmbientLux:  mLightSensorListener lux is 64.0
D/DisplayPowerController(  811): updateAmbientLux:  mLightSensorListener lux is 65.0
D/DisplayPowerController(  811): updateAmbientLux:  mLightSensorListener lux is 64.0
D/DisplayPowerController(  811): updateAmbientLux:  mLightSensorListener lux is 65.0
D/DisplayPowerController(  811): updateAmbientLux:  mLightSensorListener lux is 64.0
D/DisplayPowerController(  811): updateAmbientLux:  mLightSensorListener lux is 65.0
D/DisplayPowerController(  811): updateAmbientLux:  mLightSensorListener lux is 64.0
D/DisplayPowerController(  811): updateAmbientLux:  mLightSensorListener lux is 65.0
D/DisplayPowerController(  811): updateAmbientLux:  mLightSensorListener lux is 64.0
D/Ulp_jni (  811): Location CB invoked
D/PowerManagerService(  811): sendPendingNotificationsLocked mSendGoToSleepFinishedNotificationWhenReady = false
D/PowerManagerService(  811): sendPendingNotificationsLocked mSendGoToSleepFinishedNotificationWhenReady = false
D/PowerManagerService(  811): sendPendingNotificationsLocked mSendGoToSleepFinishedNotificationWhenReady = false
D/PowerManagerService(  811): sendPendingNotificationsLocked mSendGoToSleepFinishedNotificationWhenReady = false
D/PowerManagerService(  811): sendPendingNotificationsLocked mSendGoToSleepFinishedNotificationWhenReady = false
D/PowerManagerService(  811): sendPendingNotificationsLocked mSendGoToSleepFinishedNotificationWhenReady = false
D/PowerManagerService(  811): sendPendingNotificationsLocked mSendGoToSleepFinishedNotificationWhenReady = false
D/PowerManagerService(  811): sendPendingNotificationsLocked mSendGoToSleepFinishedNotificationWhenReady = false
D/PowerManagerService(  811): sendPendingNotificationsLocked mSendGoToSleepFinishedNotificationWhenReady = false
D/PowerManagerService(  811): sendPendingNotificationsLocked mSendGoToSleepFinishedNotificationWhenReady = false
D/PowerManagerService(  811): sendPendingNotificationsLocked mSendGoToSleepFinishedNotificationWhenReady = false
D/PowerManagerService(  811): sendPendingNotificationsLocked mSendGoToSleepFinishedNotificationWhenReady = false
D/PowerManagerService(  811): sendPendingNotificationsLocked mSendGoToSleepFinishedNotificationWhenReady = false
D/PowerManagerService(  811): sendPendingNotificationsLocked mSendGoToSleepFinishedNotificationWhenReady = false
D/PowerManagerService(  811): sendPendingNotificationsLocked mSendGoToSleepFinishedNotificationWhenReady = false
D/PowerManagerService(  811): sendPendingNotificationsLocked mSendGoToSleepFinishedNotificationWhenReady = false
D/PowerManagerService(  811): sendPendingNotificationsLocked mSendGoToSleepFinishedNotificationWhenReady = false
D/PowerManagerService(  811): sendPendingNotificationsLocked mSendGoToSleepFinishedNotificationWhenReady = false
D/PowerManagerService(  811): sendPendingNotificationsLocked mSendGoToSleepFinishedNotificationWhenReady = false
D/PowerManagerService(  811): sendPendingNotificationsLocked mSendGoToSleepFinishedNotificationWhenReady = false
D/PowerManagerService(  811): sendPendingNotificationsLocked mSendGoToSleepFinishedNotificationWhenReady = false
D/PowerManagerService(  811): sendPendingNotificationsLocked mSendGoToSleepFinishedNotificationWhenReady = false
D/PowerManagerService(  811): sendPendingNotificationsLocked mSendGoToSleepFinishedNotificationWhenReady = false
W/ctxmgr  ( 1115): [ContextSpecificAclFactory]LocationConsent failed, ULR opt-in status is: false, account#-395797278#
W/ctxmgr  ( 1115): [AclManager]No 2 for (accnt=account#-395797278#, com.google.android.gms(10012):UserLocationProducer, vrsn=10084000, 0, 3pPkg = null ,  3pMdlId = null). Was: 2 for 1, account#-395797278#
D/PowerManagerService(  811): sendPendingNotificationsLocked mSendGoToSleepFinishedNotificationWhenReady = false
D/DisplayPowerController(  811): updateAmbientLux:  mLightSensorListener lux is 65.0
D/DisplayPowerController(  811): updateAmbientLux:  mLightSensorListener lux is 64.0
D/DisplayPowerController(  811): updateAmbientLux:  mLightSensorListener lux is 65.0
D/DisplayPowerController(  811): updateAmbientLux:  mLightSensorListener lux is 64.0
D/DisplayPowerController(  811): updateAmbientLux:  mLightSensorListener lux is 65.0
D/DisplayPowerController(  811): updateAmbientLux:  mLightSensorListener lux is 64.0
D/DisplayPowerController(  811): updateAmbientLux:  mLightSensorListener lux is 65.0
D/DisplayPowerController(  811): updateAmbientLux:  mLightSensorListener lux is 64.0
D/DisplayPowerController(  811): updateAmbientLux:  mLightSensorListener lux is 65.0
D/DisplayPowerController(  811): updateAmbientLux:  mLightSensorListener lux is 64.0
D/DisplayPowerController(  811): updateAmbientLux:  mLightSensorListener lux is 65.0
D/DisplayPowerController(  811): updateAmbientLux:  mLightSensorListener lux is 64.0
D/DisplayPowerController(  811): updateAmbientLux:  mLightSensorListener lux is 65.0
D/DisplayPowerController(  811): updateAmbientLux:  mLightSensorListener lux is 64.0
D/DisplayPowerController(  811): updateAmbientLux:  mLightSensorListener lux is 65.0
D/DisplayPowerController(  811): updateAmbientLux:  mLightSensorListener lux is 64.0
D/DisplayPowerController(  811): updateAmbientLux:  mLightSensorListener lux is 65.0
D/DisplayPowerController(  811): updateAmbientLux:  mLightSensorListener lux is 64.0
D/DisplayPowerController(  811): updateAmbientLux:  mLightSensorListener lux is 65.0
D/DisplayPowerController(  811): updateAmbientLux:  mLightSensorListener lux is 64.0
D/DisplayPowerController(  811): updateAmbientLux:  mLightSensorListener lux is 65.0
D/DisplayPowerController(  811): updateAmbientLux:  mLightSensorListener lux is 64.0
D/DisplayPowerController(  811): updateAmbientLux:  mLightSensorListener lux is 65.0
D/DisplayPowerController(  811): updateAmbientLux:  mLightSensorListener lux is 64.0
D/Ulp_jni (  811): Location CB invoked
D/PowerManagerService(  811): sendPendingNotificationsLocked mSendGoToSleepFinishedNotificationWhenReady = false
D/PowerManagerService(  811): sendPendingNotificationsLocked mSendGoToSleepFinishedNotificationWhenReady = false
D/PowerManagerService(  811): sendPendingNotificationsLocked mSendGoToSleepFinishedNotificationWhenReady = false
D/PowerManagerService(  811): sendPendingNotificationsLocked mSendGoToSleepFinishedNotificationWhenReady = false
D/PowerManagerService(  811): sendPendingNotificationsLocked mSendGoToSleepFinishedNotificationWhenReady = false
D/PowerManagerService(  811): sendPendingNotificationsLocked mSendGoToSleepFinishedNotificationWhenReady = false
