I/dalvikvm( 4676): Could not find method android.content.pm.PackageManager.getUserBadgedDrawableForDensity, referenced from method bsd.getUserBadgedDrawableForDensity
W/dalvikvm( 4676): VFY: unable to resolve virtual method 4105: Landroid/content/pm/PackageManager;.getUserBadgedDrawableForDensity (Landroid/graphics/drawable/Drawable;Landroid/os/UserHandle;Landroid/graphics/Rect;I)Landroid/graphics/drawable/Drawable;
D/dalvikvm( 4676): VFY: replacing opcode 0x6e at 0x0002
I/dalvikvm( 4676): Could not find method android.content.pm.PackageManager.getUserBadgedIcon, referenced from method bsd.getUserBadgedIcon
W/dalvikvm( 4676): VFY: unable to resolve virtual method 4106: Landroid/content/pm/PackageManager;.getUserBadgedIcon (Landroid/graphics/drawable/Drawable;Landroid/os/UserHandle;)Landroid/graphics/drawable/Drawable;
D/dalvikvm( 4676): VFY: replacing opcode 0x6e at 0x0002
E/cutils  (  244): Failed to mkdirat(/storage/sdcard1/Android): Read-only file system
I/dalvikvm( 4676): Could not find method android.content.pm.PackageManager.getUserBadgedLabel, referenced from method bsd.getUserBadgedLabel
D/VoldCmdListener(  244): volume mkdirs /storage/sdcard1/Android/data/com.google.android.youtube/cache/
W/Vold    (  244): Returning OperationFailed - no handler for errno 30
W/dalvikvm( 4676): VFY: unable to resolve virtual method 4107: Landroid/content/pm/PackageManager;.getUserBadgedLabel (Ljava/lang/CharSequence;Landroid/os/UserHandle;)Ljava/lang/CharSequence;
D/dalvikvm( 4676): VFY: replacing opcode 0x6e at 0x0002
W/ContextImpl( 4676): Failed to ensure directory: /storage/sdcard1/Android/data/com.google.android.youtube/cache
E/cutils  (  244): Failed to mkdirat(/storage/sdcard1/Android): Read-only file system
D/VoldCmdListener(  244): volume mkdirs /storage/sdcard1/Android/data/com.google.android.youtube/files/
W/Vold    (  244): Returning OperationFailed - no handler for errno 30
W/ContextImpl( 4676): Failed to ensure directory: /storage/sdcard1/Android/data/com.google.android.youtube/files
I/dalvikvm( 3419): Could not find method android.widget.FrameLayout.<init>, referenced from method com.google.android.apps.gsa.shared.ui.drawer.DrawerEntry.<init>
W/dalvikvm( 3419): VFY: unable to resolve direct method 13845: Landroid/widget/FrameLayout;.<init> (Landroid/content/Context;Landroid/util/AttributeSet;II)V
D/dalvikvm( 3419): VFY: replacing opcode 0x70 at 0x0000
D/VoldCmdListener(  244): volume mkdirs /storage/sdcard1/Android/data/com.google.android.youtube/files/
E/cutils  (  244): Failed to mkdirat(/storage/sdcard1/Android): Read-only file system
W/ContextImpl( 4676): Failed to ensure directory: /storage/sdcard1/Android/data/com.google.android.youtube/files
W/Vold    (  244): Returning OperationFailed - no handler for errno 30
D/DisplayPowerController(  811): updateAmbientLux:  mLightSensorListener lux is 3.0
I/dalvikvm( 3419): Could not find method android.content.Context.getDrawable, referenced from method android.support.v4.b.g.a
W/dalvikvm( 3419): VFY: unable to resolve virtual method 891: Landroid/content/Context;.getDrawable (I)Landroid/graphics/drawable/Drawable;
D/dalvikvm( 3419): VFY: replacing opcode 0x6e at 0x0006
I/dalvikvm( 3419): Could not find method android.content.Context.getColorStateList, referenced from method android.support.v4.b.g.b
W/dalvikvm( 3419): VFY: unable to resolve virtual method 887: Landroid/content/Context;.getColorStateList (I)Landroid/content/res/ColorStateList;
D/dalvikvm( 3419): VFY: replacing opcode 0x6e at 0x0006
I/dalvikvm( 3419): Could not find method android.content.Context.getColor, referenced from method android.support.v4.b.g.c
W/dalvikvm( 3419): VFY: unable to resolve virtual method 886: Landroid/content/Context;.getColor (I)I
D/dalvikvm( 3419): VFY: replacing opcode 0x6e at 0x0006
I/dalvikvm( 3419): Could not find method android.content.Context.createDeviceProtectedStorageContext, referenced from method android.support.v4.b.g.g
W/dalvikvm( 3419): VFY: unable to resolve virtual method 877: Landroid/content/Context;.createDeviceProtectedStorageContext ()Landroid/content/Context;
D/dalvikvm( 3419): VFY: replacing opcode 0x6e at 0x0006
E/dalvikvm( 4676): Could not find class 'android.media.VolumeProvider', referenced from method agj.e
W/dalvikvm( 4676): VFY: unable to resolve check-cast 1020 (Landroid/media/VolumeProvider;) in Lagj;
D/dalvikvm( 4676): VFY: replacing opcode 0x1f at 0x007b
D/dalvikvm( 3419): GC_CONCURRENT freed 648K, 47% free 5986K/11092K, paused 6ms+4ms, total 43ms
D/DisplayPowerController(  811): updateAmbientLux:  mLightSensorListener lux is 6.0
D/LockScreen_KeyguardViewMediator(  978): setHidden false
D/LockScreen_KeyguardUpdateMonitor(  978): sendKeyguardVisibilityChanged(true)
D/LockScreen_KeyguardUpdateMonitor(  978): handleKeyguardVisibilityChanged(1)
D/LockScreen_KeyguardViewMediator(  978): setHidden false
D/LockScreen_KeyguardUpdateMonitor(  978): sendKeyguardVisibilityChanged(true)
D/LockScreen_KeyguardUpdateMonitor(  978): handleKeyguardVisibilityChanged(1)
I/dalvikvm( 4676): Could not find method android.app.Notification$Builder.setLocalOnly, referenced from method igv.a
W/dalvikvm( 4676): VFY: unable to resolve virtual method 3783: Landroid/app/Notification$Builder;.setLocalOnly (Z)Landroid/app/Notification$Builder;
D/dalvikvm( 4676): VFY: replacing opcode 0x6e at 0x00cd
D/DisplayPowerController(  811): updateAmbientLux:  mLightSensorListener lux is 8.0
D/PowerManagerService(  811): sendPendingNotificationsLocked mSendGoToSleepFinishedNotificationWhenReady = false
D/LightsService(  811):  Trun on the button and after 2000s,then turn off the button !
W/dalvikvm( 4676): VFY: unable to find class referenced in signature (Landroid/net/Network;)
W/dalvikvm( 4676): VFY: unable to find class referenced in signature ([Landroid/net/Network;)
W/dalvikvm( 4676): VFY: unable to find class referenced in signature (Landroid/net/Network;)
W/dalvikvm( 4676): VFY: unable to find class referenced in signature (Landroid/net/Network;)
W/dalvikvm( 4676): VFY: unable to find class referenced in signature (Landroid/net/Network;)
D/BackupManagerService(  811): agentConnected pkg=com.google.android.youtube agent=android.os.BinderProxy@419f7d08
I/BackupManagerService(  811): got agent android.app.IBackupAgent$Stub$Proxy@41a9ea20
D/PerformBackupTask(  811): invokeAgentForBackup on com.google.android.youtube
W/dalvikvm( 4676): VFY: unable to find class referenced in signature (Landroid/net/Network;)
V/BackupServiceBinder( 4676): doBackup() invoked
W/dalvikvm( 4676): VFY: unable to find class referenced in signature (Landroid/net/Network;)
W/dalvikvm( 4676): VFY: unable to find class referenced in signature ([Landroid/net/Network;)
W/dalvikvm( 4676): VFY: unable to find class referenced in signature (Landroid/net/Network;)
W/dalvikvm( 4676): VFY: unable to find class referenced in signature (Landroid/net/Network;)
W/dalvikvm( 4676): VFY: unable to find class referenced in signature (Landroid/net/Network;)
W/dalvikvm( 4676): VFY: unable to find class referenced in signature (Landroid/net/Network;)
W/dalvikvm( 4676): Unable to resolve superclass of Laadj; (1032)
W/dalvikvm( 4676): Link of class 'Laadj;' failed
W/dalvikvm( 4676): Unable to resolve superclass of Laadj; (1032)
W/dalvikvm( 4676): Link of class 'Laadj;' failed
W/dalvikvm( 4676): Unable to resolve superclass of Laadj; (1032)
W/dalvikvm( 4676): Link of class 'Laadj;' failed
W/dalvikvm( 4676): VFY: unable to resolve instance field 330
D/dalvikvm( 4676): VFY: replacing opcode 0x54 at 0x002f
W/dalvikvm( 4676): Unable to resolve superclass of Laadj; (1032)
W/ContextImpl(  811): Calling a method in the system process without a qualified user: android.app.ContextImpl.sendBroadcast:1213 com.android.internal.policy.impl.PhoneWindowManager.interceptKeyBeforeQueueing:4268 com.android.server.wm.InputMonitor.interceptKeyBeforeQueueing:357 com.android.server.input.InputManagerService.interceptKeyBeforeQueueing:1343 dalvik.system.NativeStart.run:-2 
W/dalvikvm( 4676): Link of class 'Laadj;' failed
W/dalvikvm( 4676): Unable to resolve superclass of Laadj; (1032)
W/dalvikvm( 4676): Link of class 'Laadj;' failed
I/dalvikvm( 4676): DexOpt: unable to optimize instance field ref 0x0149 at 0x37 in Laadr;.a
W/dalvikvm( 4676): Unable to resolve superclass of Laadj; (1032)
W/dalvikvm( 4676): Link of class 'Laadj;' failed
I/dalvikvm( 4676): DexOpt: unable to optimize instance field ref 0x014a at 0x3c in Laadr;.a
W/dalvikvm( 4676): Unable to resolve superclass of Laadj; (1032)
W/dalvikvm( 4676): Link of class 'Laadj;' failed
I/dalvikvm( 4676): DexOpt: unable to optimize instance field ref 0x0149 at 0x51 in Laadr;.a
W/dalvikvm( 4676): Unable to resolve superclass of Laadj; (1032)
W/dalvikvm( 4676): Link of class 'Laadj;' failed
E/dalvikvm( 4676): Could not find class 'aadj', referenced from method org.chromium.net.NetworkChangeNotifierAutoDetect.<init>
W/dalvikvm( 4676): VFY: unable to resolve new-instance 66 (Laadj;) in Lorg/chromium/net/NetworkChangeNotifierAutoDetect;
D/dalvikvm( 4676): VFY: replacing opcode 0x22 at 0x0024
W/dalvikvm( 4676): Unable to resolve superclass of Laadj; (1032)
W/dalvikvm( 4676): Link of class 'Laadj;' failed
W/dalvikvm( 4676): VFY: unable to find class referenced in signature (Landroid/net/Network;)
D/dalvikvm( 4676): GC_CONCURRENT freed 4672K, 43% free 6355K/11092K, paused 4ms+4ms, total 87ms
D/dalvikvm( 4676): WAIT_FOR_CONCURRENT_GC blocked 63ms
I/dalvikvm( 4676): Could not find method android.net.Network.getNetworkHandle, referenced from method org.chromium.net.NetworkChangeNotifierAutoDetect.a
W/dalvikvm( 4676): VFY: unable to resolve virtual method 1220: Landroid/net/Network;.getNetworkHandle ()J
D/dalvikvm( 4676): VFY: replacing opcode 0x6e at 0x0006
I/dalvikvm( 4676): Could not find method android.net.Network.toString, referenced from method org.chromium.net.NetworkChangeNotifierAutoDetect.a
W/dalvikvm( 4676): VFY: unable to resolve virtual method 1221: Landroid/net/Network;.toString ()Ljava/lang/String;
D/dalvikvm( 4676): VFY: replacing opcode 0x6e at 0x000b
W/dalvikvm( 4676): VFY: unable to find class referenced in signature (Landroid/net/Network;)
I/dalvikvm( 4676): Could not find method android.net.ConnectivityManager.getAllNetworks, referenced from method org.chromium.net.NetworkChangeNotifierAutoDetect.a
W/dalvikvm( 4676): VFY: unable to resolve virtual method 1217: Landroid/net/ConnectivityManager;.getAllNetworks ()[Landroid/net/Network;
D/dalvikvm( 4676): VFY: replacing opcode 0x6e at 0x0003
W/dalvikvm( 4676): Unable to resolve superclass of Laadj; (1032)
W/dalvikvm( 4676): Link of class 'Laadj;' failed
W/dalvikvm( 4676): Unable to resolve superclass of Laadj; (1032)
W/dalvikvm( 4676): Link of class 'Laadj;' failed
I/dalvikvm( 4676): Could not find method android.net.ConnectivityManager.unregisterNetworkCallback, referenced from method org.chromium.net.NetworkChangeNotifierAutoDetect.a
W/dalvikvm( 4676): VFY: unable to resolve virtual method 1218: Landroid/net/ConnectivityManager;.unregisterNetworkCallback (Landroid/net/ConnectivityManager$NetworkCallback;)V
D/dalvikvm( 4676): VFY: replacing opcode 0x6e at 0x0017
W/dalvikvm( 4676): Unable to resolve superclass of Laadj; (1032)
W/dalvikvm( 4676): Link of class 'Laadj;' failed
D/dalvikvm( 4676): DexOpt: unable to opt direct call 0x0049 at 0x26 in Lorg/chromium/net/NetworkChangeNotifierAutoDetect;.<init>
D/dalvikvm( 4676): DexOpt: unable to opt direct call 0x04d3 at 0x2d in Lorg/chromium/net/NetworkChangeNotifierAutoDetect;.<init>
W/dalvikvm( 4676): VFY: unable to find class referenced in signature (Landroid/net/Network;)
I/dalvikvm( 4676): Could not find method android.net.Network.getSocketFactory, referenced from method aadi.c
W/dalvikvm( 4676): VFY: unable to resolve virtual method 4880: Landroid/net/Network;.getSocketFactory ()Ljavax/net/SocketFactory;
D/dalvikvm( 4676): VFY: replacing opcode 0x6e at 0x0000
W/dalvikvm( 4676): VFY: unable to find class referenced in signature (Landroid/net/Network;)
I/dalvikvm( 4676): Could not find method android.net.ConnectivityManager.getNetworkInfo, referenced from method aadi.a
W/dalvikvm( 4676): VFY: unable to resolve virtual method 4876: Landroid/net/ConnectivityManager;.getNetworkInfo (Landroid/net/Network;)Landroid/net/NetworkInfo;
D/dalvikvm( 4676): VFY: replacing opcode 0x6e at 0x0003
I/dalvikvm( 4676): Could not find method android.net.ConnectivityManager.getNetworkInfo, referenced from method aadi.a
W/dalvikvm( 4676): VFY: unable to resolve virtual method 4876: Landroid/net/ConnectivityManager;.getNetworkInfo (Landroid/net/Network;)Landroid/net/NetworkInfo;
D/dalvikvm( 4676): VFY: replacing opcode 0x6e at 0x0016
W/dalvikvm( 4676): VFY: unable to find class referenced in signature (Landroid/net/Network;)
W/dalvikvm( 4676): VFY: unable to find class referenced in signature (Landroid/net/Network;)
W/dalvikvm( 4676): VFY: unable to find class referenced in signature (Landroid/net/Network;)
I/dalvikvm( 4676): Could not find method android.net.ConnectivityManager.getNetworkCapabilities, referenced from method aadi.d
W/dalvikvm( 4676): VFY: unable to resolve virtual method 4874: Landroid/net/ConnectivityManager;.getNetworkCapabilities (Landroid/net/Network;)Landroid/net/NetworkCapabilities;
D/dalvikvm( 4676): VFY: replacing opcode 0x6e at 0x0002
I/dalvikvm( 3419): Could not find method android.view.View.setOnApplyWindowInsetsListener, referenced from method bi.a
W/dalvikvm( 3419): VFY: unable to resolve virtual method 3068: Landroid/view/View;.setOnApplyWindowInsetsListener (Landroid/view/View$OnApplyWindowInsetsListener;)V
D/dalvikvm( 3419): VFY: replacing opcode 0x6e at 0x0003
I/dalvikvm( 3419): Failed resolving Lim; interface 616 'Landroid/view/View$OnApplyWindowInsetsListener;'
W/dalvikvm( 3419): Link of class 'Lim;' failed
E/dalvikvm( 3419): Could not find class 'im', referenced from method bi.a
W/dalvikvm( 3419): VFY: unable to resolve new-instance 2229 (Lim;) in Lbi;
D/dalvikvm( 3419): VFY: replacing opcode 0x22 at 0x0007
I/dalvikvm( 3419): Failed resolving Lim; interface 616 'Landroid/view/View$OnApplyWindowInsetsListener;'
W/dalvikvm( 3419): Link of class 'Lim;' failed
D/dalvikvm( 3419): DexOpt: unable to opt direct call 0x2c93 at 0x09 in Lbi;.a
I/PerformBackupTask(  811): no backup data written; not calling transport
D/PerformBackupTask(  811): starting agent for backup of BackupRequest{pkg=com.android.dialer}
I/dalvikvm( 3419): Could not find method android.net.ConnectivityManager.getAllNetworks, referenced from method com.google.android.apps.gsa.sidekick.main.am.and
W/dalvikvm( 3419): VFY: unable to resolve virtual method 1293: Landroid/net/ConnectivityManager;.getAllNetworks ()[Landroid/net/Network;
D/dalvikvm( 3419): VFY: replacing opcode 0x6e at 0x0003
I/ActivityManager(  811): Start proc com.android.dialer for backup com.android.dialer/.DialerBackupAgent: pid=4795 uid=10005 gids={50005, 3003, 1028, 1015}
D/BackupManagerService(  811): awaiting agent for ApplicationInfo{41ca7780 com.android.dialer}
I/dalvikvm( 3419): Could not find method android.content.res.Resources.getDrawable, referenced from method v.a
W/dalvikvm( 3419): VFY: unable to resolve virtual method 1544: Landroid/content/res/Resources;.getDrawable (ILandroid/content/res/Resources$Theme;)Landroid/graphics/drawable/Drawable;
D/dalvikvm( 3419): VFY: replacing opcode 0x6e at 0x0006
I/dalvikvm( 3419): Could not find method android.view.View.getTransitionName, referenced from method v.a
W/dalvikvm( 3419): VFY: unable to resolve virtual method 2990: Landroid/view/View;.getTransitionName ()Ljava/lang/String;
D/dalvikvm( 3419): VFY: replacing opcode 0x6e at 0x0013
I/dalvikvm( 3419): Could not find method android.view.View.getTransitionName, referenced from method v.a
W/dalvikvm( 3419): VFY: unable to resolve virtual method 2990: Landroid/view/View;.getTransitionName ()Ljava/lang/String;
D/dalvikvm( 3419): VFY: replacing opcode 0x6e at 0x0013
D/DisplayPowerController(  811): updateAmbientLux:  mLightSensorListener lux is 11.0
W/dalvikvm( 3419): Unable to resolve superclass of Len; (573)
W/dalvikvm( 3419): Link of class 'Len;' failed
E/dalvikvm( 3419): Could not find class 'en', referenced from method v.a
W/dalvikvm( 3419): VFY: unable to resolve new-instance 2122 (Len;) in Lv;
D/dalvikvm( 3419): VFY: replacing opcode 0x22 at 0x0004
W/dalvikvm( 3419): Unable to resolve superclass of Lei; (573)
W/dalvikvm( 3419): Link of class 'Lei;' failed
E/dalvikvm( 3419): Could not find class 'ei', referenced from method v.a
W/dalvikvm( 3419): VFY: unable to resolve new-instance 2117 (Lei;) in Lv;
D/dalvikvm( 3419): VFY: replacing opcode 0x22 at 0x000c
I/dalvikvm( 3419): Could not find method android.transition.TransitionSet.getTransitionCount, referenced from method v.a
W/dalvikvm( 3419): VFY: unable to resolve virtual method 2810: Landroid/transition/TransitionSet;.getTransitionCount ()I
D/dalvikvm( 3419): VFY: replacing opcode 0x6e at 0x000c
D/ActivityThread( 4795): handleBindApplication:com.android.dialer
D/ActivityThread( 4795): setTargetHeapUtilization:0.75
D/ActivityThread( 4795): setTargetHeapMinFree:2097152
W/ActivityManager(  811): Permission Denial: Accessing service ComponentInfo{com.google.android.music/com.google.android.music.dial.DialMediaRouteProviderService} from pid=4676, uid=10099 that is not exported from uid 10069
I/dalvikvm( 3419): Could not find method android.view.ViewGroup.isTransitionGroup, referenced from method v.a
W/dalvikvm( 3419): VFY: unable to resolve virtual method 3131: Landroid/view/ViewGroup;.isTransitionGroup ()Z
D/dalvikvm( 3419): VFY: replacing opcode 0x6e at 0x000c
I/dalvikvm( 3419): Could not find method android.view.View.getTransitionName, referenced from method v.a
W/dalvikvm( 3419): VFY: unable to resolve virtual method 2990: Landroid/view/View;.getTransitionName ()Ljava/lang/String;
D/dalvikvm( 3419): VFY: replacing opcode 0x6e at 0x0006
I/dalvikvm( 3419): Could not find method android.transition.Transition.getTargetNames, referenced from method v.a
W/dalvikvm( 3419): VFY: unable to resolve virtual method 2799: Landroid/transition/Transition;.getTargetNames ()Ljava/util/List;
D/dalvikvm( 3419): VFY: replacing opcode 0x6e at 0x000a
I/dalvikvm( 3419): Could not find method android.view.ViewParent.onNestedPreFling, referenced from method v.a
W/dalvikvm( 3419): VFY: unable to resolve interface method 3165: Landroid/view/ViewParent;.onNestedPreFling (Landroid/view/View;FF)Z
D/dalvikvm( 3419): VFY: replacing opcode 0x72 at 0x0000
I/dalvikvm( 3419): Could not find method android.view.ViewParent.onNestedFling, referenced from method v.a
W/dalvikvm( 3419): VFY: unable to resolve interface method 3164: Landroid/view/ViewParent;.onNestedFling (Landroid/view/View;FFZ)Z
D/dalvikvm( 3419): VFY: replacing opcode 0x72 at 0x0000
I/dalvikvm( 3419): Could not find method android.view.ViewParent.onStartNestedScroll, referenced from method v.a
W/dalvikvm( 3419): VFY: unable to resolve interface method 3169: Landroid/view/ViewParent;.onStartNestedScroll (Landroid/view/View;Landroid/view/View;I)Z
D/dalvikvm( 3419): VFY: replacing opcode 0x72 at 0x0000
I/dalvikvm( 3419): Could not find method android.transition.TransitionSet.getTransitionCount, referenced from method v.b
W/dalvikvm( 3419): VFY: unable to resolve virtual method 2810: Landroid/transition/TransitionSet;.getTransitionCount ()I
D/dalvikvm( 3419): VFY: replacing opcode 0x6e at 0x0009
I/CastMediaRouteProvider( 2056): in onDiscoveryRequestChanged: request=DiscoveryRequest{ selector=MediaRouteSelector{ controlCategories=[com.google.android.gms.cast.CATEGORY_CAST/233637DE] }, activeScan=false, isValid=true }
I/CastMediaRouteProvider( 2056): Logging initial network connection state.
W/dalvikvm( 3419): Unable to resolve superclass of Len; (573)
W/dalvikvm( 3419): Link of class 'Len;' failed
D/dalvikvm( 3419): DexOpt: unable to opt direct call 0x29d2 at 0x06 in Lv;.a
W/dalvikvm( 3419): Unable to resolve superclass of Lei; (573)
W/dalvikvm( 3419): Link of class 'Lei;' failed
D/dalvikvm( 3419): DexOpt: unable to opt direct call 0x29c0 at 0x0e in Lv;.a
D/dalvikvm( 3419): GC_CONCURRENT freed 1738K, 44% free 6295K/11092K, paused 3ms+5ms, total 31ms
D/dalvikvm( 3419): WAIT_FOR_CONCURRENT_GC blocked 15ms
D/dalvikvm( 3419): WAIT_FOR_CONCURRENT_GC blocked 16ms
D/DisplayPowerController(  811): updateAmbientLux:  mLightSensorListener lux is 14.0
D/ExtensionsFactory( 4795): No custom extensions.
D/BackupManagerService(  811): agentConnected pkg=com.android.dialer agent=android.os.BinderProxy@4220f890
I/BackupManagerService(  811): got agent android.app.IBackupAgent$Stub$Proxy@41b6bd90
D/PerformBackupTask(  811): invokeAgentForBackup on com.android.dialer
V/BackupServiceBinder( 4795): doBackup() invoked
D/BackupHelperDispatcher( 4795): handling existing helper 'shared_pref' android.app.backup.SharedPreferencesBackupHelper@418e9ff0
I/PerformBackupTask(  811): no backup data written; not calling transport
D/PerformBackupTask(  811): starting agent for backup of BackupRequest{pkg=com.android.providers.userdictionary}
V/BackupServiceBinder( 3996): doBackup() invoked
D/BackupManagerService(  811): awaiting agent for ApplicationInfo{41c782b0 com.android.providers.userdictionary}
D/BackupManagerService(  811): agentConnected pkg=com.android.providers.userdictionary agent=android.os.BinderProxy@422b84e8
I/BackupManagerService(  811): got agent android.app.IBackupAgent$Stub$Proxy@42237458
D/PerformBackupTask(  811): invokeAgentForBackup on com.android.providers.userdictionary
I/dalvikvm( 3419): Could not find method android.webkit.CookieManager.setAcceptThirdPartyCookies, referenced from method com.google.android.apps.gsa.search.core.bk.a
W/dalvikvm( 3419): VFY: unable to resolve virtual method 13634: Landroid/webkit/CookieManager;.setAcceptThirdPartyCookies (Landroid/webkit/WebView;Z)V
D/dalvikvm( 3419): VFY: replacing opcode 0x6e at 0x0022
D/dalvikvm( 3419): DexOpt: couldn't find field Landroid/app/ActivityManager$RecentTaskInfo;.topActivity
W/dalvikvm( 3419): VFY: unable to resolve instance field 53
D/dalvikvm( 3419): VFY: replacing opcode 0x54 at 0x0057
D/dalvikvm( 3419): DexOpt: couldn't find field Landroid/app/ActivityManager$RecentTaskInfo;.topActivity
I/dalvikvm( 3419): DexOpt: unable to optimize instance field ref 0x0035 at 0x5b in Lcom/google/android/apps/gsa/search/core/j/a;.bY
I/dalvikvm( 3419): Could not find method android.app.KeyguardManager.isDeviceLocked, referenced from method com.google.android.apps.gsa.search.core.w.aj.isDeviceLocked
W/dalvikvm( 3419): VFY: unable to resolve virtual method 551: Landroid/app/KeyguardManager;.isDeviceLocked ()Z
D/dalvikvm( 3419): VFY: replacing opcode 0x6e at 0x0008
I/ActivityManager(  811): Start proc com.google.android.partnersetup for content provider com.google.android.partnersetup/.RlzAppProvider: pid=4810 uid=10015 gids={50015, 9997, 3003}
I/PerformBackupTask(  811): no backup data written; not calling transport
D/PerformBackupTask(  811): starting agent for backup of BackupRequest{pkg=com.qti.backupagent}
I/ActivityManager(  811): Start proc com.qti.backupagent for backup com.qti.backupagent/.QtiBackupAgent: pid=4822 uid=10085 gids={50085, 1028, 1015}
D/BackupManagerService(  811): awaiting agent for ApplicationInfo{419f0d50 com.qti.backupagent}
I/Choreographer( 3419): Skipped 34 frames!  The application may be doing too much work on its main thread.
D/ActivityThread( 4810): handleBindApplication:com.google.android.partnersetup
D/ActivityThread( 4810): setTargetHeapUtilization:0.75
D/ActivityThread( 4810): setTargetHeapMinFree:2097152
D/ActivityThread( 4822): handleBindApplication:com.qti.backupagent
D/ActivityThread( 4822): setTargetHeapUtilization:0.75
D/ActivityThread( 4822): setTargetHeapMinFree:2097152
D/BackupManagerService(  811): agentConnected pkg=com.qti.backupagent agent=android.os.BinderProxy@422e61f8
I/BackupManagerService(  811): got agent android.app.IBackupAgent$Stub$Proxy@4231dd10
D/PerformBackupTask(  811): invokeAgentForBackup on com.qti.backupagent
V/BackupServiceBinder( 4822): doBackup() invoked
D/DisplayPowerController(  811): updateAmbientLux:  mLightSensorListener lux is 16.0
I/PerformBackupTask(  811): no backup data written; not calling transport
D/PerformBackupTask(  811): starting agent for backup of BackupRequest{pkg=com.android.sharedstoragebackup}
I/ActivityManager(  811): Start proc com.android.sharedstoragebackup for backup com.android.sharedstoragebackup/.SharedStorageAgent: pid=4836 uid=10029 gids={50029, 1028, 1015, 1023}
D/BackupManagerService(  811): awaiting agent for ApplicationInfo{41e16998 com.android.sharedstoragebackup}
I/ActivityManager(  811): Killing 4201:com.google.android.apps.docs/u0a50 (adj 15): empty #17
D/ActivityThread( 4836): handleBindApplication:com.android.sharedstoragebackup
D/ActivityThread( 4836): setTargetHeapUtilization:0.75
D/ActivityThread( 4836): setTargetHeapMinFree:2097152
D/LockScreen_KeyguardViewMediator(  978): setHidden false
D/LockScreen_KeyguardUpdateMonitor(  978): sendKeyguardVisibilityChanged(true)
D/LockScreen_KeyguardUpdateMonitor(  978): handleKeyguardVisibilityChanged(1)
I/Adreno-EGL( 3419): <qeglDrvAPI_eglInitialize:410>: EGL 1.4 QUALCOMM build:  ()
I/Adreno-EGL( 3419): OpenGL ES Shader Compiler Version: E031.24.02.07
I/Adreno-EGL( 3419): Build Date: 10/29/14 Wed
I/Adreno-EGL( 3419): Local Branch: 
I/Adreno-EGL( 3419): Remote Branch: 
I/Adreno-EGL( 3419): Local Patches: 
I/Adreno-EGL( 3419): Reconstruct Branch: 
V/BackupServiceBinder( 4836): doBackup() invoked
D/BackupManagerService(  811): agentConnected pkg=com.android.sharedstoragebackup agent=android.os.BinderProxy@42284df0
I/BackupManagerService(  811): got agent android.app.IBackupAgent$Stub$Proxy@4228b270
D/PerformBackupTask(  811): invokeAgentForBackup on com.android.sharedstoragebackup
I/PerformBackupTask(  811): no backup data written; not calling transport
D/PerformBackupTask(  811): starting agent for backup of BackupRequest{pkg=com.android.providers.settings}
D/BackupManagerService(  811): awaiting agent for ApplicationInfo{41e0c0e8 com.android.providers.settings}
V/BackupServiceBinder(  811): doBackup() invoked
D/DisplayPowerController(  811): updateAmbientLux:  mLightSensorListener lux is 24.0
D/BackupManagerService(  811): agentConnected pkg=com.android.providers.settings agent=android.app.backup.BackupAgent$BackupServiceBinder@4227a8a8
I/BackupManagerService(  811): got agent android.app.backup.BackupAgent$BackupServiceBinder@4227a8a8
D/PerformBackupTask(  811): invokeAgentForBackup on com.android.providers.settings
I/ActivityManager(  811): Killing 4148:com.android.musicfx/u0a21 (adj 15): empty #17
D/OpenGLRenderer( 3419): Enabling debug mode 0
D/LockScreen_KeyguardViewMediator(  978): setHidden false
D/LockScreen_KeyguardUpdateMonitor(  978): sendKeyguardVisibilityChanged(true)
D/LockScreen_KeyguardUpdateMonitor(  978): handleKeyguardVisibilityChanged(1)
I/VelvetNetworkClient( 3419): Network connection not available
D/DisplayPowerController(  811): updateAmbientLux:  mLightSensorListener lux is 61.0
I/PerformBackupTask(  811): no backup data written; not calling transport
D/PerformBackupTask(  811): starting agent for backup of BackupRequest{pkg=com.google.android.googlequicksearchbox}
D/LockScreen_KeyguardViewMediator(  978): setHidden false
D/LockScreen_KeyguardUpdateMonitor(  978): sendKeyguardVisibilityChanged(true)
D/LockScreen_KeyguardUpdateMonitor(  978): handleKeyguardVisibilityChanged(1)
D/LockScreen_KeyguardViewMediator(  978): setHidden false
D/LockScreen_KeyguardUpdateMonitor(  978): sendKeyguardVisibilityChanged(true)
D/LockScreen_KeyguardViewMediator(  978): setHidden false
D/LockScreen_KeyguardUpdateMonitor(  978): sendKeyguardVisibilityChanged(true)
D/LockScreen_KeyguardUpdateMonitor(  978): handleKeyguardVisibilityChanged(1)
D/LockScreen_KeyguardUpdateMonitor(  978): handleKeyguardVisibilityChanged(1)
I/ActivityManager(  811): Start proc com.google.android.googlequicksearchbox for backup com.google.android.googlequicksearchbox/com.google.android.apps.gsa.launcher.GelBackupAgentHelper: pid=4852 uid=10031 gids={50031, 9997, 3003, 1028, 3002, 1015}
I/ActivityManager(  811): Displayed com.google.android.googlequicksearchbox/com.google.android.apps.gsa.searchnow.SearchNowActivity: +1s702ms (total +1s830ms)
D/BackupManagerService(  811): awaiting agent for ApplicationInfo{41af7298 com.google.android.googlequicksearchbox}
I/ActivityManager(  811): Killing 3996:android.process.acore/u0a3 (adj 15): empty #17
I/Timeline(  811): Timeline: Activity_windows_visible id: ActivityRecord{4210a410 u0 com.google.android.googlequicksearchbox/com.google.android.apps.gsa.searchnow.SearchNowActivity t14} time:3176960
D/LockScreen_KeyguardViewMediator(  978): setHidden false
D/LockScreen_KeyguardUpdateMonitor(  978): sendKeyguardVisibilityChanged(true)
D/LockScreen_KeyguardUpdateMonitor(  978): handleKeyguardVisibilityChanged(1)
D/LockScreen_KeyguardViewMediator(  978): setHidden false
D/LockScreen_KeyguardUpdateMonitor(  978): sendKeyguardVisibilityChanged(true)
D/LockScreen_KeyguardUpdateMonitor(  978): handleKeyguardVisibilityChanged(1)
D/ActivityThread( 4852): handleBindApplication:com.google.android.googlequicksearchbox
D/ActivityThread( 4852): setTargetHeapUtilization:0.75
D/ActivityThread( 4852): setTargetHeapMinFree:2097152
D/dalvikvm( 4852): DexOpt: couldn't find static field Landroid/os/Build;.SUPPORTED_ABIS
W/dalvikvm( 4852): VFY: unable to resolve static field 236 (SUPPORTED_ABIS) in Landroid/os/Build;
D/dalvikvm( 4852): VFY: replacing opcode 0x62 at 0x0095
I/MultiDex( 4852): VM with version 1.6.0 does not have multidex support
I/MultiDex( 4852): install
I/MultiDex( 4852): MultiDexExtractor.load(/data/app/com.google.android.googlequicksearchbox-2.apk, false)
I/MultiDex( 4852): loading existing secondary dex files
I/MultiDex( 4852): load found 2 secondary dex files
I/MultiDex( 4852): install done
I/dalvikvm( 3419): Could not find method android.widget.LinearLayout.<init>, referenced from method com.google.android.apps.gsa.staticplugins.nowcards.ui.MetadataLineView.<init>
W/dalvikvm( 3419): VFY: unable to resolve direct method 3084: Landroid/widget/LinearLayout;.<init> (Landroid/content/Context;Landroid/util/AttributeSet;II)V
D/dalvikvm( 3419): VFY: replacing opcode 0x70 at 0x0000
I/DefaultInitializer( 4852): Initialized process com.google.android.googlequicksearchbox
D/DisplayPowerController(  811): updateAmbientLux:  mLightSensorListener lux is 82.0
D/DisplayPowerController(  811): ZTE_PM updateAutoBrightness: useAutoBrightness = true  mAmbientLuxValid = true  mAmbientLux = 26.148788
D/DisplayPowerController(  811): updateAutoBrightness: value=0.1823028 *255 = 46.487213
D/DisplayPowerController(  811): ZTE_PM mPowerRequest.screenState is 2
D/DisplayPowerController(  811): ZTE_PM_PROX disable ProxSensor while NO useProximitySensor 
D/DisplayPowerController(  811): ZTE_PM_PROX setProximitySensorEnabled enable = false
D/DisplayPowerController(  811): ZTE_PM  setLightSensorEnabled enable = true updateAutoBrightness = false
D/DisplayPowerState(  811): Updating screen state: onChanged=false, on= true, backlightChanged=true, backlight=15
I/dalvikvm( 4852): Could not find method android.content.pm.PackageManager.getUserBadgedIcon, referenced from method com.android.launcher3.Utilities.badgeIconForUser
W/dalvikvm( 4852): VFY: unable to resolve virtual method 1124: Landroid/content/pm/PackageManager;.getUserBadgedIcon (Landroid/graphics/drawable/Drawable;Landroid/os/UserHandle;)Landroid/graphics/drawable/Drawable;
D/dalvikvm( 4852): VFY: replacing opcode 0x6e at 0x001d
I/dalvikvm( 4852): Could not find method android.os.PowerManager.isPowerSaveMode, referenced from method com.android.launcher3.Utilities.isPowerSaverOn
W/dalvikvm( 4852): VFY: unable to resolve virtual method 2308: Landroid/os/PowerManager;.isPowerSaveMode ()Z
D/dalvikvm( 4852): VFY: replacing opcode 0x6e at 0x000c
I/dalvikvm( 4852): Could not find method android.content.Context.getSystemService, referenced from method com.android.launcher3.Utilities.isWallapaperAllowed
W/dalvikvm( 4852): VFY: unable to resolve virtual method 905: Landroid/content/Context;.getSystemService (Ljava/lang/Class;)Ljava/lang/Object;
D/dalvikvm( 4852): VFY: replacing opcode 0x6e at 0x0006
D/DisplayPowerState(  811): Updating screen state: onChanged=false, on= true, backlightChanged=true, backlight=22
V/BackupServiceBinder( 4852): doBackup() invoked
D/BackupManagerService(  811): agentConnected pkg=com.google.android.googlequicksearchbox agent=android.os.BinderProxy@4249c068
I/BackupManagerService(  811): got agent android.app.IBackupAgent$Stub$Proxy@41aa7ca8
D/PerformBackupTask(  811): invokeAgentForBackup on com.google.android.googlequicksearchbox
I/PerformBackupTask(  811): no backup data written; not calling transport
D/PerformBackupTask(  811): starting agent for backup of BackupRequest{pkg=com.android.vending}
I/ActivityManager(  811): Killing 4302:com.google.android.apps.magazines/u0a64 (adj 15): empty #17
D/DisplayPowerController(  811): updateAmbientLux:  mLightSensorListener lux is 42.0
D/BackupManagerService(  811): awaiting agent for ApplicationInfo{41f97308 com.android.vending}
V/BackupServiceBinder( 1461): doBackup() invoked
I/Finsky  ( 1461): [112] com.android.vending.VendingBackupAgent.onBackup(62): Backing up aid: [ffQkKSae1WbmYfLb0V4HgAmvtQE]
D/BackupManagerService(  811): agentConnected pkg=com.android.vending agent=android.os.BinderProxy@41c19868
I/BackupManagerService(  811): got agent android.app.IBackupAgent$Stub$Proxy@41c19af8
D/PerformBackupTask(  811): invokeAgentForBackup on com.android.vending
V/LocalTransport(  811): performBackup() pkg=com.android.vending
V/LocalTransport(  811): Got change set key=vending size=8 key64=dmVuZGluZw==
V/LocalTransport(  811):   data size 8
V/LocalTransport(  811): Got change set key=auto_update_enabled size=1 key64=YXV0b191cGRhdGVfZW5hYmxlZA==
V/LocalTransport(  811):   data size 1
V/LocalTransport(  811): Got change set key=update_over_wifi_only size=1 key64=dXBkYXRlX292ZXJfd2lmaV9vbmx5
V/LocalTransport(  811):   data size 1
V/LocalTransport(  811): Got change set key=auto_add_shortcuts size=1 key64=YXV0b19hZGRfc2hvcnRjdXRz
V/LocalTransport(  811):   data size 1
D/DisplayPowerState(  811): Updating screen state: onChanged=false, on= true, backlightChanged=true, backlight=32
V/LocalTransport(  811): Got change set key=notify_updates size=1 key64=bm90aWZ5X3VwZGF0ZXM=
V/LocalTransport(  811):   data size 1
V/LocalTransport(  811): Got change set key=notify_updates_completion size=1 key64=bm90aWZ5X3VwZGF0ZXNfY29tcGxldGlvbg==
V/LocalTransport(  811):   data size 1
V/LocalTransport(  811): Got change set key=content-filter-level size=4 key64=Y29udGVudC1maWx0ZXItbGV2ZWw=
V/LocalTransport(  811):   data size 4
V/LocalTransport(  811): finishBackup()
D/PerformBackupTask(  811): starting agent for backup of BackupRequest{pkg=com.google.android.apps.docs}
I/ActivityManager(  811): Start proc com.google.android.apps.docs for backup com.google.android.apps.docs/.app.backup.BackupAgent: pid=4866 uid=10050 gids={50050, 9997, 1028, 3003, 1015}
D/BackupManagerService(  811): awaiting agent for ApplicationInfo{41ce4590 com.google.android.apps.docs}
D/PowerManagerService(  811): sendPendingNotificationsLocked mSendGoToSleepFinishedNotificationWhenReady = false
D/PowerManagerService(  811): sendPendingNotificationsLocked mSendGoToSleepFinishedNotificationWhenReady = false
D/DisplayPowerState(  811): Updating screen state: onChanged=false, on= true, backlightChanged=true, backlight=42
W/GeofencerStateMachine( 1112): Ignoring removeGeofence because network location is disabled.
E/GeofenceHelper( 3419): Failed: remove geofences by PendingIntent
D/ActivityThread( 4866): handleBindApplication:com.google.android.apps.docs
D/PowerManagerService(  811): sendPendingNotificationsLocked mSendGoToSleepFinishedNotificationWhenReady = false
D/PowerManagerService(  811): sendPendingNotificationsLocked mSendGoToSleepFinishedNotificationWhenReady = false
D/ActivityThread( 4866): setTargetHeapUtilization:0.75
D/ActivityThread( 4866): setTargetHeapMinFree:2097152
D/DisplayPowerState(  811): Updating screen state: onChanged=false, on= true, backlightChanged=true, backlight=46
D/dalvikvm( 3419): GC_CONCURRENT freed 1294K, 38% free 6952K/11092K, paused 2ms+4ms, total 33ms
D/ledlog_java_com(  811): Excessive delay setting light: 66ms
D/DisplayPowerController(  811): updateAmbientLux:  mLightSensorListener lux is 31.0
I/dalvikvm( 4866): Could not find method java.util.Locale.toLanguageTag, referenced from method agh.get
W/dalvikvm( 4866): VFY: unable to resolve virtual method 49089: Ljava/util/Locale;.toLanguageTag ()Ljava/lang/String;
D/dalvikvm( 4866): VFY: replacing opcode 0x6e at 0x000e
D/DisplayPowerController(  811): updateAmbientLux:  mLightSensorListener lux is 30.0
I/dalvikvm( 4866): Could not find method android.content.pm.PackageManager.getPackageInstaller, referenced from method ize.a
W/dalvikvm( 4866): VFY: unable to resolve virtual method 2367: Landroid/content/pm/PackageManager;.getPackageInstaller ()Landroid/content/pm/PackageInstaller;
D/dalvikvm( 4866): VFY: replacing opcode 0x6e at 0x000c
I/GAv4    ( 4866): Google Analytics 8.4.87 is starting up. To enable debug logging on a device run:
I/GAv4    ( 4866):   adb shell setprop log.tag.GAv4 DEBUG
I/GAv4    ( 4866):   adb logcat -s GAv4
W/GAv4    ( 4866): AnalyticsReceiver is not registered or is disabled. Register the receiver for reliable dispatching on non-Google Play devices. See http://goo.gl/8Rd3yj for instructions.
W/GAv4    ( 4866): CampaignTrackingReceiver is not registered, not exported or is disabled. Installation campaign tracking is not possible. See http://goo.gl/8Rd3yj for instructions.
W/GAv4    ( 4866): AnalyticsService not registered in the app manifest. Hits might not be delivered reliably. See http://goo.gl/8Rd3yj for instructions.
D/DisplayPowerController(  811): updateAmbientLux:  mLightSensorListener lux is 23.0
W/dalvikvm( 4866): Unable to resolve superclass of Lcom/google/android/apps/docs/sync/content/ContentSyncJobService; (555)
W/dalvikvm( 4866): Link of class 'Lcom/google/android/apps/docs/sync/content/ContentSyncJobService;' failed
I/dalvikvm( 4866): Could not find method com.google.android.apps.docs.sync.content.ContentSyncJobService.a, referenced from method gmy.a
W/dalvikvm( 4866): VFY: unable to resolve static method 20176: Lcom/google/android/apps/docs/sync/content/ContentSyncJobService;.a (Landroid/content/Context;Lcom/google/android/libraries/docs/device/Connectivity$ConnectionType;)V
D/dalvikvm( 4866): VFY: replacing opcode 0x71 at 0x0034
V/BackupServiceBinder( 4866): doBackup() invoked
D/BackupManagerService(  811): agentConnected pkg=com.google.android.apps.docs agent=android.os.BinderProxy@422a3b40
I/BackupManagerService(  811): got agent android.app.IBackupAgent$Stub$Proxy@4211e470
D/PerformBackupTask(  811): invokeAgentForBackup on com.google.android.apps.docs
D/BackupHelperDispatcher( 4866): handling existing helper 'persistent_backup_agent_helper_prefs' android.app.backup.SharedPreferencesBackupHelper@41cac770
V/LocalTransport(  811): performBackup() pkg=com.google.android.apps.docs
V/LocalTransport(  811): Got change set key=persistent_backup_agent_helper_prefs:persistent_backup_agent_helper size=214 key64=cGVyc2lzdGVudF9iYWNrdXBfYWdlbnRfaGVscGVyX3ByZWZzOnBlcnNpc3RlbnRfYmFja3VwX2FnZW50X2hlbHBlcg==
V/LocalTransport(  811):   data size 214
V/LocalTransport(  811): finishBackup()
D/PerformBackupTask(  811): starting agent for backup of BackupRequest{pkg=com.google.android.marvin.talkback}
D/dalvikvm( 1112): GC_CONCURRENT freed 1799K, 50% free 5630K/11092K, paused 5ms+4ms, total 37ms
I/ActivityManager(  811): Start proc com.google.android.marvin.talkback for backup com.google.android.marvin.talkback/com.android.talkback.TalkBackBackupAgent: pid=4901 uid=10103 gids={50103, 9997, 3003}
D/BackupManagerService(  811): awaiting agent for ApplicationInfo{41d75c30 com.google.android.marvin.talkback}
D/dalvikvm(  811): GC_EXPLICIT freed 1462K, 20% free 13199K/16324K, paused 4ms+8ms, total 108ms
I/Choreographer( 3419): Skipped 41 frames!  The application may be doing too much work on its main thread.
D/DisplayPowerController(  811): updateAmbientLux:  mLightSensorListener lux is 21.0
I/ActivityManager(  811): Killing 2890:com.google.android.apps.plus/u0a79 (adj 15): empty #17
E/WifiManager(  811): finalize(), enter. getNameForPid(811)=system_server
D/ActivityThread( 4901): handleBindApplication:com.google.android.marvin.talkback
D/ActivityThread( 4901): setTargetHeapUtilization:0.75
D/ActivityThread( 4901): setTargetHeapMinFree:2097152
V/BackupServiceBinder( 4901): doBackup() invoked
E/dalvikvm( 3419): Could not find class 'android.media.AudioAttributes$Builder', referenced from method com.google.android.apps.gsa.speech.audio.c.a.<init>
W/dalvikvm( 3419): VFY: unable to resolve new-instance 254 (Landroid/media/AudioAttributes$Builder;) in Lcom/google/android/apps/gsa/speech/audio/c/a;
D/dalvikvm( 3419): VFY: replacing opcode 0x22 at 0x0041
D/BackupHelperDispatcher( 4901): handling existing helper 'prefsBackup' android.app.backup.SharedPreferencesBackupHelper@418f6c90
W/dalvikvm( 3419): VFY: unable to find class referenced in signature (Landroid/media/AudioAttributes;)
W/dalvikvm( 3419): VFY: unable to find class referenced in signature (Landroid/media/AudioAttributes;)
D/BackupManagerService(  811): agentConnected pkg=com.google.android.marvin.talkback agent=android.os.BinderProxy@42311738
I/BackupManagerService(  811): got agent android.app.IBackupAgent$Stub$Proxy@423483d8
D/PerformBackupTask(  811): invokeAgentForBackup on com.google.android.marvin.talkback
I/PerformBackupTask(  811): no backup data written; not calling transport
I/dalvikvm( 3419): Could not find method android.media.AudioAttributes$Builder.build, referenced from method com.google.android.apps.gsa.speech.audio.c.a.gq
W/dalvikvm( 3419): VFY: unable to resolve virtual method 1142: Landroid/media/AudioAttributes$Builder;.build ()Landroid/media/AudioAttributes;
D/dalvikvm( 3419): VFY: replacing opcode 0x6e at 0x000d
W/dalvikvm( 3419): VFY: unable to find class referenced in signature (Landroid/media/AudioAttributes;)
I/dalvikvm( 3419): Could not find method android.media.AudioAttributes$Builder.build, referenced from method com.google.android.apps.gsa.speech.audio.c.a.gq
W/dalvikvm( 3419): VFY: unable to resolve virtual method 1142: Landroid/media/AudioAttributes$Builder;.build ()Landroid/media/AudioAttributes;
D/dalvikvm( 3419): VFY: replacing opcode 0x6e at 0x0018
D/dalvikvm( 3419): DexOpt: unable to opt direct call 0x0475 at 0x43 in Lcom/google/android/apps/gsa/speech/audio/c/a;.<init>
D/dalvikvm( 3419): DexOpt: unable to opt direct call 0x0475 at 0x52 in Lcom/google/android/apps/gsa/speech/audio/c/a;.<init>
W/dalvikvm( 3419): VFY: unable to find class referenced in signature (Landroid/media/AudioAttributes;)
W/dalvikvm( 3419): VFY: unable to find class referenced in signature (Landroid/media/AudioAttributes;)
E/dalvikvm( 3419): Could not find class 'android.media.AudioFormat$Builder', referenced from method com.google.android.apps.gsa.speech.audio.d.a.<init>
W/dalvikvm( 3419): VFY: unable to resolve new-instance 256 (Landroid/media/AudioFormat$Builder;) in Lcom/google/android/apps/gsa/speech/audio/d/a;
D/dalvikvm( 3419): VFY: replacing opcode 0x22 at 0x000b
W/dalvikvm( 3419): VFY: unable to find class referenced in signature (Landroid/media/AudioAttributes;)
I/dalvikvm( 3419): Could not find method android.media.AudioFormat$Builder.build, referenced from method com.google.android.apps.gsa.speech.audio.d.a.a
W/dalvikvm( 3419): VFY: unable to resolve virtual method 1146: Landroid/media/AudioFormat$Builder;.build ()Landroid/media/AudioFormat;
D/dalvikvm( 3419): VFY: replacing opcode 0x6e at 0x000d
D/dalvikvm( 3419): DexOpt: unable to opt direct call 0x0479 at 0x0d in Lcom/google/android/apps/gsa/speech/audio/d/a;.<init>
D/dalvikvm( 3419): DexOpt: unable to opt direct call 0x0497 at 0x14 in Lcom/google/android/apps/gsa/speech/audio/d/a;.a
D/PerformBackupTask(  811): starting agent for backup of BackupRequest{pkg=com.google.android.apps.books}
D/AudioPolicyManager(  268):  getOutput() device 2, stream 1, samplingRate 0, format 0, channelMask 3, flags 0 
D/AudioPolicyManager(  268): getOutput() returns output 2
D/PowerManagerService(  811): sendPendingNotificationsLocked mSendGoToSleepFinishedNotificationWhenReady = false
D/PowerManagerService(  811): sendPendingNotificationsLocked mSendGoToSleepFinishedNotificationWhenReady = false
I/ActivityManager(  811): Start proc com.google.android.apps.books for backup com.google.android.apps.books/.app.BooksBackupAgent: pid=4916 uid=10042 gids={50042, 9997, 3003, 1028, 1015}
I/ActivityManager(  811): Killing 4372:com.android.chrome/u0a46 (adj 15): empty #17
D/BackupManagerService(  811): awaiting agent for ApplicationInfo{41ad6510 com.google.android.apps.books}
W/System.err(  811): android.provider.Settings$SettingNotFoundException: light_duration
D/LightsService(  811):  turnOffButtonLight   mButtonLightTimeout = 2000
D/ActivityThread( 4916): handleBindApplication:com.google.android.apps.books
D/ActivityThread( 4916): setTargetHeapUtilization:0.75
D/ActivityThread( 4916): setTargetHeapMinFree:2097152
W/System.err(  811): 	at android.provider.Settings$System.getIntForUser(Settings.java:1250)
W/System.err(  811): 	at android.provider.Settings$System.getInt(Settings.java:1240)
W/System.err(  811): 	at com.android.server.LightsService.turnOffButtonLight(LightsService.java:96)
W/System.err(  811): 	at com.android.server.LightsService$2.handleMessage(LightsService.java:301)
W/System.err(  811): 	at android.os.Handler.dispatchMessage(Handler.java:102)
W/System.err(  811): 	at android.os.Looper.loop(Looper.java:136)
W/System.err(  811): 	at com.android.server.ServerThread.initAndLoop(SystemServer.java:1181)
W/System.err(  811): 	at com.android.server.SystemServer.main(SystemServer.java:1306)
W/System.err(  811): 	at java.lang.reflect.Method.invokeNative(Native Method)
W/System.err(  811): 	at java.lang.reflect.Method.invoke(Method.java:515)
W/System.err(  811): 	at com.android.internal.os.ZygoteInit$MethodAndArgsCaller.run(ZygoteInit.java:786)
W/System.err(  811): 	at com.android.internal.os.ZygoteInit.main(ZygoteInit.java:602)
W/System.err(  811): 	at dalvik.system.NativeStart.main(Native Method)
W/ActivityManager(  811): Unable to start service Intent { act=com.google.android.gms.speech.service.START pkg=com.google.android.gms } U=0: not found
W/ActivityManager(  811): Unbind failed: could not find connection for android.os.BinderProxy@42227340
E/GmsClient( 3419): unable to connect to service: com.google.android.gms.speech.service.START on com.google.android.gms
D/DisplayPowerController(  811): updateAmbientLux:  mLightSensorListener lux is 23.0
D/dalvikvm( 3419): GC_FOR_ALLOC freed 1181K, 34% free 7357K/11092K, paused 33ms, total 33ms
I/MultiDex( 4916): VM with version 1.6.0 does not have multidex support
I/MultiDex( 4916): install
I/MultiDex( 4916): MultiDexExtractor.load(/data/app/com.google.android.apps.books-2.apk, false)
I/MultiDex( 4916): loading existing secondary dex files
I/AttachedClient( 3419): Adding client event 100 to pending list.
I/AttachedClient( 3419): Adding client event 114 to pending list.
I/AttachedClient( 3419): Adding client event 54 to pending list.
I/AttachedClient( 3419): Adding client event 100 to pending list.
I/AttachedClient( 3419): Adding client event 114 to pending list.
I/AttachedClient( 3419): Adding client event 2 to pending list.
D/DisplayPowerController(  811): updateAmbientLux:  mLightSensorListener lux is 26.0
I/MultiDex( 4916): load found 1 secondary dex files
I/MultiDex( 4916): install done
I/VelvetNetworkClient( 3419): Network connection not available
I/dalvikvm( 4916): Could not find method android.content.pm.PackageManager.getPackageInstaller, referenced from method com.google.android.gms.common.GooglePlayServicesUtilLight.zzt
W/dalvikvm( 4916): VFY: unable to resolve virtual method 622: Landroid/content/pm/PackageManager;.getPackageInstaller ()Landroid/content/pm/PackageInstaller;
D/dalvikvm( 4916): VFY: replacing opcode 0x6e at 0x001b
I/dalvikvm( 2056): Could not find method android.os.PowerManager.isInteractive, referenced from method jch.a
W/dalvikvm( 2056): VFY: unable to resolve virtual method 2882: Landroid/os/PowerManager;.isInteractive ()Z
D/dalvikvm( 2056): VFY: replacing opcode 0x6e at 0x0006
I/BooksApp( 4916): Created application version: 3.11.19 (31119)
W/LocationOracle( 3419): No location history returned by ContextManager
E/PeopleIS( 2056): Error retrieving image at URL https://lh5.googleusercontent.com/-PJkLMgQs4OA/AAAAAAAAAAI/AAAAAAAAADE/dD1d4vvxrdM/s180-d-no-ns-pf/photo.jpg (Error executing network request for https://lh5.googleusercontent.com/-PJkLMgQs4OA/AAAAAAAAAAI/AAAAAAAAADE/dD1d4vvxrdM/s180-d-no-ns-pf/photo.jpg [none] [VolleyError])
D/DisplayPowerController(  811): updateAmbientLux:  mLightSensorListener lux is 47.0
E/dalvikvm( 4916): Could not find class 'android.app.ActivityManager$TaskDescription', referenced from method com.google.android.ublib.actionbar.UBLibActivity.onCreate
W/dalvikvm( 4916): VFY: unable to resolve new-instance 39 (Landroid/app/ActivityManager$TaskDescription;) in Lcom/google/android/ublib/actionbar/UBLibActivity;
