D/dalvikvm( 5250): GC_CONCURRENT freed 2034K, 37% free 7085K/11092K, paused 4ms+5ms, total 58ms
D/DisplayPowerController(  811): updateAmbientLux:  mLightSensorListener lux is 3.0
D/dalvikvm( 5250): GC_CONCURRENT freed 2053K, 36% free 7103K/11092K, paused 3ms+4ms, total 42ms
D/dalvikvm( 5250): GC_CONCURRENT freed 2107K, 37% free 7043K/11092K, paused 3ms+3ms, total 41ms
D/dalvikvm( 5250): WAIT_FOR_CONCURRENT_GC blocked 21ms
D/dalvikvm( 5250): WAIT_FOR_CONCURRENT_GC blocked 21ms
D/dalvikvm( 5250): WAIT_FOR_CONCURRENT_GC blocked 22ms
D/dalvikvm( 5250): WAIT_FOR_CONCURRENT_GC blocked 22ms
D/dalvikvm( 5250): WAIT_FOR_CONCURRENT_GC blocked 22ms
D/dalvikvm( 5250): WAIT_FOR_CONCURRENT_GC blocked 21ms
D/dalvikvm( 5250): WAIT_FOR_CONCURRENT_GC blocked 22ms
D/dalvikvm( 5250): WAIT_FOR_CONCURRENT_GC blocked 23ms
D/dalvikvm( 5250): WAIT_FOR_CONCURRENT_GC blocked 23ms
D/dalvikvm( 5250): WAIT_FOR_CONCURRENT_GC blocked 23ms
D/dalvikvm( 5250): WAIT_FOR_CONCURRENT_GC blocked 19ms
D/dalvikvm( 5250): WAIT_FOR_CONCURRENT_GC blocked 25ms
D/dalvikvm( 5250): WAIT_FOR_CONCURRENT_GC blocked 22ms
D/DisplayPowerController(  811): updateAmbientLux:  mLightSensorListener lux is 4.0
D/DisplayPowerController(  811): updateAmbientLux:  mLightSensorListener lux is 6.0
D/DisplayPowerController(  811): ZTE_PM updateAutoBrightness: useAutoBrightness = true  mAmbientLuxValid = true  mAmbientLux = 3.5434823
D/DisplayPowerController(  811): updateAutoBrightness: value=0.06533592 *255 = 16.66066
D/DisplayPowerController(  811): ZTE_PM mPowerRequest.screenState is 2
D/DisplayPowerController(  811): ZTE_PM_PROX disable ProxSensor while NO useProximitySensor 
D/DisplayPowerController(  811): ZTE_PM_PROX setProximitySensorEnabled enable = false
D/DisplayPowerController(  811): ZTE_PM  setLightSensorEnabled enable = true updateAutoBrightness = false
D/DisplayPowerState(  811): Updating screen state: onChanged=false, on= true, backlightChanged=true, backlight=17
D/ledlog_java_com(  811): Excessive delay setting light: 66ms
D/dalvikvm( 5250): GC_CONCURRENT freed 1953K, 37% free 7092K/11092K, paused 3ms+4ms, total 53ms
I/System.out( 5250): -- wall approaching -- ultrasound level = 18.0
I/System.out( 5250): -- wall approaching -- ultrasound level = 17.0
I/System.out( 5250): -- wall approaching -- ultrasound level = 17.0
I/System.out( 5250): -- wall approaching -- ultrasound level = 31.0
I/System.out( 5250): -- wall approaching -- ultrasound level = 31.0
D/DisplayPowerController(  811): updateAmbientLux:  mLightSensorListener lux is 7.0
D/DisplayPowerController(  811): ZTE_PM updateAutoBrightness: useAutoBrightness = true  mAmbientLuxValid = true  mAmbientLux = 5.262183
D/DisplayPowerController(  811): updateAutoBrightness: value=0.07459067 *255 = 19.02062
D/DisplayPowerController(  811): ZTE_PM mPowerRequest.screenState is 2
D/DisplayPowerController(  811): ZTE_PM_PROX disable ProxSensor while NO useProximitySensor 
D/DisplayPowerController(  811): ZTE_PM_PROX setProximitySensorEnabled enable = false
D/DisplayPowerController(  811): ZTE_PM  setLightSensorEnabled enable = true updateAutoBrightness = false
I/System.out( 5250): Sigma2016 -- wall reached, ultrasound level=9.0
D/dalvikvm( 5250): GC_CONCURRENT freed 2066K, 36% free 7147K/11092K, paused 3ms+5ms, total 56ms
D/DisplayPowerState(  811): Updating screen state: onChanged=false, on= true, backlightChanged=true, backlight=19
D/DisplayPowerController(  811): updateAmbientLux:  mLightSensorListener lux is 6.0
D/DisplayPowerController(  811): updateAmbientLux:  mLightSensorListener lux is 7.0
D/DisplayPowerController(  811): updateAmbientLux:  mLightSensorListener lux is 5.0
I/System.out( 5250): Sigma2016 -- center light sensor read is set to true
I/System.out( 5250): Sigma2016 -- Blue While did not run for 35ms
I/System.out( 5250): Sigma2016 -- Blue While did not run for 35ms
I/System.out( 5250): --BlueNear log-- ultrasoniclevel=8.0 error=1.0 angleOffset=4.0 distance=80.0
I/System.out( 5250): --BlueNear log-- error=1.0 leftspeed=0.4 rightSpeed=0.16000000000000003 curAngle=4.0 targetAngle=0.0
I/System.out( 5250): Sigma2016 -- Blue While did not run for 31ms
I/System.out( 5250): --BlueNear log-- ultrasoniclevel=8.0 error=1.0 angleOffset=3.0 distance=80.0
I/System.out( 5250): --BlueNear log-- error=1.0 leftspeed=0.4 rightSpeed=0.22000000000000003 curAngle=3.0 targetAngle=0.0
I/System.out( 5250): Sigma2016 -- Blue While did not run for 51ms
I/System.out( 5250): Sigma2016 -- Blue While did not run for 40ms
I/System.out( 5250): Sigma2016 -- Blue While did not run for 47ms
D/dalvikvm( 5250): GC_CONCURRENT freed 2048K, 37% free 7086K/11092K, paused 4ms+5ms, total 48ms
I/System.out( 5250): Sigma2016 -- Blue While did not run for 42ms
D/DisplayPowerController(  811): updateAmbientLux:  mLightSensorListener lux is 6.0
I/System.out( 5250): Sigma2016 -- Blue While did not run for 46ms
I/System.out( 5250): Sigma2016 -- Blue While did not run for 39ms
I/System.out( 5250): --BlueNear log-- ultrasoniclevel=6.0 error=-1.0 angleOffset=-3.0 distance=80.0
I/System.out( 5250): --BlueNear log-- error=-1.0 leftspeed=0.22000000000000003 rightSpeed=0.4 curAngle=-3.0 targetAngle=0.0
I/System.out( 5250): --BlueNear log-- ultrasoniclevel=8.0 error=1.0 angleOffset=-3.0 distance=80.0
I/System.out( 5250): --BlueNear log-- error=1.0 leftspeed=0.22000000000000003 rightSpeed=0.4 curAngle=-3.0 targetAngle=0.0
I/System.out( 5250): --BlueNear log-- ultrasoniclevel=8.0 error=1.0 angleOffset=-3.0 distance=80.0
I/System.out( 5250): --BlueNear log-- error=1.0 leftspeed=0.22000000000000003 rightSpeed=0.4 curAngle=-3.0 targetAngle=0.0
I/System.out( 5250): --BlueNear log-- ultrasoniclevel=8.0 error=1.0 angleOffset=-3.0 distance=80.0
I/System.out( 5250): --BlueNear log-- error=1.0 leftspeed=0.22000000000000003 rightSpeed=0.4 curAngle=-3.0 targetAngle=0.0
I/System.out( 5250): --BlueNear log-- ultrasoniclevel=8.0 error=1.0 angleOffset=-3.0 distance=80.0
I/System.out( 5250): --BlueNear log-- error=1.0 leftspeed=0.22000000000000003 rightSpeed=0.4 curAngle=-3.0 targetAngle=0.0
I/System.out( 5250): Sigma2016 -- Blue While did not run for 34ms
I/System.out( 5250): --BlueNear log-- ultrasoniclevel=7.0 error=0.0 angleOffset=-2.0 distance=80.0
I/System.out( 5250): --BlueNear log-- error=0.0 leftspeed=0.28 rightSpeed=0.4 curAngle=-2.0 targetAngle=0.0
I/System.out( 5250): Sigma2016 -- Blue While did not run for 36ms
I/System.out( 5250): --BlueNear log-- ultrasoniclevel=8.0 error=1.0 angleOffset=-1.0 distance=80.0
I/System.out( 5250): --BlueNear log-- error=1.0 leftspeed=0.34 rightSpeed=0.4 curAngle=-1.0 targetAngle=0.0
I/System.out( 5250): --BlueNear log-- ultrasoniclevel=8.0 error=1.0 angleOffset=-1.0 distance=80.0
I/System.out( 5250): --BlueNear log-- error=1.0 leftspeed=0.34 rightSpeed=0.4 curAngle=-1.0 targetAngle=0.0
I/System.out( 5250): Sigma2016 -- Blue While did not run for 36ms
I/System.out( 5250): --BlueNear log-- ultrasoniclevel=8.0 error=1.0 angleOffset=0.0 distance=80.0
I/System.out( 5250): --BlueNear log-- error=1.0 leftspeed=0.4 rightSpeed=0.4 curAngle=0.0 targetAngle=0.0
I/System.out( 5250): --BlueNear log-- ultrasoniclevel=8.0 error=1.0 angleOffset=0.0 distance=80.0
I/System.out( 5250): --BlueNear log-- error=1.0 leftspeed=0.4 rightSpeed=0.4 curAngle=0.0 targetAngle=0.0
I/System.out( 5250): Sigma2016 -- Blue While did not run for 44ms
D/DisplayPowerController(  811): updateAmbientLux:  mLightSensorListener lux is 5.0
I/System.out( 5250): Sigma2016 -- Blue While did not run for 49ms
I/System.out( 5250): Sigma2016 -- Blue While did not run for 36ms
I/System.out( 5250): Sigma2016 -- Blue While did not run for 44ms
I/System.out( 5250): Sigma2016 -- Blue While did not run for 39ms
I/System.out( 5250): --BlueNear log-- ultrasoniclevel=8.0 error=1.0 angleOffset=8.0 distance=80.0
I/System.out( 5250): --BlueNear log-- error=1.0 leftspeed=0.4 rightSpeed=0.0 curAngle=8.0 targetAngle=0.0
I/System.out( 5250): --BlueNear log-- ultrasoniclevel=8.0 error=1.0 angleOffset=8.0 distance=80.0
I/System.out( 5250): --BlueNear log-- error=1.0 leftspeed=0.4 rightSpeed=0.0 curAngle=8.0 targetAngle=0.0
D/DisplayPowerController(  811): updateAmbientLux:  mLightSensorListener lux is 4.0
I/System.out( 5250): Sigma2016 -- Blue While did not run for 35ms
I/System.out( 5250): --BlueNear log-- ultrasoniclevel=10.0 error=3.0 angleOffset=8.0 distance=80.0
I/System.out( 5250): --BlueNear log-- error=3.0 leftspeed=0.4 rightSpeed=0.14 curAngle=8.0 targetAngle=-5.0
I/dalvikvm( 5250): Jit: resizing JitTable from 4096 to 8192
I/System.out( 5250): --BlueNear log-- ultrasoniclevel=10.0 error=3.0 angleOffset=8.0 distance=80.0
I/System.out( 5250): --BlueNear log-- error=3.0 leftspeed=0.4 rightSpeed=0.14 curAngle=8.0 targetAngle=-5.0
D/dalvikvm( 5250): GC_CONCURRENT freed 2040K, 36% free 7127K/11092K, paused 3ms+5ms, total 62ms
I/System.out( 5250): --BlueNear log-- ultrasoniclevel=10.0 error=3.0 angleOffset=8.0 distance=80.0
I/System.out( 5250): --BlueNear log-- error=3.0 leftspeed=0.4 rightSpeed=0.14 curAngle=8.0 targetAngle=-5.0
I/System.out( 5250): --BlueNear log-- ultrasoniclevel=10.0 error=3.0 angleOffset=8.0 distance=80.0
I/System.out( 5250): --BlueNear log-- error=3.0 leftspeed=0.4 rightSpeed=0.14 curAngle=8.0 targetAngle=-5.0
I/System.out( 5250): --BlueNear log-- ultrasoniclevel=10.0 error=3.0 angleOffset=8.0 distance=80.0
I/System.out( 5250): --BlueNear log-- error=3.0 leftspeed=0.4 rightSpeed=0.14 curAngle=8.0 targetAngle=-5.0
D/DisplayPowerController(  811): updateAmbientLux:  mLightSensorListener lux is 6.0
I/System.out( 5250): --BlueNear log-- ultrasoniclevel=11.0 error=4.0 angleOffset=8.0 distance=80.0
I/System.out( 5250): --BlueNear log-- error=4.0 leftspeed=0.4 rightSpeed=0.14 curAngle=8.0 targetAngle=-5.0
I/System.out( 5250): --BlueNear log-- ultrasoniclevel=11.0 error=4.0 angleOffset=8.0 distance=80.0
I/System.out( 5250): --BlueNear log-- error=4.0 leftspeed=0.4 rightSpeed=0.14 curAngle=8.0 targetAngle=-5.0
I/System.out( 5250): --BlueNear log-- ultrasoniclevel=11.0 error=4.0 angleOffset=8.0 distance=80.0
I/System.out( 5250): --BlueNear log-- error=4.0 leftspeed=0.4 rightSpeed=0.14 curAngle=8.0 targetAngle=-5.0
I/System.out( 5250): --BlueNear log-- ultrasoniclevel=11.0 error=4.0 angleOffset=8.0 distance=80.0
I/System.out( 5250): --BlueNear log-- error=4.0 leftspeed=0.4 rightSpeed=0.14 curAngle=8.0 targetAngle=-5.0
I/System.out( 5250): --BlueNear log-- ultrasoniclevel=11.0 error=4.0 angleOffset=8.0 distance=80.0
I/System.out( 5250): --BlueNear log-- error=4.0 leftspeed=0.4 rightSpeed=0.14 curAngle=8.0 targetAngle=-5.0
I/System.out( 5250): --BlueNear log-- ultrasoniclevel=11.0 error=4.0 angleOffset=8.0 distance=80.0
I/System.out( 5250): --BlueNear log-- error=4.0 leftspeed=0.4 rightSpeed=0.14 curAngle=8.0 targetAngle=-5.0
I/System.out( 5250): Sigma2016 -- Blue While did not run for 30ms
I/System.out( 5250): --BlueNear log-- ultrasoniclevel=12.0 error=5.0 angleOffset=8.0 distance=80.0
I/System.out( 5250): --BlueNear log-- error=5.0 leftspeed=0.4 rightSpeed=0.14 curAngle=8.0 targetAngle=-5.0
I/System.out( 5250): --BlueNear log-- ultrasoniclevel=12.0 error=5.0 angleOffset=8.0 distance=80.0
I/System.out( 5250): --BlueNear log-- error=5.0 leftspeed=0.4 rightSpeed=0.14 curAngle=8.0 targetAngle=-5.0
I/System.out( 5250): --BlueNear log-- ultrasoniclevel=12.0 error=5.0 angleOffset=8.0 distance=80.0
I/System.out( 5250): --BlueNear log-- error=5.0 leftspeed=0.4 rightSpeed=0.14 curAngle=8.0 targetAngle=-5.0
I/System.out( 5250): --BlueNear log-- ultrasoniclevel=12.0 error=5.0 angleOffset=8.0 distance=80.0
I/System.out( 5250): --BlueNear log-- error=5.0 leftspeed=0.4 rightSpeed=0.14 curAngle=8.0 targetAngle=-5.0
I/System.out( 5250): --BlueNear log-- ultrasoniclevel=12.0 error=5.0 angleOffset=8.0 distance=80.0
I/System.out( 5250): --BlueNear log-- error=5.0 leftspeed=0.4 rightSpeed=0.14 curAngle=8.0 targetAngle=-5.0
I/System.out( 5250): --BlueNear log-- ultrasoniclevel=13.0 error=6.0 angleOffset=8.0 distance=80.0
I/System.out( 5250): --BlueNear log-- error=6.0 leftspeed=0.4 rightSpeed=0.14 curAngle=8.0 targetAngle=-5.0
I/System.out( 5250): --BlueNear log-- ultrasoniclevel=13.0 error=6.0 angleOffset=8.0 distance=80.0
I/System.out( 5250): --BlueNear log-- error=6.0 leftspeed=0.4 rightSpeed=0.14 curAngle=8.0 targetAngle=-5.0
I/System.out( 5250): --BlueNear log-- ultrasoniclevel=13.0 error=6.0 angleOffset=8.0 distance=80.0
I/System.out( 5250): --BlueNear log-- error=6.0 leftspeed=0.4 rightSpeed=0.14 curAngle=8.0 targetAngle=-5.0
I/System.out( 5250): --BlueNear log-- ultrasoniclevel=13.0 error=6.0 angleOffset=8.0 distance=80.0
I/System.out( 5250): --BlueNear log-- error=6.0 leftspeed=0.4 rightSpeed=0.14 curAngle=8.0 targetAngle=-5.0
I/System.out( 5250): --BlueNear log-- ultrasoniclevel=13.0 error=6.0 angleOffset=8.0 distance=80.0
I/System.out( 5250): --BlueNear log-- error=6.0 leftspeed=0.4 rightSpeed=0.14 curAngle=8.0 targetAngle=-5.0
I/System.out( 5250): --BlueNear log-- ultrasoniclevel=13.0 error=6.0 angleOffset=8.0 distance=80.0
I/System.out( 5250): --BlueNear log-- error=6.0 leftspeed=0.4 rightSpeed=0.14 curAngle=8.0 targetAngle=-5.0
I/System.out( 5250): --BlueNear log-- ultrasoniclevel=13.0 error=6.0 angleOffset=8.0 distance=80.0
I/System.out( 5250): --BlueNear log-- error=6.0 leftspeed=0.4 rightSpeed=0.14 curAngle=8.0 targetAngle=-5.0
I/System.out( 5250): --BlueNear log-- ultrasoniclevel=13.0 error=6.0 angleOffset=8.0 distance=80.0
I/System.out( 5250): --BlueNear log-- error=6.0 leftspeed=0.4 rightSpeed=0.14 curAngle=8.0 targetAngle=-5.0
I/System.out( 5250): --BlueNear log-- ultrasoniclevel=13.0 error=6.0 angleOffset=8.0 distance=80.0
I/System.out( 5250): --BlueNear log-- error=6.0 leftspeed=0.4 rightSpeed=0.14 curAngle=8.0 targetAngle=-5.0
I/System.out( 5250): --BlueNear log-- ultrasoniclevel=12.0 error=5.0 angleOffset=8.0 distance=80.0
I/System.out( 5250): --BlueNear log-- error=5.0 leftspeed=0.4 rightSpeed=0.14 curAngle=8.0 targetAngle=-5.0
I/System.out( 5250): --BlueNear log-- ultrasoniclevel=12.0 error=5.0 angleOffset=8.0 distance=80.0
I/System.out( 5250): --BlueNear log-- error=5.0 leftspeed=0.4 rightSpeed=0.14 curAngle=8.0 targetAngle=-5.0
I/System.out( 5250): --BlueNear log-- ultrasoniclevel=12.0 error=5.0 angleOffset=8.0 distance=80.0
I/System.out( 5250): --BlueNear log-- error=5.0 leftspeed=0.4 rightSpeed=0.14 curAngle=8.0 targetAngle=-5.0
I/System.out( 5250): --BlueNear log-- ultrasoniclevel=12.0 error=5.0 angleOffset=8.0 distance=80.0
I/System.out( 5250): --BlueNear log-- error=5.0 leftspeed=0.4 rightSpeed=0.14 curAngle=8.0 targetAngle=-5.0
I/System.out( 5250): --BlueNear log-- ultrasoniclevel=12.0 error=5.0 angleOffset=8.0 distance=80.0
I/System.out( 5250): --BlueNear log-- error=5.0 leftspeed=0.4 rightSpeed=0.14 curAngle=8.0 targetAngle=-5.0
I/System.out( 5250): --BlueNear log-- ultrasoniclevel=12.0 error=5.0 angleOffset=8.0 distance=80.0
I/System.out( 5250): --BlueNear log-- error=5.0 leftspeed=0.4 rightSpeed=0.14 curAngle=8.0 targetAngle=-5.0
I/System.out( 5250): --BlueNear log-- ultrasoniclevel=12.0 error=5.0 angleOffset=8.0 distance=80.0
I/System.out( 5250): --BlueNear log-- error=5.0 leftspeed=0.4 rightSpeed=0.14 curAngle=8.0 targetAngle=-5.0
I/System.out( 5250): --BlueNear log-- ultrasoniclevel=12.0 error=5.0 angleOffset=8.0 distance=80.0
I/System.out( 5250): --BlueNear log-- error=5.0 leftspeed=0.4 rightSpeed=0.14 curAngle=8.0 targetAngle=-5.0
I/System.out( 5250): --BlueNear log-- ultrasoniclevel=12.0 error=5.0 angleOffset=8.0 distance=80.0
I/System.out( 5250): --BlueNear log-- error=5.0 leftspeed=0.4 rightSpeed=0.14 curAngle=8.0 targetAngle=-5.0
I/System.out( 5250): --BlueNear log-- ultrasoniclevel=12.0 error=5.0 angleOffset=8.0 distance=80.0
I/System.out( 5250): --BlueNear log-- error=5.0 leftspeed=0.4 rightSpeed=0.14 curAngle=8.0 targetAngle=-5.0
I/System.out( 5250): --BlueNear log-- ultrasoniclevel=12.0 error=5.0 angleOffset=8.0 distance=80.0
I/System.out( 5250): --BlueNear log-- error=5.0 leftspeed=0.4 rightSpeed=0.14 curAngle=8.0 targetAngle=-5.0
I/System.out( 5250): --BlueNear log-- ultrasoniclevel=12.0 error=5.0 angleOffset=8.0 distance=80.0
I/System.out( 5250): --BlueNear log-- error=5.0 leftspeed=0.4 rightSpeed=0.14 curAngle=8.0 targetAngle=-5.0
D/dalvikvm( 5250): GC_CONCURRENT freed 2123K, 36% free 7126K/11092K, paused 3ms+4ms, total 45ms
I/System.out( 5250): --BlueNear log-- ultrasoniclevel=13.0 error=6.0 angleOffset=8.0 distance=80.0
I/System.out( 5250): --BlueNear log-- error=6.0 leftspeed=0.4 rightSpeed=0.14 curAngle=8.0 targetAngle=-5.0
I/System.out( 5250): Sigma2016 -- Blue While did not run for 34ms
I/System.out( 5250): --BlueNear log-- ultrasoniclevel=13.0 error=6.0 angleOffset=7.0 distance=80.0
I/System.out( 5250): --BlueNear log-- error=6.0 leftspeed=0.4 rightSpeed=0.16000000000000003 curAngle=7.0 targetAngle=-5.0
I/System.out( 5250): Sigma2016 -- Blue While did not run for 47ms
I/System.out( 5250): --BlueNear log-- ultrasoniclevel=13.0 error=6.0 angleOffset=6.0 distance=80.0
I/System.out( 5250): --BlueNear log-- error=6.0 leftspeed=0.4 rightSpeed=0.18000000000000002 curAngle=6.0 targetAngle=-5.0
I/System.out( 5250): --BlueNear log-- ultrasoniclevel=13.0 error=6.0 angleOffset=6.0 distance=80.0
I/System.out( 5250): --BlueNear log-- error=6.0 leftspeed=0.4 rightSpeed=0.18000000000000002 curAngle=6.0 targetAngle=-5.0
I/System.out( 5250): Sigma2016 -- Blue While did not run for 43ms
I/System.out( 5250): Sigma2016 -- Blue While did not run for 40ms
I/System.out( 5250): Sigma2016 -- Blue While did not run for 43ms
I/System.out( 5250): Sigma2016 -- Blue While did not run for 40ms
I/System.out( 5250): Sigma2016 -- Blue While did not run for 59ms
I/System.out( 5250): --BlueNear log-- ultrasoniclevel=28.0 error=21.0 angleOffset=0.0 distance=80.0
I/System.out( 5250): --BlueNear log-- error=21.0 leftspeed=0.4 rightSpeed=0.30000000000000004 curAngle=0.0 targetAngle=-5.0
I/System.out( 5250): --BlueNear log-- ultrasoniclevel=28.0 error=21.0 angleOffset=0.0 distance=80.0
I/System.out( 5250): --BlueNear log-- error=21.0 leftspeed=0.4 rightSpeed=0.30000000000000004 curAngle=0.0 targetAngle=-5.0
D/DisplayPowerController(  811): updateAmbientLux:  mLightSensorListener lux is 7.0
I/System.out( 5250): Sigma2016 -- Blue While did not run for 46ms
I/System.out( 5250): Sigma2016 -- Blue While did not run for 33ms
I/System.out( 5250): --BlueNear log-- ultrasoniclevel=28.0 error=21.0 angleOffset=-2.0 distance=80.0
I/System.out( 5250): --BlueNear log-- error=21.0 leftspeed=0.4 rightSpeed=0.34 curAngle=-2.0 targetAngle=-5.0
I/System.out( 5250): --BlueNear log-- ultrasoniclevel=28.0 error=21.0 angleOffset=-2.0 distance=80.0
I/System.out( 5250): --BlueNear log-- error=21.0 leftspeed=0.4 rightSpeed=0.34 curAngle=-2.0 targetAngle=-5.0
I/System.out( 5250): --BlueNear log-- ultrasoniclevel=28.0 error=21.0 angleOffset=-2.0 distance=80.0
I/System.out( 5250): --BlueNear log-- error=21.0 leftspeed=0.4 rightSpeed=0.34 curAngle=-2.0 targetAngle=-5.0
D/DisplayPowerController(  811): updateAmbientLux:  mLightSensorListener lux is 8.0
I/System.out( 5250): --BlueNear log-- ultrasoniclevel=28.0 error=21.0 angleOffset=-2.0 distance=80.0
I/System.out( 5250): --BlueNear log-- error=21.0 leftspeed=0.4 rightSpeed=0.34 curAngle=-2.0 targetAngle=-5.0
I/System.out( 5250): Sigma2016 -- Blue While did not run for 40ms
I/System.out( 5250): --BlueNear log-- ultrasoniclevel=27.0 error=20.0 angleOffset=-3.0 distance=80.0
I/System.out( 5250): --BlueNear log-- error=20.0 leftspeed=0.4 rightSpeed=0.36000000000000004 curAngle=-3.0 targetAngle=-5.0
I/System.out( 5250): --BlueNear log-- ultrasoniclevel=27.0 error=20.0 angleOffset=-3.0 distance=80.0
I/System.out( 5250): --BlueNear log-- error=20.0 leftspeed=0.4 rightSpeed=0.36000000000000004 curAngle=-3.0 targetAngle=-5.0
I/System.out( 5250): --BlueNear log-- ultrasoniclevel=27.0 error=20.0 angleOffset=-3.0 distance=80.0
I/System.out( 5250): --BlueNear log-- error=20.0 leftspeed=0.4 rightSpeed=0.36000000000000004 curAngle=-3.0 targetAngle=-5.0
I/System.out( 5250): --BlueNear log-- ultrasoniclevel=27.0 error=20.0 angleOffset=-3.0 distance=80.0
I/System.out( 5250): --BlueNear log-- error=20.0 leftspeed=0.4 rightSpeed=0.36000000000000004 curAngle=-3.0 targetAngle=-5.0
I/System.out( 5250): --BlueNear log-- ultrasoniclevel=27.0 error=20.0 angleOffset=-3.0 distance=80.0
I/System.out( 5250): --BlueNear log-- error=20.0 leftspeed=0.4 rightSpeed=0.36000000000000004 curAngle=-3.0 targetAngle=-5.0
I/System.out( 5250): --BlueNear log-- ultrasoniclevel=27.0 error=20.0 angleOffset=-3.0 distance=80.0
I/System.out( 5250): --BlueNear log-- error=20.0 leftspeed=0.4 rightSpeed=0.36000000000000004 curAngle=-3.0 targetAngle=-5.0
I/System.out( 5250): --BlueNear log-- ultrasoniclevel=27.0 error=20.0 angleOffset=-3.0 distance=80.0
I/System.out( 5250): --BlueNear log-- error=20.0 leftspeed=0.4 rightSpeed=0.36000000000000004 curAngle=-3.0 targetAngle=-5.0
I/System.out( 5250): --BlueNear log-- ultrasoniclevel=27.0 error=20.0 angleOffset=-3.0 distance=80.0
I/System.out( 5250): --BlueNear log-- error=20.0 leftspeed=0.4 rightSpeed=0.36000000000000004 curAngle=-3.0 targetAngle=-5.0
D/dalvikvm( 5250): GC_CONCURRENT freed 2074K, 36% free 7104K/11092K, paused 4ms+4ms, total 37ms
I/System.out( 5250): --BlueNear log-- ultrasoniclevel=27.0 error=20.0 angleOffset=-3.0 distance=80.0
I/System.out( 5250): --BlueNear log-- error=20.0 leftspeed=0.4 rightSpeed=0.36000000000000004 curAngle=-3.0 targetAngle=-5.0
I/System.out( 5250): --BlueNear log-- ultrasoniclevel=27.0 error=20.0 angleOffset=-3.0 distance=80.0
I/System.out( 5250): --BlueNear log-- error=20.0 leftspeed=0.4 rightSpeed=0.36000000000000004 curAngle=-3.0 targetAngle=-5.0
I/System.out( 5250): --BlueNear log-- ultrasoniclevel=27.0 error=20.0 angleOffset=-3.0 distance=80.0
I/System.out( 5250): --BlueNear log-- error=20.0 leftspeed=0.4 rightSpeed=0.36000000000000004 curAngle=-3.0 targetAngle=-5.0
I/System.out( 5250): --BlueNear log-- ultrasoniclevel=27.0 error=20.0 angleOffset=-3.0 distance=80.0
I/System.out( 5250): --BlueNear log-- error=20.0 leftspeed=0.4 rightSpeed=0.36000000000000004 curAngle=-3.0 targetAngle=-5.0
I/System.out( 5250): --BlueNear log-- ultrasoniclevel=27.0 error=20.0 angleOffset=-3.0 distance=80.0
I/System.out( 5250): --BlueNear log-- error=20.0 leftspeed=0.4 rightSpeed=0.36000000000000004 curAngle=-3.0 targetAngle=-5.0
I/System.out( 5250): --BlueNear log-- ultrasoniclevel=27.0 error=20.0 angleOffset=-3.0 distance=80.0
I/System.out( 5250): --BlueNear log-- error=20.0 leftspeed=0.4 rightSpeed=0.36000000000000004 curAngle=-3.0 targetAngle=-5.0
I/System.out( 5250): --BlueNear log-- ultrasoniclevel=27.0 error=20.0 angleOffset=-3.0 distance=80.0
I/System.out( 5250): --BlueNear log-- error=20.0 leftspeed=0.4 rightSpeed=0.36000000000000004 curAngle=-3.0 targetAngle=-5.0
I/System.out( 5250): --BlueNear log-- ultrasoniclevel=27.0 error=20.0 angleOffset=-3.0 distance=80.0
I/System.out( 5250): --BlueNear log-- error=20.0 leftspeed=0.4 rightSpeed=0.36000000000000004 curAngle=-3.0 targetAngle=-5.0
I/System.out( 5250): --BlueNear log-- ultrasoniclevel=27.0 error=20.0 angleOffset=-3.0 distance=80.0
I/System.out( 5250): --BlueNear log-- error=20.0 leftspeed=0.4 rightSpeed=0.36000000000000004 curAngle=-3.0 targetAngle=-5.0
I/System.out( 5250): --BlueNear log-- ultrasoniclevel=27.0 error=20.0 angleOffset=-3.0 distance=80.0
I/System.out( 5250): --BlueNear log-- error=20.0 leftspeed=0.4 rightSpeed=0.36000000000000004 curAngle=-3.0 targetAngle=-5.0
I/System.out( 5250): --BlueNear log-- ultrasoniclevel=27.0 error=20.0 angleOffset=-3.0 distance=80.0
I/System.out( 5250): --BlueNear log-- error=20.0 leftspeed=0.4 rightSpeed=0.36000000000000004 curAngle=-3.0 targetAngle=-5.0
I/System.out( 5250): --BlueNear log-- ultrasoniclevel=27.0 error=20.0 angleOffset=-3.0 distance=80.0
I/System.out( 5250): --BlueNear log-- error=20.0 leftspeed=0.4 rightSpeed=0.36000000000000004 curAngle=-3.0 targetAngle=-5.0
I/System.out( 5250): --BlueNear log-- ultrasoniclevel=27.0 error=20.0 angleOffset=-3.0 distance=80.0
I/System.out( 5250): --BlueNear log-- error=20.0 leftspeed=0.4 rightSpeed=0.36000000000000004 curAngle=-3.0 targetAngle=-5.0
I/System.out( 5250): Sigma2016 -- Blue While did not run for 42ms
I/System.out( 5250): --BlueNear log-- ultrasoniclevel=26.0 error=19.0 angleOffset=-2.0 distance=80.0
I/System.out( 5250): --BlueNear log-- error=19.0 leftspeed=0.4 rightSpeed=0.34 curAngle=-2.0 targetAngle=-5.0
I/System.out( 5250): --BlueNear log-- ultrasoniclevel=26.0 error=19.0 angleOffset=-2.0 distance=80.0
I/System.out( 5250): --BlueNear log-- error=19.0 leftspeed=0.4 rightSpeed=0.34 curAngle=-2.0 targetAngle=-5.0
I/System.out( 5250): --BlueNear log-- ultrasoniclevel=26.0 error=19.0 angleOffset=-2.0 distance=80.0
I/System.out( 5250): --BlueNear log-- error=19.0 leftspeed=0.4 rightSpeed=0.34 curAngle=-2.0 targetAngle=-5.0
D/DisplayPowerController(  811): updateAmbientLux:  mLightSensorListener lux is 7.0
I/System.out( 5250): Sigma2016 -- Blue While did not run for 37ms
I/System.out( 5250): --BlueNear log-- ultrasoniclevel=27.0 error=20.0 angleOffset=-2.0 distance=80.0
I/System.out( 5250): --BlueNear log-- error=20.0 leftspeed=0.4 rightSpeed=0.34 curAngle=-2.0 targetAngle=-5.0
I/System.out( 5250): --BlueNear log-- ultrasoniclevel=27.0 error=20.0 angleOffset=-2.0 distance=80.0
I/System.out( 5250): --BlueNear log-- error=20.0 leftspeed=0.4 rightSpeed=0.34 curAngle=-2.0 targetAngle=-5.0
I/System.out( 5250): --BlueNear log-- ultrasoniclevel=27.0 error=20.0 angleOffset=-2.0 distance=80.0
I/System.out( 5250): --BlueNear log-- error=20.0 leftspeed=0.4 rightSpeed=0.34 curAngle=-2.0 targetAngle=-5.0
I/System.out( 5250): --BlueNear log-- ultrasoniclevel=27.0 error=20.0 angleOffset=-2.0 distance=80.0
I/System.out( 5250): --BlueNear log-- error=20.0 leftspeed=0.4 rightSpeed=0.34 curAngle=-2.0 targetAngle=-5.0
I/System.out( 5250): --BlueNear log-- ultrasoniclevel=27.0 error=20.0 angleOffset=-2.0 distance=80.0
I/System.out( 5250): --BlueNear log-- error=20.0 leftspeed=0.4 rightSpeed=0.34 curAngle=-2.0 targetAngle=-5.0
I/System.out( 5250): --BlueNear log-- ultrasoniclevel=27.0 error=20.0 angleOffset=-2.0 distance=80.0
I/System.out( 5250): --BlueNear log-- error=20.0 leftspeed=0.4 rightSpeed=0.34 curAngle=-2.0 targetAngle=-5.0
I/System.out( 5250): --BlueNear log-- ultrasoniclevel=27.0 error=20.0 angleOffset=-2.0 distance=80.0
I/System.out( 5250): --BlueNear log-- error=20.0 leftspeed=0.4 rightSpeed=0.34 curAngle=-2.0 targetAngle=-5.0
I/System.out( 5250): --BlueNear log-- ultrasoniclevel=27.0 error=20.0 angleOffset=-2.0 distance=80.0
I/System.out( 5250): --BlueNear log-- error=20.0 leftspeed=0.4 rightSpeed=0.34 curAngle=-2.0 targetAngle=-5.0
I/System.out( 5250): --BlueNear log-- ultrasoniclevel=27.0 error=20.0 angleOffset=-2.0 distance=80.0
I/System.out( 5250): --BlueNear log-- error=20.0 leftspeed=0.4 rightSpeed=0.34 curAngle=-2.0 targetAngle=-5.0
I/System.out( 5250): --BlueNear log-- ultrasoniclevel=27.0 error=20.0 angleOffset=-2.0 distance=80.0
I/System.out( 5250): --BlueNear log-- error=20.0 leftspeed=0.4 rightSpeed=0.34 curAngle=-2.0 targetAngle=-5.0
I/System.out( 5250): --BlueNear log-- ultrasoniclevel=27.0 error=20.0 angleOffset=-2.0 distance=80.0
I/System.out( 5250): --BlueNear log-- error=20.0 leftspeed=0.4 rightSpeed=0.34 curAngle=-2.0 targetAngle=-5.0
I/System.out( 5250): --BlueNear log-- ultrasoniclevel=27.0 error=20.0 angleOffset=-2.0 distance=80.0
I/System.out( 5250): --BlueNear log-- error=20.0 leftspeed=0.4 rightSpeed=0.34 curAngle=-2.0 targetAngle=-5.0
I/System.out( 5250): --BlueNear log-- ultrasoniclevel=27.0 error=20.0 angleOffset=-2.0 distance=80.0
I/System.out( 5250): --BlueNear log-- error=20.0 leftspeed=0.4 rightSpeed=0.34 curAngle=-2.0 targetAngle=-5.0
D/dalvikvm( 5250): GC_CONCURRENT freed 2030K, 37% free 7063K/11092K, paused 3ms+5ms, total 37ms
I/System.out( 5250): Sigma2016 -- Blue While did not run for 41ms
I/System.out( 5250): --BlueNear log-- ultrasoniclevel=27.0 error=20.0 angleOffset=-1.0 distance=80.0
I/System.out( 5250): --BlueNear log-- error=20.0 leftspeed=0.4 rightSpeed=0.32 curAngle=-1.0 targetAngle=-5.0
I/System.out( 5250): --BlueNear log-- ultrasoniclevel=28.0 error=21.0 angleOffset=-1.0 distance=80.0
I/System.out( 5250): --BlueNear log-- error=21.0 leftspeed=0.4 rightSpeed=0.32 curAngle=-1.0 targetAngle=-5.0
I/System.out( 5250): --BlueNear log-- ultrasoniclevel=28.0 error=21.0 angleOffset=-1.0 distance=80.0
I/System.out( 5250): --BlueNear log-- error=21.0 leftspeed=0.4 rightSpeed=0.32 curAngle=-1.0 targetAngle=-5.0
I/System.out( 5250): --BlueNear log-- ultrasoniclevel=28.0 error=21.0 angleOffset=-1.0 distance=80.0
I/System.out( 5250): --BlueNear log-- error=21.0 leftspeed=0.4 rightSpeed=0.32 curAngle=-1.0 targetAngle=-5.0
I/System.out( 5250): --BlueNear log-- ultrasoniclevel=28.0 error=21.0 angleOffset=-1.0 distance=80.0
I/System.out( 5250): --BlueNear log-- error=21.0 leftspeed=0.4 rightSpeed=0.32 curAngle=-1.0 targetAngle=-5.0
I/System.out( 5250): --BlueNear log-- ultrasoniclevel=28.0 error=21.0 angleOffset=-1.0 distance=80.0
I/System.out( 5250): --BlueNear log-- error=21.0 leftspeed=0.4 rightSpeed=0.32 curAngle=-1.0 targetAngle=-5.0
I/System.out( 5250): --BlueNear log-- ultrasoniclevel=28.0 error=21.0 angleOffset=-1.0 distance=80.0
I/System.out( 5250): --BlueNear log-- error=21.0 leftspeed=0.4 rightSpeed=0.32 curAngle=-1.0 targetAngle=-5.0
I/System.out( 5250): --BlueNear log-- ultrasoniclevel=28.0 error=21.0 angleOffset=-1.0 distance=80.0
I/System.out( 5250): --BlueNear log-- error=21.0 leftspeed=0.4 rightSpeed=0.32 curAngle=-1.0 targetAngle=-5.0
I/System.out( 5250): --BlueNear log-- ultrasoniclevel=28.0 error=21.0 angleOffset=-1.0 distance=80.0
I/System.out( 5250): --BlueNear log-- error=21.0 leftspeed=0.4 rightSpeed=0.32 curAngle=-1.0 targetAngle=-5.0
I/System.out( 5250): --BlueNear log-- ultrasoniclevel=28.0 error=21.0 angleOffset=-1.0 distance=80.0
I/System.out( 5250): --BlueNear log-- error=21.0 leftspeed=0.4 rightSpeed=0.32 curAngle=-1.0 targetAngle=-5.0
I/System.out( 5250): --BlueNear log-- ultrasoniclevel=28.0 error=21.0 angleOffset=-1.0 distance=80.0
I/System.out( 5250): --BlueNear log-- error=21.0 leftspeed=0.4 rightSpeed=0.32 curAngle=-1.0 targetAngle=-5.0
I/System.out( 5250): --BlueNear log-- ultrasoniclevel=28.0 error=21.0 angleOffset=-1.0 distance=80.0
I/System.out( 5250): --BlueNear log-- error=21.0 leftspeed=0.4 rightSpeed=0.32 curAngle=-1.0 targetAngle=-5.0
I/System.out( 5250): --BlueNear log-- ultrasoniclevel=28.0 error=21.0 angleOffset=-1.0 distance=80.0
I/System.out( 5250): --BlueNear log-- error=21.0 leftspeed=0.4 rightSpeed=0.32 curAngle=-1.0 targetAngle=-5.0
I/System.out( 5250): --BlueNear log-- ultrasoniclevel=28.0 error=21.0 angleOffset=-1.0 distance=80.0
I/System.out( 5250): --BlueNear log-- error=21.0 leftspeed=0.4 rightSpeed=0.32 curAngle=-1.0 targetAngle=-5.0
I/System.out( 5250): --BlueNear log-- ultrasoniclevel=28.0 error=21.0 angleOffset=-1.0 distance=80.0
I/System.out( 5250): --BlueNear log-- error=21.0 leftspeed=0.4 rightSpeed=0.32 curAngle=-1.0 targetAngle=-5.0
I/System.out( 5250): --BlueNear log-- ultrasoniclevel=30.0 error=23.0 angleOffset=-1.0 distance=80.0
I/System.out( 5250): --BlueNear log-- error=23.0 leftspeed=0.4 rightSpeed=0.32 curAngle=-1.0 targetAngle=-5.0
I/System.out( 5250): --BlueNear log-- ultrasoniclevel=30.0 error=23.0 angleOffset=-1.0 distance=80.0
I/System.out( 5250): --BlueNear log-- error=23.0 leftspeed=0.4 rightSpeed=0.32 curAngle=-1.0 targetAngle=-5.0
I/System.out( 5250): --BlueNear log-- ultrasoniclevel=30.0 error=23.0 angleOffset=-1.0 distance=80.0
I/System.out( 5250): --BlueNear log-- error=23.0 leftspeed=0.4 rightSpeed=0.32 curAngle=-1.0 targetAngle=-5.0
I/System.out( 5250): --BlueNear log-- ultrasoniclevel=30.0 error=23.0 angleOffset=-1.0 distance=80.0
I/System.out( 5250): --BlueNear log-- error=23.0 leftspeed=0.4 rightSpeed=0.32 curAngle=-1.0 targetAngle=-5.0
I/System.out( 5250): --BlueNear log-- ultrasoniclevel=30.0 error=23.0 angleOffset=-1.0 distance=80.0
D/DisplayPowerController(  811): updateAmbientLux:  mLightSensorListener lux is 4.0
I/System.out( 5250): --BlueNear log-- error=23.0 leftspeed=0.4 rightSpeed=0.32 curAngle=-1.0 targetAngle=-5.0
I/System.out( 5250): --BlueNear log-- ultrasoniclevel=30.0 error=23.0 angleOffset=-1.0 distance=80.0
I/System.out( 5250): --BlueNear log-- error=23.0 leftspeed=0.4 rightSpeed=0.32 curAngle=-1.0 targetAngle=-5.0
I/System.out( 5250): --BlueNear log-- ultrasoniclevel=30.0 error=23.0 angleOffset=-1.0 distance=80.0
I/System.out( 5250): --BlueNear log-- error=23.0 leftspeed=0.4 rightSpeed=0.32 curAngle=-1.0 targetAngle=-5.0
I/System.out( 5250): --BlueNear log-- ultrasoniclevel=30.0 error=23.0 angleOffset=-1.0 distance=80.0
I/System.out( 5250): --BlueNear log-- error=23.0 leftspeed=0.4 rightSpeed=0.32 curAngle=-1.0 targetAngle=-5.0
I/System.out( 5250): --BlueNear log-- ultrasoniclevel=30.0 error=23.0 angleOffset=-1.0 distance=80.0
I/System.out( 5250): --BlueNear log-- error=23.0 leftspeed=0.4 rightSpeed=0.32 curAngle=-1.0 targetAngle=-5.0
I/System.out( 5250): --BlueNear log-- ultrasoniclevel=30.0 error=23.0 angleOffset=-1.0 distance=80.0
I/System.out( 5250): --BlueNear log-- error=23.0 leftspeed=0.4 rightSpeed=0.32 curAngle=-1.0 targetAngle=-5.0
I/System.out( 5250): --BlueNear log-- ultrasoniclevel=30.0 error=23.0 angleOffset=-1.0 distance=80.0
I/System.out( 5250): --BlueNear log-- error=23.0 leftspeed=0.4 rightSpeed=0.32 curAngle=-1.0 targetAngle=-5.0
I/System.out( 5250): --BlueNear log-- ultrasoniclevel=35.0 error=28.0 angleOffset=-1.0 distance=80.0
I/System.out( 5250): --BlueNear log-- error=28.0 leftspeed=0.4 rightSpeed=0.32 curAngle=-1.0 targetAngle=-5.0
I/System.out( 5250): --BlueNear log-- ultrasoniclevel=35.0 error=28.0 angleOffset=-1.0 distance=80.0
I/System.out( 5250): --BlueNear log-- error=28.0 leftspeed=0.4 rightSpeed=0.32 curAngle=-1.0 targetAngle=-5.0
I/System.out( 5250): Sigma2016 -- Blue While did not run for 38ms
I/System.out( 5250): --BlueNear log-- ultrasoniclevel=108.0 error=101.0 angleOffset=0.0 distance=80.0
I/System.out( 5250): --BlueNear log-- error=101.0 leftspeed=0.4 rightSpeed=0.30000000000000004 curAngle=0.0 targetAngle=-5.0
D/DisplayPowerController(  811): updateAmbientLux:  mLightSensorListener lux is 1.0
I/System.out( 5250): --BlueNear log-- ultrasoniclevel=108.0 error=101.0 angleOffset=0.0 distance=80.0
I/System.out( 5250): --BlueNear log-- error=101.0 leftspeed=0.4 rightSpeed=0.30000000000000004 curAngle=0.0 targetAngle=-5.0
I/System.out( 5250): --BlueNear log-- ultrasoniclevel=108.0 error=101.0 angleOffset=0.0 distance=80.0
I/System.out( 5250): --BlueNear log-- error=101.0 leftspeed=0.4 rightSpeed=0.30000000000000004 curAngle=0.0 targetAngle=-5.0
D/dalvikvm( 5250): GC_CONCURRENT freed 1988K, 37% free 7092K/11092K, paused 3ms+4ms, total 50ms
I/System.out( 5250): Sigma2016 -- Blue While did not run for 42ms
I/System.out( 5250): --BlueNear log-- ultrasoniclevel=109.0 error=102.0 angleOffset=0.0 distance=80.0
I/System.out( 5250): --BlueNear log-- error=102.0 leftspeed=0.4 rightSpeed=0.30000000000000004 curAngle=0.0 targetAngle=-5.0
I/System.out( 5250): Sigma2016 -- Blue While did not run for 33ms
I/System.out( 5250): --BlueNear log-- ultrasoniclevel=109.0 error=102.0 angleOffset=1.0 distance=80.0
I/System.out( 5250): --BlueNear log-- error=102.0 leftspeed=0.4 rightSpeed=0.28 curAngle=1.0 targetAngle=-5.0
I/System.out( 5250): --BlueNear log-- ultrasoniclevel=109.0 error=102.0 angleOffset=1.0 distance=80.0
I/System.out( 5250): --BlueNear log-- error=102.0 leftspeed=0.4 rightSpeed=0.28 curAngle=1.0 targetAngle=-5.0
I/System.out( 5250): --BlueNear log-- ultrasoniclevel=109.0 error=102.0 angleOffset=1.0 distance=80.0
I/System.out( 5250): --BlueNear log-- error=102.0 leftspeed=0.4 rightSpeed=0.28 curAngle=1.0 targetAngle=-5.0
I/System.out( 5250): --BlueNear log-- ultrasoniclevel=109.0 error=102.0 angleOffset=1.0 distance=80.0
I/System.out( 5250): --BlueNear log-- error=102.0 leftspeed=0.4 rightSpeed=0.28 curAngle=1.0 targetAngle=-5.0
I/System.out( 5250): --BlueNear log-- ultrasoniclevel=109.0 error=102.0 angleOffset=1.0 distance=80.0
I/System.out( 5250): --BlueNear log-- error=102.0 leftspeed=0.4 rightSpeed=0.28 curAngle=1.0 targetAngle=-5.0
I/System.out( 5250): --BlueNear log-- ultrasoniclevel=109.0 error=102.0 angleOffset=1.0 distance=80.0
I/System.out( 5250): --BlueNear log-- error=102.0 leftspeed=0.4 rightSpeed=0.28 curAngle=1.0 targetAngle=-5.0
I/System.out( 5250): Sigma2016 -- Blue While did not run for 43ms
I/System.out( 5250): --BlueNear log-- ultrasoniclevel=110.0 error=103.0 angleOffset=2.0 distance=80.0
I/System.out( 5250): --BlueNear log-- error=103.0 leftspeed=0.4 rightSpeed=0.26 curAngle=2.0 targetAngle=-5.0
I/System.out( 5250): --BlueNear log-- ultrasoniclevel=110.0 error=103.0 angleOffset=2.0 distance=80.0
I/System.out( 5250): --BlueNear log-- error=103.0 leftspeed=0.4 rightSpeed=0.26 curAngle=2.0 targetAngle=-5.0
I/System.out( 5250): Sigma2016 -- Blue While did not run for 46ms
I/System.out( 5250): --BlueNear log-- ultrasoniclevel=110.0 error=103.0 angleOffset=3.0 distance=80.0
I/System.out( 5250): --BlueNear log-- error=103.0 leftspeed=0.4 rightSpeed=0.24000000000000002 curAngle=3.0 targetAngle=-5.0
I/System.out( 5250): Sigma2016 -- Blue While did not run for 45ms
I/System.out( 5250): --BlueNear log-- ultrasoniclevel=110.0 error=103.0 angleOffset=4.0 distance=80.0
I/System.out( 5250): --BlueNear log-- error=103.0 leftspeed=0.4 rightSpeed=0.22000000000000003 curAngle=4.0 targetAngle=-5.0
I/System.out( 5250): Sigma2016 -- Blue While did not run for 34ms
I/System.out( 5250): Sigma2016 -- Blue While did not run for 57ms
I/System.out( 5250): --BlueNear log-- ultrasoniclevel=112.0 error=105.0 angleOffset=6.0 distance=80.0
I/System.out( 5250): --BlueNear log-- error=105.0 leftspeed=0.4 rightSpeed=0.18000000000000002 curAngle=6.0 targetAngle=-5.0
I/System.out( 5250): --BlueNear log-- ultrasoniclevel=112.0 error=105.0 angleOffset=6.0 distance=80.0
I/System.out( 5250): --BlueNear log-- error=105.0 leftspeed=0.4 rightSpeed=0.18000000000000002 curAngle=6.0 targetAngle=-5.0
I/System.out( 5250): --BlueNear log-- ultrasoniclevel=112.0 error=105.0 angleOffset=6.0 distance=80.0
I/System.out( 5250): --BlueNear log-- error=105.0 leftspeed=0.4 rightSpeed=0.18000000000000002 curAngle=6.0 targetAngle=-5.0
I/System.out( 5250): --BlueNear log-- ultrasoniclevel=112.0 error=105.0 angleOffset=6.0 distance=80.0
I/System.out( 5250): --BlueNear log-- error=105.0 leftspeed=0.4 rightSpeed=0.18000000000000002 curAngle=6.0 targetAngle=-5.0
I/System.out( 5250): --BlueNear log-- ultrasoniclevel=112.0 error=105.0 angleOffset=6.0 distance=80.0
I/System.out( 5250): --BlueNear log-- error=105.0 leftspeed=0.4 rightSpeed=0.18000000000000002 curAngle=6.0 targetAngle=-5.0
I/System.out( 5250): --BlueNear log-- ultrasoniclevel=111.0 error=104.0 angleOffset=6.0 distance=80.0
I/System.out( 5250): --BlueNear log-- error=104.0 leftspeed=0.4 rightSpeed=0.18000000000000002 curAngle=6.0 targetAngle=-5.0
I/System.out( 5250): --BlueNear log-- ultrasoniclevel=111.0 error=104.0 angleOffset=6.0 distance=80.0
I/System.out( 5250): --BlueNear log-- error=104.0 leftspeed=0.4 rightSpeed=0.18000000000000002 curAngle=6.0 targetAngle=-5.0
I/System.out( 5250): --BlueNear log-- ultrasoniclevel=111.0 error=104.0 angleOffset=6.0 distance=80.0
I/System.out( 5250): --BlueNear log-- error=104.0 leftspeed=0.4 rightSpeed=0.18000000000000002 curAngle=6.0 targetAngle=-5.0
I/System.out( 5250): --BlueNear log-- ultrasoniclevel=111.0 error=104.0 angleOffset=6.0 distance=80.0
I/System.out( 5250): --BlueNear log-- error=104.0 leftspeed=0.4 rightSpeed=0.18000000000000002 curAngle=6.0 targetAngle=-5.0
I/System.out( 5250): --BlueNear log-- ultrasoniclevel=111.0 error=104.0 angleOffset=6.0 distance=80.0
I/System.out( 5250): --BlueNear log-- error=104.0 leftspeed=0.4 rightSpeed=0.18000000000000002 curAngle=6.0 targetAngle=-5.0
I/System.out( 5250): Sigma2016 -- Blue While did not run for 44ms
D/dalvikvm( 5250): GC_CONCURRENT freed 2017K, 37% free 7082K/11092K, paused 2ms+3ms, total 44ms
I/System.out( 5250): --BlueNear log-- ultrasoniclevel=112.0 error=105.0 angleOffset=6.0 distance=80.0
I/System.out( 5250): --BlueNear log-- error=105.0 leftspeed=0.4 rightSpeed=0.18000000000000002 curAngle=6.0 targetAngle=-5.0
I/System.out( 5250): --BlueNear log-- ultrasoniclevel=112.0 error=105.0 angleOffset=6.0 distance=80.0
I/System.out( 5250): --BlueNear log-- error=105.0 leftspeed=0.4 rightSpeed=0.18000000000000002 curAngle=6.0 targetAngle=-5.0
I/System.out( 5250): --BlueNear log-- ultrasoniclevel=112.0 error=105.0 angleOffset=6.0 distance=80.0
I/System.out( 5250): --BlueNear log-- error=105.0 leftspeed=0.4 rightSpeed=0.18000000000000002 curAngle=6.0 targetAngle=-5.0
I/System.out( 5250): --BlueNear log-- ultrasoniclevel=112.0 error=105.0 angleOffset=6.0 distance=80.0
I/System.out( 5250): --BlueNear log-- error=105.0 leftspeed=0.4 rightSpeed=0.18000000000000002 curAngle=6.0 targetAngle=-5.0
I/System.out( 5250): --BlueNear log-- ultrasoniclevel=112.0 error=105.0 angleOffset=6.0 distance=80.0
I/System.out( 5250): --BlueNear log-- error=105.0 leftspeed=0.4 rightSpeed=0.18000000000000002 curAngle=6.0 targetAngle=-5.0
I/System.out( 5250): --BlueNear log-- ultrasoniclevel=112.0 error=105.0 angleOffset=6.0 distance=80.0
I/System.out( 5250): --BlueNear log-- error=105.0 leftspeed=0.4 rightSpeed=0.18000000000000002 curAngle=6.0 targetAngle=-5.0
I/System.out( 5250): --BlueNear log-- ultrasoniclevel=112.0 error=105.0 angleOffset=6.0 distance=80.0
I/System.out( 5250): --BlueNear log-- error=105.0 leftspeed=0.4 rightSpeed=0.18000000000000002 curAngle=6.0 targetAngle=-5.0
I/System.out( 5250): --BlueNear log-- ultrasoniclevel=112.0 error=105.0 angleOffset=6.0 distance=80.0
I/System.out( 5250): --BlueNear log-- error=105.0 leftspeed=0.4 rightSpeed=0.18000000000000002 curAngle=6.0 targetAngle=-5.0
I/System.out( 5250): --BlueNear log-- ultrasoniclevel=112.0 error=105.0 angleOffset=6.0 distance=80.0
I/System.out( 5250): --BlueNear log-- error=105.0 leftspeed=0.4 rightSpeed=0.18000000000000002 curAngle=6.0 targetAngle=-5.0
I/System.out( 5250): --BlueNear log-- ultrasoniclevel=112.0 error=105.0 angleOffset=6.0 distance=80.0
I/System.out( 5250): --BlueNear log-- error=105.0 leftspeed=0.4 rightSpeed=0.18000000000000002 curAngle=6.0 targetAngle=-5.0
I/System.out( 5250): --BlueNear log-- ultrasoniclevel=112.0 error=105.0 angleOffset=6.0 distance=80.0
I/System.out( 5250): --BlueNear log-- error=105.0 leftspeed=0.4 rightSpeed=0.18000000000000002 curAngle=6.0 targetAngle=-5.0
I/System.out( 5250): --BlueNear log-- ultrasoniclevel=112.0 error=105.0 angleOffset=6.0 distance=80.0
I/System.out( 5250): --BlueNear log-- error=105.0 leftspeed=0.4 rightSpeed=0.18000000000000002 curAngle=6.0 targetAngle=-5.0
I/System.out( 5250): --BlueNear log-- ultrasoniclevel=112.0 error=105.0 angleOffset=6.0 distance=80.0
I/System.out( 5250): --BlueNear log-- error=105.0 leftspeed=0.4 rightSpeed=0.18000000000000002 curAngle=6.0 targetAngle=-5.0
I/System.out( 5250): --BlueNear log-- ultrasoniclevel=112.0 error=105.0 angleOffset=6.0 distance=80.0
I/System.out( 5250): --BlueNear log-- error=105.0 leftspeed=0.4 rightSpeed=0.18000000000000002 curAngle=6.0 targetAngle=-5.0
I/System.out( 5250): --BlueNear log-- ultrasoniclevel=112.0 error=105.0 angleOffset=6.0 distance=80.0
I/System.out( 5250): --BlueNear log-- error=105.0 leftspeed=0.4 rightSpeed=0.18000000000000002 curAngle=6.0 targetAngle=-5.0
I/System.out( 5250): --BlueNear log-- ultrasoniclevel=112.0 error=105.0 angleOffset=6.0 distance=80.0
I/System.out( 5250): --BlueNear log-- error=105.0 leftspeed=0.4 rightSpeed=0.18000000000000002 curAngle=6.0 targetAngle=-5.0
I/System.out( 5250): --BlueNear log-- ultrasoniclevel=112.0 error=105.0 angleOffset=6.0 distance=80.0
I/System.out( 5250): --BlueNear log-- error=105.0 leftspeed=0.4 rightSpeed=0.18000000000000002 curAngle=6.0 targetAngle=-5.0
I/System.out( 5250): --BlueNear log-- ultrasoniclevel=112.0 error=105.0 angleOffset=6.0 distance=80.0
I/System.out( 5250): --BlueNear log-- error=105.0 leftspeed=0.4 rightSpeed=0.18000000000000002 curAngle=6.0 targetAngle=-5.0
I/System.out( 5250): --BlueNear log-- ultrasoniclevel=112.0 error=105.0 angleOffset=6.0 distance=80.0
I/System.out( 5250): --BlueNear log-- error=105.0 leftspeed=0.4 rightSpeed=0.18000000000000002 curAngle=6.0 targetAngle=-5.0
I/System.out( 5250): --BlueNear log-- ultrasoniclevel=112.0 error=105.0 angleOffset=6.0 distance=80.0
I/System.out( 5250): --BlueNear log-- error=105.0 leftspeed=0.4 rightSpeed=0.18000000000000002 curAngle=6.0 targetAngle=-5.0
I/System.out( 5250): --BlueNear log-- ultrasoniclevel=112.0 error=105.0 angleOffset=6.0 distance=80.0
I/System.out( 5250): --BlueNear log-- error=105.0 leftspeed=0.4 rightSpeed=0.18000000000000002 curAngle=6.0 targetAngle=-5.0
I/System.out( 5250): --BlueNear log-- ultrasoniclevel=112.0 error=105.0 angleOffset=6.0 distance=80.0
I/System.out( 5250): --BlueNear log-- error=105.0 leftspeed=0.4 rightSpeed=0.18000000000000002 curAngle=6.0 targetAngle=-5.0
I/System.out( 5250): --BlueNear log-- ultrasoniclevel=112.0 error=105.0 angleOffset=6.0 distance=80.0
I/System.out( 5250): --BlueNear log-- error=105.0 leftspeed=0.4 rightSpeed=0.18000000000000002 curAngle=6.0 targetAngle=-5.0
I/System.out( 5250): --BlueNear log-- ultrasoniclevel=112.0 error=105.0 angleOffset=6.0 distance=80.0
I/System.out( 5250): --BlueNear log-- error=105.0 leftspeed=0.4 rightSpeed=0.18000000000000002 curAngle=6.0 targetAngle=-5.0
I/System.out( 5250): --BlueNear log-- ultrasoniclevel=112.0 error=105.0 angleOffset=6.0 distance=80.0
I/System.out( 5250): --BlueNear log-- error=105.0 leftspeed=0.4 rightSpeed=0.18000000000000002 curAngle=6.0 targetAngle=-5.0
I/System.out( 5250): --BlueNear log-- ultrasoniclevel=112.0 error=105.0 angleOffset=6.0 distance=80.0
I/System.out( 5250): --BlueNear log-- error=105.0 leftspeed=0.4 rightSpeed=0.18000000000000002 curAngle=6.0 targetAngle=-5.0
I/System.out( 5250): --BlueNear log-- ultrasoniclevel=112.0 error=105.0 angleOffset=6.0 distance=80.0
I/System.out( 5250): --BlueNear log-- error=105.0 leftspeed=0.4 rightSpeed=0.18000000000000002 curAngle=6.0 targetAngle=-5.0
I/System.out( 5250): --BlueNear log-- ultrasoniclevel=112.0 error=105.0 angleOffset=6.0 distance=80.0
I/System.out( 5250): --BlueNear log-- error=105.0 leftspeed=0.4 rightSpeed=0.18000000000000002 curAngle=6.0 targetAngle=-5.0
I/System.out( 5250): --BlueNear log-- ultrasoniclevel=112.0 error=105.0 angleOffset=6.0 distance=80.0
I/System.out( 5250): --BlueNear log-- error=105.0 leftspeed=0.4 rightSpeed=0.18000000000000002 curAngle=6.0 targetAngle=-5.0
I/System.out( 5250): --BlueNear log-- ultrasoniclevel=112.0 error=105.0 angleOffset=6.0 distance=80.0
I/System.out( 5250): --BlueNear log-- error=105.0 leftspeed=0.4 rightSpeed=0.18000000000000002 curAngle=6.0 targetAngle=-5.0
I/System.out( 5250): --BlueNear log-- ultrasoniclevel=112.0 error=105.0 angleOffset=6.0 distance=80.0
I/System.out( 5250): --BlueNear log-- error=105.0 leftspeed=0.4 rightSpeed=0.18000000000000002 curAngle=6.0 targetAngle=-5.0
I/System.out( 5250): --BlueNear log-- ultrasoniclevel=112.0 error=105.0 angleOffset=6.0 distance=80.0
I/System.out( 5250): --BlueNear log-- error=105.0 leftspeed=0.4 rightSpeed=0.18000000000000002 curAngle=6.0 targetAngle=-5.0
I/System.out( 5250): --BlueNear log-- ultrasoniclevel=112.0 error=105.0 angleOffset=6.0 distance=80.0
I/System.out( 5250): --BlueNear log-- error=105.0 leftspeed=0.4 rightSpeed=0.18000000000000002 curAngle=6.0 targetAngle=-5.0
I/System.out( 5250): --BlueNear log-- ultrasoniclevel=112.0 error=105.0 angleOffset=6.0 distance=80.0
D/UsbDeviceConnectionJNI( 5250): close
I/System.out( 5250): --BlueNear log-- error=105.0 leftspeed=0.4 rightSpeed=0.18000000000000002 curAngle=6.0 targetAngle=-5.0
D/BulkIn::( 5250): Stop BulkIn thread
W/System.err( 5250): java.lang.NullPointerException
W/RobotCore( 5250): could not write to Modern Robotics USB DC Motor Controller [AL00VW5E]: FTDI Null Pointer Exception
E/RobotCore( 5250): java.lang.NullPointerException
D/ProcessRequestThread::( 5250): Device has been closed.
E/RobotCore( 5250):     at com.ftdi.j2xx.ProcessInCtrl.readBulkInData(FT_Device.java:2520)
E/RobotCore( 5250):     at com.ftdi.j2xx.FT_Device.read(FT_Device.java:666)
E/RobotCore( 5250):     at com.qualcomm.robotcore.hardware.usb.ftdi.RobotUsbDeviceFtdi.read(RobotUsbDeviceFtdi.java:211)
W/System.err( 5250): 	at com.ftdi.j2xx.ProcessInCtrl.purgeINData(FT_Device.java:2602)
E/RobotCore( 5250):     at com.qualcomm.hardware.modernrobotics.comm.ModernRoboticsReaderWriter.readIncomingBytes(ModernRoboticsReaderWriter.java:362)
W/System.err( 5250): 	at com.ftdi.j2xx.BulkInWorker.run(FT_Device.java:2880)
E/RobotCore( 5250):     at com.qualcomm.hardware.modernrobotics.comm.ModernRoboticsReaderWriter.readResponse(ModernRoboticsReaderWriter.java:313)
W/System.err( 5250): 	at java.lang.Thread.run(Thread.java:841)
E/RobotCore( 5250):     at com.qualcomm.hardware.modernrobotics.comm.ModernRoboticsReaderWriter.read(ModernRoboticsReaderWriter.java:179)
E/RobotCore( 5250):     at com.qualcomm.hardware.modernrobotics.comm.ReadWriteRunnableStandard$1.run(ReadWriteRunnableStandard.java:344)
E/RobotCore( 5250):     at com.qualcomm.robotcore.util.ThreadPool.logThreadLifeCycle(ThreadPool.java:513)
E/RobotCore( 5250):     at com.qualcomm.hardware.modernrobotics.comm.ReadWriteRunnableStandard.run(ReadWriteRunnableStandard.java:304)
