D/PowerManagerService(  811): sendPendingNotificationsLocked mSendGoToSleepFinishedNotificationWhenReady = false
D/PowerManagerService(  811): sendPendingNotificationsLocked mSendGoToSleepFinishedNotificationWhenReady = false
D/PowerManagerService(  811): sendPendingNotificationsLocked mSendGoToSleepFinishedNotificationWhenReady = false
D/PowerManagerService(  811): sendPendingNotificationsLocked mSendGoToSleepFinishedNotificationWhenReady = false
I/iu.FingerprintManager( 2060): Start processing all media
I/iu.FingerprintManager( 2060): Start processing media store URI: content://media/external/images/media
D/PowerManagerService(  811): sendPendingNotificationsLocked mSendGoToSleepFinishedNotificationWhenReady = false
D/PowerManagerService(  811): sendPendingNotificationsLocked mSendGoToSleepFinishedNotificationWhenReady = false
D/PowerManagerService(  811): sendPendingNotificationsLocked mSendGoToSleepFinishedNotificationWhenReady = false
D/PowerManagerService(  811): sendPendingNotificationsLocked mSendGoToSleepFinishedNotificationWhenReady = false
D/PowerManagerService(  811): sendPendingNotificationsLocked mSendGoToSleepFinishedNotificationWhenReady = false
D/PowerManagerService(  811): sendPendingNotificationsLocked mSendGoToSleepFinishedNotificationWhenReady = false
D/PowerManagerService(  811): sendPendingNotificationsLocked mSendGoToSleepFinishedNotificationWhenReady = false
I/PlaceInferenceEngine( 1115): Too few candidate results: percentageOfMissingArea 100
I/Places  ( 1115): ?: Couldn't find platform key file.
I/Places  ( 1115): ?: Couldn't find platform key file.
I/iu.FingerprintManager( 2060): Start processing media store URI: content://media/external/video/media
D/PowerManagerService(  811): sendPendingNotificationsLocked mSendGoToSleepFinishedNotificationWhenReady = false
D/PowerManagerService(  811): sendPendingNotificationsLocked mSendGoToSleepFinishedNotificationWhenReady = false
I/Places  ( 1115): ?: Couldn't find platform key file.
D/PowerManagerService(  811): sendPendingNotificationsLocked mSendGoToSleepFinishedNotificationWhenReady = false
I/iu.FingerprintManager( 2060): Start processing media store URI: content://media/phoneStorage/images/media
D/PowerManagerService(  811): sendPendingNotificationsLocked mSendGoToSleepFinishedNotificationWhenReady = false
D/PowerManagerService(  811): sendPendingNotificationsLocked mSendGoToSleepFinishedNotificationWhenReady = false
E/AUD_MediaButtonIntentReceiver( 7040): receive action: android.hardware.usb.action.USB_STATE
E/AUD_MediaButtonIntentReceiver( 7040): usbState.equals(intentAction)
I/iu.FingerprintManager( 2060): Start processing media store URI: content://media/phoneStorage/video/media
D/PowerManagerService(  811): sendPendingNotificationsLocked mSendGoToSleepFinishedNotificationWhenReady = false
I/iu.FingerprintManager( 2060): Finished generating fingerprints; 0.057 seconds
I/iu.FingerprintManager( 2060):   numSeen=2 numGenerated=0 numDeleted=0 numFailed=0
D/PowerManagerService(  811): sendPendingNotificationsLocked mSendGoToSleepFinishedNotificationWhenReady = false
W/Places  ( 1115): ?: Failed to download placeinfos
I/Places  ( 1115): ?: Couldn't find platform key file.
D/PowerManagerService(  811): sendPendingNotificationsLocked mSendGoToSleepFinishedNotificationWhenReady = false
E/Vold    (  243): wangzy usb Switch state: CONFIGURED
V/UsbDeviceManager(  811): USB UEVENT: {USB_STATE=CONFIGURED, SUBSYSTEM=android_usb, DEVPATH=/devices/virtual/android_usb/android0, SEQNUM=6556, ACTION=change}
D/UsbDeviceManager(  811): usb updateState(CONFIGURED)
D/UsbDeviceManager(  811): broadcasting Intent { act=android.hardware.usb.action.USB_STATE flg=0x20000000 (has extras) } connected: true configured: true
D/UsbDeviceManager(  811): AlwaysAsk=1 mMenuPopUpEnabletrue
D/UsbDeviceManager(  811): updateUsbNotification();   1
E/UsbDeviceManager(  811): ++++++++++++++++mConnectedtrue
E/UsbDeviceManager(  811): ++++++++++++++++mUseUsbNotificationtrue
E/UsbDeviceManager(  811): ++++++++++++++++mUsbNotificationId17040934
E/UsbDeviceManager(  811): ++++++++++++++++id17040934
E/AUD_MediaButtonIntentReceiver( 7040): receive action: android.hardware.usb.action.USB_STATE
E/AUD_MediaButtonIntentReceiver( 7040): usbState.equals(intentAction)
W/ctxmgr  ( 1115): [ContextSpecificAclFactory]LocationConsent failed, ULR opt-in status is: false, account#-395797278#
W/ctxmgr  ( 1115): [AclManager]No 2 for (accnt=account#-395797278#, com.google.android.gms(10012):UserLocationProducer, vrsn=10084000, 0, 3pPkg = null ,  3pMdlId = null). Was: 2 for 1, account#-395797278#
D/PowerManagerService(  811): sendPendingNotificationsLocked mSendGoToSleepFinishedNotificationWhenReady = false
D/PowerManagerService(  811): sendPendingNotificationsLocked mSendGoToSleepFinishedNotificationWhenReady = false
D/PowerManagerService(  811): sendPendingNotificationsLocked mSendGoToSleepFinishedNotificationWhenReady = false
D/DisplayPowerController(  811): updateAmbientLux:  mLightSensorListener lux is 59.0
D/DisplayPowerController(  811): updateAmbientLux:  mLightSensorListener lux is 62.0
D/DisplayPowerController(  811): updateAmbientLux:  mLightSensorListener lux is 45.0
D/DisplayPowerController(  811): updateAmbientLux:  mLightSensorListener lux is 70.0
D/DisplayPowerController(  811): updateAmbientLux:  mLightSensorListener lux is 69.0
D/DisplayPowerController(  811): updateAmbientLux:  mLightSensorListener lux is 70.0
D/DisplayPowerController(  811): updateAmbientLux:  mLightSensorListener lux is 69.0
D/DisplayPowerController(  811): updateAmbientLux:  mLightSensorListener lux is 70.0
D/DisplayPowerController(  811): updateAmbientLux:  mLightSensorListener lux is 71.0
D/DisplayPowerController(  811): updateAmbientLux:  mLightSensorListener lux is 70.0
D/DisplayPowerController(  811): updateAmbientLux:  mLightSensorListener lux is 71.0
D/DisplayPowerController(  811): updateAmbientLux:  mLightSensorListener lux is 70.0
D/DisplayPowerController(  811): updateAmbientLux:  mLightSensorListener lux is 71.0
D/DisplayPowerController(  811): updateAmbientLux:  mLightSensorListener lux is 70.0
D/DisplayPowerController(  811): ZTE_PM updateAutoBrightness: useAutoBrightness = true  mAmbientLuxValid = true  mAmbientLux = 70.261986
D/DisplayPowerController(  811): updateAutoBrightness: value=0.28565928 *255 = 72.84312
D/DisplayPowerController(  811): ZTE_PM mPowerRequest.screenState is 2
D/DisplayPowerController(  811): ZTE_PM_PROX disable ProxSensor while NO useProximitySensor 
D/DisplayPowerController(  811): ZTE_PM_PROX setProximitySensorEnabled enable = false
D/DisplayPowerController(  811): ZTE_PM  setLightSensorEnabled enable = true updateAutoBrightness = false
D/DisplayPowerState(  811): Updating screen state: onChanged=false, on= true, backlightChanged=true, backlight=68
D/DisplayPowerState(  811): Updating screen state: onChanged=false, on= true, backlightChanged=true, backlight=73
D/DisplayPowerController(  811): updateAmbientLux:  mLightSensorListener lux is 71.0
