D/DisplayPowerController(  811): updateAmbientLux:  mLightSensorListener lux is 85.0
D/DisplayPowerController(  811): updateAmbientLux:  mLightSensorListener lux is 79.0
D/WifiMonitor(  811): Event [IFNAME=wlan0 CTRL-EVENT-BSS-REMOVED 29 48:f8:b3:bd:41:98]
W/WifiMonitor(  811): <<<<<tokens[0]= CTRL-EVENT-BSS-REMOVED
D/WifiMonitor(  811): Event [IFNAME=wlan0 CTRL-EVENT-BSS-REMOVED 30 34:68:95:f9:d9:99]
W/WifiMonitor(  811): <<<<<tokens[0]= CTRL-EVENT-BSS-REMOVED
W/WifiMonitor(  811): <<<<<tokens[0]= CTRL-EVENT-SCAN-RESULTS
D/WifiMonitor(  811): Event [IFNAME=wlan0 WPS-AP-AVAILABLE ]
W/WifiMonitor(  811): <<<<<tokens[0]= WPS-AP-AVAILABLE
W/WifiMonitor(  811): couldn't identify event type - WPS-AP-AVAILABLE 
D/WifiMonitor(  811): Event [IFNAME=p2p0 CTRL-EVENT-BSS-REMOVED 30 48:f8:b3:bd:41:98]
D/WifiMonitor(  811): Event [IFNAME=p2p0 CTRL-EVENT-BSS-REMOVED 31 34:68:95:f9:d9:99]
D/WifiStateMachine(  811): handleMessage: E msg.what=147461
D/WifiStateMachine(  811): processMsg: DisconnectedState
D/WifiStateMachine(  811): processMsg: ConnectModeState
D/WifiStateMachine(  811): processMsg: DriverStartedState
D/WifiStateMachine(  811): processMsg: SupplicantStartedState
D/LBSSystemMonitorService(  811): handleMessage what - 4
D/Wiper_jni(  811): Send Network Location.
E/XTCC-3.0.0.7(  407): [PosMgr] handlePosition failed: 12
W/XTWiFiLP( 1161): No fix from XTWiFi-PE
W/XTWiFiLP( 1161): No WiFi scan result from XTWiFi-PE
D/WifiStateMachine(  811): handleMessage: X
D/DisplayPowerController(  811): updateAmbientLux:  mLightSensorListener lux is 74.0
D/DisplayPowerController(  811): updateAmbientLux:  mLightSensorListener lux is 79.0
D/DisplayPowerController(  811): updateAmbientLux:  mLightSensorListener lux is 72.0
D/DisplayPowerController(  811): updateAmbientLux:  mLightSensorListener lux is 69.0
D/DisplayPowerController(  811): updateAmbientLux:  mLightSensorListener lux is 67.0
D/DisplayPowerController(  811): updateAmbientLux:  mLightSensorListener lux is 68.0
D/DisplayPowerController(  811): updateAmbientLux:  mLightSensorListener lux is 71.0
D/DisplayPowerController(  811): updateAmbientLux:  mLightSensorListener lux is 68.0
D/DisplayPowerController(  811): updateAmbientLux:  mLightSensorListener lux is 69.0
D/DisplayPowerController(  811): ZTE_PM updateAutoBrightness: useAutoBrightness = true  mAmbientLuxValid = true  mAmbientLux = 76.09109
D/DisplayPowerController(  811): updateAutoBrightness: value=0.2936915 *255 = 74.89133
D/DisplayPowerController(  811): ZTE_PM mPowerRequest.screenState is 2
D/DisplayPowerController(  811): ZTE_PM_PROX disable ProxSensor while NO useProximitySensor 
D/DisplayPowerController(  811): ZTE_PM_PROX setProximitySensorEnabled enable = false
D/DisplayPowerController(  811): ZTE_PM  setLightSensorEnabled enable = true updateAutoBrightness = false
D/DisplayPowerState(  811): Updating screen state: onChanged=false, on= true, backlightChanged=true, backlight=75
D/ledlog_java_com(  811): Excessive delay setting light: 64ms
D/DisplayPowerController(  811): updateAmbientLux:  mLightSensorListener lux is 71.0
D/DisplayPowerController(  811): updateAmbientLux:  mLightSensorListener lux is 69.0
D/DisplayPowerController(  811): updateAmbientLux:  mLightSensorListener lux is 70.0
D/DisplayPowerController(  811): updateAmbientLux:  mLightSensorListener lux is 69.0
D/DisplayPowerController(  811): updateAmbientLux:  mLightSensorListener lux is 70.0
D/DisplayPowerController(  811): updateAmbientLux:  mLightSensorListener lux is 69.0
D/DisplayPowerController(  811): updateAmbientLux:  mLightSensorListener lux is 70.0
D/DisplayPowerController(  811): updateAmbientLux:  mLightSensorListener lux is 71.0
D/DisplayPowerController(  811): updateAmbientLux:  mLightSensorListener lux is 70.0
D/UsbHostManager(  811): usbDeviceAdded interfaceClass:255 interfaceSubclass:255 interfaceProtocol:255
D/UsbHostManager(  811): deviceAttached
W/ContextImpl(  811): Calling a method in the system process without a qualified user: android.app.ContextImpl.sendBroadcast:1213 com.android.server.usb.UsbSettingsManager.deviceAttached:621 com.android.server.usb.UsbHostManager.usbDeviceAdded:610 com.android.server.usb.UsbHostManager.monitorUsbHostBus:-2 com.android.server.usb.UsbHostManager.access$500:62 
I/ActivityManager(  811): START u0 {act=android.hardware.usb.action.USB_DEVICE_ATTACHED flg=0x10000000 cmp=com.qualcomm.ftcrobotcontroller/org.firstinspires.ftc.robotcontroller.internal.FtcRobotControllerActivity (has extras)} from pid 811
D/LockScreen_KeyguardViewMediator(  978): setHidden false
D/LockScreen_KeyguardUpdateMonitor(  978): sendKeyguardVisibilityChanged(true)
D/LockScreen_KeyguardUpdateMonitor(  978): handleKeyguardVisibilityChanged(1)
D/LockScreen_KeyguardViewMediator(  978): setHidden false
D/LockScreen_KeyguardUpdateMonitor(  978): sendKeyguardVisibilityChanged(true)
D/LockScreen_KeyguardUpdateMonitor(  978): handleKeyguardVisibilityChanged(1)
D/LockScreen_KeyguardViewMediator(  978): setHidden false
D/LockScreen_KeyguardUpdateMonitor(  978): sendKeyguardVisibilityChanged(true)
D/LockScreen_KeyguardUpdateMonitor(  978): handleKeyguardVisibilityChanged(1)
D/LockScreen_KeyguardViewMediator(  978): setHidden false
D/LockScreen_KeyguardUpdateMonitor(  978): sendKeyguardVisibilityChanged(true)
D/PowerManagerService(  811): sendPendingNotificationsLocked mSendGoToSleepFinishedNotificationWhenReady = false
D/dalvikvm( 7603): Late-enabling CheckJNI
D/LockScreen_KeyguardUpdateMonitor(  978): handleKeyguardVisibilityChanged(1)
I/ActivityManager(  811): Start proc com.qualcomm.ftcrobotcontroller for activity com.qualcomm.ftcrobotcontroller/org.firstinspires.ftc.robotcontroller.internal.FtcRobotControllerActivity: pid=7603 uid=10112 gids={50112, 3001, 3003, 3002, 1028, 1015}
D/LockScreen_KeyguardViewMediator(  978): setHidden false
D/LockScreen_KeyguardUpdateMonitor(  978): sendKeyguardVisibilityChanged(true)
D/LockScreen_KeyguardViewMediator(  978): setHidden false
D/LockScreen_KeyguardUpdateMonitor(  978): sendKeyguardVisibilityChanged(true)
D/LockScreen_KeyguardViewMediator(  978): setHidden false
D/LockScreen_KeyguardUpdateMonitor(  978): sendKeyguardVisibilityChanged(true)
D/LockScreen_KeyguardUpdateMonitor(  978): handleKeyguardVisibilityChanged(1)
D/LockScreen_KeyguardUpdateMonitor(  978): handleKeyguardVisibilityChanged(1)
D/LockScreen_KeyguardViewMediator(  978): setHidden false
D/LockScreen_KeyguardUpdateMonitor(  978): sendKeyguardVisibilityChanged(true)
D/LockScreen_KeyguardUpdateMonitor(  978): handleKeyguardVisibilityChanged(1)
D/LockScreen_KeyguardViewMediator(  978): setHidden false
D/LockScreen_KeyguardUpdateMonitor(  978): sendKeyguardVisibilityChanged(true)
D/LockScreen_KeyguardViewMediator(  978): setHidden false
D/LockScreen_KeyguardUpdateMonitor(  978): sendKeyguardVisibilityChanged(true)
D/ActivityThread( 7603): handleBindApplication:com.qualcomm.ftcrobotcontroller
D/ActivityThread( 7603): setTargetHeapUtilization:0.75
D/ActivityThread( 7603): setTargetHeapMinFree:2097152
D/LockScreen_KeyguardUpdateMonitor(  978): handleKeyguardVisibilityChanged(1)
D/LockScreen_KeyguardUpdateMonitor(  978): handleKeyguardVisibilityChanged(1)
D/LockScreen_KeyguardUpdateMonitor(  978): handleKeyguardVisibilityChanged(1)
I/InstantRun( 7603): Instant Run Runtime started. Android package is com.qualcomm.ftcrobotcontroller, real application class is org.firstinspires.ftc.robotcore.internal.RobotApplication.
W/InstantRun( 7603): No instant run dex files added to classpath
V/RCActivity( 7603): onCreate()
V/RobotCore( 7603): saving logcat to /storage/emulated/0/com.qualcomm.ftcrobotcontroller.logcat
V/RobotCore( 7603): logging command line: logcat -f /storage/emulated/0/com.qualcomm.ftcrobotcontroller.logcat -r4096 -n4 -v threadtime UsbRequestJNI:S UsbRequest:S *:V
D/UsbHostManager(  811): usbDeviceAdded interfaceClass:255 interfaceSubclass:255 interfaceProtocol:255
D/UsbHostManager(  811): deviceAttached
W/ContextImpl(  811): Calling a method in the system process without a qualified user: android.app.ContextImpl.sendBroadcast:1213 com.android.server.usb.UsbSettingsManager.deviceAttached:621 com.android.server.usb.UsbHostManager.usbDeviceAdded:610 com.android.server.usb.UsbHostManager.monitorUsbHostBus:-2 com.android.server.usb.UsbHostManager.access$500:62 
I/ActivityManager(  811): START u0 {act=android.hardware.usb.action.USB_DEVICE_ATTACHED flg=0x10000000 cmp=com.qualcomm.ftcrobotcontroller/org.firstinspires.ftc.robotcontroller.internal.FtcRobotControllerActivity (has extras)} from pid 811
V/WebViewChromiumFactoryProvider( 7603): Binding Chromium to main looper Looper (main, tid 1) {41f2b5b8}
I/LibraryLoader( 7603): Expected native library version number "",actual native library version number ""
I/chromium( 7603): [INFO:library_loader_hooks.cc(116)] Chromium logging enabled: level = 0, default verbosity = 0
I/BrowserStartupController( 7603): Initializing chromium process, renderers=0
D/PowerManagerService(  811): sendPendingNotificationsLocked mSendGoToSleepFinishedNotificationWhenReady = false
D/PowerManagerService(  811): sendPendingNotificationsLocked mSendGoToSleepFinishedNotificationWhenReady = false
D/BluetoothManagerService(  811): Message: 20
D/BluetoothAdapter( 7603): 1107267656: getState() :  mService = null. Returning STATE_OFF
D/BluetoothManagerService(  811): Added callback: android.bluetooth.IBluetoothManagerCallback$Stub$Proxy@42745f90:true
I/Adreno-EGL( 7603): <qeglDrvAPI_eglInitialize:410>: EGL 1.4 QUALCOMM build:  ()
I/Adreno-EGL( 7603): OpenGL ES Shader Compiler Version: E031.24.02.07
I/Adreno-EGL( 7603): Build Date: 10/29/14 Wed
I/Adreno-EGL( 7603): Local Branch: 
I/Adreno-EGL( 7603): Remote Branch: 
I/Adreno-EGL( 7603): Local Patches: 
I/Adreno-EGL( 7603): Reconstruct Branch: 
W/chromium( 7603): [WARNING:proxy_service.cc(890)] PAC support disabled because there is no system implementation
D/UsbHostManager(  811): usbDeviceAdded interfaceClass:255 interfaceSubclass:255 interfaceProtocol:255
D/UsbHostManager(  811): deviceAttached
W/ContextImpl(  811): Calling a method in the system process without a qualified user: android.app.ContextImpl.sendBroadcast:1213 com.android.server.usb.UsbSettingsManager.deviceAttached:621 com.android.server.usb.UsbHostManager.usbDeviceAdded:610 com.android.server.usb.UsbHostManager.monitorUsbHostBus:-2 com.android.server.usb.UsbHostManager.access$500:62 
I/ActivityManager(  811): START u0 {act=android.hardware.usb.action.USB_DEVICE_ATTACHED flg=0x10000000 cmp=com.qualcomm.ftcrobotcontroller/org.firstinspires.ftc.robotcontroller.internal.FtcRobotControllerActivity (has extras)} from pid 811
V/RobotCore( 7603): Killing PID 7478
D/LockScreen_KeyguardViewMediator(  978): setHidden false
D/LockScreen_KeyguardUpdateMonitor(  978): sendKeyguardVisibilityChanged(true)
D/LockScreen_KeyguardUpdateMonitor(  978): handleKeyguardVisibilityChanged(1)
F/libc    ( 7465): Fatal signal 13 (SIGPIPE) at 0x00001d29 (code=0), thread 7465 (sh)
D/LockScreen_KeyguardViewMediator(  978): setHidden false
D/LockScreen_KeyguardUpdateMonitor(  978): sendKeyguardVisibilityChanged(true)
D/LockScreen_KeyguardUpdateMonitor(  978): handleKeyguardVisibilityChanged(1)
D/LockScreen_KeyguardViewMediator(  978): setHidden false
D/LockScreen_KeyguardUpdateMonitor(  978): sendKeyguardVisibilityChanged(true)
D/LockScreen_KeyguardUpdateMonitor(  978): handleKeyguardVisibilityChanged(1)
W/dalvikvm( 7603): Unable to resolve superclass of Lcom/vuforia/ar/pl/Camera2_Preview$1; (90)
W/dalvikvm( 7603): Link of class 'Lcom/vuforia/ar/pl/Camera2_Preview$1;' failed
I/DEBUG   (  254): *** *** *** *** *** *** *** *** *** *** *** *** *** *** *** ***
I/DEBUG   (  254): Build fingerprint: 'zte/N9130/speed:4.4.4/KTU84P/20150318.015935.9827:user/release-keys'
I/DEBUG   (  254): Revision: '0'
I/DEBUG   (  254): pid: 7465, tid: 7465, name: sh  >>> sh <<<
I/DEBUG   (  254): signal 13 (SIGPIPE), code -6 (SI_TKILL), fault addr --------
I/DEBUG   (  254):     r0 ffffffe0  r1 41da22dc  r2 0000000c  r3 4010b508
I/DEBUG   (  254):     r4 0000000c  r5 41da22dc  r6 00000002  r7 00000004
I/DEBUG   (  254):     r8 00000000  r9 400d0c54  sl 00000000  fp 00001d36
I/DEBUG   (  254):     ip 41da22dc  sp be87c548  lr 400e7e37  pc 4010b514  cpsr 200f0010
I/DEBUG   (  254):     d0  69622f6d65747379  d1  746163676f6c2f6e
I/DEBUG   (  254):     d2  6d6172662f6d6567  d3  70732f6b726f7763
I/DEBUG   (  254):     d4  72616a2e746e6972  d5  6d65747379732f3a
I/DEBUG   (  254):     d6  6f77656d6172662f  d7  64726163762f6b72
I/DEBUG   (  254):     d8  0000000000000000  d9  0000000000000000
I/DEBUG   (  254):     d10 0000000000000000  d11 0000000000000000
I/DEBUG   (  254):     d12 0000000000000000  d13 0000000000000000
I/DEBUG   (  254):     d14 0000000000000000  d15 0000000000000000
I/DEBUG   (  254):     d16 c1d1803e6800e560  d17 3f50624dd2f1a9fc
I/DEBUG   (  254):     d18 41bdb306f2000000  d19 0000000000000000
I/DEBUG   (  254):     d20 0000000000000000  d21 0000000000000000
I/DEBUG   (  254):     d22 0000000000000000  d23 0000000000000000
I/DEBUG   (  254):     d24 0000000000000000  d25 0000000000000000
I/DEBUG   (  254):     d26 0000000000000000  d27 0000000000000000
I/DEBUG   (  254):     d28 0000000000000000  d29 0000000000000000
I/DEBUG   (  254):     d30 0000000000000000  d31 0000000000000000
I/DEBUG   (  254):     scr 00000010
I/DEBUG   (  254): AM write failure (32 / Broken pipe)
I/DEBUG   (  254): 
I/DEBUG   (  254): backtrace:
I/DEBUG   (  254):     #00  pc 00020514  /system/lib/libc.so (write+12)
I/DEBUG   (  254):     #01  pc 00000e35  /system/vendor/lib/libNimsWrap.so (write+24)
I/DEBUG   (  254):     #02  pc 0001b807  /system/bin/mksh
I/DEBUG   (  254):     #03  pc 00014169  /system/bin/mksh
I/DEBUG   (  254):     #04  pc 000148cd  /system/bin/mksh
I/DEBUG   (  254):     #05  pc 0000d2ab  /system/bin/mksh
I/DEBUG   (  254):     #06  pc 0000c215  /system/bin/mksh
I/DEBUG   (  254):     #07  pc 00018141  /system/bin/mksh
I/DEBUG   (  254):     #08  pc 00018c69  /system/bin/mksh
I/DEBUG   (  254):     #09  pc 0000e563  /system/lib/libc.so (__libc_init+50)
I/DEBUG   (  254):     #10  pc 00002318  /system/bin/mksh
I/DEBUG   (  254): 
I/DEBUG   (  254): stack:
I/DEBUG   (  254):          be87c508  74616e69  
I/DEBUG   (  254):          be87c50c  00006465  
I/DEBUG   (  254):          be87c510  41da7d10  [heap]
I/DEBUG   (  254):          be87c514  400c8a2a  /system/bin/mksh
I/DEBUG   (  254):          be87c518  00000022  
I/DEBUG   (  254):          be87c51c  be87c58c  [stack]
I/DEBUG   (  254):          be87c520  400c891f  /system/bin/mksh
I/DEBUG   (  254):          be87c524  00000034  
I/DEBUG   (  254):          be87c528  400cbe9c  /system/bin/mksh
I/DEBUG   (  254):          be87c52c  41da7e14  [heap]
I/DEBUG   (  254):          be87c530  00000000  
I/DEBUG   (  254):          be87c534  be87c58c  [stack]
I/DEBUG   (  254):          be87c538  400c891f  /system/bin/mksh
I/DEBUG   (  254):          be87c53c  400c3edf  /system/bin/mksh
I/DEBUG   (  254):          be87c540  0000000c  
I/DEBUG   (  254):          be87c544  400e7e29  /system/vendor/lib/libNimsWrap.so (write+12)
I/DEBUG   (  254):     #00  be87c548  400d0b94  
I/DEBUG   (  254):          ........  ........
I/DEBUG   (  254):     #01  be87c548  400d0b94  
I/DEBUG   (  254):          be87c54c  00000000  
I/DEBUG   (  254):          be87c550  0000000c  
I/DEBUG   (  254):          be87c554  400c080b  /system/bin/mksh
I/DEBUG   (  254):     #02  be87c558  41da7da4  [heap]
I/DEBUG   (  254):          be87c55c  400d0b94  
I/DEBUG   (  254):          be87c560  00000000  
I/DEBUG   (  254):          be87c564  00001d36  
I/DEBUG   (  254):          be87c568  00000004  
I/DEBUG   (  254):          be87c56c  400b916d  /system/bin/mksh
I/DEBUG   (  254): 
I/DEBUG   (  254): memory near r1:
I/DEBUG   (  254):     41da22bc 00000000 00000000 00000000 00000000  
I/DEBUG   (  254):     41da22cc 00000000 00000000 0000020b 41da20d0  
I/DEBUG   (  254):     41da22dc 6d726554 74616e69 0a206465 00000000  
I/DEBUG   (  254):     41da22ec 00000000 00000000 00000000 00000000  
W/NativeCrashListener(  811): Couldn't find ProcessRecord for pid 7465
I/DEBUG   (  254):     41da22fc 00000000 00000000 00000000 00000000  
I/DEBUG   (  254):     41da230c 00000000 00000000 00000000 00000000  
I/DEBUG   (  254):     41da231c 00000000 00000000 00000000 00000000  
I/DEBUG   (  254):     41da232c 00000000 00000000 00000000 00000000  
I/DEBUG   (  254):     41da233c 00000000 00000000 00000000 00000000  
I/DEBUG   (  254):     41da234c 00000000 00000000 00000000 00000000  
I/DEBUG   (  254):     41da235c 00000000 00000000 00000000 00000000  
I/DEBUG   (  254):     41da236c 00000000 00000000 00000000 00000000  
I/DEBUG   (  254):     41da237c 00000000 00000000 00000000 00000000  
I/DEBUG   (  254):     41da238c 00000000 00000000 00000000 00000000  
I/DEBUG   (  254):     41da239c 00000000 00000000 00000000 00000000  
I/DEBUG   (  254):     41da23ac 00000000 00000000 00000000 00000000  
I/DEBUG   (  254): 
I/DEBUG   (  254): memory near r3:
I/DEBUG   (  254):     4010b4e8 e1a0c007 e3a07003 ef000000 e1a0700c  
I/DEBUG   (  254):     4010b4f8 e3700a01 912fff1e e2600000 ea0075f5  
I/DEBUG   (  254):     4010b508 e1a0c007 e3a07004 ef000000 e1a0700c  
I/DEBUG   (  254):     4010b518 e3700a01 912fff1e e2600000 ea0075ed  
I/DEBUG   (  254):     4010b528 e1a0c00d e92d00f0 e89c0070 e3a070b4  
I/DEBUG   (  254):     4010b538 ef000000 e8bd00f0 e3700a01 912fff1e  
I/DEBUG   (  254):     4010b548 e2600000 ea0075e3 e1a0c00d e92d00f0  
I/DEBUG   (  254):     4010b558 e89c0070 e3a070b5 ef000000 e8bd00f0  
I/DEBUG   (  254):     4010b568 e3700a01 912fff1e e2600000 ea0075d9  
I/DEBUG   (  254):     4010b578 e1a0c007 e3a07005 ef000000 e1a0700c  
I/DEBUG   (  254):     4010b588 e3700a01 912fff1e e2600000 ea0075d1  
I/DEBUG   (  254):     4010b598 e1a0c007 e59f7014 ef000000 e1a0700c  
I/DEBUG   (  254):     4010b5a8 e3700a01 912fff1e e2600000 ea0075c9  
I/DEBUG   (  254):     4010b5b8 00000142 e1a0c007 e3a07006 ef000000  
I/DEBUG   (  254):     4010b5c8 e1a0700c e3700a01 912fff1e e2600000  
I/DEBUG   (  254):     4010b5d8 ea0075c0 e1a0c007 e3a07013 ef000000  
I/DEBUG   (  254): 
I/DEBUG   (  254): memory near r5:
I/DEBUG   (  254):     41da22bc 00000000 00000000 00000000 00000000  
I/DEBUG   (  254):     41da22cc 00000000 00000000 0000020b 41da20d0  
I/DEBUG   (  254):     41da22dc 6d726554 74616e69 0a206465 00000000  
I/DEBUG   (  254):     41da22ec 00000000 00000000 00000000 00000000  
I/DEBUG   (  254):     41da22fc 00000000 00000000 00000000 00000000  
I/DEBUG   (  254):     41da230c 00000000 00000000 00000000 00000000  
I/DEBUG   (  254):     41da231c 00000000 00000000 00000000 00000000  
I/DEBUG   (  254):     41da232c 00000000 00000000 00000000 00000000  
I/DEBUG   (  254):     41da233c 00000000 00000000 00000000 00000000  
I/DEBUG   (  254):     41da234c 00000000 00000000 00000000 00000000  
I/DEBUG   (  254):     41da235c 00000000 00000000 00000000 00000000  
I/DEBUG   (  254):     41da236c 00000000 00000000 00000000 00000000  
I/DEBUG   (  254):     41da237c 00000000 00000000 00000000 00000000  
I/DEBUG   (  254):     41da238c 00000000 00000000 00000000 00000000  
I/DEBUG   (  254):     41da239c 00000000 00000000 00000000 00000000  
I/DEBUG   (  254):     41da23ac 00000000 00000000 00000000 00000000  
I/DEBUG   (  254): 
I/DEBUG   (  254): memory near r9:
I/DEBUG   (  254):     400d0c34 00000000 00000000 00000000 00000000  
I/DEBUG   (  254):     400d0c44 00000000 00000000 00000000 00000000  
I/DEBUG   (  254):     400d0c54 01010000 00000000 00000000 01000000  
I/DEBUG   (  254):     400d0c64 00000000 00000000 00000100 00010000  
I/DEBUG   (  254):     400d0c74 00000100 00000000 00000000 00000000  
I/DEBUG   (  254):     400d0c84 00000000 00000000 00000000 00000000  
I/DEBUG   (  254):     400d0c94 00000000 00000000 00000002 00000000  
I/DEBUG   (  254):     400d0ca4 00000003 00000001 00000000 00000000  
I/DEBUG   (  254):     400d0cb4 00002780 00002780 00002780 00002780  
I/DEBUG   (  254):     400d0cc4 00000102 00001cec 00001d29 00000000  
I/DEBUG   (  254):     400d0cd4 00000001 00000001 00000006 00000000  
I/DEBUG   (  254):     400d0ce4 00000000 00000000 00000000 ffffffff  
I/DEBUG   (  254):     400d0cf4 ffffffff ffffffff 00000000 00000000  
I/DEBUG   (  254):     400d0d04 400d0d54 41da6d7c 00000000 00000004  
I/DEBUG   (  254):     400d0d14 400d0d54 41da26ec 00000031 00000007  
I/DEBUG   (  254):     400d0d24 400d0d54 41da3734 0000001c 00000006  
I/DEBUG   (  254): 
I/DEBUG   (  254): memory near fp:
I/DEBUG   (  254):     00001d14 ffffffff ffffffff ffffffff ffffffff  
I/DEBUG   (  254):     00001d24 ffffffff ffffffff ffffffff ffffffff  
I/DEBUG   (  254):     00001d34 ffffffff ffffffff ffffffff ffffffff  
I/DEBUG   (  254):     00001d44 ffffffff ffffffff ffffffff ffffffff  
I/DEBUG   (  254):     00001d54 ffffffff ffffffff ffffffff ffffffff  
I/DEBUG   (  254):     00001d64 ffffffff ffffffff ffffffff ffffffff  
I/DEBUG   (  254):     00001d74 ffffffff ffffffff ffffffff ffffffff  
I/DEBUG   (  254):     00001d84 ffffffff ffffffff ffffffff ffffffff  
I/DEBUG   (  254):     00001d94 ffffffff ffffffff ffffffff ffffffff  
I/DEBUG   (  254):     00001da4 ffffffff ffffffff ffffffff ffffffff  
I/DEBUG   (  254):     00001db4 ffffffff ffffffff ffffffff ffffffff  
I/DEBUG   (  254):     00001dc4 ffffffff ffffffff ffffffff ffffffff  
I/DEBUG   (  254):     00001dd4 ffffffff ffffffff ffffffff ffffffff  
I/DEBUG   (  254):     00001de4 ffffffff ffffffff ffffffff ffffffff  
I/DEBUG   (  254):     00001df4 ffffffff ffffffff ffffffff ffffffff  
I/DEBUG   (  254):     00001e04 ffffffff ffffffff ffffffff ffffffff  
I/DEBUG   (  254): 
I/DEBUG   (  254): memory near ip:
I/DEBUG   (  254):     41da22bc 00000000 00000000 00000000 00000000  
I/DEBUG   (  254):     41da22cc 00000000 00000000 0000020b 41da20d0  
I/DEBUG   (  254):     41da22dc 6d726554 74616e69 0a206465 00000000  
I/DEBUG   (  254):     41da22ec 00000000 00000000 00000000 00000000  
I/DEBUG   (  254):     41da22fc 00000000 00000000 00000000 00000000  
I/DEBUG   (  254):     41da230c 00000000 00000000 00000000 00000000  
I/DEBUG   (  254):     41da231c 00000000 00000000 00000000 00000000  
I/DEBUG   (  254):     41da232c 00000000 00000000 00000000 00000000  
I/DEBUG   (  254):     41da233c 00000000 00000000 00000000 00000000  
I/DEBUG   (  254):     41da234c 00000000 00000000 00000000 00000000  
I/DEBUG   (  254):     41da235c 00000000 00000000 00000000 00000000  
I/DEBUG   (  254):     41da236c 00000000 00000000 00000000 00000000  
I/DEBUG   (  254):     41da237c 00000000 00000000 00000000 00000000  
I/DEBUG   (  254):     41da238c 00000000 00000000 00000000 00000000  
I/DEBUG   (  254):     41da239c 00000000 00000000 00000000 00000000  
I/DEBUG   (  254):     41da23ac 00000000 00000000 00000000 00000000  
I/DEBUG   (  254): 
I/DEBUG   (  254): memory near sp:
I/DEBUG   (  254):     be87c528 400cbe9c 41da7e14 00000000 be87c58c  
I/DEBUG   (  254):     be87c538 400c891f 400c3edf 0000000c 400e7e29  
I/DEBUG   (  254):     be87c548 400d0b94 00000000 0000000c 400c080b  
I/DEBUG   (  254):     be87c558 41da7da4 400d0b94 00000000 00001d36  
I/DEBUG   (  254):     be87c568 00000004 400b916d 40135000 00000000  
I/DEBUG   (  254):     be87c578 00000000 41da7d97 41da2008 401350e0  
I/DEBUG   (  254):     be87c588 0000008f 400c8015 400cbe9c 41da7da4  
I/DEBUG   (  254):     be87c598 00000000 400cbe9c 00001d36 400d0c54  
I/DEBUG   (  254):     be87c5a8 400d03c0 41da7d5c 00001d36 400b98d1  
I/DEBUG   (  254):     be87c5b8 41da7d3e 400c4185 41da7d14 41da704c  
I/DEBUG   (  254):     be87c5c8 00000000 ffffffff 00000008 00000000  
I/DEBUG   (  254):     be87c5d8 41da7a98 41da77f8 0000001f 41da7bc4  
I/DEBUG   (  254):     be87c5e8 41da792c 00000000 00000000 00000001  
I/DEBUG   (  254):     be87c5f8 00000000 400b22af 00000000 41da77e8  
I/DEBUG   (  254):     be87c608 41da2048 41da7bc4 6485d8b6 41da2024  
I/DEBUG   (  254):     be87c618 400cbe9c 41da2024 41da7cb4 00000000  
I/DEBUG   (  254): 
I/DEBUG   (  254): code around pc:
I/DEBUG   (  254):     4010b4f4 e1a0700c e3700a01 912fff1e e2600000  
I/DEBUG   (  254):     4010b504 ea0075f5 e1a0c007 e3a07004 ef000000  
I/DEBUG   (  254):     4010b514 e1a0700c e3700a01 912fff1e e2600000  
I/DEBUG   (  254):     4010b524 ea0075ed e1a0c00d e92d00f0 e89c0070  
I/DEBUG   (  254):     4010b534 e3a070b4 ef000000 e8bd00f0 e3700a01  
I/DEBUG   (  254):     4010b544 912fff1e e2600000 ea0075e3 e1a0c00d  
I/DEBUG   (  254):     4010b554 e92d00f0 e89c0070 e3a070b5 ef000000  
I/DEBUG   (  254):     4010b564 e8bd00f0 e3700a01 912fff1e e2600000  
I/DEBUG   (  254):     4010b574 ea0075d9 e1a0c007 e3a07005 ef000000  
I/DEBUG   (  254):     4010b584 e1a0700c e3700a01 912fff1e e2600000  
I/DEBUG   (  254):     4010b594 ea0075d1 e1a0c007 e59f7014 ef000000  
I/DEBUG   (  254):     4010b5a4 e1a0700c e3700a01 912fff1e e2600000  
I/DEBUG   (  254):     4010b5b4 ea0075c9 00000142 e1a0c007 e3a07006  
I/DEBUG   (  254):     4010b5c4 ef000000 e1a0700c e3700a01 912fff1e  
I/DEBUG   (  254):     4010b5d4 e2600000 ea0075c0 e1a0c007 e3a07013  
I/DEBUG   (  254):     4010b5e4 ef000000 e1a0700c e3700a01 912fff1e  
I/DEBUG   (  254): 
I/DEBUG   (  254): code around lr:
I/DEBUG   (  254):     400e7e14 bd104788 000021f8 4606b570 4614460d  
I/DEBUG   (  254):     400e7e24 feb6f7ff 46304b03 447b4629 681b4622  
I/DEBUG   (  254):     400e7e34 bd704798 000021fa 4606b570 4614460d  
I/DEBUG   (  254):     400e7e44 fea6f7ff 46304b03 447b4629 681b4622  
I/DEBUG   (  254):     400e7e54 bd704798 000021c2 4606b570 4614460d  
I/DEBUG   (  254):     400e7e64 fe96f7ff 46304b03 447b4629 681b4622  
I/DEBUG   (  254):     400e7e74 bd704798 000021be 46c04778 e59fc000  
I/DEBUG   (  254):     400e7e84 e08cf00f fffff9a0 7ffffa20 8017aab0  
I/DEBUG   (  254):     400e7e94 7ffffd00 80a8b0b0 7ffffd24 80aab0b0  
I/DEBUG   (  254):     400e7ea4 7ffffd5c 80acb0b0 7ffffd7c 80a8b0b0  
I/DEBUG   (  254):     400e7eb4 7ffffd8c 80b103ac 7ffffdb4 80aab0b0  
I/DEBUG   (  254):     400e7ec4 7ffffdcc 80b108a9 7ffffe28 80b103ac  
I/DEBUG   (  254):     400e7ed4 7ffffe50 80a8b0b0 7ffffe60 80b108a9  
I/DEBUG   (  254):     400e7ee4 7ffffe74 80acb0b0 7ffffe94 80aab0b0  
I/DEBUG   (  254):     400e7ef4 7ffffeac 80b108a9 7ffffec0 80acb0b0  
I/DEBUG   (  254):     400e7f04 7ffffee0 80aab0b0 7ffffef8 80a8b0b0  
D/UsbHostManager(  811): usbDeviceAdded interfaceClass:255 interfaceSubclass:255 interfaceProtocol:255
D/UsbHostManager(  811): deviceAttached
W/ContextImpl(  811): Calling a method in the system process without a qualified user: android.app.ContextImpl.sendBroadcast:1213 com.android.server.usb.UsbSettingsManager.deviceAttached:621 com.android.server.usb.UsbHostManager.usbDeviceAdded:610 com.android.server.usb.UsbHostManager.monitorUsbHostBus:-2 com.android.server.usb.UsbHostManager.access$500:62 
I/ActivityManager(  811): START u0 {act=android.hardware.usb.action.USB_DEVICE_ATTACHED flg=0x10000000 cmp=com.qualcomm.ftcrobotcontroller/org.firstinspires.ftc.robotcontroller.internal.FtcRobotControllerActivity (has extras)} from pid 811
D/DisplayPowerController(  811): updateAmbientLux:  mLightSensorListener lux is 71.0
D/LockScreen_KeyguardUpdateMonitor(  978): received broadcast android.intent.action.TIME_TICK
D/LockScreen_DMLockCodeController(  978): canAcceptIntent - can: false
D/LockScreen_CMASAlertController(  978): canAcceptIntent - can: false
D/LockScreen_KeyguardUpdateMonitor(  978): handleTimeUpdate
W/AlarmManager(  811): Alarm triggering: Alarm{428b6958 type 3 android}
D/PowerManagerService(  811): sendPendingNotificationsLocked mSendGoToSleepFinishedNotificationWhenReady = false
E/niejiyong(  978): WeatherService is Running
E/niejiyong(  978): Weather process is Running
E/niejiyong(  978): WeatherService is Running
E/niejiyong(  978): Weather process is Running
D/haha    ( 1432): mDateTimeReceiver intent::Intent { act=android.intent.action.TIME_TICK flg=0x50000014 (has extras) }
E/niejiyong( 1432): TypeBWeatherWidget :: performUpdate..
E/niejiyong( 1432): TypeBWeatherWidget :: performUpdate..cityLocationId = cityId:351193
D/haha    ( 1432): WeatherWidget update  AmPm=1,  Hour=1,  Minute=47
D/UsbHostManager(  811): usbDeviceAdded interfaceClass:255 interfaceSubclass:255 interfaceProtocol:255
D/UsbHostManager(  811): deviceAttached
W/ContextImpl(  811): Calling a method in the system process without a qualified user: android.app.ContextImpl.sendBroadcast:1213 com.android.server.usb.UsbSettingsManager.deviceAttached:621 com.android.server.usb.UsbHostManager.usbDeviceAdded:610 com.android.server.usb.UsbHostManager.monitorUsbHostBus:-2 com.android.server.usb.UsbHostManager.access$500:62 
I/ActivityManager(  811): START u0 {act=android.hardware.usb.action.USB_DEVICE_ATTACHED flg=0x10000000 cmp=com.qualcomm.ftcrobotcontroller/org.firstinspires.ftc.robotcontroller.internal.FtcRobotControllerActivity (has extras)} from pid 811
W/AlarmManager(  811): +++alarm onSendFinished ,action=android.intent.action.TIME_TICK
D/PowerManagerService(  811): sendPendingNotificationsLocked mSendGoToSleepFinishedNotificationWhenReady = false
D/DisplayPowerController(  811): updateAmbientLux:  mLightSensorListener lux is 70.0
D/dalvikvm( 7603): GC_CONCURRENT freed 5936K, 55% free 5081K/11088K, paused 1ms+3ms, total 31ms
D/UsbHostManager(  811): usbDeviceAdded interfaceClass:255 interfaceSubclass:255 interfaceProtocol:255
D/UsbHostManager(  811): deviceAttached
W/ContextImpl(  811): Calling a method in the system process without a qualified user: android.app.ContextImpl.sendBroadcast:1213 com.android.server.usb.UsbSettingsManager.deviceAttached:621 com.android.server.usb.UsbHostManager.usbDeviceAdded:610 com.android.server.usb.UsbHostManager.monitorUsbHostBus:-2 com.android.server.usb.UsbHostManager.access$500:62 
I/ActivityManager(  811): START u0 {act=android.hardware.usb.action.USB_DEVICE_ATTACHED flg=0x10000000 cmp=com.qualcomm.ftcrobotcontroller/org.firstinspires.ftc.robotcontroller.internal.FtcRobotControllerActivity (has extras)} from pid 811
D/dalvikvm( 7603): GC_CONCURRENT freed 2123K, 56% free 4984K/11088K, paused 1ms+2ms, total 20ms
D/dalvikvm( 7603): GC_CONCURRENT freed 2081K, 56% free 4920K/11088K, paused 2ms+2ms, total 19ms
D/dalvikvm( 7603): GC_CONCURRENT freed 1916K, 55% free 5042K/11088K, paused 1ms+3ms, total 20ms
D/WifiService(  811): New client listening to asynchronous messages
E/WifiManager( 7603): createWifiLock(), enter. lockType=3 tag= getNameForPid(7603)=com.qualcomm.ftcrobotcontroller
V/RobotCore( 7603): Network: inactive, disconnected
D/WifiService(  811): acquireWifiLockLocked: WifiLock{ type=3 binder=android.os.BinderProxy@428a5338}
V/RCActivity( 7603): onStart()
V/RCActivity( 7603): onResume()
V/RCActivity( 7603): onPause()
V/RCActivity( 7603): onResume()
V/RCActivity( 7603): onPause()
V/RCActivity( 7603): onResume()
V/RCActivity( 7603): onPause()
V/RCActivity( 7603): onResume()
V/RCActivity( 7603): onPause()
V/RCActivity( 7603): onResume()
V/RCActivity( 7603): onPause()
V/RCActivity( 7603): onResume()
V/FTCService( 7603): onCreate()
V/FTCService( 7603): onBind()
V/FTCService( 7603): Android device is zte, N9130
V/RobotCore( 7603): Getting network assistant of type: WIFIDIRECT
V/WifiDirect( 7603): There are 1 Wifi Direct Assistant Clients (+)
V/WifiDirect( 7603): Enabling Wifi Direct Assistant
D/WifiP2pService(  811): GroupCreatedState{ when=0 what=139277 arg1=-2 arg2=1 target=com.android.internal.util.StateMachine$SmHandler }  > CREATE_GROUP
D/WifiP2pService(  811): P2pEnabledState{ when=0 what=139277 arg1=-2 arg2=1 target=com.android.internal.util.StateMachine$SmHandler }  > CREATE_GROUP
D/WifiP2pService(  811): DefaultState =139277
D/LockScreen_KeyguardViewMediator(  978): setHidden false
D/LockScreen_KeyguardUpdateMonitor(  978): sendKeyguardVisibilityChanged(true)
D/LockScreen_KeyguardUpdateMonitor(  978): handleKeyguardVisibilityChanged(1)
D/LockScreen_KeyguardViewMediator(  978): setHidden false
D/LockScreen_KeyguardUpdateMonitor(  978): sendKeyguardVisibilityChanged(true)
D/LockScreen_KeyguardUpdateMonitor(  978): handleKeyguardVisibilityChanged(1)
D/OpenGLRenderer( 7603): Enabling debug mode 0
D/WifiDirect( 7603): broadcast: state - enabled: true
D/WifiDirect( 7603): broadcast: connection changed: connectStatus=NOT_CONNECTED networkInfo.state=CONNECTED
V/WifiDirect( 7603): NetworkInfo: NetworkInfo: type: WIFI_P2P[], state: CONNECTED/CONNECTED, reason: (unspecified), extra: (none), roaming: false, failover: false, isAvailable: true, isConnectedToProvisioningNetwork: false, subscription: 0
V/WifiDirect( 7603): WifiP2pInfo: groupFormed: true isGroupOwner: true groupOwnerAddress: /192.168.49.1
V/WifiDirect( 7603): WifiP2pGroup: network: DIRECT-uf-6710-C-RC, isGO: true, GO: Device: , deviceAddress: aa:a6:68:d3:1d:03, primary type: null, secondary type: null, wps: 0, grpcapab: 0, devcapab: 0, status: 4, wfdInfo: WFD enabled: falseWFD DeviceInfo: 0, WFD CtrlPort: 0, WFD MaxThroughput: 0, Client: Device: 6710-C-DS, deviceAddress: aa:a6:68:bd:6c:56, primary type: 10-0050F204-5, secondary type: null, wps: 392, grpcapab: 0, devcapab: 37, status: 0, wfdInfo: null, interface: p2p0, networkId: 0
D/WifiP2pService(  811): GroupCreatedState{ when=0 what=139285 arg2=2 target=com.android.internal.util.StateMachine$SmHandler }  > REQUEST_CONNECTION_INFO
D/WifiP2pService(  811): P2pEnabledState{ when=0 what=139285 arg2=2 target=com.android.internal.util.StateMachine$SmHandler }  > REQUEST_CONNECTION_INFO
D/WifiP2pService(  811): DefaultState =139285
D/WifiDirect( 7603): broadcast: this device changed
V/WifiDirect( 7603): device information: 6710-C-RC aa:a6:68:d3:1d:03
V/FTCService( 7603): RCActivity.controllerService=bound
V/RobotCore( 7603): Network: unknown, disconnected
V/RobotCore( 7603): Robot Status: stopped
D/WifiP2pService(  811): GroupCreatedState{ when=0 what=139268 target=com.android.internal.util.StateMachine$SmHandler }  > STOP_DISCOVERY
D/WifiP2pService(  811): P2pEnabledState{ when=-1ms what=139268 target=com.android.internal.util.StateMachine$SmHandler }  > STOP_DISCOVERY
D/OpmodeRegistration( 7603): registered {DefaultOpMode} as {$Stop$Robot$}
V/FTCService( 7603): Processing robot setup
V/RobotCore( 7603): thread: 'RobotSetupRunnable.run()' starting...
V/D2xx::  ( 7603): Start constructor
V/RobotCore( 7603): Robot Status: stopped, scanning for USB devices
V/D2xx::  ( 7603): End constructor
V/D2xx::  ( 7603): Vendor: 0403, Product: 6001
V/D2xx::  ( 7603): Vendor: 0403, Product: 6001
I/FIRST   ( 7603): ignoring: unable get serial number of attached UsbDevice vendor=0x0403, product=0x6001 device=0x03ec name=/dev/bus/usb/001/004
V/D2xx::  ( 7603): Vendor: 0403, Product: 6001
V/D2xx::  ( 7603): Vendor: 0403, Product: 6001
I/FIRST   ( 7603): ignoring: unable get serial number of attached UsbDevice vendor=0x0403, product=0x6001 device=0x03ed name=/dev/bus/usb/001/005
V/D2xx::  ( 7603): Vendor: 0403, Product: 6001
V/D2xx::  ( 7603): Vendor: 0403, Product: 6001
I/FIRST   ( 7603): ignoring: unable get serial number of attached UsbDevice vendor=0x0403, product=0x6001 device=0x03ee name=/dev/bus/usb/001/006
V/D2xx::  ( 7603): Vendor: 0403, Product: 6001
V/D2xx::  ( 7603): Vendor: 0403, Product: 6001
I/FIRST   ( 7603): ignoring: unable get serial number of attached UsbDevice vendor=0x0403, product=0x6001 device=0x03ef name=/dev/bus/usb/001/007
V/D2xx::  ( 7603): Vendor: 0403, Product: 6001
V/D2xx::  ( 7603): Vendor: 0403, Product: 6001
I/FIRST   ( 7603): ignoring: unable get serial number of attached UsbDevice vendor=0x0403, product=0x6001 device=0x03f0 name=/dev/bus/usb/001/008
D/WifiDirect( 7603): cannot create group, does group already exist?
D/LockScreen_KeyguardViewMediator(  978): setHidden false
D/LockScreen_KeyguardUpdateMonitor(  978): sendKeyguardVisibilityChanged(true)
D/LockScreen_KeyguardUpdateMonitor(  978): handleKeyguardVisibilityChanged(1)
D/WifiDirect( 7603): group owners address: /192.168.49.1
D/WifiDirect( 7603): group formed, this device is the group owner (GO)
I/FTCService( 7603): Wifi Direct - connected as group owner
D/WifiDirect( 7603): stop discovering peers
I/ActivityManager(  811): Displayed com.qualcomm.ftcrobotcontroller/org.firstinspires.ftc.robotcontroller.internal.FtcRobotControllerActivity: +1s723ms
D/WifiP2pService(  811): GroupCreatedState{ when=0 what=139287 arg2=3 target=com.android.internal.util.StateMachine$SmHandler }  > REQUEST_GROUP_INFO
D/WifiP2pService(  811): P2pEnabledState{ when=0 what=139287 arg2=3 target=com.android.internal.util.StateMachine$SmHandler }  > REQUEST_GROUP_INFO
D/WifiP2pService(  811): DefaultState =139287
D/WifiP2pService(  811): GroupCreatedState{ when=-1ms what=139268 target=com.android.internal.util.StateMachine$SmHandler }  > STOP_DISCOVERY
D/WifiP2pService(  811): P2pEnabledState{ when=-1ms what=139268 target=com.android.internal.util.StateMachine$SmHandler }  > STOP_DISCOVERY
I/Timeline(  811): Timeline: Activity_windows_visible id: ActivityRecord{427dfad0 u0 com.qualcomm.ftcrobotcontroller/org.firstinspires.ftc.robotcontroller.internal.FtcRobotControllerActivity t46} time:3235790
D/LockScreen_KeyguardViewMediator(  978): setHidden false
D/LockScreen_KeyguardUpdateMonitor(  978): sendKeyguardVisibilityChanged(true)
D/LockScreen_KeyguardUpdateMonitor(  978): handleKeyguardVisibilityChanged(1)
D/LockScreen_KeyguardViewMediator(  978): setHidden false
D/LockScreen_KeyguardUpdateMonitor(  978): sendKeyguardVisibilityChanged(true)
D/LockScreen_KeyguardUpdateMonitor(  978): handleKeyguardVisibilityChanged(1)
V/RobotCore( 7603): Network: enabled, disconnected
D/PowerManagerService(  811): sendPendingNotificationsLocked mSendGoToSleepFinishedNotificationWhenReady = false
D/LockScreen_KeyguardViewMediator(  978): setHidden false
D/LockScreen_KeyguardUpdateMonitor(  978): sendKeyguardVisibilityChanged(true)
D/LockScreen_KeyguardUpdateMonitor(  978): handleKeyguardVisibilityChanged(1)
D/LockScreen_KeyguardViewMediator(  978): setHidden false
D/LockScreen_KeyguardUpdateMonitor(  978): sendKeyguardVisibilityChanged(true)
D/LockScreen_KeyguardUpdateMonitor(  978): handleKeyguardVisibilityChanged(1)
V/WifiDirect( 7603): connection information available
V/WifiDirect( 7603): connection information - groupOwnerName = 6710-C-RC
V/WifiDirect( 7603): connection information - groupOwnerMacAddress = aa:a6:68:d3:1d:03
V/WifiDirect( 7603): connection information - groupInterface = p2p0
V/WifiDirect( 7603): connection information - groupNetworkName = DIRECT-uf-6710-C-RC
I/FTCService( 7603): Network Connection Passphrase: KBiWxn4k
V/RobotCore( 7603): Network: active, disconnected
I/Timeline( 7603): Timeline: Activity_idle id: android.os.BinderProxy@41f2cdb8 time:3235844
D/PowerManagerService(  811): sendPendingNotificationsLocked mSendGoToSleepFinishedNotificationWhenReady = false
W/AlarmManager(  811): Alarm triggering: Alarm{4292b1f8 type 0 com.android.vending}
W/AlarmManager(  811): +++Alarm  wakeup phone ,pkg=com.android.vending
D/PowerManagerService(  811): sendPendingNotificationsLocked mSendGoToSleepFinishedNotificationWhenReady = false
W/AlarmManager(  811): +++alarm onSendFinished ,action=null
D/PowerManagerService(  811): sendPendingNotificationsLocked mSendGoToSleepFinishedNotificationWhenReady = false
I/Finsky  ( 2231): [194] com.google.android.finsky.d.g.run(1151): Replicating app states via AMAS.
D/LockScreen_KeyguardViewMediator(  978): setHidden false
D/LockScreen_KeyguardUpdateMonitor(  978): sendKeyguardVisibilityChanged(true)
D/LockScreen_KeyguardUpdateMonitor(  978): handleKeyguardVisibilityChanged(1)
D/LockScreen_KeyguardViewMediator(  978): setHidden false
D/LockScreen_KeyguardUpdateMonitor(  978): sendKeyguardVisibilityChanged(true)
D/LockScreen_KeyguardUpdateMonitor(  978): handleKeyguardVisibilityChanged(1)
I/Finsky  ( 2231): [1] com.google.android.finsky.d.e.a(313): Completed 1 account content syncs with 0 successful.
I/Finsky  ( 2231): [1] com.google.android.finsky.services.j.a(155): Installation state replication failed.
I/Finsky  ( 2231): [1] com.google.android.finsky.services.j.a(158): Giving up after 6 failures.
D/DisplayPowerController(  811): updateAmbientLux:  mLightSensorListener lux is 71.0
D/PowerManagerService(  811): sendPendingNotificationsLocked mSendGoToSleepFinishedNotificationWhenReady = false
D/PowerManagerService(  811): sendPendingNotificationsLocked mSendGoToSleepFinishedNotificationWhenReady = false
D/DisplayPowerController(  811): updateAmbientLux:  mLightSensorListener lux is 72.0
D/DisplayPowerController(  811): updateAmbientLux:  mLightSensorListener lux is 73.0
D/DisplayPowerController(  811): updateAmbientLux:  mLightSensorListener lux is 74.0
D/DisplayPowerController(  811): updateAmbientLux:  mLightSensorListener lux is 73.0
D/DisplayPowerController(  811): updateAmbientLux:  mLightSensorListener lux is 74.0
D/DisplayPowerController(  811): updateAmbientLux:  mLightSensorListener lux is 75.0
D/DisplayPowerController(  811): updateAmbientLux:  mLightSensorListener lux is 76.0
D/DisplayPowerController(  811): updateAmbientLux:  mLightSensorListener lux is 77.0
D/DisplayPowerController(  811): updateAmbientLux:  mLightSensorListener lux is 78.0
D/DisplayPowerController(  811): updateAmbientLux:  mLightSensorListener lux is 79.0
V/RobotCore( 7603): EventLoopManager state is NOT_STARTED
V/RobotCore( 7603): Robot Status: stopped, waiting on network
V/RobotCore( 7603): Robot Status: stopped, starting robot
V/Robocol ( 7603): EventLoopManager.start()
V/RobotCore( 7603): Getting network assistant of type: WIFIDIRECT
V/Robocol ( 7603): Spoofing a Network Connection event...
I/RobotCore( 7603): Battery Checker, Level Remaining: 95.0
I/RobotCore( 7603): Battery Checker, Level Remaining: 95.0
V/RobotCore( 7603): executive service EventLoop is terminated
V/RobotCore( 7603): EventLoopManager state is STOPPED
V/Robocol ( 7603): eventLoop=FtcEventLoop
V/RobotCore( 7603): EventLoopManager state is INIT
V/RobotCore( 7603): Robot Status: initializing, starting robot
I/FIRST   ( 7603): ======= INIT START =======
V/RobotCore( 7603): thread: 'SetupRunnable.run()' starting...
D/OpmodeRegistration( 7603): registered {New_Linear_Tele_Op} as {Linear Tele Op New 3}
D/OpmodeRegistration( 7603): registered {WriteToOtherFileV3} as {Writer Tele Op - v3}
D/OpmodeRegistration( 7603): registered {BlueNearAutoOpSigma2016} as {Blue Near Auto Op Sigma 2016}
D/OpmodeRegistration( 7603): registered {ReadAutoOpModeV3} as {Reader Tele Op - v3}
W/AwContents( 7603): nativeOnDraw failed; clearing to background color.
D/OpmodeRegistration( 7603): registered {RedNearAutoOpSigma2016} as {Red Near Auto Op Sigma 2016}
D/OpmodeRegistration( 7603): registered {SensorTestSigma2016} as {Sensors}
V/RobotCore( 7603): Creating Modern Robotics USB Core Device Interface Module [AL00VE3C]
V/D2xx::  ( 7603): Vendor: 0403, Product: 6001
D/UsbDeviceConnectionJNI( 7603): close
V/D2xx::  ( 7603): Vendor: 0403, Product: 6001
D/Robocol ( 7603): RobocolDatagramSocket listening addr=/192.168.49.1:20884 cbRec=65520 cbSend=163840 msRecTO=300
D/UsbDeviceConnectionJNI( 7603): close
V/Robocol ( 7603): RecvLoopRunnable created
V/D2xx::  ( 7603): Vendor: 0403, Product: 6001
V/PeerDiscovery( 7603): Starting peer discovery
V/PeerDiscovery( 7603): No need for peer discovery, we are the peer discovery device
V/RobotCore( 7603): Setup complete
V/RobotCore( 7603): thread: 'RecvLoopRunnable.run()' starting...
V/RobotCore( 7603): thread: ...terminating 'SetupRunnable.run()'
D/dalvikvm( 7603): GC_CONCURRENT freed 1830K, 53% free 5231K/11088K, paused 2ms+2ms, total 20ms
D/UsbDeviceConnectionJNI( 7603): close
V/D2xx::  ( 7603): Vendor: 0403, Product: 6001
D/UsbDeviceConnectionJNI( 7603): close
V/D2xx::  ( 7603): Vendor: 0403, Product: 6001
D/UsbDeviceConnectionJNI( 7603): close
V/D2xx::  ( 7603): Vendor: 0403, Product: 6001
D/UsbDeviceConnectionJNI( 7603): close
D/FTDI_Device::( 7603): open SUCCESS
I/FTDI_Device::( 7603): EP: 0x81
I/FTDI_Device::( 7603): EP: 0x02
D/UsbRequestJNI( 7603): init
D/D2XX::  ( 7603): **********************Device Opened**********************
I/dalvikvm( 7603): Could not find method android.support.v4.content.LocalBroadcastManager.getInstance, referenced from method com.ftdi.j2xx.ProcessInCtrl.processEventChars
W/dalvikvm( 7603): VFY: unable to resolve static method 782: Landroid/support/v4/content/LocalBroadcastManager;.getInstance (Landroid/content/Context;)Landroid/support/v4/content/LocalBroadcastManager;
D/dalvikvm( 7603): VFY: replacing opcode 0x71 at 0x004e
I/dalvikvm( 7603): Could not find method android.support.v4.content.LocalBroadcastManager.getInstance, referenced from method com.ftdi.j2xx.ProcessInCtrl.processEventChars
W/dalvikvm( 7603): VFY: unable to resolve static method 782: Landroid/support/v4/content/LocalBroadcastManager;.getInstance (Landroid/content/Context;)Landroid/support/v4/content/LocalBroadcastManager;
D/dalvikvm( 7603): VFY: replacing opcode 0x71 at 0x008d
I/dalvikvm( 7603): Could not find method android.support.v4.content.LocalBroadcastManager.getInstance, referenced from method com.ftdi.j2xx.ProcessInCtrl.processEventChars
W/dalvikvm( 7603): VFY: unable to resolve static method 782: Landroid/support/v4/content/LocalBroadcastManager;.getInstance (Landroid/content/Context;)Landroid/support/v4/content/LocalBroadcastManager;
D/dalvikvm( 7603): VFY: replacing opcode 0x71 at 0x00cc
D/DisplayPowerController(  811): updateAmbientLux:  mLightSensorListener lux is 80.0
D/DisplayPowerController(  811): updateAmbientLux:  mLightSensorListener lux is 81.0
D/Robocol ( 7603): no packet received: SocketTimeoutException
V/RobotCore( 7603): Starting up device AL00VE3C
V/RobotCore( 7603): thread: 'r/w loop: Modern Robotics USB Core Device Interface Module [AL00VE3C]' starting...
V/RobotCore( 7603): Creating Modern Robotics I2C Gyro Sensor - Port: 0
V/RobotCore( 7603): Creating Modern Robotics USB Legacy Module [AL00XROI]
D/DisplayPowerController(  811): updateAmbientLux:  mLightSensorListener lux is 82.0
V/D2xx::  ( 7603): Vendor: 0403, Product: 6001
V/D2xx::  ( 7603): Vendor: 0403, Product: 6001
V/D2xx::  ( 7603): Vendor: 0403, Product: 6001
V/D2xx::  ( 7603): Vendor: 0403, Product: 6001
V/D2xx::  ( 7603): Vendor: 0403, Product: 6001
V/D2xx::  ( 7603): Vendor: 0403, Product: 6001
D/FTDI_Device::( 7603): open SUCCESS
I/FTDI_Device::( 7603): EP: 0x81
I/FTDI_Device::( 7603): EP: 0x02
D/UsbRequestJNI( 7603): init
D/D2XX::  ( 7603): **********************Device Opened**********************
D/DisplayPowerController(  811): updateAmbientLux:  mLightSensorListener lux is 83.0
D/DisplayPowerController(  811): updateAmbientLux:  mLightSensorListener lux is 84.0
V/RobotCore( 7603): Starting up device AL00XROI
V/RobotCore( 7603): thread: 'r/w loop: Modern Robotics USB Legacy Module [AL00XROI]' starting...
V/RobotCore( 7603): Creating HiTechnic NXT Color Sensor - Port: 1
V/RobotCore( 7603): Creating HiTechnic NXT Color Sensor - Port: 2
V/RobotCore( 7603): Creating HiTechnic NXT Ultrasonic Sensor - Port: 4
V/RobotCore( 7603): Creating HiTechnic NXT Ultrasonic Sensor - Port: 5
V/RobotCore( 7603): Creating Modern Robotics USB DC Motor Controller [AL00VS9P]
D/RobotCore( 7603): arming modern motor controller Modern Robotics USB DC Motor Controller [AL00VS9P]...
V/D2xx::  ( 7603): Vendor: 0403, Product: 6001
V/D2xx::  ( 7603): Vendor: 0403, Product: 6001
V/D2xx::  ( 7603): Vendor: 0403, Product: 6001
V/D2xx::  ( 7603): Vendor: 0403, Product: 6001
V/D2xx::  ( 7603): Vendor: 0403, Product: 6001
V/D2xx::  ( 7603): Vendor: 0403, Product: 6001
D/FTDI_Device::( 7603): open SUCCESS
I/FTDI_Device::( 7603): EP: 0x81
I/FTDI_Device::( 7603): EP: 0x02
D/UsbRequestJNI( 7603): init
D/D2XX::  ( 7603): **********************Device Opened**********************
D/DisplayPowerController(  811): updateAmbientLux:  mLightSensorListener lux is 85.0
V/RobotCore( 7603): Starting up device AL00VS9P
V/RobotCore( 7603): thread: 'r/w loop: Modern Robotics USB DC Motor Controller [AL00VS9P]' starting...
D/RobotCore( 7603): ...arming modern motor controller Modern Robotics USB DC Motor Controller [AL00VS9P] complete
D/dalvikvm( 7603): GC_CONCURRENT freed 1039K, 45% free 6164K/11088K, paused 4ms+3ms, total 48ms
V/RobotCore( 7603): Creating Modern Robotics USB Servo Controller [AL00XOKN]
D/RobotCore( 7603): arming modern servo controller Modern Robotics USB Servo Controller [AL00XOKN]...
V/D2xx::  ( 7603): Vendor: 0403, Product: 6001
V/D2xx::  ( 7603): Vendor: 0403, Product: 6001
V/D2xx::  ( 7603): Vendor: 0403, Product: 6001
V/D2xx::  ( 7603): Vendor: 0403, Product: 6001
V/D2xx::  ( 7603): Vendor: 0403, Product: 6001
V/D2xx::  ( 7603): Vendor: 0403, Product: 6001
D/FTDI_Device::( 7603): open SUCCESS
I/FTDI_Device::( 7603): EP: 0x81
I/FTDI_Device::( 7603): EP: 0x02
D/UsbRequestJNI( 7603): init
D/D2XX::  ( 7603): **********************Device Opened**********************
D/DisplayPowerController(  811): updateAmbientLux:  mLightSensorListener lux is 86.0
D/DisplayPowerController(  811): updateAmbientLux:  mLightSensorListener lux is 87.0
V/RobotCore( 7603): Starting up device AL00XOKN
V/RobotCore( 7603): thread: 'r/w loop: Modern Robotics USB Servo Controller [AL00XOKN]' starting...
D/RobotCore( 7603): ...arming modern servo controller Modern Robotics USB Servo Controller [AL00XOKN] complete
