I/System.out( 5722): --BlueNear log-- error=15.0 leftspeed=0.5 rightSpeed=0.09999999999999998 curAngle=-15.0 targetAngle=5.0
I/System.out( 5722): Ground Brightness:: 91 Light Level:: 112
I/System.out( 5722): Sigma2016 -- Blue While did not run for 47ms
I/System.out( 5722): --BlueNear log-- ultrasoniclevel=22.0 error=15.0 angleOffset=-14.0 distance=-18.0
I/System.out( 5722): --BlueNear log-- error=15.0 leftspeed=0.5 rightSpeed=0.12 curAngle=-14.0 targetAngle=5.0
I/System.out( 5722): Ground Brightness:: 91 Light Level:: 112
I/System.out( 5722): --BlueNear log-- ultrasoniclevel=22.0 error=15.0 angleOffset=-13.0 distance=-18.0
I/System.out( 5722): --BlueNear log-- error=15.0 leftspeed=0.5 rightSpeed=0.14 curAngle=-13.0 targetAngle=5.0
I/System.out( 5722): Ground Brightness:: 91 Light Level:: 112
I/System.out( 5722): Sigma2016 -- Blue While did not run for 30ms
I/System.out( 5722): Sigma2016 -- Blue While did not run for 44ms
I/System.out( 5722): Sigma2016 -- Blue While did not run for 58ms
D/dalvikvm( 5722): GC_CONCURRENT freed 2041K, 36% free 7100K/11092K, paused 3ms+3ms, total 60ms
I/System.out( 5722): Sigma2016 -- Blue While did not run for 41ms
I/System.out( 5722): Sigma2016 -- Blue While did not run for 36ms
I/System.out( 5722): Sigma2016 -- Blue While did not run for 34ms
I/System.out( 5722): Sigma2016 -- Blue While did not run for 47ms
I/System.out( 5722): Sigma2016 -- Blue While did not run for 42ms
I/System.out( 5722): Sigma2016 -- Blue While did not run for 52ms
I/System.out( 5722): Sigma2016 -- Blue While did not run for 29ms
I/System.out( 5722): --BlueNear log-- ultrasoniclevel=17.0 error=10.0 angleOffset=1.0 distance=-18.0
I/System.out( 5722): --BlueNear log-- error=10.0 leftspeed=0.5 rightSpeed=0.42 curAngle=1.0 targetAngle=5.0
I/System.out( 5722): Ground Brightness:: 91 Light Level:: 112
I/System.out( 5722): --BlueNear log-- ultrasoniclevel=17.0 error=10.0 angleOffset=1.0 distance=-18.0
I/System.out( 5722): --BlueNear log-- error=10.0 leftspeed=0.5 rightSpeed=0.42 curAngle=1.0 targetAngle=5.0
I/System.out( 5722): Ground Brightness:: 91 Light Level:: 112
I/System.out( 5722): Sigma2016 -- Blue While did not run for 43ms
I/System.out( 5722): --BlueNear log-- ultrasoniclevel=16.0 error=9.0 angleOffset=2.0 distance=-18.0
I/System.out( 5722): --BlueNear log-- error=9.0 leftspeed=0.5 rightSpeed=0.44 curAngle=2.0 targetAngle=5.0
I/System.out( 5722): Ground Brightness:: 91 Light Level:: 112
I/System.out( 5722): --BlueNear log-- ultrasoniclevel=16.0 error=9.0 angleOffset=2.0 distance=-18.0
I/System.out( 5722): --BlueNear log-- error=9.0 leftspeed=0.5 rightSpeed=0.44 curAngle=2.0 targetAngle=5.0
I/System.out( 5722): Ground Brightness:: 91 Light Level:: 112
I/System.out( 5722): --BlueNear log-- ultrasoniclevel=16.0 error=9.0 angleOffset=2.0 distance=-18.0
I/System.out( 5722): --BlueNear log-- error=9.0 leftspeed=0.5 rightSpeed=0.44 curAngle=2.0 targetAngle=5.0
I/System.out( 5722): Ground Brightness:: 91 Light Level:: 112
I/System.out( 5722): --BlueNear log-- ultrasoniclevel=16.0 error=9.0 angleOffset=2.0 distance=-18.0
I/System.out( 5722): --BlueNear log-- error=9.0 leftspeed=0.5 rightSpeed=0.44 curAngle=2.0 targetAngle=5.0
I/System.out( 5722): Ground Brightness:: 91 Light Level:: 112
I/System.out( 5722): --BlueNear log-- ultrasoniclevel=16.0 error=9.0 angleOffset=2.0 distance=-18.0
I/System.out( 5722): --BlueNear log-- error=9.0 leftspeed=0.5 rightSpeed=0.44 curAngle=2.0 targetAngle=5.0
I/System.out( 5722): Ground Brightness:: 91 Light Level:: 112
I/System.out( 5722): --BlueNear log-- ultrasoniclevel=16.0 error=9.0 angleOffset=2.0 distance=-18.0
I/System.out( 5722): --BlueNear log-- error=9.0 leftspeed=0.5 rightSpeed=0.44 curAngle=2.0 targetAngle=5.0
I/System.out( 5722): Ground Brightness:: 91 Light Level:: 112
I/System.out( 5722): --BlueNear log-- ultrasoniclevel=16.0 error=9.0 angleOffset=2.0 distance=-18.0
I/System.out( 5722): --BlueNear log-- error=9.0 leftspeed=0.5 rightSpeed=0.44 curAngle=2.0 targetAngle=5.0
I/System.out( 5722): Ground Brightness:: 91 Light Level:: 112
I/System.out( 5722): --BlueNear log-- ultrasoniclevel=16.0 error=9.0 angleOffset=2.0 distance=-18.0
I/System.out( 5722): --BlueNear log-- error=9.0 leftspeed=0.5 rightSpeed=0.44 curAngle=2.0 targetAngle=5.0
I/System.out( 5722): Ground Brightness:: 91 Light Level:: 112
I/System.out( 5722): --BlueNear log-- ultrasoniclevel=16.0 error=9.0 angleOffset=2.0 distance=-18.0
I/System.out( 5722): --BlueNear log-- error=9.0 leftspeed=0.5 rightSpeed=0.44 curAngle=2.0 targetAngle=5.0
I/System.out( 5722): Ground Brightness:: 91 Light Level:: 112
I/System.out( 5722): --BlueNear log-- ultrasoniclevel=16.0 error=9.0 angleOffset=2.0 distance=-18.0
I/System.out( 5722): --BlueNear log-- error=9.0 leftspeed=0.5 rightSpeed=0.44 curAngle=2.0 targetAngle=5.0
I/System.out( 5722): Ground Brightness:: 91 Light Level:: 112
I/System.out( 5722): --BlueNear log-- ultrasoniclevel=16.0 error=9.0 angleOffset=2.0 distance=-18.0
I/System.out( 5722): --BlueNear log-- error=9.0 leftspeed=0.5 rightSpeed=0.44 curAngle=2.0 targetAngle=5.0
I/System.out( 5722): Ground Brightness:: 91 Light Level:: 112
I/System.out( 5722): --BlueNear log-- ultrasoniclevel=16.0 error=9.0 angleOffset=2.0 distance=-18.0
I/System.out( 5722): --BlueNear log-- error=9.0 leftspeed=0.5 rightSpeed=0.44 curAngle=2.0 targetAngle=5.0
I/System.out( 5722): Ground Brightness:: 91 Light Level:: 112
I/System.out( 5722): --BlueNear log-- ultrasoniclevel=16.0 error=9.0 angleOffset=2.0 distance=-18.0
I/System.out( 5722): --BlueNear log-- error=9.0 leftspeed=0.5 rightSpeed=0.44 curAngle=2.0 targetAngle=5.0
I/System.out( 5722): Ground Brightness:: 91 Light Level:: 112
I/System.out( 5722): --BlueNear log-- ultrasoniclevel=16.0 error=9.0 angleOffset=2.0 distance=-18.0
I/System.out( 5722): --BlueNear log-- error=9.0 leftspeed=0.5 rightSpeed=0.44 curAngle=2.0 targetAngle=5.0
I/System.out( 5722): Ground Brightness:: 91 Light Level:: 112
I/System.out( 5722): --BlueNear log-- ultrasoniclevel=16.0 error=9.0 angleOffset=2.0 distance=-18.0
I/System.out( 5722): --BlueNear log-- error=9.0 leftspeed=0.5 rightSpeed=0.44 curAngle=2.0 targetAngle=5.0
I/System.out( 5722): Ground Brightness:: 91 Light Level:: 112
I/System.out( 5722): --BlueNear log-- ultrasoniclevel=16.0 error=9.0 angleOffset=2.0 distance=-18.0
I/System.out( 5722): --BlueNear log-- error=9.0 leftspeed=0.5 rightSpeed=0.44 curAngle=2.0 targetAngle=5.0
I/System.out( 5722): Ground Brightness:: 91 Light Level:: 112
I/System.out( 5722): --BlueNear log-- ultrasoniclevel=16.0 error=9.0 angleOffset=2.0 distance=-18.0
I/System.out( 5722): --BlueNear log-- error=9.0 leftspeed=0.5 rightSpeed=0.44 curAngle=2.0 targetAngle=5.0
I/System.out( 5722): Ground Brightness:: 91 Light Level:: 112
I/System.out( 5722): --BlueNear log-- ultrasoniclevel=16.0 error=9.0 angleOffset=2.0 distance=-18.0
I/System.out( 5722): --BlueNear log-- error=9.0 leftspeed=0.5 rightSpeed=0.44 curAngle=2.0 targetAngle=5.0
I/System.out( 5722): Ground Brightness:: 91 Light Level:: 112
I/System.out( 5722): --BlueNear log-- ultrasoniclevel=34.0 error=27.0 angleOffset=2.0 distance=-18.0
I/System.out( 5722): --BlueNear log-- error=27.0 leftspeed=0.5 rightSpeed=0.44 curAngle=2.0 targetAngle=5.0
I/System.out( 5722): Ground Brightness:: 91 Light Level:: 112
I/System.out( 5722): --BlueNear log-- ultrasoniclevel=34.0 error=27.0 angleOffset=2.0 distance=-18.0
I/System.out( 5722): --BlueNear log-- error=27.0 leftspeed=0.5 rightSpeed=0.44 curAngle=2.0 targetAngle=5.0
I/System.out( 5722): Ground Brightness:: 91 Light Level:: 112
D/dalvikvm( 5722): GC_CONCURRENT freed 2054K, 36% free 7125K/11092K, paused 3ms+4ms, total 48ms
I/System.out( 5722): Sigma2016 -- Blue While did not run for 46ms
I/System.out( 5722): --BlueNear log-- ultrasoniclevel=35.0 error=28.0 angleOffset=1.0 distance=-18.0
I/System.out( 5722): --BlueNear log-- error=28.0 leftspeed=0.5 rightSpeed=0.42 curAngle=1.0 targetAngle=5.0
I/System.out( 5722): Ground Brightness:: 91 Light Level:: 112
I/System.out( 5722): --BlueNear log-- ultrasoniclevel=35.0 error=28.0 angleOffset=1.0 distance=-18.0
I/System.out( 5722): --BlueNear log-- error=28.0 leftspeed=0.5 rightSpeed=0.42 curAngle=1.0 targetAngle=5.0
I/System.out( 5722): Ground Brightness:: 91 Light Level:: 112
I/System.out( 5722): --BlueNear log-- ultrasoniclevel=35.0 error=28.0 angleOffset=1.0 distance=-18.0
I/System.out( 5722): --BlueNear log-- error=28.0 leftspeed=0.5 rightSpeed=0.42 curAngle=1.0 targetAngle=5.0
I/System.out( 5722): Ground Brightness:: 91 Light Level:: 112
I/System.out( 5722): --BlueNear log-- ultrasoniclevel=35.0 error=28.0 angleOffset=1.0 distance=-18.0
I/System.out( 5722): --BlueNear log-- error=28.0 leftspeed=0.5 rightSpeed=0.42 curAngle=1.0 targetAngle=5.0
I/System.out( 5722): Ground Brightness:: 91 Light Level:: 112
I/System.out( 5722): --BlueNear log-- ultrasoniclevel=35.0 error=28.0 angleOffset=1.0 distance=-18.0
I/System.out( 5722): --BlueNear log-- error=28.0 leftspeed=0.5 rightSpeed=0.42 curAngle=1.0 targetAngle=5.0
I/System.out( 5722): Ground Brightness:: 91 Light Level:: 112
I/System.out( 5722): Sigma2016 -- center light sensor read is set to false
D/DisplayPowerController(  811): updateAmbientLux:  mLightSensorListener lux is 1.0
D/MRMotorController( 5722): mode resend: motor=[AL00VW5E,1] mode=STOP_AND_RESET_ENCODER
D/DisplayPowerController(  811): updateAmbientLux:  mLightSensorListener lux is 0.0
D/MRMotorController( 5722): mode resend: motor=[AL00VW5E,1] mode=STOP_AND_RESET_ENCODER
D/MRMotorController( 5722): mode resend: motor=[AL00VS9P,1] mode=STOP_AND_RESET_ENCODER
I/System.out( 5722): Sigma2016 -- center light sensor read is set to true
I/System.out( 5722): Sigma2016 -- Blue While did not run for 38ms
I/System.out( 5722): --BlueNear log-- ultrasoniclevel=13.0 error=6.0 angleOffset=-20.0 distance=18.0
I/System.out( 5722): --BlueNear log-- error=6.0 leftspeed=0.0 rightSpeed=0.15 curAngle=-20.0 targetAngle=-5.0
I/System.out( 5722): Ground Brightness:: 91 Light Level:: 83
I/System.out( 5722): --BlueNear log-- ultrasoniclevel=13.0 error=6.0 angleOffset=-20.0 distance=18.0
I/System.out( 5722): --BlueNear log-- error=6.0 leftspeed=0.0 rightSpeed=0.15 curAngle=-20.0 targetAngle=-5.0
I/System.out( 5722): Ground Brightness:: 91 Light Level:: 83
I/System.out( 5722): --BlueNear log-- ultrasoniclevel=13.0 error=6.0 angleOffset=-20.0 distance=18.0
I/System.out( 5722): --BlueNear log-- error=6.0 leftspeed=0.0 rightSpeed=0.15 curAngle=-20.0 targetAngle=-5.0
I/System.out( 5722): Ground Brightness:: 91 Light Level:: 83
I/System.out( 5722): --BlueNear log-- ultrasoniclevel=13.0 error=6.0 angleOffset=-20.0 distance=18.0
I/System.out( 5722): --BlueNear log-- error=6.0 leftspeed=0.0 rightSpeed=0.15 curAngle=-20.0 targetAngle=-5.0
I/System.out( 5722): Ground Brightness:: 91 Light Level:: 83
D/dalvikvm( 5722): GC_CONCURRENT freed 2054K, 36% free 7164K/11092K, paused 3ms+5ms, total 53ms
I/System.out( 5722): --BlueNear log-- ultrasoniclevel=13.0 error=6.0 angleOffset=-20.0 distance=18.0
I/System.out( 5722): --BlueNear log-- error=6.0 leftspeed=0.0 rightSpeed=0.15 curAngle=-20.0 targetAngle=-5.0
I/System.out( 5722): Ground Brightness:: 91 Light Level:: 83
I/System.out( 5722): --BlueNear log-- ultrasoniclevel=13.0 error=6.0 angleOffset=-20.0 distance=18.0
I/System.out( 5722): --BlueNear log-- error=6.0 leftspeed=0.0 rightSpeed=0.15 curAngle=-20.0 targetAngle=-5.0
I/System.out( 5722): Ground Brightness:: 91 Light Level:: 83
I/System.out( 5722): --BlueNear log-- ultrasoniclevel=13.0 error=6.0 angleOffset=-20.0 distance=18.0
I/System.out( 5722): --BlueNear log-- error=6.0 leftspeed=0.0 rightSpeed=0.15 curAngle=-20.0 targetAngle=-5.0
I/System.out( 5722): Ground Brightness:: 91 Light Level:: 83
I/System.out( 5722): --BlueNear log-- ultrasoniclevel=13.0 error=6.0 angleOffset=-20.0 distance=18.0
I/System.out( 5722): --BlueNear log-- error=6.0 leftspeed=0.0 rightSpeed=0.15 curAngle=-20.0 targetAngle=-5.0
I/System.out( 5722): Ground Brightness:: 91 Light Level:: 83
I/System.out( 5722): --BlueNear log-- ultrasoniclevel=13.0 error=6.0 angleOffset=-19.0 distance=18.0
I/System.out( 5722): --BlueNear log-- error=6.0 leftspeed=0.0 rightSpeed=0.15 curAngle=-19.0 targetAngle=-5.0
I/System.out( 5722): Ground Brightness:: 91 Light Level:: 83
I/System.out( 5722): --BlueNear log-- ultrasoniclevel=14.0 error=7.0 angleOffset=-19.0 distance=18.0
I/System.out( 5722): --BlueNear log-- error=7.0 leftspeed=0.0 rightSpeed=0.15 curAngle=-19.0 targetAngle=-5.0
I/System.out( 5722): Ground Brightness:: 91 Light Level:: 83
I/System.out( 5722): --BlueNear log-- ultrasoniclevel=14.0 error=7.0 angleOffset=-19.0 distance=18.0
I/System.out( 5722): --BlueNear log-- error=7.0 leftspeed=0.0 rightSpeed=0.15 curAngle=-19.0 targetAngle=-5.0
I/System.out( 5722): Ground Brightness:: 91 Light Level:: 83
I/System.out( 5722): --BlueNear log-- ultrasoniclevel=14.0 error=7.0 angleOffset=-19.0 distance=18.0
I/System.out( 5722): --BlueNear log-- error=7.0 leftspeed=0.0 rightSpeed=0.15 curAngle=-19.0 targetAngle=-5.0
I/System.out( 5722): Ground Brightness:: 91 Light Level:: 83
I/System.out( 5722): --BlueNear log-- ultrasoniclevel=14.0 error=7.0 angleOffset=-19.0 distance=18.0
I/System.out( 5722): --BlueNear log-- error=7.0 leftspeed=0.0 rightSpeed=0.15 curAngle=-19.0 targetAngle=-5.0
I/System.out( 5722): Ground Brightness:: 91 Light Level:: 83
I/System.out( 5722): --BlueNear log-- ultrasoniclevel=14.0 error=7.0 angleOffset=-19.0 distance=18.0
I/System.out( 5722): --BlueNear log-- error=7.0 leftspeed=0.0 rightSpeed=0.15 curAngle=-19.0 targetAngle=-5.0
I/System.out( 5722): Ground Brightness:: 91 Light Level:: 83
I/System.out( 5722): --BlueNear log-- ultrasoniclevel=14.0 error=7.0 angleOffset=-19.0 distance=18.0
I/System.out( 5722): --BlueNear log-- error=7.0 leftspeed=0.0 rightSpeed=0.15 curAngle=-19.0 targetAngle=-5.0
I/System.out( 5722): Ground Brightness:: 91 Light Level:: 83
I/System.out( 5722): --BlueNear log-- ultrasoniclevel=14.0 error=7.0 angleOffset=-19.0 distance=18.0
I/System.out( 5722): --BlueNear log-- error=7.0 leftspeed=0.0 rightSpeed=0.15 curAngle=-19.0 targetAngle=-5.0
I/System.out( 5722): Ground Brightness:: 91 Light Level:: 83
I/System.out( 5722): --BlueNear log-- ultrasoniclevel=14.0 error=7.0 angleOffset=-19.0 distance=18.0
I/System.out( 5722): --BlueNear log-- error=7.0 leftspeed=0.0 rightSpeed=0.15 curAngle=-19.0 targetAngle=-5.0
I/System.out( 5722): Ground Brightness:: 91 Light Level:: 83
I/System.out( 5722): --BlueNear log-- ultrasoniclevel=14.0 error=7.0 angleOffset=-19.0 distance=18.0
I/System.out( 5722): --BlueNear log-- error=7.0 leftspeed=0.0 rightSpeed=0.15 curAngle=-19.0 targetAngle=-5.0
I/System.out( 5722): Ground Brightness:: 91 Light Level:: 84
I/System.out( 5722): --BlueNear log-- ultrasoniclevel=14.0 error=7.0 angleOffset=-18.0 distance=18.0
I/System.out( 5722): --BlueNear log-- error=7.0 leftspeed=0.0 rightSpeed=0.15 curAngle=-18.0 targetAngle=-5.0
I/System.out( 5722): Ground Brightness:: 91 Light Level:: 84
I/System.out( 5722): --BlueNear log-- ultrasoniclevel=14.0 error=7.0 angleOffset=-18.0 distance=18.0
I/System.out( 5722): --BlueNear log-- error=7.0 leftspeed=0.0 rightSpeed=0.15 curAngle=-18.0 targetAngle=-5.0
I/System.out( 5722): Ground Brightness:: 91 Light Level:: 84
I/System.out( 5722): --BlueNear log-- ultrasoniclevel=14.0 error=7.0 angleOffset=-18.0 distance=18.0
I/System.out( 5722): --BlueNear log-- error=7.0 leftspeed=0.0 rightSpeed=0.15 curAngle=-18.0 targetAngle=-5.0
I/System.out( 5722): Ground Brightness:: 91 Light Level:: 84
I/System.out( 5722): --BlueNear log-- ultrasoniclevel=14.0 error=7.0 angleOffset=-18.0 distance=18.0
I/System.out( 5722): --BlueNear log-- error=7.0 leftspeed=0.0 rightSpeed=0.15 curAngle=-18.0 targetAngle=-5.0
I/System.out( 5722): Ground Brightness:: 91 Light Level:: 84
I/System.out( 5722): --BlueNear log-- ultrasoniclevel=14.0 error=7.0 angleOffset=-18.0 distance=18.0
I/System.out( 5722): --BlueNear log-- error=7.0 leftspeed=0.0 rightSpeed=0.15 curAngle=-18.0 targetAngle=-5.0
I/System.out( 5722): Ground Brightness:: 91 Light Level:: 84
I/System.out( 5722): --BlueNear log-- ultrasoniclevel=14.0 error=7.0 angleOffset=-18.0 distance=18.0
I/System.out( 5722): --BlueNear log-- error=7.0 leftspeed=0.0 rightSpeed=0.15 curAngle=-18.0 targetAngle=-5.0
I/System.out( 5722): Ground Brightness:: 91 Light Level:: 84
I/System.out( 5722): --BlueNear log-- ultrasoniclevel=14.0 error=7.0 angleOffset=-18.0 distance=18.0
I/System.out( 5722): --BlueNear log-- error=7.0 leftspeed=0.0 rightSpeed=0.15 curAngle=-18.0 targetAngle=-5.0
I/System.out( 5722): Ground Brightness:: 91 Light Level:: 84
I/System.out( 5722): --BlueNear log-- ultrasoniclevel=14.0 error=7.0 angleOffset=-18.0 distance=18.0
I/System.out( 5722): --BlueNear log-- error=7.0 leftspeed=0.0 rightSpeed=0.15 curAngle=-18.0 targetAngle=-5.0
I/System.out( 5722): Ground Brightness:: 91 Light Level:: 84
I/System.out( 5722): --BlueNear log-- ultrasoniclevel=14.0 error=7.0 angleOffset=-18.0 distance=18.0
I/System.out( 5722): --BlueNear log-- error=7.0 leftspeed=0.0 rightSpeed=0.15 curAngle=-18.0 targetAngle=-5.0
I/System.out( 5722): Ground Brightness:: 91 Light Level:: 84
I/System.out( 5722): --BlueNear log-- ultrasoniclevel=14.0 error=7.0 angleOffset=-18.0 distance=18.0
I/System.out( 5722): --BlueNear log-- error=7.0 leftspeed=0.0 rightSpeed=0.15 curAngle=-18.0 targetAngle=-5.0
I/System.out( 5722): Ground Brightness:: 91 Light Level:: 84
I/System.out( 5722): --BlueNear log-- ultrasoniclevel=14.0 error=7.0 angleOffset=-17.0 distance=18.0
I/System.out( 5722): --BlueNear log-- error=7.0 leftspeed=0.0 rightSpeed=0.15 curAngle=-17.0 targetAngle=-5.0
I/System.out( 5722): Ground Brightness:: 91 Light Level:: 84
I/System.out( 5722): --BlueNear log-- ultrasoniclevel=14.0 error=7.0 angleOffset=-17.0 distance=18.0
I/System.out( 5722): --BlueNear log-- error=7.0 leftspeed=0.0 rightSpeed=0.15 curAngle=-17.0 targetAngle=-5.0
I/System.out( 5722): Ground Brightness:: 91 Light Level:: 84
I/System.out( 5722): --BlueNear log-- ultrasoniclevel=14.0 error=7.0 angleOffset=-17.0 distance=18.0
I/System.out( 5722): --BlueNear log-- error=7.0 leftspeed=0.0 rightSpeed=0.15 curAngle=-17.0 targetAngle=-5.0
I/System.out( 5722): Ground Brightness:: 91 Light Level:: 84
I/System.out( 5722): --BlueNear log-- ultrasoniclevel=14.0 error=7.0 angleOffset=-17.0 distance=18.0
I/System.out( 5722): --BlueNear log-- error=7.0 leftspeed=0.0 rightSpeed=0.15 curAngle=-17.0 targetAngle=-5.0
I/System.out( 5722): Ground Brightness:: 91 Light Level:: 84
I/System.out( 5722): --BlueNear log-- ultrasoniclevel=14.0 error=7.0 angleOffset=-17.0 distance=18.0
I/System.out( 5722): --BlueNear log-- error=7.0 leftspeed=0.0 rightSpeed=0.15 curAngle=-17.0 targetAngle=-5.0
I/System.out( 5722): Ground Brightness:: 91 Light Level:: 84
I/System.out( 5722): --BlueNear log-- ultrasoniclevel=14.0 error=7.0 angleOffset=-17.0 distance=18.0
I/System.out( 5722): --BlueNear log-- error=7.0 leftspeed=0.0 rightSpeed=0.15 curAngle=-17.0 targetAngle=-5.0
I/System.out( 5722): Ground Brightness:: 91 Light Level:: 84
I/System.out( 5722): --BlueNear log-- ultrasoniclevel=14.0 error=7.0 angleOffset=-17.0 distance=18.0
I/System.out( 5722): --BlueNear log-- error=7.0 leftspeed=0.0 rightSpeed=0.15 curAngle=-17.0 targetAngle=-5.0
I/System.out( 5722): Ground Brightness:: 91 Light Level:: 84
I/System.out( 5722): --BlueNear log-- ultrasoniclevel=14.0 error=7.0 angleOffset=-17.0 distance=18.0
I/System.out( 5722): --BlueNear log-- error=7.0 leftspeed=0.0 rightSpeed=0.15 curAngle=-17.0 targetAngle=-5.0
I/System.out( 5722): Ground Brightness:: 91 Light Level:: 84
I/System.out( 5722): --BlueNear log-- ultrasoniclevel=14.0 error=7.0 angleOffset=-17.0 distance=18.0
I/System.out( 5722): --BlueNear log-- error=7.0 leftspeed=0.0 rightSpeed=0.15 curAngle=-17.0 targetAngle=-5.0
I/System.out( 5722): Ground Brightness:: 91 Light Level:: 84
I/System.out( 5722): --BlueNear log-- ultrasoniclevel=14.0 error=7.0 angleOffset=-17.0 distance=18.0
I/System.out( 5722): --BlueNear log-- error=7.0 leftspeed=0.0 rightSpeed=0.15 curAngle=-17.0 targetAngle=-5.0
I/System.out( 5722): Ground Brightness:: 91 Light Level:: 84
I/System.out( 5722): --BlueNear log-- ultrasoniclevel=14.0 error=7.0 angleOffset=-17.0 distance=18.0
I/System.out( 5722): --BlueNear log-- error=7.0 leftspeed=0.0 rightSpeed=0.15 curAngle=-17.0 targetAngle=-5.0
I/System.out( 5722): Ground Brightness:: 91 Light Level:: 84
I/System.out( 5722): --BlueNear log-- ultrasoniclevel=14.0 error=7.0 angleOffset=-17.0 distance=18.0
I/System.out( 5722): --BlueNear log-- error=7.0 leftspeed=0.0 rightSpeed=0.15 curAngle=-17.0 targetAngle=-5.0
I/System.out( 5722): Ground Brightness:: 91 Light Level:: 84
D/dalvikvm( 5722): GC_CONCURRENT freed 2102K, 36% free 7121K/11092K, paused 3ms+4ms, total 37ms
I/System.out( 5722): --BlueNear log-- ultrasoniclevel=14.0 error=7.0 angleOffset=-16.0 distance=18.0
I/System.out( 5722): --BlueNear log-- error=7.0 leftspeed=0.0 rightSpeed=0.15 curAngle=-16.0 targetAngle=-5.0
I/System.out( 5722): Ground Brightness:: 91 Light Level:: 84
I/System.out( 5722): --BlueNear log-- ultrasoniclevel=14.0 error=7.0 angleOffset=-16.0 distance=18.0
I/System.out( 5722): --BlueNear log-- error=7.0 leftspeed=0.0 rightSpeed=0.15 curAngle=-16.0 targetAngle=-5.0
I/System.out( 5722): Ground Brightness:: 91 Light Level:: 84
I/System.out( 5722): --BlueNear log-- ultrasoniclevel=14.0 error=7.0 angleOffset=-16.0 distance=18.0
I/System.out( 5722): --BlueNear log-- error=7.0 leftspeed=0.0 rightSpeed=0.15 curAngle=-16.0 targetAngle=-5.0
I/System.out( 5722): Ground Brightness:: 91 Light Level:: 84
I/System.out( 5722): --BlueNear log-- ultrasoniclevel=14.0 error=7.0 angleOffset=-15.0 distance=18.0
I/System.out( 5722): --BlueNear log-- error=7.0 leftspeed=0.0 rightSpeed=0.15 curAngle=-15.0 targetAngle=-5.0
I/System.out( 5722): Ground Brightness:: 91 Light Level:: 84
I/System.out( 5722): --BlueNear log-- ultrasoniclevel=13.0 error=6.0 angleOffset=-15.0 distance=18.0
I/System.out( 5722): --BlueNear log-- error=6.0 leftspeed=0.0 rightSpeed=0.15 curAngle=-15.0 targetAngle=-5.0
I/System.out( 5722): Ground Brightness:: 91 Light Level:: 84
I/System.out( 5722): --BlueNear log-- ultrasoniclevel=13.0 error=6.0 angleOffset=-15.0 distance=18.0
I/System.out( 5722): --BlueNear log-- error=6.0 leftspeed=0.0 rightSpeed=0.15 curAngle=-15.0 targetAngle=-5.0
I/System.out( 5722): Ground Brightness:: 91 Light Level:: 84
I/System.out( 5722): --BlueNear log-- ultrasoniclevel=13.0 error=6.0 angleOffset=-15.0 distance=18.0
I/System.out( 5722): --BlueNear log-- error=6.0 leftspeed=0.0 rightSpeed=0.15 curAngle=-15.0 targetAngle=-5.0
I/System.out( 5722): Ground Brightness:: 91 Light Level:: 84
I/System.out( 5722): --BlueNear log-- ultrasoniclevel=13.0 error=6.0 angleOffset=-15.0 distance=18.0
I/System.out( 5722): --BlueNear log-- error=6.0 leftspeed=0.0 rightSpeed=0.15 curAngle=-15.0 targetAngle=-5.0
I/System.out( 5722): Ground Brightness:: 91 Light Level:: 84
I/System.out( 5722): --BlueNear log-- ultrasoniclevel=13.0 error=6.0 angleOffset=-15.0 distance=18.0
I/System.out( 5722): --BlueNear log-- error=6.0 leftspeed=0.0 rightSpeed=0.15 curAngle=-15.0 targetAngle=-5.0
I/System.out( 5722): Ground Brightness:: 91 Light Level:: 84
I/System.out( 5722): --BlueNear log-- ultrasoniclevel=13.0 error=6.0 angleOffset=-14.0 distance=18.0
I/System.out( 5722): --BlueNear log-- error=6.0 leftspeed=0.0 rightSpeed=0.15 curAngle=-14.0 targetAngle=-5.0
I/System.out( 5722): Ground Brightness:: 91 Light Level:: 84
I/System.out( 5722): --BlueNear log-- ultrasoniclevel=13.0 error=6.0 angleOffset=-14.0 distance=18.0
I/System.out( 5722): --BlueNear log-- error=6.0 leftspeed=0.0 rightSpeed=0.15 curAngle=-14.0 targetAngle=-5.0
I/System.out( 5722): Ground Brightness:: 91 Light Level:: 84
I/System.out( 5722): --BlueNear log-- ultrasoniclevel=13.0 error=6.0 angleOffset=-14.0 distance=18.0
I/System.out( 5722): --BlueNear log-- error=6.0 leftspeed=0.0 rightSpeed=0.15 curAngle=-14.0 targetAngle=-5.0
I/System.out( 5722): Ground Brightness:: 91 Light Level:: 84
I/System.out( 5722): --BlueNear log-- ultrasoniclevel=13.0 error=6.0 angleOffset=-14.0 distance=18.0
I/System.out( 5722): --BlueNear log-- error=6.0 leftspeed=0.0 rightSpeed=0.15 curAngle=-14.0 targetAngle=-5.0
I/System.out( 5722): Ground Brightness:: 91 Light Level:: 84
I/System.out( 5722): --BlueNear log-- ultrasoniclevel=13.0 error=6.0 angleOffset=-14.0 distance=18.0
I/System.out( 5722): --BlueNear log-- error=6.0 leftspeed=0.0 rightSpeed=0.15 curAngle=-14.0 targetAngle=-5.0
I/System.out( 5722): Ground Brightness:: 91 Light Level:: 84
I/System.out( 5722): --BlueNear log-- ultrasoniclevel=13.0 error=6.0 angleOffset=-14.0 distance=18.0
I/System.out( 5722): --BlueNear log-- error=6.0 leftspeed=0.0 rightSpeed=0.15 curAngle=-14.0 targetAngle=-5.0
I/System.out( 5722): Ground Brightness:: 91 Light Level:: 84
I/System.out( 5722): Sigma2016 -- Blue While did not run for 38ms
I/System.out( 5722): --BlueNear log-- ultrasoniclevel=13.0 error=6.0 angleOffset=-13.0 distance=18.0
I/System.out( 5722): --BlueNear log-- error=6.0 leftspeed=0.0 rightSpeed=0.15 curAngle=-13.0 targetAngle=-5.0
I/System.out( 5722): Ground Brightness:: 91 Light Level:: 84
I/System.out( 5722): --BlueNear log-- ultrasoniclevel=13.0 error=6.0 angleOffset=-13.0 distance=18.0
I/System.out( 5722): --BlueNear log-- error=6.0 leftspeed=0.0 rightSpeed=0.15 curAngle=-13.0 targetAngle=-5.0
I/System.out( 5722): Ground Brightness:: 91 Light Level:: 84
I/System.out( 5722): --BlueNear log-- ultrasoniclevel=13.0 error=6.0 angleOffset=-13.0 distance=18.0
I/System.out( 5722): --BlueNear log-- error=6.0 leftspeed=0.0 rightSpeed=0.15 curAngle=-13.0 targetAngle=-5.0
I/System.out( 5722): Ground Brightness:: 91 Light Level:: 84
I/System.out( 5722): --BlueNear log-- ultrasoniclevel=13.0 error=6.0 angleOffset=-12.0 distance=18.0
I/System.out( 5722): --BlueNear log-- error=6.0 leftspeed=0.009999999999999981 rightSpeed=0.15 curAngle=-12.0 targetAngle=-5.0
I/System.out( 5722): Ground Brightness:: 91 Light Level:: 88
I/System.out( 5722): --BlueNear log-- ultrasoniclevel=13.0 error=6.0 angleOffset=-12.0 distance=18.0
I/System.out( 5722): --BlueNear log-- error=6.0 leftspeed=0.009999999999999981 rightSpeed=0.15 curAngle=-12.0 targetAngle=-5.0
I/System.out( 5722): Ground Brightness:: 91 Light Level:: 88
I/System.out( 5722): Sigma2016 -- Blue While did not run for 45ms
I/System.out( 5722): --BlueNear log-- ultrasoniclevel=13.0 error=6.0 angleOffset=-10.0 distance=18.0
I/System.out( 5722): --BlueNear log-- error=6.0 leftspeed=0.04999999999999999 rightSpeed=0.15 curAngle=-10.0 targetAngle=-5.0
I/System.out( 5722): Ground Brightness:: 91 Light Level:: 88
I/System.out( 5722): Sigma2016 -- Blue While did not run for 40ms
I/System.out( 5722): Sigma2016 -- Blue While did not run for 42ms
I/System.out( 5722): Sigma2016 -- Blue While did not run for 38ms
I/System.out( 5722): Sigma2016 -- Blue While did not run for 35ms
I/System.out( 5722): --BlueNear log-- ultrasoniclevel=14.0 error=7.0 angleOffset=-7.0 distance=18.0
I/System.out( 5722): --BlueNear log-- error=7.0 leftspeed=0.10999999999999999 rightSpeed=0.15 curAngle=-7.0 targetAngle=-5.0
I/System.out( 5722): Ground Brightness:: 91 Light Level:: 95
D/DisplayPowerController(  811): updateAmbientLux:  mLightSensorListener lux is 1.0
I/System.out( 5722): Sigma2016 -- Blue While did not run for 46ms
I/System.out( 5722): Sigma2016 -- Blue While did not run for 43ms
D/dalvikvm( 5722): GC_CONCURRENT freed 2026K, 36% free 7123K/11092K, paused 3ms+5ms, total 58ms
I/System.out( 5722): Sigma2016 -- Blue While did not run for 45ms
I/System.out( 5722): --BlueNear log-- ultrasoniclevel=15.0 error=8.0 angleOffset=-4.0 distance=18.0
I/System.out( 5722): --BlueNear log-- error=8.0 leftspeed=0.15 rightSpeed=0.13 curAngle=-4.0 targetAngle=-5.0
I/System.out( 5722): Ground Brightness:: 91 Light Level:: 100
I/System.out( 5722): --BlueNear log-- ultrasoniclevel=15.0 error=8.0 angleOffset=-4.0 distance=18.0
I/System.out( 5722): --BlueNear log-- error=8.0 leftspeed=0.15 rightSpeed=0.13 curAngle=-4.0 targetAngle=-5.0
I/System.out( 5722): Ground Brightness:: 91 Light Level:: 100
I/System.out( 5722): --BlueNear log-- ultrasoniclevel=15.0 error=8.0 angleOffset=-4.0 distance=18.0
I/System.out( 5722): --BlueNear log-- error=8.0 leftspeed=0.15 rightSpeed=0.13 curAngle=-4.0 targetAngle=-5.0
I/System.out( 5722): Ground Brightness:: 91 Light Level:: 100
I/System.out( 5722): --BlueNear log-- ultrasoniclevel=15.0 error=8.0 angleOffset=-4.0 distance=18.0
I/System.out( 5722): --BlueNear log-- error=8.0 leftspeed=0.15 rightSpeed=0.13 curAngle=-4.0 targetAngle=-5.0
I/System.out( 5722): Ground Brightness:: 91 Light Level:: 100
I/System.out( 5722): --BlueNear log-- ultrasoniclevel=15.0 error=8.0 angleOffset=-4.0 distance=18.0
I/System.out( 5722): --BlueNear log-- error=8.0 leftspeed=0.15 rightSpeed=0.13 curAngle=-4.0 targetAngle=-5.0
I/System.out( 5722): Ground Brightness:: 91 Light Level:: 100
I/System.out( 5722): --BlueNear log-- ultrasoniclevel=15.0 error=8.0 angleOffset=-4.0 distance=18.0
I/System.out( 5722): --BlueNear log-- error=8.0 leftspeed=0.15 rightSpeed=0.13 curAngle=-4.0 targetAngle=-5.0
I/System.out( 5722): Ground Brightness:: 91 Light Level:: 100
I/System.out( 5722): --BlueNear log-- ultrasoniclevel=15.0 error=8.0 angleOffset=-4.0 distance=18.0
I/System.out( 5722): --BlueNear log-- error=8.0 leftspeed=0.15 rightSpeed=0.13 curAngle=-4.0 targetAngle=-5.0
I/System.out( 5722): Ground Brightness:: 91 Light Level:: 100
I/System.out( 5722): --BlueNear log-- ultrasoniclevel=15.0 error=8.0 angleOffset=-4.0 distance=18.0
I/System.out( 5722): --BlueNear log-- error=8.0 leftspeed=0.15 rightSpeed=0.13 curAngle=-4.0 targetAngle=-5.0
I/System.out( 5722): Ground Brightness:: 91 Light Level:: 100
I/System.out( 5722): Sigma2016 -- Blue While did not run for 42ms
I/System.out( 5722): --BlueNear log-- ultrasoniclevel=15.0 error=8.0 angleOffset=-3.0 distance=18.0
I/System.out( 5722): --BlueNear log-- error=8.0 leftspeed=0.15 rightSpeed=0.10999999999999999 curAngle=-3.0 targetAngle=-5.0
I/System.out( 5722): Ground Brightness:: 91 Light Level:: 100
I/System.out( 5722): --BlueNear log-- ultrasoniclevel=15.0 error=8.0 angleOffset=-3.0 distance=18.0
I/System.out( 5722): --BlueNear log-- error=8.0 leftspeed=0.15 rightSpeed=0.10999999999999999 curAngle=-3.0 targetAngle=-5.0
I/System.out( 5722): Ground Brightness:: 91 Light Level:: 100
I/System.out( 5722): --BlueNear log-- ultrasoniclevel=15.0 error=8.0 angleOffset=-3.0 distance=18.0
I/System.out( 5722): --BlueNear log-- error=8.0 leftspeed=0.15 rightSpeed=0.10999999999999999 curAngle=-3.0 targetAngle=-5.0
I/System.out( 5722): Ground Brightness:: 91 Light Level:: 100
I/System.out( 5722): --BlueNear log-- ultrasoniclevel=15.0 error=8.0 angleOffset=-3.0 distance=18.0
D/DisplayPowerController(  811): ZTE_PM updateAutoBrightness: useAutoBrightness = true  mAmbientLuxValid = true  mAmbientLux = 1.1114655
D/DisplayPowerController(  811): updateAutoBrightness: value=0.0526524 *255 = 13.426362
D/DisplayPowerController(  811): ZTE_PM mPowerRequest.screenState is 2
D/DisplayPowerController(  811): ZTE_PM_PROX disable ProxSensor while NO useProximitySensor 
D/DisplayPowerController(  811): ZTE_PM_PROX setProximitySensorEnabled enable = false
D/DisplayPowerController(  811): ZTE_PM  setLightSensorEnabled enable = true updateAutoBrightness = false
D/DisplayPowerState(  811): Updating screen state: onChanged=false, on= true, backlightChanged=true, backlight=15
I/System.out( 5722): --BlueNear log-- error=8.0 leftspeed=0.15 rightSpeed=0.10999999999999999 curAngle=-3.0 targetAngle=-5.0
I/System.out( 5722): Ground Brightness:: 91 Light Level:: 100
I/System.out( 5722): --BlueNear log-- ultrasoniclevel=15.0 error=8.0 angleOffset=-3.0 distance=18.0
I/System.out( 5722): --BlueNear log-- error=8.0 leftspeed=0.15 rightSpeed=0.10999999999999999 curAngle=-3.0 targetAngle=-5.0
I/System.out( 5722): Ground Brightness:: 91 Light Level:: 100
I/System.out( 5722): --BlueNear log-- ultrasoniclevel=15.0 error=8.0 angleOffset=-3.0 distance=18.0
I/System.out( 5722): --BlueNear log-- error=8.0 leftspeed=0.15 rightSpeed=0.10999999999999999 curAngle=-3.0 targetAngle=-5.0
I/System.out( 5722): Ground Brightness:: 91 Light Level:: 100
I/System.out( 5722): --BlueNear log-- ultrasoniclevel=15.0 error=8.0 angleOffset=-3.0 distance=18.0
I/System.out( 5722): --BlueNear log-- error=8.0 leftspeed=0.15 rightSpeed=0.10999999999999999 curAngle=-3.0 targetAngle=-5.0
I/System.out( 5722): Ground Brightness:: 91 Light Level:: 100
I/System.out( 5722): --BlueNear log-- ultrasoniclevel=15.0 error=8.0 angleOffset=-3.0 distance=18.0
I/System.out( 5722): --BlueNear log-- error=8.0 leftspeed=0.15 rightSpeed=0.10999999999999999 curAngle=-3.0 targetAngle=-5.0
I/System.out( 5722): Ground Brightness:: 91 Light Level:: 100
I/System.out( 5722): --BlueNear log-- ultrasoniclevel=15.0 error=8.0 angleOffset=-3.0 distance=18.0
I/System.out( 5722): --BlueNear log-- error=8.0 leftspeed=0.15 rightSpeed=0.10999999999999999 curAngle=-3.0 targetAngle=-5.0
I/System.out( 5722): Ground Brightness:: 91 Light Level:: 100
I/System.out( 5722): --BlueNear log-- ultrasoniclevel=15.0 error=8.0 angleOffset=-3.0 distance=18.0
I/System.out( 5722): --BlueNear log-- error=8.0 leftspeed=0.15 rightSpeed=0.10999999999999999 curAngle=-3.0 targetAngle=-5.0
I/System.out( 5722): Ground Brightness:: 91 Light Level:: 100
I/System.out( 5722): --BlueNear log-- ultrasoniclevel=15.0 error=8.0 angleOffset=-3.0 distance=18.0
I/System.out( 5722): --BlueNear log-- error=8.0 leftspeed=0.15 rightSpeed=0.10999999999999999 curAngle=-3.0 targetAngle=-5.0
I/System.out( 5722): Ground Brightness:: 91 Light Level:: 100
I/System.out( 5722): --BlueNear log-- ultrasoniclevel=15.0 error=8.0 angleOffset=-3.0 distance=18.0
I/System.out( 5722): --BlueNear log-- error=8.0 leftspeed=0.15 rightSpeed=0.10999999999999999 curAngle=-3.0 targetAngle=-5.0
I/System.out( 5722): Ground Brightness:: 91 Light Level:: 100
I/System.out( 5722): --BlueNear log-- ultrasoniclevel=15.0 error=8.0 angleOffset=-3.0 distance=18.0
I/System.out( 5722): --BlueNear log-- error=8.0 leftspeed=0.15 rightSpeed=0.10999999999999999 curAngle=-3.0 targetAngle=-5.0
I/System.out( 5722): Ground Brightness:: 91 Light Level:: 100
D/ledlog_java_com(  811): Excessive delay setting light: 65ms
I/System.out( 5722): --BlueNear log-- ultrasoniclevel=15.0 error=8.0 angleOffset=-3.0 distance=18.0
I/System.out( 5722): --BlueNear log-- error=8.0 leftspeed=0.15 rightSpeed=0.10999999999999999 curAngle=-3.0 targetAngle=-5.0
I/System.out( 5722): Ground Brightness:: 91 Light Level:: 100
I/System.out( 5722): --BlueNear log-- ultrasoniclevel=15.0 error=8.0 angleOffset=-3.0 distance=18.0
I/System.out( 5722): --BlueNear log-- error=8.0 leftspeed=0.15 rightSpeed=0.10999999999999999 curAngle=-3.0 targetAngle=-5.0
I/System.out( 5722): Ground Brightness:: 91 Light Level:: 100
D/DisplayPowerState(  811): Updating screen state: onChanged=false, on= true, backlightChanged=true, backlight=13
I/System.out( 5722): --BlueNear log-- ultrasoniclevel=15.0 error=8.0 angleOffset=-3.0 distance=18.0
I/System.out( 5722): --BlueNear log-- error=8.0 leftspeed=0.15 rightSpeed=0.10999999999999999 curAngle=-3.0 targetAngle=-5.0
I/System.out( 5722): Ground Brightness:: 91 Light Level:: 100
I/System.out( 5722): --BlueNear log-- ultrasoniclevel=15.0 error=8.0 angleOffset=-3.0 distance=18.0
I/System.out( 5722): --BlueNear log-- error=8.0 leftspeed=0.15 rightSpeed=0.10999999999999999 curAngle=-3.0 targetAngle=-5.0
I/System.out( 5722): Ground Brightness:: 91 Light Level:: 100
I/System.out( 5722): --BlueNear log-- ultrasoniclevel=15.0 error=8.0 angleOffset=-3.0 distance=18.0
I/System.out( 5722): --BlueNear log-- error=8.0 leftspeed=0.15 rightSpeed=0.10999999999999999 curAngle=-3.0 targetAngle=-5.0
I/System.out( 5722): Ground Brightness:: 91 Light Level:: 100
I/System.out( 5722): --BlueNear log-- ultrasoniclevel=15.0 error=8.0 angleOffset=-3.0 distance=18.0
I/System.out( 5722): --BlueNear log-- error=8.0 leftspeed=0.15 rightSpeed=0.10999999999999999 curAngle=-3.0 targetAngle=-5.0
I/System.out( 5722): Ground Brightness:: 91 Light Level:: 100
I/System.out( 5722): --BlueNear log-- ultrasoniclevel=15.0 error=8.0 angleOffset=-3.0 distance=18.0
I/System.out( 5722): --BlueNear log-- error=8.0 leftspeed=0.15 rightSpeed=0.10999999999999999 curAngle=-3.0 targetAngle=-5.0
I/System.out( 5722): Ground Brightness:: 91 Light Level:: 100
I/System.out( 5722): --BlueNear log-- ultrasoniclevel=15.0 error=8.0 angleOffset=-3.0 distance=18.0
I/System.out( 5722): --BlueNear log-- error=8.0 leftspeed=0.15 rightSpeed=0.10999999999999999 curAngle=-3.0 targetAngle=-5.0
I/System.out( 5722): Ground Brightness:: 91 Light Level:: 100
I/System.out( 5722): --BlueNear log-- ultrasoniclevel=15.0 error=8.0 angleOffset=-3.0 distance=18.0
I/System.out( 5722): --BlueNear log-- error=8.0 leftspeed=0.15 rightSpeed=0.10999999999999999 curAngle=-3.0 targetAngle=-5.0
I/System.out( 5722): Ground Brightness:: 91 Light Level:: 100
I/System.out( 5722): --BlueNear log-- ultrasoniclevel=15.0 error=8.0 angleOffset=-3.0 distance=18.0
I/System.out( 5722): --BlueNear log-- error=8.0 leftspeed=0.15 rightSpeed=0.10999999999999999 curAngle=-3.0 targetAngle=-5.0
I/System.out( 5722): Ground Brightness:: 91 Light Level:: 100
I/System.out( 5722): --BlueNear log-- ultrasoniclevel=15.0 error=8.0 angleOffset=-3.0 distance=18.0
I/System.out( 5722): --BlueNear log-- error=8.0 leftspeed=0.15 rightSpeed=0.10999999999999999 curAngle=-3.0 targetAngle=-5.0
I/System.out( 5722): Ground Brightness:: 91 Light Level:: 100
I/System.out( 5722): --BlueNear log-- ultrasoniclevel=15.0 error=8.0 angleOffset=-3.0 distance=18.0
I/System.out( 5722): --BlueNear log-- error=8.0 leftspeed=0.15 rightSpeed=0.10999999999999999 curAngle=-3.0 targetAngle=-5.0
I/System.out( 5722): Ground Brightness:: 91 Light Level:: 100
I/System.out( 5722): --BlueNear log-- ultrasoniclevel=15.0 error=8.0 angleOffset=-3.0 distance=18.0
I/System.out( 5722): --BlueNear log-- error=8.0 leftspeed=0.15 rightSpeed=0.10999999999999999 curAngle=-3.0 targetAngle=-5.0
I/System.out( 5722): Ground Brightness:: 91 Light Level:: 100
D/dalvikvm( 5722): GC_CONCURRENT freed 2075K, 37% free 7077K/11092K, paused 3ms+3ms, total 40ms
I/System.out( 5722): Sigma2016 -- Blue While did not run for 46ms
I/System.out( 5722): --BlueNear log-- ultrasoniclevel=15.0 error=8.0 angleOffset=-4.0 distance=18.0
I/System.out( 5722): --BlueNear log-- error=8.0 leftspeed=0.15 rightSpeed=0.13 curAngle=-4.0 targetAngle=-5.0
I/System.out( 5722): Ground Brightness:: 91 Light Level:: 100
I/System.out( 5722): --BlueNear log-- ultrasoniclevel=15.0 error=8.0 angleOffset=-4.0 distance=18.0
I/System.out( 5722): --BlueNear log-- error=8.0 leftspeed=0.15 rightSpeed=0.13 curAngle=-4.0 targetAngle=-5.0
I/System.out( 5722): Ground Brightness:: 91 Light Level:: 100
I/System.out( 5722): --BlueNear log-- ultrasoniclevel=15.0 error=8.0 angleOffset=-4.0 distance=18.0
I/System.out( 5722): --BlueNear log-- error=8.0 leftspeed=0.15 rightSpeed=0.13 curAngle=-4.0 targetAngle=-5.0
I/System.out( 5722): Ground Brightness:: 91 Light Level:: 100
I/System.out( 5722): --BlueNear log-- ultrasoniclevel=15.0 error=8.0 angleOffset=-4.0 distance=18.0
I/System.out( 5722): --BlueNear log-- error=8.0 leftspeed=0.15 rightSpeed=0.13 curAngle=-4.0 targetAngle=-5.0
I/System.out( 5722): Ground Brightness:: 91 Light Level:: 100
I/System.out( 5722): --BlueNear log-- ultrasoniclevel=15.0 error=8.0 angleOffset=-4.0 distance=18.0
I/System.out( 5722): --BlueNear log-- error=8.0 leftspeed=0.15 rightSpeed=0.13 curAngle=-4.0 targetAngle=-5.0
I/System.out( 5722): Ground Brightness:: 91 Light Level:: 100
I/System.out( 5722): --BlueNear log-- ultrasoniclevel=15.0 error=8.0 angleOffset=-4.0 distance=18.0
I/System.out( 5722): --BlueNear log-- error=8.0 leftspeed=0.15 rightSpeed=0.13 curAngle=-4.0 targetAngle=-5.0
I/System.out( 5722): Ground Brightness:: 91 Light Level:: 100
I/System.out( 5722): --BlueNear log-- ultrasoniclevel=15.0 error=8.0 angleOffset=-4.0 distance=18.0
I/System.out( 5722): --BlueNear log-- error=8.0 leftspeed=0.15 rightSpeed=0.13 curAngle=-4.0 targetAngle=-5.0
I/System.out( 5722): Ground Brightness:: 91 Light Level:: 100
I/System.out( 5722): --BlueNear log-- ultrasoniclevel=15.0 error=8.0 angleOffset=-4.0 distance=18.0
I/System.out( 5722): --BlueNear log-- error=8.0 leftspeed=0.15 rightSpeed=0.13 curAngle=-4.0 targetAngle=-5.0
I/System.out( 5722): Ground Brightness:: 91 Light Level:: 100
I/System.out( 5722): --BlueNear log-- ultrasoniclevel=15.0 error=8.0 angleOffset=-4.0 distance=18.0
I/System.out( 5722): --BlueNear log-- error=8.0 leftspeed=0.15 rightSpeed=0.13 curAngle=-4.0 targetAngle=-5.0
I/System.out( 5722): Ground Brightness:: 91 Light Level:: 100
I/System.out( 5722): --BlueNear log-- ultrasoniclevel=15.0 error=8.0 angleOffset=-4.0 distance=18.0
I/System.out( 5722): --BlueNear log-- error=8.0 leftspeed=0.15 rightSpeed=0.13 curAngle=-4.0 targetAngle=-5.0
I/System.out( 5722): Ground Brightness:: 91 Light Level:: 100
I/System.out( 5722): Sigma2016 -- Blue While did not run for 38ms
I/System.out( 5722): --BlueNear log-- ultrasoniclevel=15.0 error=8.0 angleOffset=-4.0 distance=18.0
I/System.out( 5722): --BlueNear log-- error=8.0 leftspeed=0.15 rightSpeed=0.13 curAngle=-4.0 targetAngle=-5.0
I/System.out( 5722): Ground Brightness:: 91 Light Level:: 100
I/System.out( 5722): --BlueNear log-- ultrasoniclevel=15.0 error=8.0 angleOffset=-4.0 distance=18.0
I/System.out( 5722): --BlueNear log-- error=8.0 leftspeed=0.15 rightSpeed=0.13 curAngle=-4.0 targetAngle=-5.0
I/System.out( 5722): Ground Brightness:: 91 Light Level:: 100
I/System.out( 5722): --BlueNear log-- ultrasoniclevel=15.0 error=8.0 angleOffset=-4.0 distance=18.0
I/System.out( 5722): --BlueNear log-- error=8.0 leftspeed=0.15 rightSpeed=0.13 curAngle=-4.0 targetAngle=-5.0
I/System.out( 5722): Ground Brightness:: 91 Light Level:: 100
I/System.out( 5722): --BlueNear log-- ultrasoniclevel=15.0 error=8.0 angleOffset=-4.0 distance=18.0
I/System.out( 5722): --BlueNear log-- error=8.0 leftspeed=0.15 rightSpeed=0.13 curAngle=-4.0 targetAngle=-5.0
I/System.out( 5722): Ground Brightness:: 91 Light Level:: 100
I/System.out( 5722): --BlueNear log-- ultrasoniclevel=15.0 error=8.0 angleOffset=-4.0 distance=18.0
I/System.out( 5722): --BlueNear log-- error=8.0 leftspeed=0.15 rightSpeed=0.13 curAngle=-4.0 targetAngle=-5.0
I/System.out( 5722): Ground Brightness:: 91 Light Level:: 100
I/System.out( 5722): Sigma2016 -- Blue While did not run for 26ms
I/System.out( 5722): --BlueNear log-- ultrasoniclevel=15.0 error=8.0 angleOffset=-3.0 distance=18.0
I/System.out( 5722): --BlueNear log-- error=8.0 leftspeed=0.15 rightSpeed=0.10999999999999999 curAngle=-3.0 targetAngle=-5.0
I/System.out( 5722): Ground Brightness:: 91 Light Level:: 100
I/System.out( 5722): --BlueNear log-- ultrasoniclevel=15.0 error=8.0 angleOffset=-3.0 distance=18.0
I/System.out( 5722): --BlueNear log-- error=8.0 leftspeed=0.15 rightSpeed=0.10999999999999999 curAngle=-3.0 targetAngle=-5.0
I/System.out( 5722): Ground Brightness:: 91 Light Level:: 100
I/System.out( 5722): --BlueNear log-- ultrasoniclevel=15.0 error=8.0 angleOffset=-3.0 distance=18.0
I/System.out( 5722): --BlueNear log-- error=8.0 leftspeed=0.15 rightSpeed=0.10999999999999999 curAngle=-3.0 targetAngle=-5.0
I/System.out( 5722): Ground Brightness:: 91 Light Level:: 100
I/System.out( 5722): --BlueNear log-- ultrasoniclevel=15.0 error=8.0 angleOffset=-3.0 distance=18.0
I/System.out( 5722): --BlueNear log-- error=8.0 leftspeed=0.15 rightSpeed=0.10999999999999999 curAngle=-3.0 targetAngle=-5.0
I/System.out( 5722): Ground Brightness:: 91 Light Level:: 100
I/System.out( 5722): --BlueNear log-- ultrasoniclevel=15.0 error=8.0 angleOffset=-3.0 distance=18.0
I/System.out( 5722): --BlueNear log-- error=8.0 leftspeed=0.15 rightSpeed=0.10999999999999999 curAngle=-3.0 targetAngle=-5.0
I/System.out( 5722): Ground Brightness:: 91 Light Level:: 100
I/System.out( 5722): --BlueNear log-- ultrasoniclevel=15.0 error=8.0 angleOffset=-3.0 distance=18.0
I/System.out( 5722): --BlueNear log-- error=8.0 leftspeed=0.15 rightSpeed=0.10999999999999999 curAngle=-3.0 targetAngle=-5.0
I/System.out( 5722): Ground Brightness:: 91 Light Level:: 100
I/System.out( 5722): --BlueNear log-- ultrasoniclevel=15.0 error=8.0 angleOffset=-3.0 distance=18.0
I/System.out( 5722): --BlueNear log-- error=8.0 leftspeed=0.15 rightSpeed=0.10999999999999999 curAngle=-3.0 targetAngle=-5.0
I/System.out( 5722): Ground Brightness:: 91 Light Level:: 100
I/System.out( 5722): --BlueNear log-- ultrasoniclevel=15.0 error=8.0 angleOffset=-3.0 distance=18.0
I/System.out( 5722): --BlueNear log-- error=8.0 leftspeed=0.15 rightSpeed=0.10999999999999999 curAngle=-3.0 targetAngle=-5.0
I/System.out( 5722): Ground Brightness:: 91 Light Level:: 100
I/System.out( 5722): --BlueNear log-- ultrasoniclevel=15.0 error=8.0 angleOffset=-3.0 distance=18.0
I/System.out( 5722): --BlueNear log-- error=8.0 leftspeed=0.15 rightSpeed=0.10999999999999999 curAngle=-3.0 targetAngle=-5.0
I/System.out( 5722): Ground Brightness:: 91 Light Level:: 100
I/System.out( 5722): --BlueNear log-- ultrasoniclevel=15.0 error=8.0 angleOffset=-3.0 distance=18.0
I/System.out( 5722): --BlueNear log-- error=8.0 leftspeed=0.15 rightSpeed=0.10999999999999999 curAngle=-3.0 targetAngle=-5.0
I/System.out( 5722): Ground Brightness:: 91 Light Level:: 100
I/System.out( 5722): --BlueNear log-- ultrasoniclevel=15.0 error=8.0 angleOffset=-3.0 distance=18.0
I/System.out( 5722): --BlueNear log-- error=8.0 leftspeed=0.15 rightSpeed=0.10999999999999999 curAngle=-3.0 targetAngle=-5.0
I/System.out( 5722): Ground Brightness:: 91 Light Level:: 100
I/System.out( 5722): --BlueNear log-- ultrasoniclevel=15.0 error=8.0 angleOffset=-3.0 distance=18.0
I/System.out( 5722): --BlueNear log-- error=8.0 leftspeed=0.15 rightSpeed=0.10999999999999999 curAngle=-3.0 targetAngle=-5.0
I/System.out( 5722): Ground Brightness:: 91 Light Level:: 100
I/System.out( 5722): --BlueNear log-- ultrasoniclevel=15.0 error=8.0 angleOffset=-3.0 distance=18.0
I/System.out( 5722): --BlueNear log-- error=8.0 leftspeed=0.15 rightSpeed=0.10999999999999999 curAngle=-3.0 targetAngle=-5.0
I/System.out( 5722): Ground Brightness:: 91 Light Level:: 100
I/System.out( 5722): --BlueNear log-- ultrasoniclevel=15.0 error=8.0 angleOffset=-3.0 distance=18.0
I/System.out( 5722): --BlueNear log-- error=8.0 leftspeed=0.15 rightSpeed=0.10999999999999999 curAngle=-3.0 targetAngle=-5.0
I/System.out( 5722): Ground Brightness:: 91 Light Level:: 100
I/System.out( 5722): --BlueNear log-- ultrasoniclevel=15.0 error=8.0 angleOffset=-3.0 distance=18.0
I/System.out( 5722): --BlueNear log-- error=8.0 leftspeed=0.15 rightSpeed=0.10999999999999999 curAngle=-3.0 targetAngle=-5.0
I/System.out( 5722): Ground Brightness:: 91 Light Level:: 100
I/System.out( 5722): --BlueNear log-- ultrasoniclevel=15.0 error=8.0 angleOffset=-3.0 distance=18.0
I/System.out( 5722): --BlueNear log-- error=8.0 leftspeed=0.15 rightSpeed=0.10999999999999999 curAngle=-3.0 targetAngle=-5.0
I/System.out( 5722): Ground Brightness:: 91 Light Level:: 100
I/System.out( 5722): --BlueNear log-- ultrasoniclevel=15.0 error=8.0 angleOffset=-3.0 distance=18.0
I/System.out( 5722): --BlueNear log-- error=8.0 leftspeed=0.15 rightSpeed=0.10999999999999999 curAngle=-3.0 targetAngle=-5.0
I/System.out( 5722): Ground Brightness:: 91 Light Level:: 100
I/System.out( 5722): --BlueNear log-- ultrasoniclevel=15.0 error=8.0 angleOffset=-3.0 distance=18.0
I/System.out( 5722): --BlueNear log-- error=8.0 leftspeed=0.15 rightSpeed=0.10999999999999999 curAngle=-3.0 targetAngle=-5.0
I/System.out( 5722): Ground Brightness:: 91 Light Level:: 100
I/System.out( 5722): --BlueNear log-- ultrasoniclevel=15.0 error=8.0 angleOffset=-3.0 distance=18.0
I/System.out( 5722): --BlueNear log-- error=8.0 leftspeed=0.15 rightSpeed=0.10999999999999999 curAngle=-3.0 targetAngle=-5.0
I/System.out( 5722): Ground Brightness:: 91 Light Level:: 100
D/dalvikvm( 5722): GC_CONCURRENT freed 2078K, 37% free 7047K/11092K, paused 3ms+2ms, total 32ms
D/dalvikvm( 5722): WAIT_FOR_CONCURRENT_GC blocked 13ms
D/dalvikvm( 5722): WAIT_FOR_CONCURRENT_GC blocked 13ms
D/dalvikvm( 5722): WAIT_FOR_CONCURRENT_GC blocked 13ms
D/dalvikvm( 5722): WAIT_FOR_CONCURRENT_GC blocked 13ms
D/dalvikvm( 5722): WAIT_FOR_CONCURRENT_GC blocked 13ms
D/dalvikvm( 5722): WAIT_FOR_CONCURRENT_GC blocked 13ms
D/dalvikvm( 5722): WAIT_FOR_CONCURRENT_GC blocked 13ms
D/dalvikvm( 5722): WAIT_FOR_CONCURRENT_GC blocked 12ms
D/dalvikvm( 5722): WAIT_FOR_CONCURRENT_GC blocked 13ms
D/dalvikvm( 5722): WAIT_FOR_CONCURRENT_GC blocked 12ms
I/System.out( 5722): --BlueNear log-- ultrasoniclevel=15.0 error=8.0 angleOffset=-3.0 distance=18.0
I/System.out( 5722): --BlueNear log-- error=8.0 leftspeed=0.15 rightSpeed=0.10999999999999999 curAngle=-3.0 targetAngle=-5.0
I/System.out( 5722): Ground Brightness:: 91 Light Level:: 100
I/System.out( 5722): --BlueNear log-- ultrasoniclevel=15.0 error=8.0 angleOffset=-3.0 distance=18.0
I/System.out( 5722): --BlueNear log-- error=8.0 leftspeed=0.15 rightSpeed=0.10999999999999999 curAngle=-3.0 targetAngle=-5.0
I/System.out( 5722): Ground Brightness:: 91 Light Level:: 100
I/System.out( 5722): --BlueNear log-- ultrasoniclevel=15.0 error=8.0 angleOffset=-3.0 distance=18.0
