W/ContextImpl(  811): Calling a method in the system process without a qualified user: android.app.ContextImpl.sendBroadcast:1213 com.android.internal.policy.impl.PhoneWindowManager.interceptKeyBeforeQueueing:4268 com.android.server.wm.InputMonitor.interceptKeyBeforeQueueing:357 com.android.server.input.InputManagerService.interceptKeyBeforeQueueing:1343 dalvik.system.NativeStart.run:-2 
D/vibrator_java(  811): mPackageName=android
D/vibrator_java(  811): doVibratorOn  uid= 1000  millis=40ms
D/PowerManagerService(  811): sendPendingNotificationsLocked mSendGoToSleepFinishedNotificationWhenReady = false
W/BackupManagerService(  811): dataChanged but no participant pkg='com.android.providers.settings' uid=10017
D/PowerManagerService(  811): sendPendingNotificationsLocked mSendGoToSleepFinishedNotificationWhenReady = false
D/LightsService(  811):  Trun on the button and after 2000s,then turn off the button !
D/vibrator_java(  811): mPackageName=android
D/PowerManagerService(  811): sendPendingNotificationsLocked mSendGoToSleepFinishedNotificationWhenReady = false
D/vibrator_java(  811): doVibratorOn  uid= 1000  millis=1ms
I/ActivityManager(  811): START u0 {act=com.android.systemui.recent.action.TOGGLE_RECENTS flg=0x10800000 cmp=com.android.systemui/.recent.RecentsActivity} from pid 978
D/LockScreen_KeyguardViewMediator(  978): setHidden false
D/LockScreen_KeyguardUpdateMonitor(  978): sendKeyguardVisibilityChanged(true)
D/vibrator_java(  811): doVibratorOn  uid= 1000  millis=21ms
D/LockScreen_KeyguardUpdateMonitor(  978): handleKeyguardVisibilityChanged(1)
D/PowerManagerService(  811): sendPendingNotificationsLocked mSendGoToSleepFinishedNotificationWhenReady = false
D/LockScreen_KeyguardViewMediator(  978): setHidden false
D/LockScreen_KeyguardUpdateMonitor(  978): sendKeyguardVisibilityChanged(true)
E/Launcher( 1218): onResume____ mRestoring=false___ mOnResumeNeedsLoad=false, getIsDisplayAddToHome ()=false
D/PowerManagerService(  811): sendPendingNotificationsLocked mSendGoToSleepFinishedNotificationWhenReady = false
D/LockScreen_KeyguardViewMediator(  978): setHidden false
D/LockScreen_KeyguardUpdateMonitor(  978): sendKeyguardVisibilityChanged(true)
D/LockScreen_KeyguardUpdateMonitor(  978): handleKeyguardVisibilityChanged(1)
D/LockScreen_KeyguardUpdateMonitor(  978): handleKeyguardVisibilityChanged(1)
D/dalvikvm( 1218): GC_FOR_ALLOC freed 5211K, 24% free 19009K/24716K, paused 28ms, total 28ms
D/DisplayPowerController(  811): updateAmbientLux:  mLightSensorListener lux is 1.0
D/dalvikvm( 1218): GC_FOR_ALLOC freed 1670K, 24% free 18996K/24716K, paused 20ms, total 20ms
W/BackupManagerService(  811): dataChanged but no participant pkg='com.android.providers.settings' uid=10017
D/LockScreen_KeyguardViewMediator(  978): setHidden false
D/LockScreen_KeyguardUpdateMonitor(  978): sendKeyguardVisibilityChanged(true)
D/LockScreen_KeyguardUpdateMonitor(  978): handleKeyguardVisibilityChanged(1)
W/ViewRootImpl( 1218): Dropping event due to no window focus: KeyEvent { action=ACTION_DOWN, keyCode=KEYCODE_MENU, scanCode=139, metaState=0, flags=0x48, repeatCount=5, eventTime=3423097, downTime=3422391, deviceId=0, source=0x101 }
W/InputMethodManagerService(  811): Starting input on non-focused client com.android.internal.view.IInputMethodClient$Stub$Proxy@41e9ffc8 (uid=10018 pid=978)
D/DisplayPowerController(  811): updateAmbientLux:  mLightSensorListener lux is 0.0
I/Timeline( 1218): Timeline: Activity_idle id: android.os.BinderProxy@418e6a78 time:3423154
D/LockScreen_KeyguardViewMediator(  978): setHidden false
D/LockScreen_KeyguardUpdateMonitor(  978): sendKeyguardVisibilityChanged(true)
D/LockScreen_KeyguardUpdateMonitor(  978): handleKeyguardVisibilityChanged(1)
D/PowerManagerService(  811): sendPendingNotificationsLocked mSendGoToSleepFinishedNotificationWhenReady = false
D/LockScreen_KeyguardViewMediator(  978): setHidden false
D/LockScreen_KeyguardUpdateMonitor(  978): sendKeyguardVisibilityChanged(true)
D/LockScreen_KeyguardViewMediator(  978): setHidden false
D/LockScreen_KeyguardUpdateMonitor(  978): sendKeyguardVisibilityChanged(true)
D/LockScreen_KeyguardViewMediator(  978): setHidden false
D/LockScreen_KeyguardUpdateMonitor(  978): sendKeyguardVisibilityChanged(true)
D/LockScreen_KeyguardUpdateMonitor(  978): handleKeyguardVisibilityChanged(1)
D/LockScreen_KeyguardUpdateMonitor(  978): handleKeyguardVisibilityChanged(1)
D/LockScreen_KeyguardUpdateMonitor(  978): handleKeyguardVisibilityChanged(1)
D/DisplayPowerController(  811): updateAmbientLux:  mLightSensorListener lux is 1.0
D/PowerManagerService(  811): sendPendingNotificationsLocked mSendGoToSleepFinishedNotificationWhenReady = false
D/LightsService(  811):  Trun on the button and after 2000s,then turn off the button !
I/Timeline(  811): Timeline: Activity_windows_visible id: ActivityRecord{41a5ceb0 u0 com.zte.milauncher/com.android.launcher2.Launcher t1} time:3423432
D/LockScreen_KeyguardViewMediator(  978): setHidden false
D/LockScreen_KeyguardUpdateMonitor(  978): sendKeyguardVisibilityChanged(true)
D/LockScreen_KeyguardUpdateMonitor(  978): handleKeyguardVisibilityChanged(1)
D/RecentsButtonBarView(  978): getRecentsPanelView - panel: com.android.systemui.recent.RecentsPanelView{427e3cf0 VFED.... .F....I. 0,0-480,854 #7f070094 app:id/recents_root}
D/LockScreen_KeyguardViewMediator(  978): setHidden false
D/LockScreen_KeyguardUpdateMonitor(  978): sendKeyguardVisibilityChanged(true)
D/LockScreen_KeyguardViewMediator(  978): setHidden false
D/LockScreen_KeyguardUpdateMonitor(  978): sendKeyguardVisibilityChanged(true)
D/LockScreen_KeyguardViewMediator(  978): setHidden false
D/LockScreen_KeyguardUpdateMonitor(  978): sendKeyguardVisibilityChanged(true)
D/LockScreen_KeyguardUpdateMonitor(  978): handleKeyguardVisibilityChanged(1)
D/LockScreen_KeyguardUpdateMonitor(  978): handleKeyguardVisibilityChanged(1)
D/LockScreen_KeyguardUpdateMonitor(  978): handleKeyguardVisibilityChanged(1)
D/DisplayPowerController(  811): updateAmbientLux:  mLightSensorListener lux is 3.0
D/DisplayPowerController(  811): ZTE_PM updateAutoBrightness: useAutoBrightness = true  mAmbientLuxValid = true  mAmbientLux = 1.3677602
D/DisplayPowerController(  811): updateAutoBrightness: value=0.053961847 *255 = 13.760271
D/DisplayPowerController(  811): ZTE_PM mPowerRequest.screenState is 2
D/DisplayPowerController(  811): ZTE_PM_PROX disable ProxSensor while NO useProximitySensor 
D/DisplayPowerController(  811): ZTE_PM_PROX setProximitySensorEnabled enable = false
D/DisplayPowerController(  811): ZTE_PM  setLightSensorEnabled enable = true updateAutoBrightness = false
D/DisplayPowerState(  811): Updating screen state: onChanged=false, on= true, backlightChanged=true, backlight=14
D/ledlog_java_com(  811): Excessive delay setting light: 64ms
D/DisplayPowerController(  811): updateAmbientLux:  mLightSensorListener lux is 6.0
D/DisplayPowerController(  811): ZTE_PM updateAutoBrightness: useAutoBrightness = true  mAmbientLuxValid = true  mAmbientLux = 1.826811
D/DisplayPowerController(  811): updateAutoBrightness: value=0.05632436 *255 = 14.362712
D/PowerManagerService(  811): sendPendingNotificationsLocked mSendGoToSleepFinishedNotificationWhenReady = false
D/LightsService(  811):  Trun on the button and after 2000s,then turn off the button !
D/DisplayPowerController(  811): updateAmbientLux:  mLightSensorListener lux is 7.0
D/DisplayPowerController(  811): ZTE_PM updateAutoBrightness: useAutoBrightness = true  mAmbientLuxValid = true  mAmbientLux = 3.6774635
D/DisplayPowerController(  811): updateAutoBrightness: value=0.066049814 *255 = 16.842703
D/DisplayPowerController(  811): ZTE_PM mPowerRequest.screenState is 2
D/DisplayPowerController(  811): ZTE_PM_PROX disable ProxSensor while NO useProximitySensor 
D/DisplayPowerController(  811): ZTE_PM_PROX setProximitySensorEnabled enable = false
D/DisplayPowerController(  811): ZTE_PM  setLightSensorEnabled enable = true updateAutoBrightness = false
D/DisplayPowerState(  811): Updating screen state: onChanged=false, on= true, backlightChanged=true, backlight=17
D/ledlog_java_com(  811): Excessive delay setting light: 64ms
D/DisplayPowerController(  811): updateAmbientLux:  mLightSensorListener lux is 10.0
D/DisplayPowerController(  811): updateAmbientLux:  mLightSensorListener lux is 11.0
D/PowerManagerService(  811): sendPendingNotificationsLocked mSendGoToSleepFinishedNotificationWhenReady = false
D/LightsService(  811):  Trun on the button and after 2000s,then turn off the button !
D/DisplayPowerController(  811): updateAmbientLux:  mLightSensorListener lux is 12.0
D/DisplayPowerController(  811): updateAmbientLux:  mLightSensorListener lux is 13.0
D/DisplayPowerController(  811): updateAmbientLux:  mLightSensorListener lux is 21.0
D/PowerManagerService(  811): sendPendingNotificationsLocked mSendGoToSleepFinishedNotificationWhenReady = false
D/LightsService(  811):  Trun on the button and after 2000s,then turn off the button !
D/DisplayPowerController(  811): updateAmbientLux:  mLightSensorListener lux is 62.0
D/BatteryService(  811): ZTE Sending ACTION_BATTERY_CHANGED.  level:86, scale:100, status:3, health:2, present:true, voltage: 4126, temperature: 260, technology: Li-ion, AC powered:false, USB powered:false, Wireless powered:false, icon:17302952, invalid charger:0
D/PowerManagerService(  811): sendPendingNotificationsLocked mSendGoToSleepFinishedNotificationWhenReady = false
D/LockScreen_KeyguardUpdateMonitor(  978): received broadcast android.intent.action.BATTERY_CHANGED
D/LockScreen_DMLockCodeController(  978): canAcceptIntent - can: false
D/LockScreen_CMASAlertController(  978): canAcceptIntent - can: false
D/LockScreen_KeyguardUpdateMonitor(  978): handleBatteryUpdate
D/WifiApPowerMode(  811): ACTION_BATTERY_CHANGED received. pluggedType=0 mUSBConnected=false
D/WifiController(  811): battery changed pluggedType: 0
D/DisplayPowerController(  811): updateAmbientLux:  mLightSensorListener lux is 67.0
D/DisplayPowerController(  811): updateAmbientLux:  mLightSensorListener lux is 41.0
D/DisplayPowerController(  811): updateAmbientLux:  mLightSensorListener lux is 14.0
D/PowerManagerService(  811): sendPendingNotificationsLocked mSendGoToSleepFinishedNotificationWhenReady = false
D/LightsService(  811):  Trun on the button and after 2000s,then turn off the button !
D/DisplayPowerController(  811): updateAmbientLux:  mLightSensorListener lux is 7.0
D/DisplayPowerController(  811): updateAmbientLux:  mLightSensorListener lux is 6.0
D/PowerManagerService(  811): sendPendingNotificationsLocked mSendGoToSleepFinishedNotificationWhenReady = false
D/LightsService(  811):  Trun on the button and after 2000s,then turn off the button !
D/PowerManagerService(  811): sendPendingNotificationsLocked mSendGoToSleepFinishedNotificationWhenReady = false
D/LightsService(  811):  Trun on the button and after 2000s,then turn off the button !
D/DisplayPowerController(  811): updateAmbientLux:  mLightSensorListener lux is 7.0
D/DisplayPowerController(  811): ZTE_PM updateAutoBrightness: useAutoBrightness = true  mAmbientLuxValid = true  mAmbientLux = 14.297934
D/DisplayPowerController(  811): updateAutoBrightness: value=0.12460844 *255 = 31.775152
D/DisplayPowerController(  811): ZTE_PM mPowerRequest.screenState is 2
D/DisplayPowerController(  811): ZTE_PM_PROX disable ProxSensor while NO useProximitySensor 
D/DisplayPowerController(  811): ZTE_PM_PROX setProximitySensorEnabled enable = false
D/DisplayPowerController(  811): ZTE_PM  setLightSensorEnabled enable = true updateAutoBrightness = false
D/DisplayPowerState(  811): Updating screen state: onChanged=false, on= true, backlightChanged=true, backlight=18
D/ledlog_java_com(  811): Excessive delay setting light: 67ms
D/DisplayPowerState(  811): Updating screen state: onChanged=false, on= true, backlightChanged=true, backlight=28
D/ledlog_java_com(  811): Excessive delay setting light: 65ms
D/DisplayPowerState(  811): Updating screen state: onChanged=false, on= true, backlightChanged=true, backlight=32
D/ledlog_java_com(  811): Excessive delay setting light: 66ms
D/PowerManagerService(  811): sendPendingNotificationsLocked mSendGoToSleepFinishedNotificationWhenReady = false
D/LightsService(  811):  Trun on the button and after 2000s,then turn off the button !
D/DisplayPowerController(  811): updateAmbientLux:  mLightSensorListener lux is 8.0
D/DisplayPowerController(  811): updateAmbientLux:  mLightSensorListener lux is 7.0
D/PowerManagerService(  811): sendPendingNotificationsLocked mSendGoToSleepFinishedNotificationWhenReady = false
D/LightsService(  811):  Trun on the button and after 2000s,then turn off the button !
D/DisplayPowerController(  811): updateAmbientLux:  mLightSensorListener lux is 6.0
D/PowerManagerService(  811): sendPendingNotificationsLocked mSendGoToSleepFinishedNotificationWhenReady = false
D/LightsService(  811):  Trun on the button and after 2000s,then turn off the button !
D/DisplayPowerController(  811): updateAmbientLux:  mLightSensorListener lux is 7.0
D/DisplayPowerController(  811): updateAmbientLux:  mLightSensorListener lux is 8.0
D/DisplayPowerController(  811): updateAmbientLux:  mLightSensorListener lux is 7.0
D/PowerManagerService(  811): sendPendingNotificationsLocked mSendGoToSleepFinishedNotificationWhenReady = false
D/LightsService(  811):  Trun on the button and after 2000s,then turn off the button !
D/DisplayPowerController(  811): updateAmbientLux:  mLightSensorListener lux is 3.0
D/DisplayPowerController(  811): updateAmbientLux:  mLightSensorListener lux is 2.0
D/PowerManagerService(  811): sendPendingNotificationsLocked mSendGoToSleepFinishedNotificationWhenReady = false
D/LightsService(  811):  Trun on the button and after 2000s,then turn off the button !
D/DisplayPowerController(  811): updateAmbientLux:  mLightSensorListener lux is 1.0
D/DisplayPowerController(  811): updateAmbientLux:  mLightSensorListener lux is 0.0
D/PowerManagerService(  811): sendPendingNotificationsLocked mSendGoToSleepFinishedNotificationWhenReady = false
D/LightsService(  811):  Trun on the button and after 2000s,then turn off the button !
D/PowerManagerService(  811): sendPendingNotificationsLocked mSendGoToSleepFinishedNotificationWhenReady = false
D/LightsService(  811):  Trun on the button and after 2000s,then turn off the button !
D/PowerManagerService(  811): sendPendingNotificationsLocked mSendGoToSleepFinishedNotificationWhenReady = false
D/LightsService(  811):  Trun on the button and after 2000s,then turn off the button !
D/PowerManagerService(  811): sendPendingNotificationsLocked mSendGoToSleepFinishedNotificationWhenReady = false
D/LightsService(  811):  Trun on the button and after 2000s,then turn off the button !
D/DisplayPowerController(  811): ZTE_PM updateAutoBrightness: useAutoBrightness = true  mAmbientLuxValid = true  mAmbientLux = 1.3806875
D/DisplayPowerController(  811): updateAutoBrightness: value=0.054028075 *255 = 13.777159
D/DisplayPowerController(  811): ZTE_PM mPowerRequest.screenState is 2
D/DisplayPowerController(  811): ZTE_PM_PROX disable ProxSensor while NO useProximitySensor 
D/DisplayPowerController(  811): ZTE_PM_PROX setProximitySensorEnabled enable = false
D/DisplayPowerController(  811): ZTE_PM  setLightSensorEnabled enable = true updateAutoBrightness = false
D/DisplayPowerState(  811): Updating screen state: onChanged=false, on= true, backlightChanged=true, backlight=30
D/ledlog_java_com(  811): Excessive delay setting light: 60ms
D/DisplayPowerState(  811): Updating screen state: onChanged=false, on= true, backlightChanged=true, backlight=20
D/DisplayPowerController(  811): ZTE_PM updateAutoBrightness: useAutoBrightness = true  mAmbientLuxValid = true  mAmbientLux = 0.6869092
D/DisplayPowerController(  811): updateAutoBrightness: value=0.050499048 *255 = 12.877257
D/DisplayPowerController(  811): ZTE_PM mPowerRequest.screenState is 2
D/DisplayPowerController(  811): ZTE_PM_PROX disable ProxSensor while NO useProximitySensor 
D/DisplayPowerController(  811): ZTE_PM_PROX setProximitySensorEnabled enable = false
D/DisplayPowerController(  811): ZTE_PM  setLightSensorEnabled enable = true updateAutoBrightness = false
D/ledlog_java_com(  811): Excessive delay setting light: 66ms
D/DisplayPowerState(  811): Updating screen state: onChanged=false, on= true, backlightChanged=true, backlight=13
D/PowerManagerService(  811): sendPendingNotificationsLocked mSendGoToSleepFinishedNotificationWhenReady = false
D/LightsService(  811):  Trun on the button and after 2000s,then turn off the button !
D/ledlog_java_com(  811): Excessive delay setting light: 66ms
D/PowerManagerService(  811): sendPendingNotificationsLocked mSendGoToSleepFinishedNotificationWhenReady = false
D/LightsService(  811):  Trun on the button and after 2000s,then turn off the button !
D/PowerManagerService(  811): sendPendingNotificationsLocked mSendGoToSleepFinishedNotificationWhenReady = false
D/LightsService(  811):  Trun on the button and after 2000s,then turn off the button !
D/PowerManagerService_DumpWakeLock(  811): Dump interval is: 18 s
D/PowerManagerService_DumpWakeLock(  811):  Current State is: Awake
D/PowerManagerService_DumpWakeLock(  811): Screen off timeout: 300000 ms
D/PowerManagerService_DumpWakeLock(  811): Screen dim duration: 7000 ms
D/PowerManagerService_DumpWakeLock(  811): Suspend Blockers: size=5
D/PowerManagerService_DumpWakeLock(  811):   PowerManagerService.WakeLocks: ref count=0
D/PowerManagerService_DumpWakeLock(  811):   PowerManagerService.Display: ref count=1
D/PowerManagerService_DumpWakeLock(  811):   PowerManagerService.Proximity: ref count=0
D/PowerManagerService_DumpWakeLock(  811):   PowerManagerService.Broadcasts: ref count=0
D/PowerManagerService_DumpWakeLock(  811):   PowerManagerService.WirelessChargerDetector: ref count=0
D/PowerManagerService_DumpWakeLock(  811): Screen On Blocker: held=false, mNestCount=0
D/PowerManagerService_DumpWakeLock(  811): Display Blanker: blanked=false
D/PowerManagerService(  811): sendPendingNotificationsLocked mSendGoToSleepFinishedNotificationWhenReady = false
D/LightsService(  811):  Trun on the button and after 2000s,then turn off the button !
D/DisplayPowerController(  811): ZTE_PM updateAutoBrightness: useAutoBrightness = true  mAmbientLuxValid = true  mAmbientLux = 0.22896975
D/DisplayPowerController(  811): updateAutoBrightness: value=0.048199367 *255 = 12.290838
D/DisplayPowerController(  811): ZTE_PM mPowerRequest.screenState is 2
D/DisplayPowerController(  811): ZTE_PM_PROX disable ProxSensor while NO useProximitySensor 
D/DisplayPowerController(  811): ZTE_PM_PROX setProximitySensorEnabled enable = false
D/DisplayPowerController(  811): ZTE_PM  setLightSensorEnabled enable = true updateAutoBrightness = false
D/DisplayPowerState(  811): Updating screen state: onChanged=false, on= true, backlightChanged=true, backlight=12
D/ledlog_java_com(  811): Excessive delay setting light: 66ms
D/PowerManagerService(  811): sendPendingNotificationsLocked mSendGoToSleepFinishedNotificationWhenReady = false
D/LightsService(  811):  Trun on the button and after 2000s,then turn off the button !
D/DisplayPowerController(  811): updateAmbientLux:  mLightSensorListener lux is 3.0
D/PowerManagerService(  811): sendPendingNotificationsLocked mSendGoToSleepFinishedNotificationWhenReady = false
D/LightsService(  811):  Trun on the button and after 2000s,then turn off the button !
D/DisplayPowerController(  811): updateAmbientLux:  mLightSensorListener lux is 6.0
D/DisplayPowerController(  811): updateAmbientLux:  mLightSensorListener lux is 9.0
D/DisplayPowerController(  811): updateAmbientLux:  mLightSensorListener lux is 10.0
D/PowerManagerService(  811): sendPendingNotificationsLocked mSendGoToSleepFinishedNotificationWhenReady = false
D/LightsService(  811):  Trun on the button and after 2000s,then turn off the button !
D/DisplayPowerController(  811): updateAmbientLux:  mLightSensorListener lux is 15.0
D/DisplayPowerController(  811): updateAmbientLux:  mLightSensorListener lux is 41.0
D/DisplayPowerController(  811): updateAmbientLux:  mLightSensorListener lux is 26.0
D/PowerManagerService(  811): sendPendingNotificationsLocked mSendGoToSleepFinishedNotificationWhenReady = false
D/LightsService(  811):  Trun on the button and after 2000s,then turn off the button !
D/DisplayPowerController(  811): updateAmbientLux:  mLightSensorListener lux is 61.0
D/DisplayPowerController(  811): updateAmbientLux:  mLightSensorListener lux is 116.0
D/PowerManagerService(  811): sendPendingNotificationsLocked mSendGoToSleepFinishedNotificationWhenReady = false
D/LightsService(  811):  Trun on the button and after 2000s,then turn off the button !
D/DisplayPowerController(  811): updateAmbientLux:  mLightSensorListener lux is 102.0
D/DisplayPowerController(  811): updateAmbientLux:  mLightSensorListener lux is 30.0
D/DisplayPowerController(  811): ZTE_PM updateAutoBrightness: useAutoBrightness = true  mAmbientLuxValid = true  mAmbientLux = 45.716537
D/DisplayPowerController(  811): updateAutoBrightness: value=0.23922487 *255 = 61.002342
D/DisplayPowerController(  811): ZTE_PM mPowerRequest.screenState is 2
D/DisplayPowerController(  811): ZTE_PM_PROX disable ProxSensor while NO useProximitySensor 
D/DisplayPowerController(  811): ZTE_PM_PROX setProximitySensorEnabled enable = false
D/DisplayPowerController(  811): ZTE_PM  setLightSensorEnabled enable = true updateAutoBrightness = false
D/DisplayPowerState(  811): Updating screen state: onChanged=false, on= true, backlightChanged=true, backlight=14
D/ledlog_java_com(  811): Excessive delay setting light: 66ms
D/DisplayPowerState(  811): Updating screen state: onChanged=false, on= true, backlightChanged=true, backlight=27
D/ledlog_java_com(  811): Excessive delay setting light: 67ms
D/DisplayPowerState(  811): Updating screen state: onChanged=false, on= true, backlightChanged=true, backlight=41
D/DisplayPowerController(  811): updateAmbientLux:  mLightSensorListener lux is 15.0
D/ledlog_java_com(  811): Excessive delay setting light: 71ms
D/DisplayPowerState(  811): Updating screen state: onChanged=false, on= true, backlightChanged=true, backlight=54
D/ledlog_java_com(  811): Excessive delay setting light: 60ms
D/DisplayPowerState(  811): Updating screen state: onChanged=false, on= true, backlightChanged=true, backlight=61
D/DisplayPowerController(  811): updateAmbientLux:  mLightSensorListener lux is 14.0
D/ledlog_java_com(  811): Excessive delay setting light: 66ms
D/PowerManagerService(  811): sendPendingNotificationsLocked mSendGoToSleepFinishedNotificationWhenReady = false
D/LightsService(  811):  Trun on the button and after 2000s,then turn off the button !
D/DisplayPowerController(  811): updateAmbientLux:  mLightSensorListener lux is 12.0
D/DisplayPowerController(  811): updateAmbientLux:  mLightSensorListener lux is 10.0
D/PowerManagerService(  811): sendPendingNotificationsLocked mSendGoToSleepFinishedNotificationWhenReady = false
D/LightsService(  811):  Trun on the button and after 2000s,then turn off the button !
D/DisplayPowerController(  811): updateAmbientLux:  mLightSensorListener lux is 8.0
D/DisplayPowerController(  811): updateAmbientLux:  mLightSensorListener lux is 7.0
D/DisplayPowerController(  811): updateAmbientLux:  mLightSensorListener lux is 8.0
D/PowerManagerService(  811): sendPendingNotificationsLocked mSendGoToSleepFinishedNotificationWhenReady = false
D/LightsService(  811):  Trun on the button and after 2000s,then turn off the button !
W/ContextImpl(  811): Calling a method in the system process without a qualified user: android.app.ContextImpl.sendBroadcast:1213 com.android.internal.policy.impl.PhoneWindowManager.interceptKeyBeforeQueueing:4268 com.android.server.wm.InputMonitor.interceptKeyBeforeQueueing:357 com.android.server.input.InputManagerService.interceptKeyBeforeQueueing:1343 dalvik.system.NativeStart.run:-2 
D/DisplayPowerController(  811): updateAmbientLux:  mLightSensorListener lux is 7.0
D/DisplayPowerController(  811): updateAmbientLux:  mLightSensorListener lux is 6.0
D/LockScreen_KeyguardUpdateMonitor(  978): received broadcast android.intent.action.TIME_TICK
D/LockScreen_DMLockCodeController(  978): canAcceptIntent - can: false
D/LockScreen_CMASAlertController(  978): canAcceptIntent - can: false
D/LockScreen_KeyguardUpdateMonitor(  978): handleTimeUpdate
W/AlarmManager(  811): Alarm triggering: Alarm{4227cf88 type 3 android}
D/PowerManagerService(  811): sendPendingNotificationsLocked mSendGoToSleepFinishedNotificationWhenReady = false
E/niejiyong(  978): WeatherService is Running
E/niejiyong(  978): Weather process is Running
E/niejiyong(  978): WeatherService is Running
E/niejiyong(  978): Weather process is Running
D/haha    ( 1323): mDateTimeReceiver intent::Intent { act=android.intent.action.TIME_TICK flg=0x50000014 (has extras) }
E/niejiyong( 1323): TypeBWeatherWidget :: performUpdate..
E/niejiyong( 1323): TypeBWeatherWidget :: performUpdate..cityLocationId = cityId:351193
D/haha    ( 1323): WeatherWidget update  AmPm=0,  Hour=0,  Minute=31
W/AlarmManager(  811): +++alarm onSendFinished ,action=android.intent.action.TIME_TICK
D/PowerManagerService(  811): sendPendingNotificationsLocked mSendGoToSleepFinishedNotificationWhenReady = false
D/DisplayPowerController(  811): updateAmbientLux:  mLightSensorListener lux is 5.0
D/DisplayPowerController(  811): updateAmbientLux:  mLightSensorListener lux is 4.0
D/DisplayPowerController(  811): updateAmbientLux:  mLightSensorListener lux is 3.0
W/System.err(  811): android.provider.Settings$SettingNotFoundException: light_duration
W/System.err(  811): 	at android.provider.Settings$System.getIntForUser(Settings.java:1250)
W/System.err(  811): 	at android.provider.Settings$System.getInt(Settings.java:1240)
W/System.err(  811): 	at com.android.server.LightsService.turnOffButtonLight(LightsService.java:96)
W/System.err(  811): 	at com.android.server.LightsService$2.handleMessage(LightsService.java:301)
W/System.err(  811): 	at android.os.Handler.dispatchMessage(Handler.java:102)
W/System.err(  811): 	at android.os.Looper.loop(Looper.java:136)
W/System.err(  811): 	at com.android.server.ServerThread.initAndLoop(SystemServer.java:1181)
W/System.err(  811): 	at com.android.server.SystemServer.main(SystemServer.java:1306)
W/System.err(  811): 	at java.lang.reflect.Method.invokeNative(Native Method)
W/System.err(  811): 	at java.lang.reflect.Method.invoke(Method.java:515)
W/System.err(  811): 	at com.android.internal.os.ZygoteInit$MethodAndArgsCaller.run(ZygoteInit.java:786)
W/System.err(  811): 	at com.android.internal.os.ZygoteInit.main(ZygoteInit.java:602)
W/System.err(  811): 	at dalvik.system.NativeStart.main(Native Method)
D/LightsService(  811):  turnOffButtonLight   mButtonLightTimeout = 2000
D/DisplayPowerController(  811): updateAmbientLux:  mLightSensorListener lux is 4.0
D/DisplayPowerController(  811): updateAmbientLux:  mLightSensorListener lux is 5.0
D/DisplayPowerController(  811): updateAmbientLux:  mLightSensorListener lux is 4.0
D/DisplayPowerController(  811): updateAmbientLux:  mLightSensorListener lux is 3.0
D/DisplayPowerController(  811): updateAmbientLux:  mLightSensorListener lux is 5.0
D/DisplayPowerController(  811): ZTE_PM updateAutoBrightness: useAutoBrightness = true  mAmbientLuxValid = true  mAmbientLux = 5.3596063
D/DisplayPowerController(  811): updateAutoBrightness: value=0.07512096 *255 = 19.155846
D/DisplayPowerController(  811): ZTE_PM mPowerRequest.screenState is 2
D/DisplayPowerController(  811): ZTE_PM_PROX disable ProxSensor while NO useProximitySensor 
D/DisplayPowerController(  811): ZTE_PM_PROX setProximitySensorEnabled enable = false
D/DisplayPowerController(  811): ZTE_PM  setLightSensorEnabled enable = true updateAutoBrightness = false
D/DisplayPowerState(  811): Updating screen state: onChanged=false, on= true, backlightChanged=true, backlight=58
D/ledlog_java_com(  811): Excessive delay setting light: 65ms
D/DisplayPowerState(  811): Updating screen state: onChanged=false, on= true, backlightChanged=true, backlight=48
D/ledlog_java_com(  811): Excessive delay setting light: 66ms
D/DisplayPowerState(  811): Updating screen state: onChanged=false, on= true, backlightChanged=true, backlight=35
D/DisplayPowerController(  811): updateAmbientLux:  mLightSensorListener lux is 6.0
D/ledlog_java_com(  811): Excessive delay setting light: 65ms
D/DisplayPowerState(  811): Updating screen state: onChanged=false, on= true, backlightChanged=true, backlight=21
D/ledlog_java_com(  811): Excessive delay setting light: 66ms
D/DisplayPowerState(  811): Updating screen state: onChanged=false, on= true, backlightChanged=true, backlight=19
D/ledlog_java_com(  811): Excessive delay setting light: 66ms
D/DisplayPowerController(  811): updateAmbientLux:  mLightSensorListener lux is 5.0
D/DisplayPowerController(  811): updateAmbientLux:  mLightSensorListener lux is 6.0
D/DisplayPowerController(  811): updateAmbientLux:  mLightSensorListener lux is 5.0
D/DisplayPowerController(  811): updateAmbientLux:  mLightSensorListener lux is 9.0
D/DisplayPowerController(  811): updateAmbientLux:  mLightSensorListener lux is 42.0
D/DisplayPowerController(  811): updateAmbientLux:  mLightSensorListener lux is 52.0
D/DisplayPowerController(  811): updateAmbientLux:  mLightSensorListener lux is 47.0
D/DisplayPowerController(  811): updateAmbientLux:  mLightSensorListener lux is 45.0
D/DisplayPowerController(  811): updateAmbientLux:  mLightSensorListener lux is 35.0
D/DisplayPowerController(  811): updateAmbientLux:  mLightSensorListener lux is 22.0
D/DisplayPowerController(  811): updateAmbientLux:  mLightSensorListener lux is 4.0
D/DisplayPowerController(  811): updateAmbientLux:  mLightSensorListener lux is 1.0
D/DisplayPowerController(  811): updateAmbientLux:  mLightSensorListener lux is 2.0
D/DisplayPowerController(  811): updateAmbientLux:  mLightSensorListener lux is 3.0
D/DisplayPowerController(  811): updateAmbientLux:  mLightSensorListener lux is 4.0
D/DisplayPowerController(  811): ZTE_PM updateAutoBrightness: useAutoBrightness = true  mAmbientLuxValid = true  mAmbientLux = 11.068726
D/DisplayPowerController(  811): updateAutoBrightness: value=0.10675701 *255 = 27.223038
D/DisplayPowerController(  811): ZTE_PM mPowerRequest.screenState is 2
D/DisplayPowerController(  811): ZTE_PM_PROX disable ProxSensor while NO useProximitySensor 
D/DisplayPowerController(  811): ZTE_PM_PROX setProximitySensorEnabled enable = false
D/DisplayPowerController(  811): ZTE_PM  setLightSensorEnabled enable = true updateAutoBrightness = false
D/DisplayPowerState(  811): Updating screen state: onChanged=false, on= true, backlightChanged=true, backlight=20
D/DisplayPowerState(  811): Updating screen state: onChanged=false, on= true, backlightChanged=true, backlight=23
D/ledlog_java_com(  811): Excessive delay setting light: 63ms
D/DisplayPowerState(  811): Updating screen state: onChanged=false, on= true, backlightChanged=true, backlight=27
D/DisplayPowerController(  811): updateAmbientLux:  mLightSensorListener lux is 7.0
D/ledlog_java_com(  811): Excessive delay setting light: 66ms
D/DisplayPowerController(  811): updateAmbientLux:  mLightSensorListener lux is 32.0
D/DisplayPowerController(  811): updateAmbientLux:  mLightSensorListener lux is 45.0
D/DisplayPowerController(  811): updateAmbientLux:  mLightSensorListener lux is 43.0
D/DisplayPowerController(  811): updateAmbientLux:  mLightSensorListener lux is 44.0
D/DisplayPowerController(  811): updateAmbientLux:  mLightSensorListener lux is 46.0
D/DisplayPowerController(  811): updateAmbientLux:  mLightSensorListener lux is 47.0
D/DisplayPowerController(  811): updateAmbientLux:  mLightSensorListener lux is 45.0
D/DisplayPowerController(  811): updateAmbientLux:  mLightSensorListener lux is 35.0
D/DisplayPowerController(  811): updateAmbientLux:  mLightSensorListener lux is 31.0
E/ledlog_hw(  811): is battery
E/ledlog_hw(  811): Battery or NotificationColor=0 newRGB=FFFFFF00 newMode=0
D/BatteryService(  811): ZTE Sending ACTION_BATTERY_CHANGED.  level:86, scale:100, status:2, health:2, present:true, voltage: 4131, temperature: 270, technology: Li-ion, AC powered:false, USB powered:false, Wireless powered:false, icon:17302966, invalid charger:0
D/WifiApPowerMode(  811): ACTION_BATTERY_CHANGED received. pluggedType=0 mUSBConnected=false
D/LockScreen_KeyguardUpdateMonitor(  978): received broadcast android.intent.action.BATTERY_CHANGED
D/LockScreen_DMLockCodeController(  978): canAcceptIntent - can: false
D/LockScreen_CMASAlertController(  978): canAcceptIntent - can: false
D/LockScreen_KeyguardUpdateMonitor(  978): handleBatteryUpdate
E/ledlog_hw(  811): update RGB over :red=255 green=255 blink=0
D/WifiController(  811): battery changed pluggedType: 0
D/PowerManagerService(  811): sendPendingNotificationsLocked mSendGoToSleepFinishedNotificationWhenReady = false
D/DisplayPowerController(  811): updateAmbientLux:  mLightSensorListener lux is 26.0
D/DisplayPowerController(  811): updateAmbientLux:  mLightSensorListener lux is 27.0
V/UsbDeviceManager(  811): USB UEVENT: {USB_STATE=ONLINE, SUBSYSTEM=switch, DEVPATH=/devices/virtual/switch/usb_scsi_command, SEQNUM=5917, ACTION=change}
D/UsbDeviceManager(  811): usb updateState(ONLINE)
D/DisplayPowerController(  811): updateAmbientLux:  mLightSensorListener lux is 30.0
D/DisplayPowerController(  811): updateAmbientLux:  mLightSensorListener lux is 25.0
D/DisplayPowerController(  811): ZTE_PM updateAutoBrightness: useAutoBrightness = true  mAmbientLuxValid = true  mAmbientLux = 31.114422
D/DisplayPowerController(  811): updateAutoBrightness: value=0.19954202 *255 = 50.883213
D/DisplayPowerController(  811): ZTE_PM mPowerRequest.screenState is 2
D/DisplayPowerController(  811): ZTE_PM_PROX disable ProxSensor while NO useProximitySensor 
D/DisplayPowerController(  811): ZTE_PM_PROX setProximitySensorEnabled enable = false
D/DisplayPowerController(  811): ZTE_PM  setLightSensorEnabled enable = true updateAutoBrightness = false
D/DisplayPowerState(  811): Updating screen state: onChanged=false, on= true, backlightChanged=true, backlight=31
D/ledlog_java_com(  811): Excessive delay setting light: 63ms
D/DisplayPowerState(  811): Updating screen state: onChanged=false, on= true, backlightChanged=true, backlight=41
D/ledlog_java_com(  811): Excessive delay setting light: 68ms
D/DisplayPowerState(  811): Updating screen state: onChanged=false, on= true, backlightChanged=true, backlight=51
D/DisplayPowerController(  811): updateAmbientLux:  mLightSensorListener lux is 15.0
D/ledlog_java_com(  811): Excessive delay setting light: 65ms
D/DisplayPowerController(  811): updateAmbientLux:  mLightSensorListener lux is 13.0
D/DisplayPowerController(  811): updateAmbientLux:  mLightSensorListener lux is 14.0
D/DisplayPowerController(  811): updateAmbientLux:  mLightSensorListener lux is 19.0
D/DisplayPowerController(  811): updateAmbientLux:  mLightSensorListener lux is 53.0
D/DisplayPowerController(  811): updateAmbientLux:  mLightSensorListener lux is 33.0
D/DisplayPowerController(  811): updateAmbientLux:  mLightSensorListener lux is 26.0
D/DisplayPowerController(  811): updateAmbientLux:  mLightSensorListener lux is 14.0
D/DisplayPowerController(  811): updateAmbientLux:  mLightSensorListener lux is 12.0
D/PowerManagerService_DumpWakeLock(  811): Dump interval is: 15 s
D/PowerManagerService_DumpWakeLock(  811):  Current State is: Awake
D/PowerManagerService_DumpWakeLock(  811): Screen off timeout: 300000 ms
D/PowerManagerService_DumpWakeLock(  811): Screen dim duration: 7000 ms
D/PowerManagerService_DumpWakeLock(  811): Suspend Blockers: size=5
D/PowerManagerService_DumpWakeLock(  811):   PowerManagerService.WakeLocks: ref count=0
D/PowerManagerService_DumpWakeLock(  811):   PowerManagerService.Display: ref count=1
D/PowerManagerService_DumpWakeLock(  811):   PowerManagerService.Proximity: ref count=0
D/PowerManagerService_DumpWakeLock(  811):   PowerManagerService.Broadcasts: ref count=0
D/PowerManagerService_DumpWakeLock(  811):   PowerManagerService.WirelessChargerDetector: ref count=0
D/PowerManagerService_DumpWakeLock(  811): Screen On Blocker: held=false, mNestCount=0
D/PowerManagerService_DumpWakeLock(  811): Display Blanker: blanked=false
W/WifiMonitor(  811): <<<<<tokens[0]= CTRL-EVENT-SCAN-RESULTS
D/WifiMonitor(  811): Event [IFNAME=wlan0 WPS-AP-AVAILABLE ]
W/WifiMonitor(  811): <<<<<tokens[0]= WPS-AP-AVAILABLE
W/WifiMonitor(  811): couldn't identify event type - WPS-AP-AVAILABLE 
D/WifiStateMachine(  811): handleMessage: E msg.what=147461
D/WifiStateMachine(  811): processMsg: DisconnectedState
D/WifiStateMachine(  811): processMsg: ConnectModeState
D/WifiStateMachine(  811): processMsg: DriverStartedState
D/WifiStateMachine(  811): processMsg: SupplicantStartedState
E/XTCC-3.0.0.7(  403): [PosMgr] handlePosition failed: 12
D/LBSSystemMonitorService(  811): handleMessage what - 4
D/Wiper_jni(  811): Send Network Location.
W/XTWiFiLP( 1158): No fix from XTWiFi-PE
W/XTWiFiLP( 1158): No WiFi scan result from XTWiFi-PE
D/WifiStateMachine(  811): handleMessage: X
D/BatteryService(  811): ZTE Sending ACTION_BATTERY_CHANGED.  level:86, scale:100, status:2, health:2, present:true, voltage: 4219, temperature: 270, technology: Li-ion, AC powered:false, USB powered:true, Wireless powered:false, icon:17302966, invalid charger:0
D/WifiApPowerMode(  811): ACTION_BATTERY_CHANGED received. pluggedType=2 mUSBConnected=true
D/LockScreen_KeyguardUpdateMonitor(  978): received broadcast android.intent.action.BATTERY_CHANGED
D/LockScreen_DMLockCodeController(  978): canAcceptIntent - can: false
D/LockScreen_CMASAlertController(  978): canAcceptIntent - can: false
D/LockScreen_KeyguardUpdateMonitor(  978): handleBatteryUpdate
E/RingtoneManager(  978): lgn getRingtone ringtoneUri: ,streamType: -1
D/WifiController(  811): battery changed pluggedType: 2
D/PowerManagerService(  811): sendPendingNotificationsLocked mSendGoToSleepFinishedNotificationWhenReady = false
D/PowerUI (  978): playing charger insert/remove sound. enabledtrue
E/MediaPlayer-JNI(  978): QCMediaPlayer mediaplayer NOT present
E/MediaPlayer(  978): Uri is  /system/media/audio/ui/ChargerInsert.ogg
D/Sonivox (  268): file[-1198997576]: EAS_HWOpenFile ---->. mDrmManagerClient[0], mDrmBufOffset[0], mDrmBufSize[0], mDrmBuf[0]
D/Sonivox (  268): wangchong: path is NULL
D/PRDrmPlugIn(  266): PRDrmPlugin::onInitialize, uniqueId = 5383
D/PRDrmPlugIn(  266): PRDrmPlugin::onSetOnInfoListener: starts! uniqueId = 5383
D/PRDrmPlugIn(  266): PRDrmPlugin::onSetOnInfoListener: ends!
D/Sonivox (  268): [qwu ]FileSource::canHandle()begin 
D/Sonivox (  268): [qwu ]FileSource::canHandle()end 
D/Sonivox (  268): [qwu ]FileSource::canHandle() OK 
D/Sonivox (  268): [qwu ]FileSource::canHandle() failed 
D/PRDrmPlugIn(  266): PRDrmPlugin::onTerminate, uniqueId = 5383
D/Sonivox (  268): file[-1198997576]: EAS_HWOpenFile <----. mDrmManagerClient[0], mDrmBufOffset[0], mDrmBufSize[0], mDrmBuf[0]
D/Sonivox (  268): file[-1198997576]: EAS_HWCloseFile ---->. mDrmManagerClient[0], mDrmBufOffset[0], mDrmBufSize[0], mDrmBuf[0]
D/Sonivox (  268): file[-1198997576]: EAS_HWCloseFile <----. mDrmManagerClient[0], mDrmBufOffset[0], mDrmBufSize[0], mDrmBuf[0]
I/ExtendedUtils(  268): AV Sync late margin : Intended=40ms Using=0ms
D/Utils   (  268): printFileName fd(26) -> /system/media/audio/ui/ChargerInsert.ogg
I/EntropyMixer(  811): Writing entropy...
D/PRDrmPlugIn(  266): PRDrmPlugin::onInitialize, uniqueId = 7534
D/PRDrmPlugIn(  266): PRDrmPlugin::onSetOnInfoListener: starts! uniqueId = 7534
D/PRDrmPlugIn(  266): PRDrmPlugin::onSetOnInfoListener: ends!
D/PRDrmPlugIn(  266): PRDrmPlugin::onTerminate, uniqueId = 7534
D/ExtendedUtils(  268): extended extractor not needed, return default
E/NetworkScheduler.SR( 1284): Invalid parameter app
E/NetworkScheduler.SR( 1284): Invalid package name : Perhaps you didn't include a PendingIntent in the extras?
D/AudioPolicyManager(  268): copl: isOffloadSupported: SR=44100, CM=0x3, Format=0x7000000, StreamType=2, BitRate=4294967295, duration=605555 us, has_video=0
D/AudioPolicyManager(  268): copl: isOffloadSupported: stream_type != MUSIC, returning false
D/OMXCodec(  268): Successfully allocated OMX node 'OMX.google.vorbis.decoder'
I/AwesomePlayer(  268): Could not offload audio decode, try pcm offload
D/AudioPolicyManager(  268): copl: isOffloadSupported: SR=44100, CM=0x1, Format=0x17000001, StreamType=2, BitRate=4294967295, duration=605555 us, has_video=0
D/AudioPolicyManager(  268): copl: isOffloadSupported: stream_type != MUSIC, returning false
D/PowerManagerService(  811): sendPendingNotificationsLocked mSendGoToSleepFinishedNotificationWhenReady = false
D/PowerManagerService(  811): sendPendingNotificationsLocked mSendGoToSleepFinishedNotificationWhenReady = false
D/PowerManagerService(  811): sendPendingNotificationsLocked mSendGoToSleepFinishedNotificationWhenReady = false
D/Ringtone(  978): Successfully created local player
E/MediaPlayer-JNI(  978): QCMediaPlayer mediaplayer NOT present
E/MediaPlayer(  978): Uri is  /system/media/audio/ui/ChargerInsert.ogg
D/Sonivox (  268): file[-1198997576]: EAS_HWOpenFile ---->. mDrmManagerClient[0], mDrmBufOffset[0], mDrmBufSize[0], mDrmBuf[0]
D/Sonivox (  268): wangchong: path is NULL
D/PRDrmPlugIn(  266): PRDrmPlugin::onInitialize, uniqueId = 7468
D/PRDrmPlugIn(  266): PRDrmPlugin::onSetOnInfoListener: starts! uniqueId = 7468
D/PRDrmPlugIn(  266): PRDrmPlugin::onSetOnInfoListener: ends!
D/Sonivox (  268): [qwu ]FileSource::canHandle()begin 
D/Sonivox (  268): [qwu ]FileSource::canHandle()end 
D/Sonivox (  268): [qwu ]FileSource::canHandle() OK 
D/Sonivox (  268): [qwu ]FileSource::canHandle() failed 
D/PRDrmPlugIn(  266): PRDrmPlugin::onTerminate, uniqueId = 7468
D/Sonivox (  268): file[-1198997576]: EAS_HWOpenFile <----. mDrmManagerClient[0], mDrmBufOffset[0], mDrmBufSize[0], mDrmBuf[0]
D/Sonivox (  268): file[-1198997576]: EAS_HWCloseFile ---->. mDrmManagerClient[0], mDrmBufOffset[0], mDrmBufSize[0], mDrmBuf[0]
D/Sonivox (  268): file[-1198997576]: EAS_HWCloseFile <----. mDrmManagerClient[0], mDrmBufOffset[0], mDrmBufSize[0], mDrmBuf[0]
I/ExtendedUtils(  268): AV Sync late margin : Intended=40ms Using=0ms
D/Utils   (  268): printFileName fd(26) -> /system/media/audio/ui/ChargerInsert.ogg
D/PowerManagerService(  811): sendPendingNotificationsLocked mSendGoToSleepFinishedNotificationWhenReady = false
I/iu.Environment( 2056): update battery state; isPlugged? true*
D/PRDrmPlugIn(  266): PRDrmPlugin::onInitialize, uniqueId = 4956
D/PRDrmPlugIn(  266): PRDrmPlugin::onSetOnInfoListener: starts! uniqueId = 4956
D/PRDrmPlugIn(  266): PRDrmPlugin::onSetOnInfoListener: ends!
D/PRDrmPlugIn(  266): PRDrmPlugin::onTerminate, uniqueId = 4956
D/PowerManagerService(  811): sendPendingNotificationsLocked mSendGoToSleepFinishedNotificationWhenReady = false
D/ExtendedUtils(  268): extended extractor not needed, return default
D/AudioPolicyManager(  268): copl: isOffloadSupported: SR=44100, CM=0x3, Format=0x7000000, StreamType=5, BitRate=4294967295, duration=605555 us, has_video=0
D/AudioPolicyManager(  268): copl: isOffloadSupported: stream_type != MUSIC, returning false
D/OMXCodec(  268): Successfully allocated OMX node 'OMX.google.vorbis.decoder'
I/AwesomePlayer(  268): Could not offload audio decode, try pcm offload
D/AudioPolicyManager(  268): copl: isOffloadSupported: SR=44100, CM=0x1, Format=0x17000001, StreamType=5, BitRate=4294967295, duration=605555 us, has_video=0
D/AudioPolicyManager(  268): copl: isOffloadSupported: stream_type != MUSIC, returning false
D/Ringtone(  978): Successfully created local player
I/iu.UploadsManager( 2056): num queued entries: 0
E/MediaPlayer(  978): Should have subtitle controller already set
W/ContentTaskController( 1284): Invalid task was provided to stopTracking.
D/PowerManagerService(  811): sendPendingNotificationsLocked mSendGoToSleepFinishedNotificationWhenReady = false
D/PowerUI (  978): paly enable=true
D/PowerManagerService(  811): sendPendingNotificationsLocked mSendGoToSleepFinishedNotificationWhenReady = false
I/iu.FingerprintManager( 2056): Start processing all media
I/iu.UploadsManager( 2056): num updated entries: 0
I/iu.FingerprintManager( 2056): Start processing media store URI: content://media/external/images/media
D/PowerManagerService(  811): sendPendingNotificationsLocked mSendGoToSleepFinishedNotificationWhenReady = false
D/PowerManagerService(  811): sendPendingNotificationsLocked mSendGoToSleepFinishedNotificationWhenReady = false
I/iu.SyncManager( 2056): NEXT; no task
D/Ulp_jni (  811): JNI:system_update. Event-2
D/LBSSystemMonitorService(  811): handleMessage what - 14
D/DeviceContext(  811): handleMessage what - 1
D/PowerManagerService(  811): sendPendingNotificationsLocked mSendGoToSleepFinishedNotificationWhenReady = false
D/Ulp_jni (  811): Location CB invoked
I/iu.FingerprintManager( 2056): Start processing media store URI: content://media/external/video/media
D/PowerManagerService(  811): sendPendingNotificationsLocked mSendGoToSleepFinishedNotificationWhenReady = false
D/PowerManagerService(  811): sendPendingNotificationsLocked mSendGoToSleepFinishedNotificationWhenReady = false
D/PowerManagerService(  811): sendPendingNotificationsLocked mSendGoToSleepFinishedNotificationWhenReady = false
D/PowerManagerService(  811): sendPendingNotificationsLocked mSendGoToSleepFinishedNotificationWhenReady = false
D/PowerManagerService(  811): sendPendingNotificationsLocked mSendGoToSleepFinishedNotificationWhenReady = false
D/PowerManagerService(  811): sendPendingNotificationsLocked mSendGoToSleepFinishedNotificationWhenReady = false
D/PowerManagerService(  811): sendPendingNotificationsLocked mSendGoToSleepFinishedNotificationWhenReady = false
D/PowerManagerService(  811): sendPendingNotificationsLocked mSendGoToSleepFinishedNotificationWhenReady = false
D/PowerManagerService(  811): sendPendingNotificationsLocked mSendGoToSleepFinishedNotificationWhenReady = false
D/PowerManagerService(  811): sendPendingNotificationsLocked mSendGoToSleepFinishedNotificationWhenReady = false
D/PowerManagerService(  811): sendPendingNotificationsLocked mSendGoToSleepFinishedNotificationWhenReady = false
D/PowerManagerService(  811): sendPendingNotificationsLocked mSendGoToSleepFinishedNotificationWhenReady = false
D/PowerManagerService(  811): sendPendingNotificationsLocked mSendGoToSleepFinishedNotificationWhenReady = false
D/PowerManagerService(  811): sendPendingNotificationsLocked mSendGoToSleepFinishedNotificationWhenReady = false
D/PowerManagerService(  811): sendPendingNotificationsLocked mSendGoToSleepFinishedNotificationWhenReady = false
D/PowerManagerService(  811): sendPendingNotificationsLocked mSendGoToSleepFinishedNotificationWhenReady = false
I/iu.FingerprintManager( 2056): Start processing media store URI: content://media/phoneStorage/images/media
I/iu.FingerprintManager( 2056): Start processing media store URI: content://media/phoneStorage/video/media
D/PowerManagerService(  811): sendPendingNotificationsLocked mSendGoToSleepFinishedNotificationWhenReady = false
D/PowerManagerService(  811): sendPendingNotificationsLocked mSendGoToSleepFinishedNotificationWhenReady = false
D/PowerManagerService(  811): sendPendingNotificationsLocked mSendGoToSleepFinishedNotificationWhenReady = false
D/PowerManagerService(  811): sendPendingNotificationsLocked mSendGoToSleepFinishedNotificationWhenReady = false
D/PowerManagerService(  811): sendPendingNotificationsLocked mSendGoToSleepFinishedNotificationWhenReady = false
D/PowerManagerService(  811): sendPendingNotificationsLocked mSendGoToSleepFinishedNotificationWhenReady = false
D/PowerManagerService(  811): sendPendingNotificationsLocked mSendGoToSleepFinishedNotificationWhenReady = false
D/PowerManagerService(  811): sendPendingNotificationsLocked mSendGoToSleepFinishedNotificationWhenReady = false
I/iu.FingerprintManager( 2056): Finished generating fingerprints; 0.048 seconds
I/iu.FingerprintManager( 2056):   numSeen=2 numGenerated=0 numDeleted=0 numFailed=0
D/PowerManagerService(  811): sendPendingNotificationsLocked mSendGoToSleepFinishedNotificationWhenReady = false
W/ctxmgr  ( 1112): [ContextSpecificAclFactory]LocationConsent failed, ULR opt-in status is: false, account#-395797278#
W/ctxmgr  ( 1112): [AclManager]No 2 for (accnt=account#-395797278#, com.google.android.gms(10012):UserLocationProducer, vrsn=10084000, 0, 3pPkg = null ,  3pMdlId = null). Was: 2 for 1, account#-395797278#
D/PowerManagerService(  811): sendPendingNotificationsLocked mSendGoToSleepFinishedNotificationWhenReady = false
D/PowerManagerService(  811): sendPendingNotificationsLocked mSendGoToSleepFinishedNotificationWhenReady = false
D/PowerManagerService(  811): sendPendingNotificationsLocked mSendGoToSleepFinishedNotificationWhenReady = false
D/PowerManagerService(  811): sendPendingNotificationsLocked mSendGoToSleepFinishedNotificationWhenReady = false
D/PowerManagerService(  811): sendPendingNotificationsLocked mSendGoToSleepFinishedNotificationWhenReady = false
D/PowerManagerService(  811): sendPendingNotificationsLocked mSendGoToSleepFinishedNotificationWhenReady = false
W/ContentTaskController( 1284): Invalid newTask was provided to startTracking.
