D/DisplayPowerController(  811): updateAmbientLux:  mLightSensorListener lux is 139.0
D/DisplayPowerController(  811): updateAmbientLux:  mLightSensorListener lux is 138.0
I/Timeline(  811): Timeline: Activity_windows_visible id: ActivityRecord{42756d00 u0 com.android.systemui/.recent.RecentsActivity t59} time:5944064
D/LockScreen_KeyguardViewMediator(  978): setHidden false
D/LockScreen_KeyguardUpdateMonitor(  978): sendKeyguardVisibilityChanged(true)
D/LockScreen_KeyguardUpdateMonitor(  978): handleKeyguardVisibilityChanged(1)
D/LockScreen_KeyguardViewMediator(  978): setHidden false
D/LockScreen_KeyguardUpdateMonitor(  978): sendKeyguardVisibilityChanged(true)
D/LockScreen_KeyguardUpdateMonitor(  978): handleKeyguardVisibilityChanged(1)
D/LockScreen_KeyguardViewMediator(  978): setHidden false
D/LockScreen_KeyguardUpdateMonitor(  978): sendKeyguardVisibilityChanged(true)
D/LockScreen_KeyguardUpdateMonitor(  978): handleKeyguardVisibilityChanged(1)
D/PowerManagerService(  811): sendPendingNotificationsLocked mSendGoToSleepFinishedNotificationWhenReady = false
D/LightsService(  811):  Trun on the button and after 2000s,then turn off the button !
D/DisplayPowerController(  811): updateAmbientLux:  mLightSensorListener lux is 137.0
W/ContextImpl(  811): Calling a method in the system process without a qualified user: android.app.ContextImpl.sendBroadcast:1213 com.android.internal.policy.impl.PhoneWindowManager.interceptKeyBeforeQueueing:4268 com.android.server.wm.InputMonitor.interceptKeyBeforeQueueing:357 com.android.server.input.InputManagerService.interceptKeyBeforeQueueing:1343 dalvik.system.NativeStart.run:-2 
D/DisplayPowerController(  811): updateAmbientLux:  mLightSensorListener lux is 136.0
D/DisplayPowerController(  811): updateAmbientLux:  mLightSensorListener lux is 133.0
W/BackupManagerService(  811): dataChanged but no participant pkg='com.android.providers.settings' uid=10017
D/DisplayPowerController(  811): updateAmbientLux:  mLightSensorListener lux is 134.0
D/DisplayPowerController(  811): updateAmbientLux:  mLightSensorListener lux is 145.0
D/PowerManagerService(  811): sendPendingNotificationsLocked mSendGoToSleepFinishedNotificationWhenReady = false
I/ActivityManager(  811): START u0 {act=android.intent.action.MAIN cat=[android.intent.category.HOME] flg=0x10200000 cmp=com.zte.milauncher/com.android.launcher2.Launcher} from pid 978
D/LightsService(  811):  Trun on the button and after 2000s,then turn off the button !
D/PowerManagerService(  811): sendPendingNotificationsLocked mSendGoToSleepFinishedNotificationWhenReady = false
D/DisplayPowerController(  811): updateAmbientLux:  mLightSensorListener lux is 144.0
D/LockScreen_KeyguardViewMediator(  978): setHidden false
D/LockScreen_KeyguardUpdateMonitor(  978): sendKeyguardVisibilityChanged(true)
E/Launcher_Launcher( 1220): onNewIntent
D/LockScreen_KeyguardUpdateMonitor(  978): handleKeyguardVisibilityChanged(1)
D/LockScreen_KeyguardViewMediator(  978): setHidden false
D/LockScreen_KeyguardUpdateMonitor(  978): sendKeyguardVisibilityChanged(true)
D/LockScreen_KeyguardUpdateMonitor(  978): handleKeyguardVisibilityChanged(1)
E/Launcher( 1220): onResume____ mRestoring=false___ mOnResumeNeedsLoad=false, getIsDisplayAddToHome ()=false
D/WifiApPowerMode(  811): ACTION_BATTERY_CHANGED received. pluggedType=0 mUSBConnected=false
D/LockScreen_KeyguardUpdateMonitor(  978): received broadcast android.intent.action.BATTERY_CHANGED
D/LockScreen_DMLockCodeController(  978): canAcceptIntent - can: false
D/LockScreen_CMASAlertController(  978): canAcceptIntent - can: false
D/BatteryService(  811): ZTE Sending ACTION_BATTERY_CHANGED.  level:96, scale:100, status:3, health:2, present:true, voltage: 4201, temperature: 270, technology: Li-ion, AC powered:false, USB powered:false, Wireless powered:false, icon:17302952, invalid charger:0
D/PowerManagerService(  811): sendPendingNotificationsLocked mSendGoToSleepFinishedNotificationWhenReady = false
D/WifiController(  811): battery changed pluggedType: 0
D/LockScreen_KeyguardUpdateMonitor(  978): handleBatteryUpdate
D/dalvikvm( 1220): GC_FOR_ALLOC freed 3430K, 28% free 19043K/26420K, paused 19ms, total 21ms
W/BackupManagerService(  811): dataChanged but no participant pkg='com.android.providers.settings' uid=10017
D/LockScreen_KeyguardViewMediator(  978): setHidden false
D/LockScreen_KeyguardUpdateMonitor(  978): sendKeyguardVisibilityChanged(true)
D/LockScreen_KeyguardUpdateMonitor(  978): handleKeyguardVisibilityChanged(1)
W/InputMethodManagerService(  811): Starting input on non-focused client com.android.internal.view.IInputMethodClient$Stub$Proxy@422f5a38 (uid=10018 pid=978)
D/LockScreen_KeyguardViewMediator(  978): setHidden false
D/LockScreen_KeyguardUpdateMonitor(  978): sendKeyguardVisibilityChanged(true)
D/LockScreen_KeyguardUpdateMonitor(  978): handleKeyguardVisibilityChanged(1)
I/Timeline( 1220): Timeline: Activity_idle id: android.os.BinderProxy@41f31a40 time:5945297
D/PowerManagerService(  811): sendPendingNotificationsLocked mSendGoToSleepFinishedNotificationWhenReady = false
D/LockScreen_KeyguardViewMediator(  978): setHidden false
D/LockScreen_KeyguardUpdateMonitor(  978): sendKeyguardVisibilityChanged(true)
D/LockScreen_KeyguardViewMediator(  978): setHidden false
D/LockScreen_KeyguardUpdateMonitor(  978): sendKeyguardVisibilityChanged(true)
D/DisplayPowerController(  811): updateAmbientLux:  mLightSensorListener lux is 136.0
D/LockScreen_KeyguardViewMediator(  978): setHidden false
D/LockScreen_KeyguardUpdateMonitor(  978): sendKeyguardVisibilityChanged(true)
D/LockScreen_KeyguardUpdateMonitor(  978): handleKeyguardVisibilityChanged(1)
D/LockScreen_KeyguardUpdateMonitor(  978): handleKeyguardVisibilityChanged(1)
D/LockScreen_KeyguardUpdateMonitor(  978): handleKeyguardVisibilityChanged(1)
D/DisplayPowerController(  811): updateAmbientLux:  mLightSensorListener lux is 131.0
D/DisplayPowerController(  811): updateAmbientLux:  mLightSensorListener lux is 129.0
I/Timeline(  811): Timeline: Activity_windows_visible id: ActivityRecord{41f80958 u0 com.zte.milauncher/com.android.launcher2.Launcher t1} time:5945584
D/LockScreen_KeyguardViewMediator(  978): setHidden false
D/LockScreen_KeyguardUpdateMonitor(  978): sendKeyguardVisibilityChanged(true)
D/LockScreen_KeyguardViewMediator(  978): setHidden false
D/LockScreen_KeyguardUpdateMonitor(  978): sendKeyguardVisibilityChanged(true)
D/LockScreen_KeyguardUpdateMonitor(  978): handleKeyguardVisibilityChanged(1)
D/LockScreen_KeyguardUpdateMonitor(  978): handleKeyguardVisibilityChanged(1)
D/LockScreen_KeyguardViewMediator(  978): setHidden false
D/LockScreen_KeyguardUpdateMonitor(  978): sendKeyguardVisibilityChanged(true)
D/LockScreen_KeyguardUpdateMonitor(  978): handleKeyguardVisibilityChanged(1)
D/DisplayPowerController(  811): updateAmbientLux:  mLightSensorListener lux is 127.0
D/DisplayPowerController(  811): updateAmbientLux:  mLightSensorListener lux is 128.0
D/DisplayPowerController(  811): updateAmbientLux:  mLightSensorListener lux is 130.0
D/vibrator_java(  811): mPackageName=android
D/PowerManagerService(  811): sendPendingNotificationsLocked mSendGoToSleepFinishedNotificationWhenReady = false
W/ContextImpl(  811): Calling a method in the system process without a qualified user: android.app.ContextImpl.sendBroadcast:1213 com.android.internal.policy.impl.PhoneWindowManager.interceptKeyBeforeQueueing:4268 com.android.server.wm.InputMonitor.interceptKeyBeforeQueueing:357 com.android.server.input.InputManagerService.interceptKeyBeforeQueueing:1343 dalvik.system.NativeStart.run:-2 
D/PowerManagerService(  811): sendPendingNotificationsLocked mSendGoToSleepFinishedNotificationWhenReady = false
D/LightsService(  811):  Trun on the button and after 2000s,then turn off the button !
D/vibrator_java(  811): mPackageName=android
D/vibrator_java(  811): doVibratorOn  uid= 1000  millis=40ms
D/PowerManagerService(  811): sendPendingNotificationsLocked mSendGoToSleepFinishedNotificationWhenReady = false
D/RecentsButtonBarView(  978): onTasksLoaded - count: 0
D/RecentsButtonBarView(  978): onTasksLoaded - count: 0
D/DisplayPowerController(  811): updateAmbientLux:  mLightSensorListener lux is 129.0
D/DisplayPowerController(  811): updateAmbientLux:  mLightSensorListener lux is 130.0
D/PowerManagerService(  811): sendPendingNotificationsLocked mSendGoToSleepFinishedNotificationWhenReady = false
D/LightsService(  811):  Trun on the button and after 2000s,then turn off the button !
D/vibrator_java(  811): mPackageName=android
D/PowerManagerService(  811): sendPendingNotificationsLocked mSendGoToSleepFinishedNotificationWhenReady = false
I/ActivityManager(  811): START u0 {act=com.android.systemui.recent.action.TOGGLE_RECENTS flg=0x10800000 cmp=com.android.systemui/.recent.RecentsActivity} from pid 978
D/vibrator_java(  811): doVibratorOn  uid= 1000  millis=1ms
D/dalvikvm(  811): GC_FOR_ALLOC freed 1241K, 24% free 13313K/17332K, paused 70ms, total 73ms
D/vibrator_java(  811): doVibratorOn  uid= 1000  millis=21ms
D/PowerManagerService(  811): sendPendingNotificationsLocked mSendGoToSleepFinishedNotificationWhenReady = false
D/LockScreen_KeyguardViewMediator(  978): setHidden false
D/LockScreen_KeyguardUpdateMonitor(  978): sendKeyguardVisibilityChanged(true)
D/LockScreen_KeyguardUpdateMonitor(  978): handleKeyguardVisibilityChanged(1)
D/PowerManagerService(  811): sendPendingNotificationsLocked mSendGoToSleepFinishedNotificationWhenReady = false
W/BackupManagerService(  811): dataChanged but no participant pkg='com.android.providers.settings' uid=10017
D/LockScreen_KeyguardViewMediator(  978): setHidden false
D/LockScreen_KeyguardUpdateMonitor(  978): sendKeyguardVisibilityChanged(true)
D/LockScreen_KeyguardViewMediator(  978): setHidden false
D/LockScreen_KeyguardUpdateMonitor(  978): sendKeyguardVisibilityChanged(true)
D/LockScreen_KeyguardUpdateMonitor(  978): handleKeyguardVisibilityChanged(1)
D/LockScreen_KeyguardUpdateMonitor(  978): handleKeyguardVisibilityChanged(1)
W/InputMethodManagerService(  811): Starting input on non-focused client com.android.internal.view.IInputMethodClient$Stub$Proxy@42472ae8 (uid=10017 pid=1220)
D/LockScreen_KeyguardViewMediator(  978): setHidden false
D/LockScreen_KeyguardUpdateMonitor(  978): sendKeyguardVisibilityChanged(true)
D/LockScreen_KeyguardViewMediator(  978): setHidden false
D/LockScreen_KeyguardUpdateMonitor(  978): sendKeyguardVisibilityChanged(true)
D/LockScreen_KeyguardViewMediator(  978): setHidden false
D/LockScreen_KeyguardUpdateMonitor(  978): sendKeyguardVisibilityChanged(true)
D/DisplayPowerController(  811): updateAmbientLux:  mLightSensorListener lux is 131.0
D/LockScreen_KeyguardUpdateMonitor(  978): handleKeyguardVisibilityChanged(1)
D/LockScreen_KeyguardUpdateMonitor(  978): handleKeyguardVisibilityChanged(1)
D/LockScreen_KeyguardUpdateMonitor(  978): handleKeyguardVisibilityChanged(1)
I/Timeline(  978): Timeline: Activity_idle id: android.os.BinderProxy@42928608 time:5946856
D/LockScreen_KeyguardViewMediator(  978): setHidden false
D/LockScreen_KeyguardUpdateMonitor(  978): sendKeyguardVisibilityChanged(true)
D/LockScreen_KeyguardUpdateMonitor(  978): handleKeyguardVisibilityChanged(1)
D/PowerManagerService(  811): sendPendingNotificationsLocked mSendGoToSleepFinishedNotificationWhenReady = false
D/LockScreen_KeyguardViewMediator(  978): setHidden false
D/LockScreen_KeyguardUpdateMonitor(  978): sendKeyguardVisibilityChanged(true)
D/LockScreen_KeyguardUpdateMonitor(  978): handleKeyguardVisibilityChanged(1)
W/BackupManagerService(  811): dataChanged but no participant pkg='com.android.providers.settings' uid=10017
D/LockScreen_KeyguardViewMediator(  978): setHidden false
D/LockScreen_KeyguardUpdateMonitor(  978): sendKeyguardVisibilityChanged(true)
D/LockScreen_KeyguardUpdateMonitor(  978): handleKeyguardVisibilityChanged(1)
I/Timeline(  811): Timeline: Activity_windows_visible id: ActivityRecord{42756d00 u0 com.android.systemui/.recent.RecentsActivity t59} time:5947131
D/LockScreen_KeyguardViewMediator(  978): setHidden false
D/LockScreen_KeyguardUpdateMonitor(  978): sendKeyguardVisibilityChanged(true)
D/LockScreen_KeyguardUpdateMonitor(  978): handleKeyguardVisibilityChanged(1)
D/LockScreen_KeyguardViewMediator(  978): setHidden false
D/LockScreen_KeyguardUpdateMonitor(  978): sendKeyguardVisibilityChanged(true)
D/LockScreen_KeyguardUpdateMonitor(  978): handleKeyguardVisibilityChanged(1)
D/LockScreen_KeyguardViewMediator(  978): setHidden false
D/LockScreen_KeyguardUpdateMonitor(  978): sendKeyguardVisibilityChanged(true)
D/LockScreen_KeyguardUpdateMonitor(  978): handleKeyguardVisibilityChanged(1)
D/PowerManagerService(  811): sendPendingNotificationsLocked mSendGoToSleepFinishedNotificationWhenReady = false
D/LightsService(  811):  Trun on the button and after 2000s,then turn off the button !
D/PowerManagerService(  811): sendPendingNotificationsLocked mSendGoToSleepFinishedNotificationWhenReady = false
D/LightsService(  811):  Trun on the button and after 2000s,then turn off the button !
D/DisplayPowerController(  811): updateAmbientLux:  mLightSensorListener lux is 130.0
W/BackupManagerService(  811): dataChanged but no participant pkg='com.android.providers.settings' uid=10017
D/DisplayPowerController(  811): updateAmbientLux:  mLightSensorListener lux is 129.0
D/PowerManagerService(  811): sendPendingNotificationsLocked mSendGoToSleepFinishedNotificationWhenReady = false
D/LightsService(  811):  Trun on the button and after 2000s,then turn off the button !
W/ContextImpl(  811): Calling a method in the system process without a qualified user: android.app.ContextImpl.sendBroadcast:1213 com.android.internal.policy.impl.PhoneWindowManager.interceptKeyBeforeQueueing:4268 com.android.server.wm.InputMonitor.interceptKeyBeforeQueueing:357 com.android.server.input.InputManagerService.interceptKeyBeforeQueueing:1343 dalvik.system.NativeStart.run:-2 
D/DisplayPowerController(  811): updateAmbientLux:  mLightSensorListener lux is 122.0
D/PowerManagerService(  811): sendPendingNotificationsLocked mSendGoToSleepFinishedNotificationWhenReady = false
D/LightsService(  811):  Trun on the button and after 2000s,then turn off the button !
I/ActivityManager(  811): START u0 {act=android.intent.action.MAIN cat=[android.intent.category.HOME] flg=0x10200000 cmp=com.zte.milauncher/com.android.launcher2.Launcher} from pid 978
D/PowerManagerService(  811): sendPendingNotificationsLocked mSendGoToSleepFinishedNotificationWhenReady = false
D/LockScreen_KeyguardViewMediator(  978): setHidden false
D/LockScreen_KeyguardUpdateMonitor(  978): sendKeyguardVisibilityChanged(true)
D/DisplayPowerController(  811): updateAmbientLux:  mLightSensorListener lux is 108.0
D/LockScreen_KeyguardViewMediator(  978): setHidden false
D/LockScreen_KeyguardUpdateMonitor(  978): sendKeyguardVisibilityChanged(true)
E/Launcher_Launcher( 1220): onNewIntent
D/LockScreen_KeyguardUpdateMonitor(  978): handleKeyguardVisibilityChanged(1)
D/LockScreen_KeyguardUpdateMonitor(  978): handleKeyguardVisibilityChanged(1)
E/Launcher( 1220): onResume____ mRestoring=false___ mOnResumeNeedsLoad=false, getIsDisplayAddToHome ()=false
D/LockScreen_KeyguardViewMediator(  978): setHidden false
D/LockScreen_KeyguardUpdateMonitor(  978): sendKeyguardVisibilityChanged(true)
D/LockScreen_KeyguardUpdateMonitor(  978): handleKeyguardVisibilityChanged(1)
D/dalvikvm( 1220): GC_FOR_ALLOC freed 3430K, 28% free 19043K/26420K, paused 20ms, total 21ms
W/BackupManagerService(  811): dataChanged but no participant pkg='com.android.providers.settings' uid=10017
D/DisplayPowerController(  811): updateAmbientLux:  mLightSensorListener lux is 100.0
D/LockScreen_KeyguardViewMediator(  978): setHidden false
D/LockScreen_KeyguardUpdateMonitor(  978): sendKeyguardVisibilityChanged(true)
D/LockScreen_KeyguardUpdateMonitor(  978): handleKeyguardVisibilityChanged(1)
D/LockScreen_KeyguardViewMediator(  978): setHidden false
D/LockScreen_KeyguardUpdateMonitor(  978): sendKeyguardVisibilityChanged(true)
D/LockScreen_KeyguardUpdateMonitor(  978): handleKeyguardVisibilityChanged(1)
I/Timeline( 1220): Timeline: Activity_idle id: android.os.BinderProxy@41f31a40 time:5948890
D/LockScreen_KeyguardViewMediator(  978): setHidden false
D/LockScreen_KeyguardUpdateMonitor(  978): sendKeyguardVisibilityChanged(true)
D/LockScreen_KeyguardViewMediator(  978): setHidden false
D/LockScreen_KeyguardUpdateMonitor(  978): sendKeyguardVisibilityChanged(true)
D/PowerManagerService(  811): sendPendingNotificationsLocked mSendGoToSleepFinishedNotificationWhenReady = false
D/LockScreen_KeyguardViewMediator(  978): setHidden false
D/LockScreen_KeyguardUpdateMonitor(  978): sendKeyguardVisibilityChanged(true)
D/LockScreen_KeyguardUpdateMonitor(  978): handleKeyguardVisibilityChanged(1)
D/LockScreen_KeyguardUpdateMonitor(  978): handleKeyguardVisibilityChanged(1)
D/LockScreen_KeyguardUpdateMonitor(  978): handleKeyguardVisibilityChanged(1)
D/DisplayPowerController(  811): updateAmbientLux:  mLightSensorListener lux is 103.0
D/PowerManagerService(  811): sendPendingNotificationsLocked mSendGoToSleepFinishedNotificationWhenReady = false
D/LightsService(  811):  Trun on the button and after 2000s,then turn off the button !
I/Timeline(  811): Timeline: Activity_windows_visible id: ActivityRecord{41f80958 u0 com.zte.milauncher/com.android.launcher2.Launcher t1} time:5949171
D/LockScreen_KeyguardViewMediator(  978): setHidden false
D/LockScreen_KeyguardUpdateMonitor(  978): sendKeyguardVisibilityChanged(true)
D/LockScreen_KeyguardUpdateMonitor(  978): handleKeyguardVisibilityChanged(1)
D/LockScreen_KeyguardViewMediator(  978): setHidden false
D/LockScreen_KeyguardUpdateMonitor(  978): sendKeyguardVisibilityChanged(true)
D/LockScreen_KeyguardUpdateMonitor(  978): handleKeyguardVisibilityChanged(1)
D/LockScreen_KeyguardViewMediator(  978): setHidden false
D/LockScreen_KeyguardUpdateMonitor(  978): sendKeyguardVisibilityChanged(true)
D/LockScreen_KeyguardUpdateMonitor(  978): handleKeyguardVisibilityChanged(1)
D/DisplayPowerController(  811): updateAmbientLux:  mLightSensorListener lux is 106.0
D/DisplayPowerController(  811): updateAmbientLux:  mLightSensorListener lux is 105.0
D/DisplayPowerController(  811): updateAmbientLux:  mLightSensorListener lux is 104.0
D/DisplayPowerController(  811): updateAmbientLux:  mLightSensorListener lux is 102.0
D/PowerManagerService(  811): sendPendingNotificationsLocked mSendGoToSleepFinishedNotificationWhenReady = false
D/LightsService(  811):  Trun on the button and after 2000s,then turn off the button !
D/DisplayPowerController(  811): updateAmbientLux:  mLightSensorListener lux is 97.0
D/DisplayPowerController(  811): updateAmbientLux:  mLightSensorListener lux is 93.0
D/DisplayPowerController(  811): updateAmbientLux:  mLightSensorListener lux is 96.0
D/DisplayPowerController(  811): updateAmbientLux:  mLightSensorListener lux is 98.0
D/DisplayPowerController(  811): updateAmbientLux:  mLightSensorListener lux is 99.0
D/DisplayPowerController(  811): updateAmbientLux:  mLightSensorListener lux is 100.0
D/DisplayPowerController(  811): updateAmbientLux:  mLightSensorListener lux is 102.0
D/DisplayPowerController(  811): updateAmbientLux:  mLightSensorListener lux is 107.0
D/DisplayPowerController(  811): updateAmbientLux:  mLightSensorListener lux is 118.0
D/vibrator_java(  811): mPackageName=android
D/PowerManagerService(  811): sendPendingNotificationsLocked mSendGoToSleepFinishedNotificationWhenReady = false
W/ContextImpl(  811): Calling a method in the system process without a qualified user: android.app.ContextImpl.sendBroadcast:1213 com.android.internal.policy.impl.PhoneWindowManager.interceptKeyBeforeQueueing:4268 com.android.server.wm.InputMonitor.interceptKeyBeforeQueueing:357 com.android.server.input.InputManagerService.interceptKeyBeforeQueueing:1343 dalvik.system.NativeStart.run:-2 
D/PowerManagerService(  811): sendPendingNotificationsLocked mSendGoToSleepFinishedNotificationWhenReady = false
D/LightsService(  811):  Trun on the button and after 2000s,then turn off the button !
D/vibrator_java(  811): mPackageName=android
D/vibrator_java(  811): doVibratorOn  uid= 1000  millis=40ms
D/DisplayPowerController(  811): updateAmbientLux:  mLightSensorListener lux is 126.0
D/PowerManagerService(  811): sendPendingNotificationsLocked mSendGoToSleepFinishedNotificationWhenReady = false
W/ContextImpl(  811): Calling a method in the system process without a qualified user: android.app.ContextImpl.sendBroadcast:1213 com.android.internal.policy.impl.PhoneWindowManager.interceptKeyBeforeQueueing:4268 com.android.server.wm.InputMonitor.interceptKeyBeforeQueueing:357 com.android.server.input.InputManagerService.interceptKeyBeforeQueueing:1343 dalvik.system.NativeStart.run:-2 
D/PowerManagerService(  811): sendPendingNotificationsLocked mSendGoToSleepFinishedNotificationWhenReady = false
D/LightsService(  811):  Trun on the button and after 2000s,then turn off the button !
D/LockScreen_KeyguardViewMediator(  978): setHidden false
D/LockScreen_KeyguardUpdateMonitor(  978): sendKeyguardVisibilityChanged(true)
I/ActivityManager(  811): START u0 {act=android.intent.action.MAIN cat=[android.intent.category.HOME] flg=0x10200000 cmp=com.zte.milauncher/com.android.launcher2.Launcher} from pid 811
D/LockScreen_KeyguardUpdateMonitor(  978): handleKeyguardVisibilityChanged(1)
E/Launcher_Launcher( 1220): onNewIntent
E/Launcher( 1220): onResume____ mRestoring=false___ mOnResumeNeedsLoad=false, getIsDisplayAddToHome ()=false
W/BackupManagerService(  811): dataChanged but no participant pkg='com.android.providers.settings' uid=10017
D/LockScreen_KeyguardViewMediator(  978): setHidden false
D/LockScreen_KeyguardUpdateMonitor(  978): sendKeyguardVisibilityChanged(true)
D/LockScreen_KeyguardUpdateMonitor(  978): handleKeyguardVisibilityChanged(1)
D/DisplayPowerController(  811): updateAmbientLux:  mLightSensorListener lux is 131.0
D/DisplayPowerController(  811): updateAmbientLux:  mLightSensorListener lux is 130.0
D/DisplayPowerController(  811): updateAmbientLux:  mLightSensorListener lux is 126.0
D/DisplayPowerController(  811): updateAmbientLux:  mLightSensorListener lux is 122.0
D/vibrator_java(  811): mPackageName=android
D/PowerManagerService(  811): sendPendingNotificationsLocked mSendGoToSleepFinishedNotificationWhenReady = false
W/ContextImpl(  811): Calling a method in the system process without a qualified user: android.app.ContextImpl.sendBroadcast:1213 com.android.internal.policy.impl.PhoneWindowManager.interceptKeyBeforeQueueing:4268 com.android.server.wm.InputMonitor.interceptKeyBeforeQueueing:357 com.android.server.input.InputManagerService.interceptKeyBeforeQueueing:1343 dalvik.system.NativeStart.run:-2 
D/PowerManagerService(  811): sendPendingNotificationsLocked mSendGoToSleepFinishedNotificationWhenReady = false
D/LightsService(  811):  Trun on the button and after 2000s,then turn off the button !
D/vibrator_java(  811): mPackageName=android
D/vibrator_java(  811): doVibratorOn  uid= 1000  millis=40ms
D/PowerManagerService(  811): sendPendingNotificationsLocked mSendGoToSleepFinishedNotificationWhenReady = false
D/RecentsButtonBarView(  978): onTasksLoaded - count: 0
D/RecentsButtonBarView(  978): onTasksLoaded - count: 0
D/DisplayPowerController(  811): updateAmbientLux:  mLightSensorListener lux is 121.0
W/BackupManagerService(  811): dataChanged but no participant pkg='com.android.providers.settings' uid=10017
D/DisplayPowerController(  811): updateAmbientLux:  mLightSensorListener lux is 120.0
D/PowerManagerService(  811): sendPendingNotificationsLocked mSendGoToSleepFinishedNotificationWhenReady = false
D/LightsService(  811):  Trun on the button and after 2000s,then turn off the button !
D/vibrator_java(  811): mPackageName=android
D/PowerManagerService(  811): sendPendingNotificationsLocked mSendGoToSleepFinishedNotificationWhenReady = false
I/ActivityManager(  811): START u0 {act=com.android.systemui.recent.action.TOGGLE_RECENTS flg=0x10800000 cmp=com.android.systemui/.recent.RecentsActivity} from pid 978
D/vibrator_java(  811): doVibratorOn  uid= 1000  millis=1ms
D/dalvikvm(  811): GC_FOR_ALLOC freed 1226K, 24% free 13309K/17332K, paused 74ms, total 74ms
D/vibrator_java(  811): doVibratorOn  uid= 1000  millis=21ms
D/LockScreen_KeyguardViewMediator(  978): setHidden false
D/LockScreen_KeyguardUpdateMonitor(  978): sendKeyguardVisibilityChanged(true)
D/LockScreen_KeyguardUpdateMonitor(  978): handleKeyguardVisibilityChanged(1)
D/PowerManagerService(  811): sendPendingNotificationsLocked mSendGoToSleepFinishedNotificationWhenReady = false
D/PowerManagerService(  811): sendPendingNotificationsLocked mSendGoToSleepFinishedNotificationWhenReady = false
D/LockScreen_KeyguardViewMediator(  978): setHidden false
D/LockScreen_KeyguardUpdateMonitor(  978): sendKeyguardVisibilityChanged(true)
W/BackupManagerService(  811): dataChanged but no participant pkg='com.android.providers.settings' uid=10017
D/LockScreen_KeyguardViewMediator(  978): setHidden false
D/LockScreen_KeyguardUpdateMonitor(  978): sendKeyguardVisibilityChanged(true)
D/LockScreen_KeyguardUpdateMonitor(  978): handleKeyguardVisibilityChanged(1)
D/LockScreen_KeyguardUpdateMonitor(  978): handleKeyguardVisibilityChanged(1)
W/InputMethodManagerService(  811): Starting input on non-focused client com.android.internal.view.IInputMethodClient$Stub$Proxy@42472ae8 (uid=10017 pid=1220)
D/LockScreen_KeyguardViewMediator(  978): setHidden false
D/LockScreen_KeyguardUpdateMonitor(  978): sendKeyguardVisibilityChanged(true)
D/LockScreen_KeyguardViewMediator(  978): setHidden false
D/LockScreen_KeyguardUpdateMonitor(  978): sendKeyguardVisibilityChanged(true)
D/LockScreen_KeyguardViewMediator(  978): setHidden false
D/LockScreen_KeyguardUpdateMonitor(  978): sendKeyguardVisibilityChanged(true)
D/LockScreen_KeyguardViewMediator(  978): setHidden false
D/LockScreen_KeyguardUpdateMonitor(  978): sendKeyguardVisibilityChanged(true)
D/LockScreen_KeyguardUpdateMonitor(  978): handleKeyguardVisibilityChanged(1)
D/LockScreen_KeyguardUpdateMonitor(  978): handleKeyguardVisibilityChanged(1)
D/LockScreen_KeyguardUpdateMonitor(  978): handleKeyguardVisibilityChanged(1)
D/LockScreen_KeyguardUpdateMonitor(  978): handleKeyguardVisibilityChanged(1)
I/Timeline(  978): Timeline: Activity_idle id: android.os.BinderProxy@42928608 time:5953206
D/LockScreen_KeyguardViewMediator(  978): setHidden false
D/LockScreen_KeyguardUpdateMonitor(  978): sendKeyguardVisibilityChanged(true)
D/LockScreen_KeyguardUpdateMonitor(  978): handleKeyguardVisibilityChanged(1)
D/PowerManagerService(  811): sendPendingNotificationsLocked mSendGoToSleepFinishedNotificationWhenReady = false
W/BackupManagerService(  811): dataChanged but no participant pkg='com.android.providers.settings' uid=10017
D/LockScreen_KeyguardViewMediator(  978): setHidden false
D/LockScreen_KeyguardUpdateMonitor(  978): sendKeyguardVisibilityChanged(true)
D/LockScreen_KeyguardUpdateMonitor(  978): handleKeyguardVisibilityChanged(1)
I/Timeline(  811): Timeline: Activity_windows_visible id: ActivityRecord{42756d00 u0 com.android.systemui/.recent.RecentsActivity t59} time:5953469
D/LockScreen_KeyguardViewMediator(  978): setHidden false
D/LockScreen_KeyguardUpdateMonitor(  978): sendKeyguardVisibilityChanged(true)
D/LockScreen_KeyguardUpdateMonitor(  978): handleKeyguardVisibilityChanged(1)
D/LockScreen_KeyguardViewMediator(  978): setHidden false
D/LockScreen_KeyguardUpdateMonitor(  978): sendKeyguardVisibilityChanged(true)
D/LockScreen_KeyguardUpdateMonitor(  978): handleKeyguardVisibilityChanged(1)
D/LockScreen_KeyguardViewMediator(  978): setHidden false
D/LockScreen_KeyguardUpdateMonitor(  978): sendKeyguardVisibilityChanged(true)
D/LockScreen_KeyguardUpdateMonitor(  978): handleKeyguardVisibilityChanged(1)
D/PowerManagerService(  811): sendPendingNotificationsLocked mSendGoToSleepFinishedNotificationWhenReady = false
D/LightsService(  811):  Trun on the button and after 2000s,then turn off the button !
D/DisplayPowerController(  811): updateAmbientLux:  mLightSensorListener lux is 121.0
D/DisplayPowerController(  811): updateAmbientLux:  mLightSensorListener lux is 120.0
D/DisplayPowerController(  811): updateAmbientLux:  mLightSensorListener lux is 121.0
D/PowerManagerService(  811): sendPendingNotificationsLocked mSendGoToSleepFinishedNotificationWhenReady = false
D/LightsService(  811):  Trun on the button and after 2000s,then turn off the button !
W/ContextImpl(  811): Calling a method in the system process without a qualified user: android.app.ContextImpl.sendBroadcast:1213 com.android.internal.policy.impl.PhoneWindowManager.interceptKeyBeforeQueueing:4268 com.android.server.wm.InputMonitor.interceptKeyBeforeQueueing:357 com.android.server.input.InputManagerService.interceptKeyBeforeQueueing:1343 dalvik.system.NativeStart.run:-2 
W/BackupManagerService(  811): dataChanged but no participant pkg='com.android.providers.settings' uid=10017
D/PowerManagerService(  811): sendPendingNotificationsLocked mSendGoToSleepFinishedNotificationWhenReady = false
D/LightsService(  811):  Trun on the button and after 2000s,then turn off the button !
I/ActivityManager(  811): START u0 {act=android.intent.action.MAIN cat=[android.intent.category.HOME] flg=0x10200000 cmp=com.zte.milauncher/com.android.launcher2.Launcher} from pid 978
D/DisplayPowerController(  811): updateAmbientLux:  mLightSensorListener lux is 118.0
D/PowerManagerService(  811): sendPendingNotificationsLocked mSendGoToSleepFinishedNotificationWhenReady = false
D/LockScreen_KeyguardViewMediator(  978): setHidden false
D/LockScreen_KeyguardUpdateMonitor(  978): sendKeyguardVisibilityChanged(true)
E/Launcher_Launcher( 1220): onNewIntent
D/LockScreen_KeyguardUpdateMonitor(  978): handleKeyguardVisibilityChanged(1)
E/Launcher( 1220): onResume____ mRestoring=false___ mOnResumeNeedsLoad=false, getIsDisplayAddToHome ()=false
D/LockScreen_KeyguardViewMediator(  978): setHidden false
D/LockScreen_KeyguardUpdateMonitor(  978): sendKeyguardVisibilityChanged(true)
D/LockScreen_KeyguardUpdateMonitor(  978): handleKeyguardVisibilityChanged(1)
D/dalvikvm( 1220): GC_FOR_ALLOC freed 4735K, 28% free 19046K/26420K, paused 28ms, total 28ms
D/DisplayPowerController(  811): updateAmbientLux:  mLightSensorListener lux is 117.0
W/BackupManagerService(  811): dataChanged but no participant pkg='com.android.providers.settings' uid=10017
D/LockScreen_KeyguardViewMediator(  978): setHidden false
D/LockScreen_KeyguardUpdateMonitor(  978): sendKeyguardVisibilityChanged(true)
D/LockScreen_KeyguardUpdateMonitor(  978): handleKeyguardVisibilityChanged(1)
W/InputMethodManagerService(  811): Starting input on non-focused client com.android.internal.view.IInputMethodClient$Stub$Proxy@422f5a38 (uid=10018 pid=978)
D/DisplayPowerController(  811): updateAmbientLux:  mLightSensorListener lux is 116.0
I/Timeline( 1220): Timeline: Activity_idle id: android.os.BinderProxy@41f31a40 time:5954587
D/PowerManagerService(  811): sendPendingNotificationsLocked mSendGoToSleepFinishedNotificationWhenReady = false
D/LockScreen_KeyguardViewMediator(  978): setHidden false
D/LockScreen_KeyguardUpdateMonitor(  978): sendKeyguardVisibilityChanged(true)
D/LockScreen_KeyguardUpdateMonitor(  978): handleKeyguardVisibilityChanged(1)
D/LockScreen_KeyguardViewMediator(  978): setHidden false
D/LockScreen_KeyguardUpdateMonitor(  978): sendKeyguardVisibilityChanged(true)
D/LockScreen_KeyguardViewMediator(  978): setHidden false
D/LockScreen_KeyguardUpdateMonitor(  978): sendKeyguardVisibilityChanged(true)
D/LockScreen_KeyguardUpdateMonitor(  978): handleKeyguardVisibilityChanged(1)
D/LockScreen_KeyguardViewMediator(  978): setHidden false
D/LockScreen_KeyguardUpdateMonitor(  978): sendKeyguardVisibilityChanged(true)
D/LockScreen_KeyguardUpdateMonitor(  978): handleKeyguardVisibilityChanged(1)
D/LockScreen_KeyguardUpdateMonitor(  978): handleKeyguardVisibilityChanged(1)
D/DisplayPowerController(  811): updateAmbientLux:  mLightSensorListener lux is 119.0
I/Timeline(  811): Timeline: Activity_windows_visible id: ActivityRecord{41f80958 u0 com.zte.milauncher/com.android.launcher2.Launcher t1} time:5954887
D/DisplayPowerController(  811): updateAmbientLux:  mLightSensorListener lux is 121.0
D/LockScreen_KeyguardViewMediator(  978): setHidden false
D/LockScreen_KeyguardUpdateMonitor(  978): sendKeyguardVisibilityChanged(true)
D/LockScreen_KeyguardViewMediator(  978): setHidden false
D/LockScreen_KeyguardUpdateMonitor(  978): sendKeyguardVisibilityChanged(true)
D/LockScreen_KeyguardUpdateMonitor(  978): handleKeyguardVisibilityChanged(1)
D/LockScreen_KeyguardUpdateMonitor(  978): handleKeyguardVisibilityChanged(1)
D/LockScreen_KeyguardViewMediator(  978): setHidden false
D/LockScreen_KeyguardUpdateMonitor(  978): sendKeyguardVisibilityChanged(true)
D/LockScreen_KeyguardUpdateMonitor(  978): handleKeyguardVisibilityChanged(1)
D/DisplayPowerController(  811): updateAmbientLux:  mLightSensorListener lux is 122.0
D/DisplayPowerController(  811): updateAmbientLux:  mLightSensorListener lux is 99.0
D/DisplayPowerController(  811): updateAmbientLux:  mLightSensorListener lux is 96.0
D/PowerManagerService(  811): sendPendingNotificationsLocked mSendGoToSleepFinishedNotificationWhenReady = false
D/LightsService(  811):  Trun on the button and after 2000s,then turn off the button !
D/DisplayPowerController(  811): updateAmbientLux:  mLightSensorListener lux is 158.0
D/DisplayPowerController(  811): updateAmbientLux:  mLightSensorListener lux is 378.0
D/DisplayPowerController(  811): updateAmbientLux:  mLightSensorListener lux is 80.0
D/DisplayPowerController(  811): updateAmbientLux:  mLightSensorListener lux is 40.0
D/DisplayPowerController(  811): updateAmbientLux:  mLightSensorListener lux is 28.0
D/DisplayPowerController(  811): updateAmbientLux:  mLightSensorListener lux is 73.0
D/DisplayPowerController(  811): updateAmbientLux:  mLightSensorListener lux is 158.0
D/DisplayPowerController(  811): updateAmbientLux:  mLightSensorListener lux is 154.0
D/DisplayPowerController(  811): updateAmbientLux:  mLightSensorListener lux is 94.0
D/DisplayPowerController(  811): updateAmbientLux:  mLightSensorListener lux is 5.0
D/DisplayPowerController(  811): updateAmbientLux:  mLightSensorListener lux is 9.0
D/DisplayPowerController(  811): updateAmbientLux:  mLightSensorListener lux is 10.0
D/DisplayPowerController(  811): updateAmbientLux:  mLightSensorListener lux is 75.0
W/System.err(  811): android.provider.Settings$SettingNotFoundException: light_duration
W/System.err(  811): 	at android.provider.Settings$System.getIntForUser(Settings.java:1250)
W/System.err(  811): 	at android.provider.Settings$System.getInt(Settings.java:1240)
W/System.err(  811): 	at com.android.server.LightsService.turnOffButtonLight(LightsService.java:96)
W/System.err(  811): 	at com.android.server.LightsService$2.handleMessage(LightsService.java:301)
W/System.err(  811): 	at android.os.Handler.dispatchMessage(Handler.java:102)
W/System.err(  811): 	at android.os.Looper.loop(Looper.java:136)
W/System.err(  811): 	at com.android.server.ServerThread.initAndLoop(SystemServer.java:1181)
W/System.err(  811): 	at com.android.server.SystemServer.main(SystemServer.java:1306)
W/System.err(  811): 	at java.lang.reflect.Method.invokeNative(Native Method)
W/System.err(  811): 	at java.lang.reflect.Method.invoke(Method.java:515)
W/System.err(  811): 	at com.android.internal.os.ZygoteInit$MethodAndArgsCaller.run(ZygoteInit.java:786)
W/System.err(  811): 	at com.android.internal.os.ZygoteInit.main(ZygoteInit.java:602)
W/System.err(  811): 	at dalvik.system.NativeStart.main(Native Method)
D/LightsService(  811):  turnOffButtonLight   mButtonLightTimeout = 2000
D/DisplayPowerController(  811): updateAmbientLux:  mLightSensorListener lux is 100.0
D/DisplayPowerController(  811): updateAmbientLux:  mLightSensorListener lux is 90.0
D/DisplayPowerController(  811): updateAmbientLux:  mLightSensorListener lux is 55.0
D/DisplayPowerController(  811): updateAmbientLux:  mLightSensorListener lux is 43.0
D/DisplayPowerController(  811): updateAmbientLux:  mLightSensorListener lux is 23.0
D/DisplayPowerController(  811): updateAmbientLux:  mLightSensorListener lux is 29.0
D/DisplayPowerController(  811): updateAmbientLux:  mLightSensorListener lux is 139.0
D/DisplayPowerController(  811): updateAmbientLux:  mLightSensorListener lux is 327.0
D/DisplayPowerController(  811): updateAmbientLux:  mLightSensorListener lux is 453.0
D/DisplayPowerController(  811): updateAmbientLux:  mLightSensorListener lux is 307.0
D/DisplayPowerController(  811): updateAmbientLux:  mLightSensorListener lux is 15.0
D/DisplayPowerController(  811): updateAmbientLux:  mLightSensorListener lux is 12.0
D/DisplayPowerController(  811): updateAmbientLux:  mLightSensorListener lux is 4.0
D/DisplayPowerController(  811): updateAmbientLux:  mLightSensorListener lux is 9.0
D/DisplayPowerController(  811): updateAmbientLux:  mLightSensorListener lux is 12.0
D/DisplayPowerController(  811): updateAmbientLux:  mLightSensorListener lux is 26.0
D/DisplayPowerController(  811): updateAmbientLux:  mLightSensorListener lux is 21.0
D/DisplayPowerController(  811): updateAmbientLux:  mLightSensorListener lux is 83.0
D/DisplayPowerController(  811): updateAmbientLux:  mLightSensorListener lux is 214.0
D/DisplayPowerController(  811): updateAmbientLux:  mLightSensorListener lux is 246.0
D/DisplayPowerController(  811): updateAmbientLux:  mLightSensorListener lux is 11.0
D/DisplayPowerController(  811): updateAmbientLux:  mLightSensorListener lux is 8.0
D/DisplayPowerController(  811): updateAmbientLux:  mLightSensorListener lux is 18.0
D/DisplayPowerController(  811): updateAmbientLux:  mLightSensorListener lux is 34.0
D/DisplayPowerController(  811): updateAmbientLux:  mLightSensorListener lux is 29.0
D/DisplayPowerController(  811): updateAmbientLux:  mLightSensorListener lux is 34.0
D/DisplayPowerController(  811): updateAmbientLux:  mLightSensorListener lux is 9.0
D/DisplayPowerController(  811): updateAmbientLux:  mLightSensorListener lux is 14.0
D/DisplayPowerController(  811): updateAmbientLux:  mLightSensorListener lux is 26.0
D/DisplayPowerController(  811): updateAmbientLux:  mLightSensorListener lux is 32.0
D/DisplayPowerController(  811): updateAmbientLux:  mLightSensorListener lux is 33.0
D/DisplayPowerController(  811): updateAmbientLux:  mLightSensorListener lux is 26.0
D/DisplayPowerController(  811): updateAmbientLux:  mLightSensorListener lux is 24.0
D/DisplayPowerController(  811): updateAmbientLux:  mLightSensorListener lux is 21.0
D/DisplayPowerController(  811): updateAmbientLux:  mLightSensorListener lux is 12.0
D/DisplayPowerController(  811): updateAmbientLux:  mLightSensorListener lux is 7.0
D/DisplayPowerController(  811): updateAmbientLux:  mLightSensorListener lux is 6.0
D/DisplayPowerController(  811): updateAmbientLux:  mLightSensorListener lux is 9.0
D/DisplayPowerController(  811): updateAmbientLux:  mLightSensorListener lux is 34.0
D/DisplayPowerController(  811): updateAmbientLux:  mLightSensorListener lux is 31.0
D/DisplayPowerController(  811): updateAmbientLux:  mLightSensorListener lux is 27.0
D/DisplayPowerController(  811): updateAmbientLux:  mLightSensorListener lux is 30.0
D/DisplayPowerController(  811): updateAmbientLux:  mLightSensorListener lux is 39.0
D/DisplayPowerController(  811): updateAmbientLux:  mLightSensorListener lux is 51.0
D/PowerManagerService_DumpWakeLock(  811): Dump interval is: 42 s
D/PowerManagerService_DumpWakeLock(  811):  Current State is: Awake
D/PowerManagerService_DumpWakeLock(  811): Screen off timeout: 300000 ms
D/PowerManagerService_DumpWakeLock(  811): Screen dim duration: 7000 ms
D/PowerManagerService_DumpWakeLock(  811): Suspend Blockers: size=5
D/PowerManagerService_DumpWakeLock(  811):   PowerManagerService.WakeLocks: ref count=0
D/PowerManagerService_DumpWakeLock(  811):   PowerManagerService.Display: ref count=1
D/PowerManagerService_DumpWakeLock(  811):   PowerManagerService.Proximity: ref count=0
D/PowerManagerService_DumpWakeLock(  811):   PowerManagerService.Broadcasts: ref count=0
D/PowerManagerService_DumpWakeLock(  811):   PowerManagerService.WirelessChargerDetector: ref count=0
D/PowerManagerService_DumpWakeLock(  811): Screen On Blocker: held=false, mNestCount=0
D/PowerManagerService_DumpWakeLock(  811): Display Blanker: blanked=false
D/DisplayPowerController(  811): updateAmbientLux:  mLightSensorListener lux is 62.0
D/DisplayPowerController(  811): updateAmbientLux:  mLightSensorListener lux is 58.0
D/DisplayPowerController(  811): ZTE_PM updateAutoBrightness: useAutoBrightness = true  mAmbientLuxValid = true  mAmbientLux = 38.53505
D/DisplayPowerController(  811): updateAutoBrightness: value=0.22098964 *255 = 56.35236
D/DisplayPowerController(  811): ZTE_PM mPowerRequest.screenState is 2
D/DisplayPowerController(  811): ZTE_PM_PROX disable ProxSensor while NO useProximitySensor 
D/DisplayPowerController(  811): ZTE_PM_PROX setProximitySensorEnabled enable = false
D/DisplayPowerController(  811): ZTE_PM  setLightSensorEnabled enable = true updateAutoBrightness = false
D/DisplayPowerState(  811): Updating screen state: onChanged=false, on= true, backlightChanged=true, backlight=85
D/ledlog_java_com(  811): Excessive delay setting light: 66ms
D/DisplayPowerState(  811): Updating screen state: onChanged=false, on= true, backlightChanged=true, backlight=75
D/ledlog_java_com(  811): Excessive delay setting light: 65ms
D/DisplayPowerState(  811): Updating screen state: onChanged=false, on= true, backlightChanged=true, backlight=61
D/DisplayPowerController(  811): updateAmbientLux:  mLightSensorListener lux is 69.0
D/ledlog_java_com(  811): Excessive delay setting light: 66ms
D/DisplayPowerState(  811): Updating screen state: onChanged=false, on= true, backlightChanged=true, backlight=56
D/ledlog_java_com(  811): Excessive delay setting light: 64ms
D/DisplayPowerController(  811): updateAmbientLux:  mLightSensorListener lux is 81.0
D/DisplayPowerController(  811): updateAmbientLux:  mLightSensorListener lux is 88.0
D/DisplayPowerController(  811): updateAmbientLux:  mLightSensorListener lux is 91.0
D/DisplayPowerController(  811): updateAmbientLux:  mLightSensorListener lux is 92.0
D/DisplayPowerController(  811): updateAmbientLux:  mLightSensorListener lux is 96.0
D/DisplayPowerController(  811): updateAmbientLux:  mLightSensorListener lux is 121.0
D/DisplayPowerController(  811): updateAmbientLux:  mLightSensorListener lux is 348.0
D/DisplayPowerController(  811): updateAmbientLux:  mLightSensorListener lux is 454.0
D/DisplayPowerController(  811): updateAmbientLux:  mLightSensorListener lux is 467.0
D/DisplayPowerController(  811): updateAmbientLux:  mLightSensorListener lux is 633.0
D/DisplayPowerController(  811): updateAmbientLux:  mLightSensorListener lux is 441.0
D/DisplayPowerController(  811): updateAmbientLux:  mLightSensorListener lux is 310.0
D/DisplayPowerController(  811): updateAmbientLux:  mLightSensorListener lux is 185.0
D/DisplayPowerController(  811): ZTE_PM updateAutoBrightness: useAutoBrightness = true  mAmbientLuxValid = true  mAmbientLux = 279.5461
D/DisplayPowerController(  811): updateAutoBrightness: value=0.44242787 *255 = 112.81911
D/DisplayPowerController(  811): ZTE_PM mPowerRequest.screenState is 2
D/DisplayPowerController(  811): ZTE_PM_PROX disable ProxSensor while NO useProximitySensor 
D/DisplayPowerController(  811): ZTE_PM_PROX setProximitySensorEnabled enable = false
D/DisplayPowerController(  811): ZTE_PM  setLightSensorEnabled enable = true updateAutoBrightness = false
D/DisplayPowerState(  811): Updating screen state: onChanged=false, on= true, backlightChanged=true, backlight=59
D/ledlog_java_com(  811): Excessive delay setting light: 64ms
D/DisplayPowerState(  811): Updating screen state: onChanged=false, on= true, backlightChanged=true, backlight=69
D/ledlog_java_com(  811): Excessive delay setting light: 66ms
D/DisplayPowerState(  811): Updating screen state: onChanged=false, on= true, backlightChanged=true, backlight=82
D/DisplayPowerController(  811): updateAmbientLux:  mLightSensorListener lux is 15.0
D/ledlog_java_com(  811): Excessive delay setting light: 66ms
D/DisplayPowerState(  811): Updating screen state: onChanged=false, on= true, backlightChanged=true, backlight=96
D/ledlog_java_com(  811): Excessive delay setting light: 65ms
D/DisplayPowerState(  811): Updating screen state: onChanged=false, on= true, backlightChanged=true, backlight=109
D/DisplayPowerController(  811): updateAmbientLux:  mLightSensorListener lux is 10.0
D/ledlog_java_com(  811): Excessive delay setting light: 66ms
D/DisplayPowerState(  811): Updating screen state: onChanged=false, on= true, backlightChanged=true, backlight=113
D/ledlog_java_com(  811): Excessive delay setting light: 65ms
D/DisplayPowerController(  811): updateAmbientLux:  mLightSensorListener lux is 245.0
D/DisplayPowerController(  811): updateAmbientLux:  mLightSensorListener lux is 437.0
D/DisplayPowerController(  811): updateAmbientLux:  mLightSensorListener lux is 496.0
D/DisplayPowerController(  811): updateAmbientLux:  mLightSensorListener lux is 306.0
D/DisplayPowerController(  811): updateAmbientLux:  mLightSensorListener lux is 131.0
D/DisplayPowerController(  811): updateAmbientLux:  mLightSensorListener lux is 253.0
D/DisplayPowerController(  811): updateAmbientLux:  mLightSensorListener lux is 375.0
D/DisplayPowerController(  811): updateAmbientLux:  mLightSensorListener lux is 408.0
D/DisplayPowerController(  811): updateAmbientLux:  mLightSensorListener lux is 310.0
D/DisplayPowerController(  811): updateAmbientLux:  mLightSensorListener lux is 217.0
D/DisplayPowerController(  811): updateAmbientLux:  mLightSensorListener lux is 250.0
D/DisplayPowerController(  811): updateAmbientLux:  mLightSensorListener lux is 304.0
D/DisplayPowerController(  811): updateAmbientLux:  mLightSensorListener lux is 159.0
D/DisplayPowerController(  811): updateAmbientLux:  mLightSensorListener lux is 33.0
D/DisplayPowerController(  811): updateAmbientLux:  mLightSensorListener lux is 43.0
D/DisplayPowerController(  811): updateAmbientLux:  mLightSensorListener lux is 49.0
D/DisplayPowerController(  811): updateAmbientLux:  mLightSensorListener lux is 46.0
D/DisplayPowerController(  811): updateAmbientLux:  mLightSensorListener lux is 33.0
D/DisplayPowerController(  811): updateAmbientLux:  mLightSensorListener lux is 18.0
D/DisplayPowerController(  811): updateAmbientLux:  mLightSensorListener lux is 7.0
D/DisplayPowerController(  811): updateAmbientLux:  mLightSensorListener lux is 9.0
D/DisplayPowerController(  811): updateAmbientLux:  mLightSensorListener lux is 17.0
D/DisplayPowerController(  811): updateAmbientLux:  mLightSensorListener lux is 16.0
D/DisplayPowerController(  811): updateAmbientLux:  mLightSensorListener lux is 8.0
D/DisplayPowerController(  811): updateAmbientLux:  mLightSensorListener lux is 6.0
D/DisplayPowerController(  811): updateAmbientLux:  mLightSensorListener lux is 7.0
D/DisplayPowerController(  811): updateAmbientLux:  mLightSensorListener lux is 28.0
D/DisplayPowerController(  811): updateAmbientLux:  mLightSensorListener lux is 31.0
W/AlarmManager(  811): Alarm triggering: Alarm{42432718 type 3 android}
D/PowerManagerService(  811): sendPendingNotificationsLocked mSendGoToSleepFinishedNotificationWhenReady = false
D/LockScreen_KeyguardUpdateMonitor(  978): received broadcast android.intent.action.TIME_TICK
D/LockScreen_DMLockCodeController(  978): canAcceptIntent - can: false
D/LockScreen_CMASAlertController(  978): canAcceptIntent - can: false
D/LockScreen_KeyguardUpdateMonitor(  978): handleTimeUpdate
E/niejiyong(  978): WeatherService is Running
E/niejiyong(  978): Weather process is Running
E/niejiyong(  978): WeatherService is Running
E/niejiyong(  978): Weather process is Running
D/haha    ( 1432): mDateTimeReceiver intent::Intent { act=android.intent.action.TIME_TICK flg=0x50000014 (has extras) }
E/niejiyong( 1432): TypeBWeatherWidget :: performUpdate..
E/niejiyong( 1432): TypeBWeatherWidget :: performUpdate..cityLocationId = cityId:351193
D/haha    ( 1432): WeatherWidget update  AmPm=1,  Hour=2,  Minute=38
D/PowerManagerService(  811): sendPendingNotificationsLocked mSendGoToSleepFinishedNotificationWhenReady = false
D/DisplayPowerController(  811): updateAmbientLux:  mLightSensorListener lux is 28.0
D/DisplayPowerController(  811): updateAmbientLux:  mLightSensorListener lux is 11.0
D/DisplayPowerController(  811): updateAmbientLux:  mLightSensorListener lux is 5.0
D/DisplayPowerController(  811): updateAmbientLux:  mLightSensorListener lux is 12.0
D/DisplayPowerController(  811): updateAmbientLux:  mLightSensorListener lux is 14.0
D/DisplayPowerController(  811): updateAmbientLux:  mLightSensorListener lux is 17.0
D/DisplayPowerController(  811): updateAmbientLux:  mLightSensorListener lux is 12.0
D/DisplayPowerController(  811): updateAmbientLux:  mLightSensorListener lux is 6.0
D/DisplayPowerController(  811): updateAmbientLux:  mLightSensorListener lux is 9.0
D/DisplayPowerController(  811): updateAmbientLux:  mLightSensorListener lux is 6.0
D/DisplayPowerController(  811): ZTE_PM updateAutoBrightness: useAutoBrightness = true  mAmbientLuxValid = true  mAmbientLux = 16.782028
