D/PowerManagerService_DumpWakeLock(  811): Display Blanker: blanked=false
D/DisplayPowerController(  811): updateAmbientLux:  mLightSensorListener lux is 0.0
W/AlarmManager(  811): Alarm triggering: Alarm{422463a8 type 2 com.google.android.gms}
W/AlarmManager(  811): Alarm triggering: Alarm{4223f290 type 0 android}
W/AlarmManager(  811): +++Alarm  wakeup phone ,pkg=com.google.android.gms
D/PowerManagerService(  811): sendPendingNotificationsLocked mSendGoToSleepFinishedNotificationWhenReady = false
W/AlarmManager(  811): +++Alarm  wakeup phone ,pkg=android
D/PowerManagerService(  811): sendPendingNotificationsLocked mSendGoToSleepFinishedNotificationWhenReady = false
W/AlarmManager(  811): +++alarm onSendFinished ,action=CONTEXT_MANAGER_ALARM_WAKEUP_205734
V/BackupManagerService(  811): Running a backup pass
D/PowerManagerService(  811): sendPendingNotificationsLocked mSendGoToSleepFinishedNotificationWhenReady = false
W/AlarmManager(  811): +++alarm onSendFinished ,action=android.app.backup.intent.RUN
D/PowerManagerService(  811): sendPendingNotificationsLocked mSendGoToSleepFinishedNotificationWhenReady = false
V/BackupManagerService(  811): clearing pending backups
V/PerformBackupTask(  811): Beginning backup of 17 targets
D/PerformBackupTask(  811): invokeAgentForBackup on @pm@
D/PowerManagerService(  811): sendPendingNotificationsLocked mSendGoToSleepFinishedNotificationWhenReady = false
I/PerformBackupTask(  811): no backup data written; not calling transport
D/PerformBackupTask(  811): starting agent for backup of BackupRequest{pkg=com.android.calendar}
I/ActivityManager(  811): Start proc com.android.calendar for backup com.android.calendar/.CalendarBackupAgent: pid=4567 uid=10044 gids={50044, 9997, 3003, 1028, 1015}
D/BackupManagerService(  811): awaiting agent for ApplicationInfo{41ed2378 com.android.calendar}
D/BackupManagerService(  811): agentConnected pkg=com.android.calendar agent=android.os.BinderProxy@41a8a498
I/BackupManagerService(  811): got agent android.app.IBackupAgent$Stub$Proxy@423aa210
D/PerformBackupTask(  811): invokeAgentForBackup on com.android.calendar
I/PerformBackupTask(  811): no backup data written; not calling transport
D/PerformBackupTask(  811): starting agent for backup of BackupRequest{pkg=com.android.browser}
I/ActivityManager(  811): Start proc com.android.browser for backup com.android.browser/.BrowserBackupAgent: pid=4580 uid=10039 gids={50039, 9997, 3003, 1028, 1015, 1023}
D/BackupManagerService(  811): awaiting agent for ApplicationInfo{41e963c0 com.android.browser}
D/BatteryService(  811): ZTE Sending ACTION_BATTERY_CHANGED.  level:86, scale:100, status:4, health:2, present:true, voltage: 4100, temperature: 260, technology: Li-ion, AC powered:false, USB powered:false, Wireless powered:false, icon:17302952, invalid charger:0
D/WifiController(  811): battery changed pluggedType: 0
D/PowerManagerService(  811): sendPendingNotificationsLocked mSendGoToSleepFinishedNotificationWhenReady = false
D/VoldCmdListener(  244): volume mkdirs /storage/sdcard1/Android/data/com.android.browser/files/
W/Vold    (  244): Returning OperationFailed - no handler for errno 30
D/BackupManagerService(  811): agentConnected pkg=com.android.browser agent=android.os.BinderProxy@4222fb18
I/BackupManagerService(  811): got agent android.app.IBackupAgent$Stub$Proxy@41c1ebf8
D/PerformBackupTask(  811): invokeAgentForBackup on com.android.browser
I/PerformBackupTask(  811): no backup data written; not calling transport
D/PerformBackupTask(  811): starting agent for backup of BackupRequest{pkg=android}
D/BackupManagerService(  811): awaiting agent for ApplicationInfo{41c2a330 android}
D/BackupManagerService(  811): agentConnected pkg=android agent=android.app.backup.BackupAgent$BackupServiceBinder@41d36a90
I/BackupManagerService(  811): got agent android.app.backup.BackupAgent$BackupServiceBinder@41d36a90
D/PerformBackupTask(  811): invokeAgentForBackup on android
D/PerformBackupTask(  811): starting agent for backup of BackupRequest{pkg=com.google.android.talk}
I/ActivityManager(  811): Start proc com.google.android.talk for backup com.google.android.talk/com.google.android.apps.hangouts.service.BabelBackupAgent: pid=4596 uid=10057 gids={50057, 9997, 3003, 1028, 1015, 3002}
D/BackupManagerService(  811): awaiting agent for ApplicationInfo{41a40920 com.google.android.talk}
I/ActivityManager(  811): Killing 4128:com.android.gallery3d/u0a11 (adj 15): empty #17
D/vibrator_java(  811): mPackageName=android
D/PowerManagerService(  811): sendPendingNotificationsLocked mSendGoToSleepFinishedNotificationWhenReady = false
D/vibrator_java(  811): doVibratorOn  uid= 1000  millis=10ms
W/ContextImpl(  811): Calling a method in the system process without a qualified user: android.app.ContextImpl.sendBroadcast:1213 com.android.internal.policy.impl.PhoneWindowManager.interceptKeyBeforeQueueing:4268 com.android.server.wm.InputMonitor.interceptKeyBeforeQueueing:357 com.android.server.input.InputManagerService.interceptKeyBeforeQueueing:1343 dalvik.system.NativeStart.run:-2 
D/PowerManagerService(  811): sendPendingNotificationsLocked mSendGoToSleepFinishedNotificationWhenReady = false
D/LightsService(  811):  Trun on the button and after 2000s,then turn off the button !
D/PowerManagerService(  811): sendPendingNotificationsLocked mSendGoToSleepFinishedNotificationWhenReady = false
D/vibrator_java(  811): mPackageName=android
D/vibrator_java(  811): doVibratorOn  uid= 1000  millis=40ms
D/BackupManagerService(  811): agentConnected pkg=com.google.android.talk agent=android.os.BinderProxy@42201d28
I/BackupManagerService(  811): got agent android.app.IBackupAgent$Stub$Proxy@42201da0
D/PerformBackupTask(  811): invokeAgentForBackup on com.google.android.talk
--------- beginning of /dev/log/main
V/LocalTransport(  811):   data size 705
V/LocalTransport(  811): finishBackup()
D/PerformBackupTask(  811): starting agent for backup of BackupRequest{pkg=com.google.android.videos}
I/ActivityManager(  811): Start proc com.google.android.videos for backup com.google.android.videos/.service.backup.VideosBackupAgent: pid=4632 uid=10095 gids={50095, 9997, 3003}
D/BackupManagerService(  811): awaiting agent for ApplicationInfo{41f10380 com.google.android.videos}
I/ActivityManager(  811): Killing 4249:com.google.android.partnersetup/u0a15 (adj 15): empty #17
D/ActivityThread( 4632): handleBindApplication:com.google.android.videos
D/ActivityThread( 4632): setTargetHeapUtilization:0.75
D/ActivityThread( 4632): setTargetHeapMinFree:2097152
I/MediaRouter( 4632): Found default route: MediaRouter.RouteInfo{ uniqueId=android/.support.v7.media.SystemMediaRouteProvider:DEFAULT_ROUTE, name=Phone, description=null, iconUri=null, enabled=true, connecting=false, connectionState=0, canDisconnect=false, playbackType=0, playbackStream=3, deviceType=0, volumeHandling=1, volume=1, volumeMax=15, presentationDisplayId=-1, extras=null, settingsIntent=null, providerPackageName=android }
I/dalvikvm( 4632): Could not find method android.view.Display.getMode, referenced from method com.google.android.videos.service.config.GservicesConfig.getDisplaySize
W/dalvikvm( 4632): VFY: unable to resolve virtual method 17304: Landroid/view/Display;.getMode ()Landroid/view/Display$Mode;
D/dalvikvm( 4632): VFY: replacing opcode 0x6e at 0x000b
I/dalvikvm( 4632): Could not find method android.app.admin.DevicePolicyManager.isLockTaskPermitted, referenced from method com.google.android.videos.service.config.GservicesConfig.isScreenLockDirectV21
W/dalvikvm( 4632): VFY: unable to resolve virtual method 469: Landroid/app/admin/DevicePolicyManager;.isLockTaskPermitted (Ljava/lang/String;)Z
D/dalvikvm( 4632): VFY: replacing opcode 0x6e at 0x0013
I/dalvikvm( 4632): Could not find method android.accounts.AccountManager.newChooseAccountIntent, referenced from method com.google.android.videos.service.accounts.AccountManagerWrapper.createAddNewAccountIntent
W/dalvikvm( 4632): VFY: unable to resolve static method 97: Landroid/accounts/AccountManager;.newChooseAccountIntent (Landroid/accounts/Account;Ljava/util/List;[Ljava/lang/String;Ljava/lang/String;Ljava/lang/String;[Ljava/lang/String;Landroid/os/Bundle;)Landroid/content/Intent;
D/dalvikvm( 4632): VFY: replacing opcode 0x77 at 0x0047
D/PowerManagerService(  811): sendPendingNotificationsLocked mSendGoToSleepFinishedNotificationWhenReady = false
D/LightsService(  811):  Trun on the button and after 2000s,then turn off the button !
D/vibrator_java(  811): mPackageName=android
D/PowerManagerService(  811): sendPendingNotificationsLocked mSendGoToSleepFinishedNotificationWhenReady = false
D/vibrator_java(  811): doVibratorOn  uid= 1000  millis=1ms
D/LockScreen_KeyguardViewMediator(  978): setHidden false
D/LockScreen_KeyguardUpdateMonitor(  978): sendKeyguardVisibilityChanged(true)
D/vibrator_java(  811): doVibratorOn  uid= 1000  millis=21ms
D/LockScreen_KeyguardUpdateMonitor(  978): handleKeyguardVisibilityChanged(1)
I/ActivityManager(  811): START u0 {act=com.android.systemui.recent.action.TOGGLE_RECENTS flg=0x10800000 cmp=com.android.systemui/.recent.RecentsActivity} from pid 978
D/dalvikvm(  811): GC_FOR_ALLOC freed 1214K, 22% free 12887K/16324K, paused 73ms, total 75ms
D/PowerManagerService(  811): sendPendingNotificationsLocked mSendGoToSleepFinishedNotificationWhenReady = false
D/PowerManagerService(  811): sendPendingNotificationsLocked mSendGoToSleepFinishedNotificationWhenReady = false
W/BackupManagerService(  811): dataChanged but no participant pkg='com.android.providers.settings' uid=10017
D/LockScreen_KeyguardViewMediator(  978): setHidden false
D/LockScreen_KeyguardUpdateMonitor(  978): sendKeyguardVisibilityChanged(true)
D/RecentsButtonBarView(  978): onFinishInflate
D/RecentsButtonBarView(  978): onFinishInflate ***googleNowButton: android.widget.Button{426fdef8 GFED..C. ......I. 0,0-0,0 #7f07008c app:id/googlenow}****removeAllButton: android.widget.Button{427b0528 VFED..C. ......I. 0,0-0,0 #7f07008b app:id/removeall}
D/LockScreen_KeyguardUpdateMonitor(  978): handleKeyguardVisibilityChanged(1)
D/RecentsButtonBarView(  978): onAttachedToWindow
D/RecentsButtonBarView(  978): getRecentsPanelView - panel: com.android.systemui.recent.RecentsPanelView{4226e5e8 VFED.... .F....I. 0,0-0,0 #7f070094 app:id/recents_root}
D/LockScreen_KeyguardViewMediator(  978): setHidden false
D/LockScreen_KeyguardUpdateMonitor(  978): sendKeyguardVisibilityChanged(true)
D/LockScreen_KeyguardViewMediator(  978): setHidden false
D/LockScreen_KeyguardUpdateMonitor(  978): sendKeyguardVisibilityChanged(true)
E/dalvikvm( 4632): Could not find class 'android.app.ActivityManager$TaskDescription', referenced from method com.google.android.videos.utils.DisplayUtil.updateRecentTitleBarColor
W/dalvikvm( 4632): VFY: unable to resolve new-instance 36 (Landroid/app/ActivityManager$TaskDescription;) in Lcom/google/android/videos/utils/DisplayUtil;
D/dalvikvm( 4632): VFY: replacing opcode 0x22 at 0x0007
D/dalvikvm( 4632): DexOpt: unable to opt direct call 0x0103 at 0x0a in Lcom/google/android/videos/utils/DisplayUtil;.updateRecentTitleBarColor
D/DisplayPowerController(  811): ZTE_PM updateAutoBrightness: useAutoBrightness = true  mAmbientLuxValid = true  mAmbientLux = 0.10614604
D/DisplayPowerController(  811): updateAutoBrightness: value=0.047586776 *255 = 12.134628
D/DisplayPowerController(  811): ZTE_PM mPowerRequest.screenState is 2
D/DisplayPowerController(  811): ZTE_PM_PROX disable ProxSensor while NO useProximitySensor 
D/DisplayPowerController(  811): ZTE_PM_PROX setProximitySensorEnabled enable = false
D/DisplayPowerController(  811): ZTE_PM  setLightSensorEnabled enable = true updateAutoBrightness = false
D/LockScreen_KeyguardViewMediator(  978): setHidden false
D/LockScreen_KeyguardUpdateMonitor(  978): sendKeyguardVisibilityChanged(true)
D/DisplayPowerState(  811): Updating screen state: onChanged=false, on= true, backlightChanged=true, backlight=12
D/LockScreen_KeyguardViewMediator(  978): setHidden false
D/LockScreen_KeyguardUpdateMonitor(  978): sendKeyguardVisibilityChanged(true)
D/LockScreen_KeyguardUpdateMonitor(  978): handleKeyguardVisibilityChanged(1)
D/LockScreen_KeyguardUpdateMonitor(  978): handleKeyguardVisibilityChanged(1)
D/LockScreen_KeyguardUpdateMonitor(  978): handleKeyguardVisibilityChanged(1)
W/ViewRootImpl(  978): Dropping event due to no window focus: KeyEvent { action=ACTION_DOWN, keyCode=KEYCODE_MENU, scanCode=139, metaState=0, flags=0x48, repeatCount=2, eventTime=3173833, downTime=3173281, deviceId=0, source=0x101 }
W/ViewRootImpl(  978): Dropping event due to no window focus: KeyEvent { action=ACTION_DOWN, keyCode=KEYCODE_MENU, scanCode=139, metaState=0, flags=0x48, repeatCount=3, eventTime=3174051, downTime=3173281, deviceId=0, source=0x101 }
D/LockScreen_KeyguardUpdateMonitor(  978): handleKeyguardVisibilityChanged(1)
D/LockScreen_KeyguardViewMediator(  978): setHidden false
D/LockScreen_KeyguardUpdateMonitor(  978): sendKeyguardVisibilityChanged(true)
I/Timeline(  978): Timeline: Activity_idle id: android.os.BinderProxy@4280de48 time:3174091
D/LockScreen_KeyguardUpdateMonitor(  978): handleKeyguardVisibilityChanged(1)
D/LockScreen_KeyguardViewMediator(  978): setHidden false
D/LockScreen_KeyguardUpdateMonitor(  978): sendKeyguardVisibilityChanged(true)
D/LockScreen_KeyguardUpdateMonitor(  978): handleKeyguardVisibilityChanged(1)
D/PowerManagerService(  811): sendPendingNotificationsLocked mSendGoToSleepFinishedNotificationWhenReady = false
I/ActivityManager(  811): Displayed com.android.systemui/.recent.RecentsActivity: +151ms
D/LockScreen_KeyguardViewMediator(  978): setHidden false
D/LockScreen_KeyguardUpdateMonitor(  978): sendKeyguardVisibilityChanged(true)
D/LockScreen_KeyguardUpdateMonitor(  978): handleKeyguardVisibilityChanged(1)
D/LockScreen_KeyguardViewMediator(  978): setHidden false
D/LockScreen_KeyguardUpdateMonitor(  978): sendKeyguardVisibilityChanged(true)
D/LockScreen_KeyguardUpdateMonitor(  978): handleKeyguardVisibilityChanged(1)
D/ledlog_java_com(  811): Excessive delay setting light: 66ms
W/BackupManagerService(  811): dataChanged but no participant pkg='com.android.providers.settings' uid=10017
D/LockScreen_KeyguardViewMediator(  978): setHidden false
D/LockScreen_KeyguardUpdateMonitor(  978): sendKeyguardVisibilityChanged(true)
D/LockScreen_KeyguardUpdateMonitor(  978): handleKeyguardVisibilityChanged(1)
V/BackupServiceBinder( 4632): doBackup() invoked
D/BackupManagerService(  811): agentConnected pkg=com.google.android.videos agent=android.os.BinderProxy@421915a0
I/BackupManagerService(  811): got agent android.app.IBackupAgent$Stub$Proxy@41d2fe78
D/PerformBackupTask(  811): invokeAgentForBackup on com.google.android.videos
I/PlayMovies( 4632): VideosBackupAgent.onBackup:48 backup
I/PlayMovies( 4632): 
D/BackupHelperDispatcher( 4632): handling existing helper 'prefs' android.app.backup.SharedPreferencesBackupHelper@41a09920
D/PlayMovies( 4632): PersistentCache.cleanup:108 Cache is below limit, no need to shrink: [size=16, limit=5242880]
D/PlayMovies( 4632): 
I/dalvikvm( 4632): Could not find method android.content.pm.PackageManager.getPackageInstaller, referenced from method com.google.android.gms.common.GooglePlayServicesUtilLight.zzt
W/dalvikvm( 4632): VFY: unable to resolve virtual method 691: Landroid/content/pm/PackageManager;.getPackageInstaller ()Landroid/content/pm/PackageInstaller;
D/dalvikvm( 4632): VFY: replacing opcode 0x6e at 0x001d
D/PlayMovies( 4632): TransferService.onCreate:70 creating transfer service
D/PlayMovies( 4632): 
V/LocalTransport(  811): performBackup() pkg=com.google.android.videos
V/LocalTransport(  811): Got change set key=prefs:backup size=150 key64=cHJlZnM6YmFja3Vw
I/Finsky  ( 1461): [113] com.google.android.finsky.utils.hh.a(395): Will not allow first-party apps signed by test keys
I/Finsky  ( 1461): [113] com.google.android.finsky.services.e.a(58): Received content filters request from com.google.android.videos
V/LocalTransport(  811):   data size 150
V/LocalTransport(  811): finishBackup()
D/PerformBackupTask(  811): starting agent for backup of BackupRequest{pkg=com.google.android.youtube}
D/PowerManagerService(  811): sendPendingNotificationsLocked mSendGoToSleepFinishedNotificationWhenReady = false
D/LightsService(  811):  Trun on the button and after 2000s,then turn off the button !
I/ActivityManager(  811): Start proc com.google.android.youtube for backup com.google.android.youtube/com.google.android.apps.youtube.app.application.backup.YouTubeBackupAgent: pid=4676 uid=10099 gids={50099, 9997, 3003, 1028, 1015}
D/BackupManagerService(  811): awaiting agent for ApplicationInfo{41e20fa8 com.google.android.youtube}
I/Timeline(  811): Timeline: Activity_windows_visible id: ActivityRecord{418ff4c0 u0 com.android.systemui/.recent.RecentsActivity t12} time:3174377
D/LockScreen_KeyguardViewMediator(  978): setHidden false
D/LockScreen_KeyguardUpdateMonitor(  978): sendKeyguardVisibilityChanged(true)
D/LockScreen_KeyguardUpdateMonitor(  978): handleKeyguardVisibilityChanged(1)
D/LockScreen_KeyguardViewMediator(  978): setHidden false
D/LockScreen_KeyguardUpdateMonitor(  978): sendKeyguardVisibilityChanged(true)
D/LockScreen_KeyguardUpdateMonitor(  978): handleKeyguardVisibilityChanged(1)
W/ContextImpl(  811): Calling a method in the system process without a qualified user: android.app.ContextImpl.sendBroadcast:1213 com.android.internal.policy.impl.PhoneWindowManager.interceptKeyBeforeQueueing:4268 com.android.server.wm.InputMonitor.interceptKeyBeforeQueueing:357 com.android.server.input.InputManagerService.interceptKeyBeforeQueueing:1343 dalvik.system.NativeStart.run:-2 
D/ActivityThread( 4676): handleBindApplication:com.google.android.youtube
D/ActivityThread( 4676): setTargetHeapUtilization:0.75
D/ActivityThread( 4676): setTargetHeapMinFree:2097152
D/LockScreen_KeyguardViewMediator(  978): setHidden false
D/LockScreen_KeyguardUpdateMonitor(  978): sendKeyguardVisibilityChanged(true)
D/LockScreen_KeyguardUpdateMonitor(  978): handleKeyguardVisibilityChanged(1)
D/dalvikvm( 1284): GC_EXPLICIT freed 639K, 56% free 4905K/11092K, paused 2ms+3ms, total 29ms
E/WifiManager( 4632): createWifiLock(), enter. lockType=3 tag=com.google.android.videos.service.pinning.TransfersExecutor_tasks getNameForPid(4632)=com.google.android.videos
E/WifiManager( 4632): createWifiLock(), enter. tag=com.google.android.videos.service.pinning.TransfersExecutor_executor getNameForPid(4632)=com.google.android.videos
D/vibrator_java(  811): mPackageName=android
D/PowerManagerService(  811): sendPendingNotificationsLocked mSendGoToSleepFinishedNotificationWhenReady = false
D/vibrator_java(  811): doVibratorOn  uid= 1000  millis=10ms
W/ContextImpl(  811): Calling a method in the system process without a qualified user: android.app.ContextImpl.sendBroadcast:1213 com.android.internal.policy.impl.PhoneWindowManager.interceptKeyBeforeQueueing:4268 com.android.server.wm.InputMonitor.interceptKeyBeforeQueueing:357 com.android.server.input.InputManagerService.interceptKeyBeforeQueueing:1343 dalvik.system.NativeStart.run:-2 
D/PowerManagerService(  811): sendPendingNotificationsLocked mSendGoToSleepFinishedNotificationWhenReady = false
D/vibrator_java(  811): mPackageName=android
D/vibrator_java(  811): doVibratorOn  uid= 1000  millis=40ms
E/cutils  (  244): Failed to mkdirat(/storage/sdcard1/Android): Read-only file system
W/ContextImpl( 4632): Failed to ensure directory: /storage/sdcard1/Android/data/com.google.android.videos/files/Movies
D/VoldCmdListener(  244): volume mkdirs /storage/sdcard1/Android/data/com.google.android.videos/files/Movies/
W/Vold    (  244): Returning OperationFailed - no handler for errno 30
E/Auth    ( 1284): [GoogleAccountDataServiceImpl] getToken() -> NETWORK_ERROR. Account: <ELLIDED:2086200980>, App: com.google.android.videos, Service: oauth2:https://www.googleapis.com/auth/android_video
E/PlayMovies( 4632): AccountManagerWrapper.blockingGetAuthToken:397 Cannot get user auth; network errorNetworkError
E/PlayMovies( 4632): 
I/dalvikvm( 4632): Could not find method android.media.MediaCodecInfo$CodecCapabilities.getVideoCapabilities, referenced from method com.google.android.exoplayer.MediaCodecUtil.getVideoCapabilitiesV21
W/dalvikvm( 4632): VFY: unable to resolve virtual method 1943: Landroid/media/MediaCodecInfo$CodecCapabilities;.getVideoCapabilities ()Landroid/media/MediaCodecInfo$VideoCapabilities;
D/dalvikvm( 4632): VFY: replacing opcode 0x6e at 0x000a
I/dalvikvm( 4632): Could not find method android.media.MediaCodecInfo$VideoCapabilities.areSizeAndRateSupported, referenced from method com.google.android.exoplayer.MediaCodecUtil.isSizeAndRateSupportedV21
W/dalvikvm( 4632): VFY: unable to resolve virtual method 1945: Landroid/media/MediaCodecInfo$VideoCapabilities;.areSizeAndRateSupported (IID)Z
D/dalvikvm( 4632): VFY: replacing opcode 0x6e at 0x0012
I/dalvikvm( 4632): Could not find method android.media.MediaCodecInfo$VideoCapabilities.isSizeSupported, referenced from method com.google.android.exoplayer.MediaCodecUtil.isSizeSupportedV21
W/dalvikvm( 4632): VFY: unable to resolve virtual method 1946: Landroid/media/MediaCodecInfo$VideoCapabilities;.isSizeSupported (II)Z
D/dalvikvm( 4632): VFY: replacing opcode 0x6e at 0x0012
I/dalvikvm( 4632): Could not find method android.view.Display.getMode, referenced from method com.google.android.exoplayer.util.Util.getDisplaySizeV23
W/dalvikvm( 4632): VFY: unable to resolve virtual method 17304: Landroid/view/Display;.getMode ()Landroid/view/Display$Mode;
D/dalvikvm( 4632): VFY: replacing opcode 0x6e at 0x0000
D/WVCdm   (  268): Instantiating CDM.
I/OMXClient( 4632): Using client-side OMX mux.
W/WVCdm   (  268): Could not load liboemcrypto.so. Falling Back to L3.  dlopen failed: library "liboemcrypto.so" not found
I/WVCdm   (  268): CdmEngine::QueryStatus
I/PlayMovies( 4632): WidevineMediaDrmWrapper.getFrameworkDefaultSecurityLevel:241 L3
I/PlayMovies( 4632): 
I/PlayMovies( 4632): GservicesConfig.preferModularDrm:1207 cached preferModularDrm 2
I/PlayMovies( 4632): 
I/PlayMovies( 4632): GservicesConfig.useDashForStreaming:1143 preferModularDrm false
I/PlayMovies( 4632): 
I/ActivityManager(  811): Killing 4162:com.android.voicedialer/u0a33 (adj 15): empty #17
I/dalvikvm( 4676): Could not find method android.content.pm.PackageManager.getPackageInstaller, referenced from method igx.a
W/dalvikvm( 4676): VFY: unable to resolve virtual method 4088: Landroid/content/pm/PackageManager;.getPackageInstaller ()Landroid/content/pm/PackageInstaller;
D/dalvikvm( 4676): VFY: replacing opcode 0x6e at 0x0014
D/dalvikvm( 4676): DexOpt: couldn't find static field Landroid/os/Build;.SUPPORTED_ABIS
W/dalvikvm( 4676): VFY: unable to resolve static field 785 (SUPPORTED_ABIS) in Landroid/os/Build;
D/dalvikvm( 4676): VFY: replacing opcode 0x62 at 0x0008
D/dalvikvm( 4676): DexOpt: couldn't find static field Landroid/os/Build;.SUPPORTED_ABIS
W/dalvikvm( 4676): VFY: unable to resolve static field 785 (SUPPORTED_ABIS) in Landroid/os/Build;
D/dalvikvm( 4676): VFY: replacing opcode 0x62 at 0x0097
D/dalvikvm( 4676): DexOpt: couldn't find field Landroid/content/pm/ApplicationInfo;.splitSourceDirs
W/dalvikvm( 4676): VFY: unable to resolve instance field 719
D/dalvikvm( 4676): VFY: replacing opcode 0x54 at 0x0050
D/dalvikvm( 4676): DexOpt: couldn't find field Landroid/content/pm/ApplicationInfo;.splitSourceDirs
I/dalvikvm( 4676): DexOpt: unable to optimize instance field ref 0x02cf at 0x54 in Ljdi;.c
I/dalvikvm( 4676): Could not find method android.content.ContextWrapper.createCredentialProtectedStorageContext, referenced from method com.google.android.chimera.ModuleContext.createCredentialProtectedStorageContext
W/dalvikvm( 4676): VFY: unable to resolve virtual method 2232: Landroid/content/ContextWrapper;.createCredentialProtectedStorageContext ()Landroid/content/Context;
D/dalvikvm( 4676): VFY: replacing opcode 0x6f at 0x0002
I/dalvikvm( 4676): Could not find method android.content.ContextWrapper.createDeviceProtectedStorageContext, referenced from method com.google.android.chimera.ModuleContext.createDeviceProtectedStorageContext
W/dalvikvm( 4676): VFY: unable to resolve virtual method 2233: Landroid/content/ContextWrapper;.createDeviceProtectedStorageContext ()Landroid/content/Context;
D/dalvikvm( 4676): VFY: replacing opcode 0x6f at 0x0002
D/dalvikvm( 4676): Trying to load lib /data/app-lib/com.google.android.gms-1/libgmscore.so 0x4198ed20
I/dalvikvm( 4676): Could not find method com.google.android.apps.youtube.app.WatchWhileActivity.isInMultiWindowMode, referenced from method com.google.android.apps.youtube.app.WatchWhileActivity.L
W/dalvikvm( 4676): VFY: unable to resolve virtual method 15247: Lcom/google/android/apps/youtube/app/WatchWhileActivity;.isInMultiWindowMode ()Z
D/dalvikvm( 4676): VFY: replacing opcode 0x6e at 0x0068
D/dalvikvm( 4676): Added shared lib /data/app-lib/com.google.android.gms-1/libgmscore.so 0x4198ed20
D/dalvikvm( 4676): No JNI_OnLoad found in /data/app-lib/com.google.android.gms-1/libgmscore.so 0x4198ed20, skipping init
D/dalvikvm( 4676): Trying to load lib /data/app-lib/com.google.android.gms-1/libconscrypt_gmscore_jni.so 0x4198ed20
D/dalvikvm( 4676): Added shared lib /data/app-lib/com.google.android.gms-1/libconscrypt_gmscore_jni.so 0x4198ed20
V/JNIHelp ( 4676): Registering com/google/android/gms/org/conscrypt/NativeCrypto's 235 native methods...
E/dalvikvm( 4676): Could not find class 'javax.net.ssl.SNIHostName', referenced from method com.google.android.gms.org.conscrypt.Platform.getSSLParameters
W/dalvikvm( 4676): VFY: unable to resolve new-instance 3986 (Ljavax/net/ssl/SNIHostName;) in Lcom/google/android/gms/org/conscrypt/Platform;
D/dalvikvm( 4676): VFY: replacing opcode 0x22 at 0x0068
E/dalvikvm( 4676): Could not find class 'javax.net.ssl.SNIServerName', referenced from method com.google.android.gms.org.conscrypt.Platform.setSSLParameters
W/dalvikvm( 4676): VFY: unable to resolve check-cast 3987 (Ljavax/net/ssl/SNIServerName;) in Lcom/google/android/gms/org/conscrypt/Platform;
D/dalvikvm( 4676): VFY: replacing opcode 0x1f at 0x005c
W/dalvikvm( 4676): Unable to resolve superclass of Lcom/google/android/gms/org/conscrypt/OpenSSLExtendedSessionImpl; (3977)
W/dalvikvm( 4676): Link of class 'Lcom/google/android/gms/org/conscrypt/OpenSSLExtendedSessionImpl;' failed
E/dalvikvm( 4676): Could not find class 'com.google.android.gms.org.conscrypt.OpenSSLExtendedSessionImpl', referenced from method com.google.android.gms.org.conscrypt.Platform.wrapSSLSession
W/dalvikvm( 4676): VFY: unable to resolve new-instance 2470 (Lcom/google/android/gms/org/conscrypt/OpenSSLExtendedSessionImpl;) in Lcom/google/android/gms/org/conscrypt/Platform;
D/dalvikvm( 4676): VFY: replacing opcode 0x22 at 0x0007
D/dalvikvm( 4676): DexOpt: unable to opt direct call 0x5183 at 0x6e in Lcom/google/android/gms/org/conscrypt/Platform;.getSSLParameters
W/dalvikvm( 4676): Unable to resolve superclass of Lcom/google/android/gms/org/conscrypt/OpenSSLExtendedSessionImpl; (3977)
W/dalvikvm( 4676): Link of class 'Lcom/google/android/gms/org/conscrypt/OpenSSLExtendedSessionImpl;' failed
D/dalvikvm( 4676): DexOpt: unable to opt direct call 0x3391 at 0x09 in Lcom/google/android/gms/org/conscrypt/Platform;.wrapSSLSession
E/OMX_C2D (  268): Destroy C2D instance
E/OMX_C2D (  268): Destroy C2D instance
I/OMXClient( 4632): Using client-side OMX mux.
W/BackupManagerService(  811): dataChanged but no participant pkg='com.android.providers.settings' uid=10017
E/dalvikvm( 4676): Could not find class 'android.content.pm.ShortcutManager', referenced from method com.google.android.apps.youtube.app.WatchWhileActivity.onPostCreate
W/dalvikvm( 4676): VFY: unable to resolve const-class 871 (Landroid/content/pm/ShortcutManager;) in Lcom/google/android/apps/youtube/app/WatchWhileActivity;
D/dalvikvm( 4676): VFY: replacing opcode 0x1c at 0x004f
D/dalvikvm( 4676): Trying to load lib /data/app-lib/com.google.android.gms-1/libgmscore.so 0x4198ed20
D/dalvikvm( 4676): Shared lib '/data/app-lib/com.google.android.gms-1/libgmscore.so' already loaded in same CL 0x4198ed20
D/dalvikvm( 4676): Trying to load lib /data/app-lib/com.google.android.gms-1/libconscrypt_gmscore_jni.so 0x4198ed20
W/dalvikvm( 4676): VFY: unable to find class referenced in signature (Landroid/app/assist/AssistContent;)
I/dalvikvm( 4676): Could not find method dqb.onProvideAssistContent, referenced from method ceq.onProvideAssistContent
W/dalvikvm( 4676): VFY: unable to resolve virtual method 23153: Ldqb;.onProvideAssistContent (Landroid/app/assist/AssistContent;)V
D/dalvikvm( 4676): VFY: replacing opcode 0x6f at 0x0000
D/dalvikvm( 4676): Shared lib '/data/app-lib/com.google.android.gms-1/libconscrypt_gmscore_jni.so' already loaded in same CL 0x4198ed20
W/dalvikvm( 4676): Unable to resolve superclass of Lcom/google/android/gms/org/conscrypt/OpenSSLExtendedSessionImpl; (3977)
W/dalvikvm( 4676): Link of class 'Lcom/google/android/gms/org/conscrypt/OpenSSLExtendedSessionImpl;' failed
E/dalvikvm( 4676): Could not find class 'com.google.android.gms.org.conscrypt.OpenSSLExtendedSessionImpl', referenced from method com.google.android.gms.org.conscrypt.SSLParametersImpl.getSessionToReuse
W/dalvikvm( 4676): VFY: unable to resolve instanceof 2470 (Lcom/google/android/gms/org/conscrypt/OpenSSLExtendedSessionImpl;) in Lcom/google/android/gms/org/conscrypt/SSLParametersImpl;
D/dalvikvm( 4676): VFY: replacing opcode 0x20 at 0x001b
D/dalvikvm( 4676): DexOpt: couldn't find static field Landroid/os/Build;.SUPPORTED_64_BIT_ABIS
W/dalvikvm( 4676): VFY: unable to resolve static field 784 (SUPPORTED_64_BIT_ABIS) in Landroid/os/Build;
D/dalvikvm( 4676): VFY: replacing opcode 0x62 at 0x0008
D/dalvikvm( 4676): DexOpt: couldn't find static field Landroid/os/Build;.SUPPORTED_ABIS
W/dalvikvm( 4676): VFY: unable to resolve static field 785 (SUPPORTED_ABIS) in Landroid/os/Build;
D/dalvikvm( 4676): VFY: replacing opcode 0x62 at 0x0008
D/dalvikvm( 4676): DexOpt: couldn't find static field Landroid/os/Build;.SUPPORTED_64_BIT_ABIS
W/dalvikvm( 4676): VFY: unable to resolve static field 784 (SUPPORTED_64_BIT_ABIS) in Landroid/os/Build;
D/dalvikvm( 4676): VFY: replacing opcode 0x62 at 0x0012
D/dalvikvm( 4676): DexOpt: couldn't find static field Landroid/os/Build;.SUPPORTED_32_BIT_ABIS
W/dalvikvm( 4676): VFY: unable to resolve static field 783 (SUPPORTED_32_BIT_ABIS) in Landroid/os/Build;
D/dalvikvm( 4676): VFY: replacing opcode 0x62 at 0x0021
D/dalvikvm( 4676): DexOpt: couldn't find static field Landroid/os/Build;.SUPPORTED_64_BIT_ABIS
I/dalvikvm( 4676): DexOpt: unable to optimize static field ref 0x0310 at 0x0d in Lcom/google/android/chimera/container/internal/NativeLibUtils;.a
D/dalvikvm( 4676): DexOpt: couldn't find static field Landroid/os/Build;.SUPPORTED_64_BIT_ABIS
I/dalvikvm( 4676): DexOpt: unable to optimize static field ref 0x0310 at 0x17 in Lcom/google/android/chimera/container/internal/NativeLibUtils;.getSupportedAbisForCurrentRuntime
D/dalvikvm( 4676): DexOpt: couldn't find static field Landroid/os/Build;.SUPPORTED_32_BIT_ABIS
I/dalvikvm( 4676): DexOpt: unable to optimize static field ref 0x030f at 0x26 in Lcom/google/android/chimera/container/internal/NativeLibUtils;.getSupportedAbisForCurrentRuntime
D/PowerManagerService(  811): sendPendingNotificationsLocked mSendGoToSleepFinishedNotificationWhenReady = false
D/LightsService(  811):  Trun on the button and after 2000s,then turn off the button !
D/vibrator_java(  811): mPackageName=android
D/PowerManagerService(  811): sendPendingNotificationsLocked mSendGoToSleepFinishedNotificationWhenReady = false
D/vibrator_java(  811): doVibratorOn  uid= 1000  millis=1ms
D/DynamitePackage( 4676): Instantiated singleton DynamitePackage.
D/DynamitePackage( 4676): Instantiating com.google.android.gms.ads.adshield.ChimeraAdShieldCreatorImpl
D/LockScreen_KeyguardViewMediator(  978): setHidden false
D/LockScreen_KeyguardUpdateMonitor(  978): sendKeyguardVisibilityChanged(true)
E/OMX_C2D (  268): Destroy C2D instance
E/OMX_C2D (  268): Destroy C2D instance
D/LockScreen_KeyguardUpdateMonitor(  978): handleKeyguardVisibilityChanged(1)
D/DisplayPowerController(  811): updateAmbientLux:  mLightSensorListener lux is 1.0
D/vibrator_java(  811): doVibratorOn  uid= 1000  millis=21ms
I/ActivityManager(  811): START u0 {act=android.intent.action.ASSIST flg=0x34000000 cmp=com.google.android.googlequicksearchbox/.SearchActivity (has extras)} from pid 811
I/OMXClient( 4632): Using client-side OMX mux.
E/OMXMaster( 4632): A component of name 'OMX.qcom.audio.decoder.aac' already exists, ignoring this one.
D/LockScreen_KeyguardViewMediator(  978): setHidden false
D/LockScreen_KeyguardUpdateMonitor(  978): sendKeyguardVisibilityChanged(true)
D/LockScreen_KeyguardUpdateMonitor(  978): handleKeyguardVisibilityChanged(1)
I/ProviderInstaller( 4676): Installed default security provider GmsCore_OpenSSL
E/OMXNodeInstance( 4632): OMX_GetExtensionIndex OMX.google.android.index.storeMetaDataInBuffers failed
W/OMXNodeInstance( 4632): OMX_GetExtensionIndex OMX.google.android.index.prepareForAdaptivePlayback failed
D/PowerManagerService(  811): sendPendingNotificationsLocked mSendGoToSleepFinishedNotificationWhenReady = false
D/PowerManagerService(  811): sendPendingNotificationsLocked mSendGoToSleepFinishedNotificationWhenReady = false
I/OMXClient( 4632): Using client-side OMX mux.
D/LockScreen_KeyguardViewMediator(  978): setHidden false
D/LockScreen_KeyguardUpdateMonitor(  978): sendKeyguardVisibilityChanged(true)
I/dalvikvm( 4676): Could not find method android.content.pm.PackageManager.getPackageInstaller, referenced from method zz.a
W/dalvikvm( 4676): VFY: unable to resolve virtual method 2120: Landroid/content/pm/PackageManager;.getPackageInstaller ()Landroid/content/pm/PackageInstaller;
D/dalvikvm( 4676): VFY: replacing opcode 0x6e at 0x001c
E/OMXMaster( 4632): A component of name 'OMX.qcom.audio.decoder.aac' already exists, ignoring this one.
D/LockScreen_KeyguardUpdateMonitor(  978): handleKeyguardVisibilityChanged(1)
I/dalvikvm( 4676): Could not find method android.security.NetworkSecurityPolicy.getInstance, referenced from method com.google.android.gms.ads.internal.state.h.a
W/dalvikvm( 4676): VFY: unable to resolve static method 2563: Landroid/security/NetworkSecurityPolicy;.getInstance ()Landroid/security/NetworkSecurityPolicy;
D/dalvikvm( 4676): VFY: replacing opcode 0x71 at 0x0080
I/OMXClient( 4632): Using client-side OMX mux.
E/QC_AACDEC(  268):  component init: role Test******* = OMX.qcom.audio.decoder.multiaac
E/dalvikvm( 4676): Could not find class 'com.google.android.chimera.Activity', referenced from method aat.b
W/dalvikvm( 4676): VFY: unable to resolve instanceof 777 (Lcom/google/android/chimera/Activity;) in Laat;
D/dalvikvm( 4676): VFY: replacing opcode 0x20 at 0x016f
E/QC_AACDEC(  268): component_init: role[OMX.qcom.audio.decoder.multiaac]
E/QC_AACDEC(  268): unknown param 0600000f
E/QC_AACDEC(  268): unknown param 06000001
E/QC_AACDEC(  268): component_deinit:COMPONENT DEINIT...
E/QC_AACDEC(  268): OMX AAC component destroyed
W/dalvikvm( 4676): VFY: unable to resolve static field 1333 (common_full_open_on_phone) in Lcom/google/android/gms/R$drawable;
D/dalvikvm( 4676): VFY: replacing opcode 0x60 at 0x0060
D/dalvikvm( 4676): DexOpt: couldn't find static field Lig;.common_google_play_services_notification_ticker
W/dalvikvm( 4676): VFY: unable to resolve static field 6317 (common_google_play_services_notification_ticker) in Lig;
D/dalvikvm( 4676): VFY: replacing opcode 0x60 at 0x0092
D/dalvikvm( 4676): DexOpt: couldn't find static field Lig;.common_open_on_phone
I/dalvikvm( 4676): DexOpt: unable to optimize static field ref 0x18b5 at 0x62 in Llf;.a
E/dalvikvm( 3419): Could not find class 'android.content.pm.LauncherApps', referenced from method com.google.android.apps.gsa.shared.y.b.a.j
W/dalvikvm( 3419): VFY: unable to resolve check-cast 201 (Landroid/content/pm/LauncherApps;) in Lcom/google/android/apps/gsa/shared/y/b/a;
D/dalvikvm( 3419): VFY: replacing opcode 0x1f at 0x0046
I/Timeline( 3419): Timeline: Activity_launch_request id:com.google.android.googlequicksearchbox time:3175234
I/ActivityManager(  811): START u0 {act=android.intent.action.ASSIST flg=0x34000000 cmp=com.google.android.googlequicksearchbox/com.google.android.apps.gsa.searchnow.SearchNowActivity (has extras)} from pid 3419
D/PowerManagerService(  811): sendPendingNotificationsLocked mSendGoToSleepFinishedNotificationWhenReady = false
D/LockScreen_KeyguardViewMediator(  978): setHidden false
D/LockScreen_KeyguardUpdateMonitor(  978): sendKeyguardVisibilityChanged(true)
D/LockScreen_KeyguardUpdateMonitor(  978): handleKeyguardVisibilityChanged(1)
I/dalvikvm( 3419): Could not find method com.google.android.apps.gsa.searchnow.SearchNowActivity.finishAndRemoveTask, referenced from method com.google.android.apps.gsa.searchnow.SearchNowActivity.Ai
W/dalvikvm( 3419): VFY: unable to resolve virtual method 39376: Lcom/google/android/apps/gsa/searchnow/SearchNowActivity;.finishAndRemoveTask ()V
D/dalvikvm( 3419): VFY: replacing opcode 0x6e at 0x0006
I/dalvikvm( 3419): Could not find method android.app.Activity.releaseInstance, referenced from method com.google.android.apps.gsa.shared.ui.i.releaseInstance
W/dalvikvm( 3419): VFY: unable to resolve virtual method 386: Landroid/app/Activity;.releaseInstance ()Z
D/dalvikvm( 3419): VFY: replacing opcode 0x6f at 0x000a
I/dalvikvm( 3419): Could not find method android.content.Context.getDrawable, referenced from method com.google.android.apps.gsa.sidekick.shared.ui.j.setInsets
W/dalvikvm( 3419): VFY: unable to resolve virtual method 891: Landroid/content/Context;.getDrawable (I)Landroid/graphics/drawable/Drawable;
D/dalvikvm( 3419): VFY: replacing opcode 0x6e at 0x003e
I/dalvikvm( 3419): Could not find method android.content.Context.getDrawable, referenced from method com.google.android.apps.gsa.sidekick.shared.ui.j.setInsets
W/dalvikvm( 3419): VFY: unable to resolve virtual method 891: Landroid/content/Context;.getDrawable (I)Landroid/graphics/drawable/Drawable;
D/dalvikvm( 3419): VFY: replacing opcode 0x6e at 0x0053
I/dalvikvm( 3419): Could not find method android.view.View.setOnApplyWindowInsetsListener, referenced from method com.google.android.apps.gsa.shared.ui.drawer.AccountNavigationDrawerLayout.akf
W/dalvikvm( 3419): VFY: unable to resolve virtual method 13155: Landroid/view/View;.setOnApplyWindowInsetsListener (Landroid/view/View$OnApplyWindowInsetsListener;)V
D/dalvikvm( 3419): VFY: replacing opcode 0x6e at 0x007b
I/dalvikvm( 3419): Failed resolving Lcom/google/android/gms/people/accountswitcherview/k; interface 2005 'Landroid/view/View$OnApplyWindowInsetsListener;'
W/dalvikvm( 3419): Link of class 'Lcom/google/android/gms/people/accountswitcherview/k;' failed
E/dalvikvm( 3419): Could not find class 'com.google.android.gms.people.accountswitcherview.k', referenced from method com.google.android.apps.gsa.shared.ui.drawer.AccountNavigationDrawerLayout.akf
W/dalvikvm( 3419): VFY: unable to resolve new-instance 12126 (Lcom/google/android/gms/people/accountswitcherview/k;) in Lcom/google/android/apps/gsa/shared/ui/drawer/AccountNavigationDrawerLayout;
D/dalvikvm( 3419): VFY: replacing opcode 0x22 at 0x0088
I/dalvikvm( 3419): Failed resolving Lcom/google/android/gms/people/accountswitcherview/k; interface 2005 'Landroid/view/View$OnApplyWindowInsetsListener;'
W/dalvikvm( 3419): Link of class 'Lcom/google/android/gms/people/accountswitcherview/k;' failed
D/dalvikvm( 3419): DexOpt: unable to opt direct call 0xcd52 at 0x8a in Lcom/google/android/apps/gsa/shared/ui/drawer/AccountNavigationDrawerLayout;.akf
I/dalvikvm( 4676): Could not find method android.os.PowerManager.isInteractive, referenced from method mom.a
W/dalvikvm( 4676): VFY: unable to resolve virtual method 5271: Landroid/os/PowerManager;.isInteractive ()Z
D/dalvikvm( 4676): VFY: replacing opcode 0x6e at 0x004b
W/dalvikvm( 3419): VFY: unable to resolve static field 5339 (ACTION_SCROLL_BACKWARD) in Landroid/view/accessibility/AccessibilityNodeInfo$AccessibilityAction;
D/dalvikvm( 3419): VFY: replacing opcode 0x62 at 0x0037
W/dalvikvm( 3419): VFY: unable to resolve static field 5341 (ACTION_SCROLL_FORWARD) in Landroid/view/accessibility/AccessibilityNodeInfo$AccessibilityAction;
D/dalvikvm( 3419): VFY: replacing opcode 0x62 at 0x004d
I/dalvikvm( 3419): Could not find method android.view.ViewAnimationUtils.createCircularReveal, referenced from method com.google.android.apps.gsa.shared.ui.d.setTarget
W/dalvikvm( 3419): VFY: unable to resolve static method 13192: Landroid/view/ViewAnimationUtils;.createCircularReveal (Landroid/view/View;IIFF)Landroid/animation/Animator;
D/dalvikvm( 3419): VFY: replacing opcode 0x71 at 0x0053
W/InstanceID/Rpc( 4676): Found 10012
I/dalvikvm( 3419): Could not find method android.app.Activity.requestPermissions, referenced from method com.google.android.apps.gsa.shared.util.permissions.a.a
W/dalvikvm( 3419): VFY: unable to resolve virtual method 387: Landroid/app/Activity;.requestPermissions ([Ljava/lang/String;I)V
D/dalvikvm( 3419): VFY: replacing opcode 0x6e at 0x002d
I/dalvikvm( 3419): Could not find method android.content.Context.checkSelfPermission, referenced from method com.google.android.apps.gsa.f.a.d
W/dalvikvm( 3419): VFY: unable to resolve virtual method 876: Landroid/content/Context;.checkSelfPermission (Ljava/lang/String;)I
D/dalvikvm( 3419): VFY: replacing opcode 0x6e at 0x0006
E/dalvikvm( 3419): Could not find class 'android.content.pm.LauncherApps', referenced from method com.google.android.apps.gsa.search.shared.multiuser.l.connect
W/dalvikvm( 3419): VFY: unable to resolve check-cast 201 (Landroid/content/pm/LauncherApps;) in Lcom/google/android/apps/gsa/search/shared/multiuser/l;
D/dalvikvm( 3419): VFY: replacing opcode 0x1f at 0x0085
E/cutils  (  244): Failed to mkdirat(/storage/sdcard1/Android): Read-only file system
W/ContextImpl( 4676): Failed to ensure directory: /storage/sdcard1/Android/data/com.google.android.youtube/cache
W/dalvikvm( 4676): Unable to resolve superclass of Lou; (392)
W/dalvikvm( 4676): Link of class 'Lou;' failed
W/dalvikvm( 4676): Unable to resolve superclass of Lox; (7177)
W/dalvikvm( 4676): Link of class 'Lox;' failed
W/dalvikvm( 4676): Unable to resolve superclass of Lpa; (7202)
W/dalvikvm( 4676): Link of class 'Lpa;' failed
E/dalvikvm( 4676): Could not find class 'pa', referenced from method ns.<init>
W/dalvikvm( 4676): VFY: unable to resolve new-instance 10052 (Lpa;) in Lns;
D/dalvikvm( 4676): VFY: replacing opcode 0x22 at 0x000e
W/dalvikvm( 4676): Unable to resolve superclass of Lou; (392)
W/dalvikvm( 4676): Link of class 'Lou;' failed
W/dalvikvm( 4676): Unable to resolve superclass of Lox; (7177)
W/dalvikvm( 4676): Link of class 'Lox;' failed
D/VoldCmdListener(  244): volume mkdirs /storage/sdcard1/Android/data/com.google.android.youtube/cache/
W/Vold    (  244): Returning OperationFailed - no handler for errno 30
E/dalvikvm( 4676): Could not find class 'ox', referenced from method ns.<init>
W/dalvikvm( 4676): VFY: unable to resolve new-instance 9977 (Lox;) in Lns;
D/dalvikvm( 4676): VFY: replacing opcode 0x22 at 0x0021
W/dalvikvm( 4676): VFY: unable to resolve static field 3211 (_SC_CLK_TCK) in Landroid/system/OsConstants;
D/dalvikvm( 4676): VFY: replacing opcode 0x60 at 0x0006
I/dalvikvm( 4676): Could not find method android.app.ActivityManager.getAppTasks, referenced from method cjg.b
W/dalvikvm( 4676): VFY: unable to resolve virtual method 3667: Landroid/app/ActivityManager;.getAppTasks ()Ljava/util/List;
D/dalvikvm( 4676): VFY: replacing opcode 0x6e at 0x000b
W/dalvikvm( 4676): Unable to resolve superclass of Lou; (392)
W/dalvikvm( 4676): Link of class 'Lou;' failed
E/dalvikvm( 4676): Could not find class 'ou', referenced from method ns.<init>
W/dalvikvm( 4676): VFY: unable to resolve new-instance 9901 (Lou;) in Lns;
D/dalvikvm( 4676): VFY: replacing opcode 0x22 at 0x0034
W/dalvikvm( 4676): Unable to resolve superclass of Lou; (392)
W/dalvikvm( 4676): Link of class 'Lou;' failed
W/dalvikvm( 4676): Unable to resolve superclass of Lox; (7177)
W/dalvikvm( 4676): Link of class 'Lox;' failed
W/dalvikvm( 4676): Unable to resolve superclass of Lpa; (7202)
W/dalvikvm( 4676): Link of class 'Lpa;' failed
D/dalvikvm( 4676): DexOpt: unable to opt direct call 0xa746 at 0x10 in Lns;.<init>
D/dalvikvm( 4676): Trying to load lib /data/app-lib/com.google.android.youtube-2/libcronet.so 0x418e7978
W/dalvikvm( 4676): Unable to resolve superclass of Lou; (392)
W/dalvikvm( 4676): Link of class 'Lou;' failed
W/dalvikvm( 4676): Unable to resolve superclass of Lox; (7177)
W/dalvikvm( 4676): Link of class 'Lox;' failed
D/dalvikvm( 4676): DexOpt: unable to opt direct call 0xa63a at 0x23 in Lns;.<init>
W/dalvikvm( 4676): Unable to resolve superclass of Lou; (392)
W/dalvikvm( 4676): Link of class 'Lou;' failed
D/dalvikvm( 4676): DexOpt: unable to opt direct call 0xa49f at 0x36 in Lns;.<init>
D/PowerManagerService(  811): sendPendingNotificationsLocked mSendGoToSleepFinishedNotificationWhenReady = false
D/LightsService(  811):  Trun on the button and after 2000s,then turn off the button !
D/dalvikvm( 4676): Added shared lib /data/app-lib/com.google.android.youtube-2/libcronet.so 0x418e7978
D/DisplayPowerController(  811): updateAmbientLux:  mLightSensorListener lux is 2.0
D/dalvikvm( 3419): GC_CONCURRENT freed 1631K, 58% free 4672K/11092K, paused 3ms+3ms, total 28ms
I/dalvikvm( 4676): Could not find method android.os.PowerManager.isInteractive, referenced from method kiv.c
W/dalvikvm( 4676): VFY: unable to resolve virtual method 1562: Landroid/os/PowerManager;.isInteractive ()Z
D/dalvikvm( 4676): VFY: replacing opcode 0x6e at 0x000e
E/cutils  (  244): Failed to mkdirat(/storage/sdcard1/Android): Read-only file system
W/ContextImpl( 4676): Failed to ensure directory: /storage/sdcard1/Android/data/com.google.android.youtube/cache
D/VoldCmdListener(  244): volume mkdirs /storage/sdcard1/Android/data/com.google.android.youtube/cache/
W/Vold    (  244): Returning OperationFailed - no handler for errno 30
I/dalvikvm( 3419): Could not find method android.view.View.setClipToOutline, referenced from method com.google.android.apps.gsa.sidekick.shared.cards.g.d
W/dalvikvm( 3419): VFY: unable to resolve virtual method 13134: Landroid/view/View;.setClipToOutline (Z)V
D/dalvikvm( 3419): VFY: replacing opcode 0x6e at 0x0010
I/dalvikvm( 3419): Could not find method android.view.View.setNestedScrollingEnabled, referenced from method com.google.android.apps.gsa.shared.ui.drawer.d.<init>
W/dalvikvm( 3419): VFY: unable to resolve virtual method 13149: Landroid/view/View;.setNestedScrollingEnabled (Z)V
D/dalvikvm( 3419): VFY: replacing opcode 0x6e at 0x0042
I/dalvikvm( 3419): Could not find method android.view.View.setOnApplyWindowInsetsListener, referenced from method com.google.android.gms.people.accountswitcherview.d.onDetachedFromWindow
W/dalvikvm( 3419): VFY: unable to resolve virtual method 13155: Landroid/view/View;.setOnApplyWindowInsetsListener (Landroid/view/View$OnApplyWindowInsetsListener;)V
D/dalvikvm( 3419): VFY: replacing opcode 0x6e at 0x000a
I/dalvikvm( 4676): Could not find method android.content.pm.PackageManager.getActivityBanner, referenced from method bsd.getActivityBanner
W/dalvikvm( 4676): VFY: unable to resolve virtual method 4057: Landroid/content/pm/PackageManager;.getActivityBanner (Landroid/content/ComponentName;)Landroid/graphics/drawable/Drawable;
D/dalvikvm( 4676): VFY: replacing opcode 0x6e at 0x0002
I/dalvikvm( 4676): Could not find method android.content.pm.PackageManager.getActivityBanner, referenced from method bsd.getActivityBanner
W/dalvikvm( 4676): VFY: unable to resolve virtual method 4058: Landroid/content/pm/PackageManager;.getActivityBanner (Landroid/content/Intent;)Landroid/graphics/drawable/Drawable;
D/dalvikvm( 4676): VFY: replacing opcode 0x6e at 0x0002
I/dalvikvm( 4676): Could not find method android.content.pm.PackageManager.getApplicationBanner, referenced from method bsd.getApplicationBanner
W/dalvikvm( 4676): VFY: unable to resolve virtual method 4065: Landroid/content/pm/PackageManager;.getApplicationBanner (Landroid/content/pm/ApplicationInfo;)Landroid/graphics/drawable/Drawable;
D/dalvikvm( 4676): VFY: replacing opcode 0x6e at 0x0002
I/dalvikvm( 4676): Could not find method android.content.pm.PackageManager.getApplicationBanner, referenced from method bsd.getApplicationBanner
W/dalvikvm( 4676): VFY: unable to resolve virtual method 4066: Landroid/content/pm/PackageManager;.getApplicationBanner (Ljava/lang/String;)Landroid/graphics/drawable/Drawable;
D/dalvikvm( 4676): VFY: replacing opcode 0x6e at 0x0002
I/dalvikvm( 4676): Could not find method android.content.pm.PackageManager.getLeanbackLaunchIntentForPackage, referenced from method bsd.getLeanbackLaunchIntentForPackage
W/dalvikvm( 4676): VFY: unable to resolve virtual method 4082: Landroid/content/pm/PackageManager;.getLeanbackLaunchIntentForPackage (Ljava/lang/String;)Landroid/content/Intent;
D/dalvikvm( 4676): VFY: replacing opcode 0x6e at 0x0002
I/dalvikvm( 4676): Could not find method android.content.pm.PackageManager.getPackageInstaller, referenced from method bsd.getPackageInstaller
W/dalvikvm( 4676): VFY: unable to resolve virtual method 4088: Landroid/content/pm/PackageManager;.getPackageInstaller ()Landroid/content/pm/PackageInstaller;
D/dalvikvm( 4676): VFY: replacing opcode 0x6e at 0x0002
