I/System.out( 5722): --BlueNear log-- R:G:B = 8:0:6
I/System.out( 5722): --BlueNear log-- R:G:B = 8:0:6
I/System.out( 5722): --BlueNear log-- R:G:B = 8:0:6
I/System.out( 5722): --BlueNear log-- R:G:B = 8:0:6
I/System.out( 5722): --BlueNear log-- R:G:B = 6:0:5
I/System.out( 5722): --BlueNear log-- R:G:B = 6:0:5
I/System.out( 5722): --BlueNear log-- R:G:B = 6:0:5
D/DisplayPowerController(  811): updateAmbientLux:  mLightSensorListener lux is 0.0
D/DisplayPowerController(  811): ZTE_PM updateAutoBrightness: useAutoBrightness = true  mAmbientLuxValid = true  mAmbientLux = 0.26526624
D/DisplayPowerController(  811): updateAutoBrightness: value=0.048380744 *255 = 12.33709
D/DisplayPowerController(  811): ZTE_PM mPowerRequest.screenState is 2
D/DisplayPowerController(  811): ZTE_PM_PROX disable ProxSensor while NO useProximitySensor 
D/DisplayPowerController(  811): ZTE_PM_PROX setProximitySensorEnabled enable = false
D/DisplayPowerController(  811): ZTE_PM  setLightSensorEnabled enable = true updateAutoBrightness = false
D/DisplayPowerState(  811): Updating screen state: onChanged=false, on= true, backlightChanged=true, backlight=12
I/System.out( 5722): --BlueNear log-- R:G:B = 6:0:5
I/System.out( 5722): --BlueNear log-- R:G:B = 6:0:5
I/System.out( 5722): --BlueNear log-- R:G:B = 6:0:5
I/System.out( 5722): --BlueNear log-- R:G:B = 6:0:5
I/System.out( 5722): --BlueNear log-- R:G:B = 5:0:4
I/System.out( 5722): --BlueNear log-- R:G:B = 5:0:4
I/System.out( 5722): --BlueNear log-- R:G:B = 5:0:4
I/System.out( 5722): --BlueNear log-- R:G:B = 5:0:4
I/System.out( 5722): --BlueNear log-- R:G:B = 5:0:4
I/System.out( 5722): --BlueNear log-- R:G:B = 5:0:4
I/System.out( 5722): --BlueNear log-- R:G:B = 5:0:4
I/System.out( 5722): --BlueNear log-- R:G:B = 4:0:3
I/System.out( 5722): --BlueNear log-- R:G:B = 4:0:3
I/System.out( 5722): --BlueNear log-- R:G:B = 4:0:3
I/System.out( 5722): --BlueNear log-- R:G:B = 4:0:3
I/System.out( 5722): --BlueNear log-- R:G:B = 4:0:3
I/System.out( 5722): --BlueNear log-- R:G:B = 4:0:3
I/System.out( 5722): --BlueNear log-- R:G:B = 4:0:3
I/System.out( 5722): --BlueNear log-- R:G:B = 4:0:3
D/dalvikvm( 5722): GC_CONCURRENT freed 2002K, 37% free 7071K/11092K, paused 4ms+5ms, total 45ms
I/System.out( 5722): --BlueNear log-- R:G:B = 4:0:3
I/System.out( 5722): --BlueNear log-- R:G:B = 4:0:3
I/System.out( 5722): --BlueNear log-- R:G:B = 4:0:3
I/System.out( 5722): --BlueNear log-- R:G:B = 4:0:3
I/System.out( 5722): --BlueNear log-- R:G:B = 4:0:3
I/System.out( 5722): --BlueNear log-- R:G:B = 4:0:3
I/System.out( 5722): --BlueNear log-- R:G:B = 4:0:3
I/System.out( 5722): --BlueNear log-- R:G:B = 4:0:3
I/System.out( 5722): --BlueNear log-- R:G:B = 4:0:3
I/System.out( 5722): --BlueNear log-- R:G:B = 4:0:3
I/System.out( 5722): --BlueNear log-- R:G:B = 4:0:3
I/System.out( 5722): --BlueNear log-- R:G:B = 4:0:3
I/System.out( 5722): --BlueNear log-- R:G:B = 4:0:3
I/System.out( 5722): --BlueNear log-- R:G:B = 4:0:3
I/System.out( 5722): --BlueNear log-- R:G:B = 4:0:3
I/System.out( 5722): --BlueNear log-- R:G:B = 4:0:3
I/System.out( 5722): --BlueNear log-- R:G:B = 4:0:3
I/System.out( 5722): --BlueNear log-- R:G:B = 4:0:3
I/System.out( 5722): --BlueNear log-- R:G:B = 4:0:3
I/System.out( 5722): --BlueNear log-- R:G:B = 4:0:3
I/System.out( 5722): --BlueNear log-- R:G:B = 4:0:3
I/System.out( 5722): --BlueNear log-- R:G:B = 4:0:3
I/System.out( 5722): --BlueNear log-- R:G:B = 4:0:3
I/System.out( 5722): --BlueNear log-- R:G:B = 4:0:3
I/System.out( 5722): --BlueNear log-- R:G:B = 4:0:3
I/System.out( 5722): --BlueNear log-- R:G:B = 4:0:3
I/System.out( 5722): --BlueNear log-- R:G:B = 4:0:3
I/System.out( 5722): --BlueNear log-- R:G:B = 4:0:3
I/System.out( 5722): --BlueNear log-- R:G:B = 4:0:3
I/System.out( 5722): --BlueNear log-- R:G:B = 4:0:3
I/System.out( 5722): --BlueNear log-- R:G:B = 4:0:3
I/System.out( 5722): --BlueNear log-- R:G:B = 4:0:3
I/System.out( 5722): --BlueNear log-- R:G:B = 4:0:3
I/System.out( 5722): --BlueNear log-- R:G:B = 4:0:3
I/System.out( 5722): --BlueNear log-- R:G:B = 4:0:3
I/System.out( 5722): --BlueNear log-- R:G:B = 4:0:3
I/System.out( 5722): --BlueNear log-- R:G:B = 5:0:4
I/System.out( 5722): --BlueNear log-- R:G:B = 5:0:4
I/System.out( 5722): --BlueNear log-- R:G:B = 5:0:4
I/System.out( 5722): --BlueNear log-- R:G:B = 5:0:4
I/System.out( 5722): --BlueNear log-- R:G:B = 5:0:4
I/System.out( 5722): --BlueNear log-- R:G:B = 5:0:4
I/System.out( 5722): --BlueNear log-- R:G:B = 5:0:4
I/System.out( 5722): --BlueNear log-- R:G:B = 5:0:4
I/System.out( 5722): --BlueNear log-- R:G:B = 5:0:4
I/System.out( 5722): --BlueNear log-- R:G:B = 5:0:4
I/System.out( 5722): --BlueNear log-- R:G:B = 5:0:4
I/System.out( 5722): --BlueNear log-- R:G:B = 5:0:4
I/System.out( 5722): --BlueNear log-- R:G:B = 5:0:4
I/System.out( 5722): --BlueNear log-- R:G:B = 5:0:4
I/System.out( 5722): --BlueNear log-- R:G:B = 5:0:4
I/System.out( 5722): --BlueNear log-- R:G:B = 5:0:4
I/System.out( 5722): --BlueNear log-- R:G:B = 5:0:4
I/System.out( 5722): --BlueNear log-- R:G:B = 5:0:4
I/System.out( 5722): --BlueNear log-- R:G:B = 5:0:4
I/System.out( 5722): --BlueNear log-- R:G:B = 5:0:4
I/System.out( 5722): --BlueNear log-- R:G:B = 5:0:4
I/System.out( 5722): --BlueNear log-- R:G:B = 5:0:4
I/System.out( 5722): --BlueNear log-- R:G:B = 5:0:4
I/System.out( 5722): --BlueNear log-- R:G:B = 5:0:4
I/System.out( 5722): --BlueNear log-- R:G:B = 5:0:4
I/System.out( 5722): --BlueNear log-- R:G:B = 5:0:4
I/System.out( 5722): --BlueNear log-- R:G:B = 5:0:4
I/System.out( 5722): --BlueNear log-- R:G:B = 5:0:4
I/System.out( 5722): --BlueNear log-- R:G:B = 5:0:4
I/System.out( 5722): --BlueNear log-- R:G:B = 5:0:4
I/System.out( 5722): --BlueNear log-- R:G:B = 5:0:4
I/System.out( 5722): --BlueNear log-- R:G:B = 5:0:4
I/System.out( 5722): --BlueNear log-- R:G:B = 5:0:4
I/System.out( 5722): --BlueNear log-- R:G:B = 5:0:4
I/System.out( 5722): --BlueNear log-- R:G:B = 5:0:4
I/System.out( 5722): --BlueNear log-- R:G:B = 5:0:4
I/System.out( 5722): --BlueNear log-- R:G:B = 5:0:4
I/System.out( 5722): --BlueNear log-- R:G:B = 5:0:4
I/System.out( 5722): --BlueNear log-- R:G:B = 5:0:4
I/System.out( 5722): --BlueNear log-- R:G:B = 5:0:4
I/System.out( 5722): --BlueNear log-- R:G:B = 5:0:4
I/System.out( 5722): --BlueNear log-- R:G:B = 5:0:4
I/System.out( 5722): --BlueNear log-- R:G:B = 5:0:4
I/System.out( 5722): --BlueNear log-- R:G:B = 5:0:4
I/System.out( 5722): --BlueNear log-- R:G:B = 5:0:4
I/System.out( 5722): --BlueNear log-- R:G:B = 4:0:4
I/System.out( 5722): --BlueNear log-- R:G:B = 4:0:4
I/System.out( 5722): --BlueNear log-- R:G:B = 4:0:4
I/System.out( 5722): --BlueNear log-- R:G:B = 4:0:4
I/System.out( 5722): --BlueNear log-- R:G:B = 4:0:4
I/System.out( 5722): --BlueNear log-- R:G:B = 4:0:4
I/System.out( 5722): --BlueNear log-- R:G:B = 4:0:4
I/System.out( 5722): --BlueNear log-- R:G:B = 4:0:3
I/System.out( 5722): --BlueNear log-- R:G:B = 4:0:3
I/System.out( 5722): --BlueNear log-- R:G:B = 4:0:3
I/System.out( 5722): --BlueNear log-- R:G:B = 4:0:3
I/System.out( 5722): --BlueNear log-- R:G:B = 4:0:3
I/System.out( 5722): --BlueNear log-- R:G:B = 4:0:3
I/System.out( 5722): --BlueNear log-- R:G:B = 4:0:3
D/dalvikvm( 5722): GC_CONCURRENT freed 1970K, 37% free 7075K/11092K, paused 4ms+3ms, total 41ms
I/System.out( 5722): --BlueNear log-- R:G:B = 4:0:3
I/System.out( 5722): --BlueNear log-- R:G:B = 4:0:3
I/System.out( 5722): --BlueNear log-- R:G:B = 4:0:3
I/System.out( 5722): --BlueNear log-- R:G:B = 4:0:3
I/System.out( 5722): --BlueNear log-- R:G:B = 4:0:3
I/System.out( 5722): --BlueNear log-- R:G:B = 4:0:3
I/System.out( 5722): --BlueNear log-- R:G:B = 4:0:3
I/System.out( 5722): --BlueNear log-- R:G:B = 4:0:3
I/System.out( 5722): --BlueNear log-- R:G:B = 4:0:3
I/System.out( 5722): --BlueNear log-- R:G:B = 4:0:3
I/System.out( 5722): --BlueNear log-- R:G:B = 5:0:4
I/System.out( 5722): --BlueNear log-- R:G:B = 5:0:4
I/System.out( 5722): --BlueNear log-- R:G:B = 5:0:4
I/System.out( 5722): --BlueNear log-- R:G:B = 5:0:4
I/System.out( 5722): --BlueNear log-- R:G:B = 5:0:4
I/System.out( 5722): --BlueNear log-- R:G:B = 5:0:4
I/System.out( 5722): --BlueNear log-- R:G:B = 5:0:4
I/System.out( 5722): --BlueNear log-- R:G:B = 5:0:4
I/System.out( 5722): --BlueNear log-- R:G:B = 5:0:4
I/System.out( 5722): --BlueNear log-- R:G:B = 5:0:4
I/System.out( 5722): --BlueNear log-- R:G:B = 5:0:4
I/System.out( 5722): --BlueNear log-- R:G:B = 5:0:4
I/System.out( 5722): --BlueNear log-- R:G:B = 5:0:4
I/System.out( 5722): --BlueNear log-- R:G:B = 6:0:4
I/System.out( 5722): --BlueNear log-- R:G:B = 6:0:4
I/System.out( 5722): --BlueNear log-- R:G:B = 6:0:4
I/System.out( 5722): --BlueNear log-- R:G:B = 6:0:4
I/System.out( 5722): --BlueNear log-- R:G:B = 6:0:4
I/System.out( 5722): --BlueNear log-- R:G:B = 6:0:4
I/System.out( 5722): --BlueNear log-- R:G:B = 6:0:4
I/System.out( 5722): --BlueNear log-- R:G:B = 6:0:5
I/System.out( 5722): --BlueNear log-- R:G:B = 6:0:5
D/dalvikvm( 5722): GC_CONCURRENT freed 2029K, 36% free 7112K/11092K, paused 3ms+4ms, total 37ms
D/DisplayPowerController(  811): ZTE_PM updateAutoBrightness: useAutoBrightness = true  mAmbientLuxValid = true  mAmbientLux = 0.08842209
D/DisplayPowerController(  811): updateAutoBrightness: value=0.047498517 *255 = 12.112122
D/UsbDeviceConnectionJNI( 5722): close
D/ProcessRequestThread::( 5722): Device has been closed.
D/BulkIn::( 5722): Stop BulkIn thread
W/System.err( 5722): java.lang.InterruptedException
W/System.err( 5722): 	at java.util.concurrent.locks.AbstractQueuedSynchronizer.doAcquireSharedInterruptibly(AbstractQueuedSynchronizer.java:975)
W/System.err( 5722): 	at java.util.concurrent.locks.AbstractQueuedSynchronizer.acquireSharedInterruptibly(AbstractQueuedSynchronizer.java:1281)
W/System.err( 5722): 	at java.util.concurrent.Semaphore.acquire(Semaphore.java:283)
W/System.err( 5722): 	at com.ftdi.j2xx.ProcessInCtrl.acquireReadableBuffer(FT_Device.java:2294)
W/System.err( 5722): 	at com.ftdi.j2xx.ProcessRequestWorker.run(FT_Device.java:2764)
W/System.err( 5722): 	at java.lang.Thread.run(Thread.java:841)
W/System.err( 5722): java.lang.NullPointerException
D/dalvikvm( 5722): GC_CONCURRENT freed 2105K, 37% free 7071K/11092K, paused 1ms+2ms, total 34ms
W/System.err( 5722): 	at com.ftdi.j2xx.ProcessInCtrl.purgeINData(FT_Device.java:2602)
W/System.err( 5722): 	at com.ftdi.j2xx.BulkInWorker.run(FT_Device.java:2880)
W/System.err( 5722): 	at java.lang.Thread.run(Thread.java:841)
E/MRReaderWriter( 5722): AL00VW5E: comm timeout read: header: unable to read 5 bytes in 164 ms: [55 aa 80 40 1e]
W/RobotCore( 5722): could not read Modern Robotics USB DC Motor Controller [AL00VW5E]: comm timeout read: header: unable to read 5 bytes in 164 ms
W/RobotCore( 5722): error: closed: FT_Device.read()=-1
V/RobotUsbDeviceFtdi( 5722): closing AL00VW5E
V/RobotCore( 5722): thread: ...terminating 'r/w loop: Modern Robotics USB DC Motor Controller [AL00VW5E]'
D/RobotCore( 5722): system telemetry: key=$System$Warning$ msg="problem communicating with Modern Robotics USB DC Motor Controller [AL00VW5E]"
V/RobotCore( 5722): event loop: device has shutdown abnormally
V/RobotCore( 5722): event loop: detaching device owner
I/FIRST   ( 5722): ======= MODULE DETACH RECOVERY: disarm Modern Robotics USB DC Motor Controller [AL00VW5E]=======
D/RobotCore( 5722): disarming modern motor controller Modern Robotics USB DC Motor Controller [AL00VW5E]...
V/RobotCore( 5722): executive service ReadWriteRunnable for Modern Robotics USB Device is terminated
V/RobotUsbDeviceFtdi( 5722): closing AL00VW5E
D/RobotCore( 5722): ...disarming modern motor controller Modern Robotics USB DC Motor Controller [AL00VW5E] complete
I/FIRST   ( 5722): ======= MODULE DETACH RECOVERY: pretend Modern Robotics USB DC Motor Controller [AL00VW5E]=======
D/RobotCore( 5722): arming modern motor controller Modern Robotics USB DC Motor Controller [AL00VW5E] (pretend)...
V/RobotCore( 5722): Starting up pretend device AL00VW5E
E/MediaPlayer-JNI( 5722): QCMediaPlayer mediaplayer NOT present
D/Sonivox (  268): file[-1199075144]: EAS_HWOpenFile ---->. mDrmManagerClient[0], mDrmBufOffset[0], mDrmBufSize[0], mDrmBuf[0]
D/Sonivox (  268): wangchong: path is NULL
D/PRDrmPlugIn(  266): PRDrmPlugin::onInitialize, uniqueId = 5201
D/PRDrmPlugIn(  266): PRDrmPlugin::onSetOnInfoListener: starts! uniqueId = 5201
D/PRDrmPlugIn(  266): PRDrmPlugin::onSetOnInfoListener: ends!
V/RobotCore( 5722): thread: 'r/w loop: Modern Robotics USB DC Motor Controller [AL00VW5E]' starting...
D/Sonivox (  268): [qwu ]FileSource::canHandle()begin 
D/Sonivox (  268): [qwu ]FileSource::canHandle()end 
D/RobotCore( 5722): ...arming modern motor controller Modern Robotics USB DC Motor Controller [AL00VW5E] complete
D/Sonivox (  268): [qwu ]FileSource::canHandle() OK 
D/Sonivox (  268): [qwu ]FileSource::canHandle() failed 
I/FIRST   ( 5722): ======= MODULE DETACH RECOVERY: complete Modern Robotics USB DC Motor Controller [AL00VW5E]=======
D/PRDrmPlugIn(  266): PRDrmPlugin::onTerminate, uniqueId = 5201
D/Sonivox (  268): file[-1199075144]: EAS_HWOpenFile <----. mDrmManagerClient[0], mDrmBufOffset[0], mDrmBufSize[0], mDrmBuf[0]
D/Sonivox (  268): file[-1199075144]: EAS_HWCloseFile ---->. mDrmManagerClient[0], mDrmBufOffset[0], mDrmBufSize[0], mDrmBuf[0]
D/Sonivox (  268): file[-1199075144]: EAS_HWCloseFile <----. mDrmManagerClient[0], mDrmBufOffset[0], mDrmBufSize[0], mDrmBuf[0]
I/ExtendedUtils(  268): AV Sync late margin : Intended=40ms Using=0ms
D/Utils   (  268): printFileName fd(38) -> /data/app/com.qualcomm.ftcrobotcontroller-1.apk
D/LockScreen_KeyguardViewMediator(  978): setHidden false
D/LockScreen_KeyguardUpdateMonitor(  978): sendKeyguardVisibilityChanged(true)
D/LockScreen_KeyguardUpdateMonitor(  978): handleKeyguardVisibilityChanged(1)
D/PRDrmPlugIn(  266): PRDrmPlugin::onInitialize, uniqueId = 5926
D/PRDrmPlugIn(  266): PRDrmPlugin::onSetOnInfoListener: starts! uniqueId = 5926
D/PRDrmPlugIn(  266): PRDrmPlugin::onSetOnInfoListener: ends!
D/PRDrmPlugIn(  266): PRDrmPlugin::onTerminate, uniqueId = 5926
D/ExtendedUtils(  268): extended extractor not needed, return default
D/AudioPolicyManager(  268): copl: isOffloadSupported: SR=44100, CM=0x0, Format=0x17000001, StreamType=3, BitRate=4294967295, duration=1043650 us, has_video=0
D/AudioPolicyManager(  268): copl: PCM offload disabled by property audio.offload.pcm.enable
I/AwesomePlayer(  268): Could not offload audio decode, try pcm offload
D/AudioPolicyManager(  268): copl: isOffloadSupported: SR=44100, CM=0x0, Format=0x17000001, StreamType=3, BitRate=4294967295, duration=1043650 us, has_video=0
D/AudioPolicyManager(  268): copl: PCM offload disabled by property audio.offload.pcm.enable
E/MediaPlayer( 5722): Should have subtitle controller already set
D/Sonivox (  268): file[-1199075144]: EAS_HWOpenFile ---->. mDrmManagerClient[0], mDrmBufOffset[0], mDrmBufSize[0], mDrmBuf[0]
D/Sonivox (  268): wangchong: path is NULL
D/PRDrmPlugIn(  266): PRDrmPlugin::onInitialize, uniqueId = 5606
D/PRDrmPlugIn(  266): PRDrmPlugin::onSetOnInfoListener: starts! uniqueId = 5606
D/PRDrmPlugIn(  266): PRDrmPlugin::onSetOnInfoListener: ends!
D/Sonivox (  268): [qwu ]FileSource::canHandle()begin 
D/Sonivox (  268): [qwu ]FileSource::canHandle()end 
D/Sonivox (  268): [qwu ]FileSource::canHandle() OK 
D/Sonivox (  268): [qwu ]FileSource::canHandle() failed 
D/PRDrmPlugIn(  266): PRDrmPlugin::onTerminate, uniqueId = 5606
D/Sonivox (  268): file[-1199075144]: EAS_HWOpenFile <----. mDrmManagerClient[0], mDrmBufOffset[0], mDrmBufSize[0], mDrmBuf[0]
D/Sonivox (  268): file[-1199075144]: EAS_HWCloseFile ---->. mDrmManagerClient[0], mDrmBufOffset[0], mDrmBufSize[0], mDrmBuf[0]
D/Sonivox (  268): file[-1199075144]: EAS_HWCloseFile <----. mDrmManagerClient[0], mDrmBufOffset[0], mDrmBufSize[0], mDrmBuf[0]
I/ExtendedUtils(  268): AV Sync late margin : Intended=40ms Using=0ms
D/Utils   (  268): printFileName fd(39) -> /data/app/com.qualcomm.ftcrobotcontroller-1.apk
D/PRDrmPlugIn(  266): PRDrmPlugin::onInitialize, uniqueId = 7157
D/PRDrmPlugIn(  266): PRDrmPlugin::onSetOnInfoListener: starts! uniqueId = 7157
D/PRDrmPlugIn(  266): PRDrmPlugin::onSetOnInfoListener: ends!
D/PRDrmPlugIn(  266): PRDrmPlugin::onTerminate, uniqueId = 7157
D/LockScreen_KeyguardViewMediator(  978): setHidden false
D/LockScreen_KeyguardUpdateMonitor(  978): sendKeyguardVisibilityChanged(true)
D/LockScreen_KeyguardUpdateMonitor(  978): handleKeyguardVisibilityChanged(1)
D/ExtendedUtils(  268): extended extractor not needed, return default
D/AudioPolicyManager(  268): copl: isOffloadSupported: SR=44100, CM=0x0, Format=0x17000001, StreamType=-1, BitRate=4294967295, duration=1043650 us, has_video=0
D/AudioPolicyManager(  268): copl: isOffloadSupported: stream_type != MUSIC, returning false
I/AwesomePlayer(  268): Could not offload audio decode, try pcm offload
D/AudioPolicyManager(  268): copl: isOffloadSupported: SR=44100, CM=0x0, Format=0x17000001, StreamType=-1, BitRate=4294967295, duration=1043650 us, has_video=0
D/AudioPolicyManager(  268): copl: isOffloadSupported: stream_type != MUSIC, returning false
D/AudioPlayer(  268): start of Playback, useOffload 0
E/MRReaderWriter( 5722): AL00VVUU: comm timeout read: header: unable to read 5 bytes in 164 ms: [55 aa 80 40 1e]
W/RobotCore( 5722): could not read Modern Robotics USB DC Motor Controller [AL00VVUU]: comm timeout read: header: unable to read 5 bytes in 164 ms
D/AudioPlayer(  268): Pause Playback at 928798
D/AudioPlayer(  268): reset: mPlaying=0 mReachedEOS=1 useOffload=0
D/AudioPolicyManager(  268):  getOutput() device 2, stream 3, samplingRate 0, format 0, channelMask 3, flags 0 
D/AudioPolicyManager(  268): getOutput() returns output 2
D/AudioPolicyManager(  268):  getOutput() device 2, stream 3, samplingRate 0, format 0, channelMask 3, flags 0 
D/AudioPolicyManager(  268): getOutput() returns output 2
D/AudioPolicyManager(  268):  getOutput() device 2, stream 3, samplingRate 44100, format 1, channelMask 3, flags 4 
D/AudioPolicyManager(  268): getOutput() returns output 3
D/AudioFlinger(  268): start(4100), calling pid 5722 session 79
D/AudioFlinger(  268): ? => ACTIVE (4100) on thread 0xb88988e0
D/AudioPolicyManagerBase(  268): startOutput() output 3, stream 3, session 79
D/audio_hw_primary(  268): start_output_stream: enter: stream(0xb885f960)usecase(1: low-latency-playback) devices(0x2)
D/audio_hw_primary(  268): select_devices: out_snd_device(2: speaker) in_snd_device(0: )
D/hardware_info(  268): hw_info_append_hw_type : device_name = speaker
I/listen_hal_loader(  268): audio_extn_listen_update_device_status(): device 0x2 of type 0 for Event 1, with Raise=0
D/ACDB-LOADER(  268): ACDB -> send_audio_cal, acdb_id = 14, path =  0
D/ACDB-LOADER(  268): ACDB -> send_adm_topology
D/ACDB-LOADER(  268): ACDB -> ACDB_CMD_GET_AUDPROC_COMMON_TOPOLOGY_ID
D/ACDB-LOADER(  268): ACDB -> send_asm_topology
D/ACDB-LOADER(  268): ACDB -> ACDB_CMD_GET_AUDPROC_STREAM_TOPOLOGY_ID
D/ACDB-LOADER(  268): ACDB -> send_audtable
D/ACDB-LOADER(  268): ACDB -> ACDB_CMD_GET_AUDPROC_COMMON_TABLE
D/ACDB-LOADER(  268): ACDB -> AUDIO_SET_AUDPROC_CAL
D/ACDB-LOADER(  268): ACDB -> send_audvoltable
D/ACDB-LOADER(  268): ACDB -> ACDB_CMD_GET_AUDPROC_GAIN_DEP_STEP_TABLE
D/ACDB-LOADER(  268): ACDB -> AUDIO_SET_AUDPROC_VOL_CAL
D/ACDB-LOADER(  268): ACDB -> send_afe_cal
D/ACDB-LOADER(  268): ACDB -> ACDB_CMD_GET_AFE_COMMON_TABLE
D/ACDB-LOADER(  268): ACDB -> AUDIO_SET_AFE_CAL
D/PowerManagerService(  811): sendPendingNotificationsLocked mSendGoToSleepFinishedNotificationWhenReady = false
I/listen_hal_loader(  268): audio_extn_listen_update_stream_status(): uc_id 1 of type 0 for Event 3, with Raise=0
D/audio_hw_primary(  268): select_devices: done
D/ACDB-LOADER(  268): ACDB -> send_audio_cal, acdb_id = 14, path =  0
D/ACDB-LOADER(  268): ACDB -> send_adm_topology
D/ACDB-LOADER(  268): ACDB -> ACDB_CMD_GET_AUDPROC_COMMON_TOPOLOGY_ID
D/ACDB-LOADER(  268): ACDB -> send_asm_topology
D/ACDB-LOADER(  268): ACDB -> ACDB_CMD_GET_AUDPROC_STREAM_TOPOLOGY_ID
D/ACDB-LOADER(  268): ACDB -> send_audtable
D/ACDB-LOADER(  268): ACDB -> ACDB_CMD_GET_AUDPROC_COMMON_TABLE
D/ACDB-LOADER(  268): ACDB -> AUDIO_SET_AUDPROC_CAL
D/ACDB-LOADER(  268): ACDB -> send_audvoltable
D/ACDB-LOADER(  268): ACDB -> ACDB_CMD_GET_AUDPROC_GAIN_DEP_STEP_TABLE
D/ACDB-LOADER(  268): ACDB -> AUDIO_SET_AUDPROC_VOL_CAL
D/ACDB-LOADER(  268): ACDB -> send_afe_cal
D/ACDB-LOADER(  268): ACDB -> ACDB_CMD_GET_AFE_COMMON_TABLE
D/ACDB-LOADER(  268): ACDB -> AUDIO_SET_AFE_CAL
E/MRReaderWriter( 5722): AL00XOKN: comm timeout read: header: unable to read 5 bytes in 164 ms: [55 aa 80 40 09]
W/RobotCore( 5722): could not read Modern Robotics USB Servo Controller [AL00XOKN]: comm timeout read: header: unable to read 5 bytes in 164 ms
E/MRReaderWriter( 5722): AL00VE3C: comm timeout read: header: unable to read 5 bytes in 164 ms: [55 aa 80 30 20]
W/RobotCore( 5722): could not read Modern Robotics USB Core Device Interface Module [AL00VE3C]: comm timeout read: header: unable to read 5 bytes in 164 ms
E/MRReaderWriter( 5722): AL00XROI: comm timeout write: header: unable to read 5 bytes in 164 ms: [55 aa 00 4f 01]
W/RobotCore( 5722): could not write to Modern Robotics USB Legacy Module [AL00XROI]: comm timeout write: header: unable to read 5 bytes in 164 ms
D/LockScreen_KeyguardViewMediator(  978): setHidden false
D/LockScreen_KeyguardUpdateMonitor(  978): sendKeyguardVisibilityChanged(true)
D/LockScreen_KeyguardUpdateMonitor(  978): handleKeyguardVisibilityChanged(1)
E/MRReaderWriter( 5722): AL00VS9P: comm timeout read: payload: unable to read 30 bytes in 360 ms: [55 aa 80 40 1e]
W/RobotCore( 5722): could not read Modern Robotics USB DC Motor Controller [AL00VS9P]: comm timeout read: payload: unable to read 30 bytes in 360 ms
E/MRReaderWriter( 5722): AL00VVUU: comm timeout read: sync0: unable to read 1 bytes in 124 ms: [55 aa 80 40 1e]
W/RobotCore( 5722): could not read Modern Robotics USB DC Motor Controller [AL00VVUU]: comm timeout read: sync0: unable to read 1 bytes in 124 ms
E/MRReaderWriter( 5722): AL00VE3C: comm timeout read: sync0: unable to read 1 bytes in 124 ms: [55 aa 80 03 15]
W/RobotCore( 5722): could not read Modern Robotics USB Core Device Interface Module [AL00VE3C]: comm timeout read: sync0: unable to read 1 bytes in 124 ms
E/MRReaderWriter( 5722): AL00XOKN: comm timeout read: sync0: unable to read 1 bytes in 124 ms: [55 aa 80 40 09]
W/RobotCore( 5722): could not read Modern Robotics USB Servo Controller [AL00XOKN]: comm timeout read: sync0: unable to read 1 bytes in 124 ms
E/MRReaderWriter( 5722): AL00XROI: comm timeout read: sync0: unable to read 1 bytes in 124 ms: [55 aa 80 03 0d]
W/RobotCore( 5722): could not read Modern Robotics USB Legacy Module [AL00XROI]: comm timeout read: sync0: unable to read 1 bytes in 124 ms
D/LockScreen_KeyguardViewMediator(  978): setHidden false
D/LockScreen_KeyguardUpdateMonitor(  978): sendKeyguardVisibilityChanged(true)
D/LockScreen_KeyguardUpdateMonitor(  978): handleKeyguardVisibilityChanged(1)
E/MRReaderWriter( 5722): AL00VS9P: comm timeout write: sync0: unable to read 1 bytes in 124 ms: [55 aa 00 40 1e]
W/RobotCore( 5722): could not write to Modern Robotics USB DC Motor Controller [AL00VS9P]: comm timeout write: sync0: unable to read 1 bytes in 124 ms
E/MRReaderWriter( 5722): AL00VVUU: comm timeout read: sync0: unable to read 1 bytes in 124 ms: [55 aa 80 40 1e]
W/RobotCore( 5722): could not read Modern Robotics USB DC Motor Controller [AL00VVUU]: comm timeout read: sync0: unable to read 1 bytes in 124 ms
E/MRReaderWriter( 5722): AL00VE3C: comm timeout write: sync0: unable to read 1 bytes in 124 ms: [55 aa 00 30 20]
W/RobotCore( 5722): could not write to Modern Robotics USB Core Device Interface Module [AL00VE3C]: comm timeout write: sync0: unable to read 1 bytes in 124 ms
E/MRReaderWriter( 5722): AL00XOKN: comm timeout read: sync0: unable to read 1 bytes in 124 ms: [55 aa 80 40 09]
W/RobotCore( 5722): could not read Modern Robotics USB Servo Controller [AL00XOKN]: comm timeout read: sync0: unable to read 1 bytes in 124 ms
D/LockScreen_KeyguardViewMediator(  978): setHidden false
D/LockScreen_KeyguardUpdateMonitor(  978): sendKeyguardVisibilityChanged(true)
D/LockScreen_KeyguardUpdateMonitor(  978): handleKeyguardVisibilityChanged(1)
E/MRReaderWriter( 5722): AL00XROI: comm timeout write: sync0: unable to read 1 bytes in 124 ms: [55 aa 00 6f 01]
W/RobotCore( 5722): could not write to Modern Robotics USB Legacy Module [AL00XROI]: comm timeout write: sync0: unable to read 1 bytes in 124 ms
E/MRReaderWriter( 5722): AL00VS9P: comm timeout read: sync0: unable to read 1 bytes in 124 ms: [55 aa 80 40 1e]
W/RobotCore( 5722): could not read Modern Robotics USB DC Motor Controller [AL00VS9P]: comm timeout read: sync0: unable to read 1 bytes in 124 ms
E/MRReaderWriter( 5722): AL00VVUU: comm timeout read: sync0: unable to read 1 bytes in 124 ms: [55 aa 80 40 1e]
W/RobotCore( 5722): could not read Modern Robotics USB DC Motor Controller [AL00VVUU]: comm timeout read: sync0: unable to read 1 bytes in 124 ms
E/MRReaderWriter( 5722): AL00VE3C: comm timeout read: sync0: unable to read 1 bytes in 124 ms: [55 aa 80 03 15]
W/RobotCore( 5722): could not read Modern Robotics USB Core Device Interface Module [AL00VE3C]: comm timeout read: sync0: unable to read 1 bytes in 124 ms
D/LockScreen_KeyguardViewMediator(  978): setHidden false
D/LockScreen_KeyguardUpdateMonitor(  978): sendKeyguardVisibilityChanged(true)
D/LockScreen_KeyguardUpdateMonitor(  978): handleKeyguardVisibilityChanged(1)
E/MRReaderWriter( 5722): AL00XOKN: comm timeout read: sync0: unable to read 1 bytes in 124 ms: [55 aa 80 40 09]
W/RobotCore( 5722): could not read Modern Robotics USB Servo Controller [AL00XOKN]: comm timeout read: sync0: unable to read 1 bytes in 124 ms
E/MRReaderWriter( 5722): AL00XROI: comm timeout read: sync0: unable to read 1 bytes in 124 ms: [55 aa 80 03 0d]
W/RobotCore( 5722): could not read Modern Robotics USB Legacy Module [AL00XROI]: comm timeout read: sync0: unable to read 1 bytes in 124 ms
E/MRReaderWriter( 5722): AL00VS9P: comm timeout write: sync0: unable to read 1 bytes in 124 ms: [55 aa 00 40 1e]
W/RobotCore( 5722): could not write to Modern Robotics USB DC Motor Controller [AL00VS9P]: comm timeout write: sync0: unable to read 1 bytes in 124 ms
D/LockScreen_KeyguardViewMediator(  978): setHidden false
D/LockScreen_KeyguardUpdateMonitor(  978): sendKeyguardVisibilityChanged(true)
D/LockScreen_KeyguardUpdateMonitor(  978): handleKeyguardVisibilityChanged(1)
E/MRReaderWriter( 5722): AL00VVUU: comm timeout read: sync0: unable to read 1 bytes in 124 ms: [55 aa 80 40 1e]
W/RobotCore( 5722): could not read Modern Robotics USB DC Motor Controller [AL00VVUU]: comm timeout read: sync0: unable to read 1 bytes in 124 ms
E/MRReaderWriter( 5722): AL00VE3C: comm timeout write: sync0: unable to read 1 bytes in 124 ms: [55 aa 00 30 20]
W/RobotCore( 5722): could not write to Modern Robotics USB Core Device Interface Module [AL00VE3C]: comm timeout write: sync0: unable to read 1 bytes in 124 ms
E/MRReaderWriter( 5722): AL00XOKN: comm timeout read: sync0: unable to read 1 bytes in 124 ms: [55 aa 80 40 09]
W/RobotCore( 5722): could not read Modern Robotics USB Servo Controller [AL00XOKN]: comm timeout read: sync0: unable to read 1 bytes in 124 ms
E/MRReaderWriter( 5722): AL00XROI: comm timeout write: sync0: unable to read 1 bytes in 124 ms: [55 aa 00 90 20]
W/RobotCore( 5722): could not write to Modern Robotics USB Legacy Module [AL00XROI]: comm timeout write: sync0: unable to read 1 bytes in 124 ms
D/LockScreen_KeyguardViewMediator(  978): setHidden false
D/LockScreen_KeyguardUpdateMonitor(  978): sendKeyguardVisibilityChanged(true)
D/LockScreen_KeyguardUpdateMonitor(  978): handleKeyguardVisibilityChanged(1)
E/MRReaderWriter( 5722): AL00VS9P: comm timeout read: sync0: unable to read 1 bytes in 124 ms: [55 aa 80 40 1e]
W/RobotCore( 5722): could not read Modern Robotics USB DC Motor Controller [AL00VS9P]: comm timeout read: sync0: unable to read 1 bytes in 124 ms
E/MRReaderWriter( 5722): AL00VVUU: comm timeout read: sync0: unable to read 1 bytes in 124 ms: [55 aa 80 40 1e]
W/RobotCore( 5722): could not read Modern Robotics USB DC Motor Controller [AL00VVUU]: comm timeout read: sync0: unable to read 1 bytes in 124 ms
E/MRReaderWriter( 5722): AL00VE3C: comm timeout read: sync0: unable to read 1 bytes in 124 ms: [55 aa 80 03 15]
W/RobotCore( 5722): could not read Modern Robotics USB Core Device Interface Module [AL00VE3C]: comm timeout read: sync0: unable to read 1 bytes in 124 ms
E/MRReaderWriter( 5722): AL00XOKN: comm timeout read: sync0: unable to read 1 bytes in 124 ms: [55 aa 80 40 09]
W/RobotCore( 5722): could not read Modern Robotics USB Servo Controller [AL00XOKN]: comm timeout read: sync0: unable to read 1 bytes in 124 ms
E/MRReaderWriter( 5722): AL00XROI: comm timeout read: sync0: unable to read 1 bytes in 124 ms: [55 aa 80 03 0d]
W/RobotCore( 5722): could not read Modern Robotics USB Legacy Module [AL00XROI]: comm timeout read: sync0: unable to read 1 bytes in 124 ms
D/DisplayPowerController(  811): ZTE_PM updateAutoBrightness: useAutoBrightness = true  mAmbientLuxValid = true  mAmbientLux = 0.029454391
D/DisplayPowerController(  811): updateAutoBrightness: value=0.04720519 *255 = 12.037324
D/LockScreen_KeyguardViewMediator(  978): setHidden false
D/LockScreen_KeyguardUpdateMonitor(  978): sendKeyguardVisibilityChanged(true)
D/LockScreen_KeyguardUpdateMonitor(  978): handleKeyguardVisibilityChanged(1)
E/MRReaderWriter( 5722): AL00VS9P: comm timeout write: sync0: unable to read 1 bytes in 124 ms: [55 aa 00 40 1e]
W/RobotCore( 5722): could not write to Modern Robotics USB DC Motor Controller [AL00VS9P]: comm timeout write: sync0: unable to read 1 bytes in 124 ms
E/MRReaderWriter( 5722): AL00VVUU: comm timeout read: sync0: unable to read 1 bytes in 124 ms: [55 aa 80 40 1e]
W/RobotCore( 5722): could not read Modern Robotics USB DC Motor Controller [AL00VVUU]: comm timeout read: sync0: unable to read 1 bytes in 124 ms
E/MRReaderWriter( 5722): AL00VE3C: comm timeout write: sync0: unable to read 1 bytes in 124 ms: [55 aa 00 30 20]
W/RobotCore( 5722): could not write to Modern Robotics USB Core Device Interface Module [AL00VE3C]: comm timeout write: sync0: unable to read 1 bytes in 124 ms
E/MRReaderWriter( 5722): AL00XOKN: comm timeout read: sync0: unable to read 1 bytes in 124 ms: [55 aa 80 40 09]
W/RobotCore( 5722): could not read Modern Robotics USB Servo Controller [AL00XOKN]: comm timeout read: sync0: unable to read 1 bytes in 124 ms
E/MRReaderWriter( 5722): AL00XROI: comm timeout write: sync0: unable to read 1 bytes in 124 ms: [55 aa 00 b0 20]
W/RobotCore( 5722): could not write to Modern Robotics USB Legacy Module [AL00XROI]: comm timeout write: sync0: unable to read 1 bytes in 124 ms
D/dalvikvm( 5722): GC_CONCURRENT freed 2220K, 39% free 6796K/11092K, paused 6ms+5ms, total 47ms
V/UsbRequest( 5722): endpoint still open in finalize(): android.hardware.usb.UsbRequest@419b60d0
D/UsbRequestJNI( 5722): close
D/LockScreen_KeyguardViewMediator(  978): setHidden false
D/LockScreen_KeyguardUpdateMonitor(  978): sendKeyguardVisibilityChanged(true)
D/LockScreen_KeyguardUpdateMonitor(  978): handleKeyguardVisibilityChanged(1)
E/MRReaderWriter( 5722): AL00VS9P: comm timeout read: sync0: unable to read 1 bytes in 124 ms: [55 aa 80 40 1e]
W/RobotCore( 5722): could not read Modern Robotics USB DC Motor Controller [AL00VS9P]: comm timeout read: sync0: unable to read 1 bytes in 124 ms
E/MRReaderWriter( 5722): AL00VVUU: comm timeout read: sync0: unable to read 1 bytes in 124 ms: [55 aa 80 40 1e]
W/RobotCore( 5722): could not read Modern Robotics USB DC Motor Controller [AL00VVUU]: comm timeout read: sync0: unable to read 1 bytes in 124 ms
E/MRReaderWriter( 5722): AL00VE3C: comm timeout read: sync0: unable to read 1 bytes in 124 ms: [55 aa 80 03 15]
W/RobotCore( 5722): could not read Modern Robotics USB Core Device Interface Module [AL00VE3C]: comm timeout read: sync0: unable to read 1 bytes in 124 ms
D/LockScreen_KeyguardViewMediator(  978): setHidden false
D/LockScreen_KeyguardUpdateMonitor(  978): sendKeyguardVisibilityChanged(true)
D/LockScreen_KeyguardUpdateMonitor(  978): handleKeyguardVisibilityChanged(1)
E/MRReaderWriter( 5722): AL00XOKN: comm timeout read: sync0: unable to read 1 bytes in 124 ms: [55 aa 80 40 09]
W/RobotCore( 5722): could not read Modern Robotics USB Servo Controller [AL00XOKN]: comm timeout read: sync0: unable to read 1 bytes in 124 ms
E/MRReaderWriter( 5722): AL00XROI: comm timeout read: sync0: unable to read 1 bytes in 124 ms: [55 aa 80 03 0d]
W/RobotCore( 5722): could not read Modern Robotics USB Legacy Module [AL00XROI]: comm timeout read: sync0: unable to read 1 bytes in 124 ms
D/UsbDeviceConnectionJNI( 5722): close
D/ProcessRequestThread::( 5722): Device has been closed.
W/System.err( 5722): java.lang.InterruptedException
D/BulkIn::( 5722): Stop BulkIn thread
W/System.err( 5722): java.lang.NullPointerException
W/System.err( 5722): 	at java.util.concurrent.locks.AbstractQueuedSynchronizer.doAcquireSharedInterruptibly(AbstractQueuedSynchronizer.java:975)
W/System.err( 5722): 	at java.util.concurrent.locks.AbstractQueuedSynchronizer.acquireSharedInterruptibly(AbstractQueuedSynchronizer.java:1281)
W/System.err( 5722): 	at java.util.concurrent.Semaphore.acquire(Semaphore.java:283)
W/System.err( 5722): 	at com.ftdi.j2xx.ProcessInCtrl.acquireReadableBuffer(FT_Device.java:2294)
W/System.err( 5722): 	at com.ftdi.j2xx.ProcessRequestWorker.run(FT_Device.java:2764)
W/System.err( 5722): 	at java.lang.Thread.run(Thread.java:841)
W/System.err( 5722): 	at com.ftdi.j2xx.ProcessInCtrl.getBuffer(FT_Device.java:2269)
W/System.err( 5722): 	at com.ftdi.j2xx.ProcessInCtrl.releaseWritableBuffers(FT_Device.java:2675)
W/System.err( 5722): 	at com.ftdi.j2xx.BulkInWorker.run(FT_Device.java:2879)
W/System.err( 5722): 	at java.lang.Thread.run(Thread.java:841)
D/UsbDeviceConnectionJNI( 5722): close
D/ProcessRequestThread::( 5722): Device has been closed.
W/System.err( 5722): java.lang.InterruptedException
W/System.err( 5722): 	at java.util.concurrent.locks.AbstractQueuedSynchronizer.doAcquireSharedInterruptibly(AbstractQueuedSynchronizer.java:975)
W/System.err( 5722): 	at java.util.concurrent.locks.AbstractQueuedSynchronizer.acquireSharedInterruptibly(AbstractQueuedSynchronizer.java:1281)
D/BulkIn::( 5722): Stop BulkIn thread
W/System.err( 5722): 	at java.util.concurrent.Semaphore.acquire(Semaphore.java:283)
W/System.err( 5722): 	at com.ftdi.j2xx.ProcessInCtrl.acquireReadableBuffer(FT_Device.java:2294)
W/System.err( 5722): 	at com.ftdi.j2xx.ProcessRequestWorker.run(FT_Device.java:2764)
W/System.err( 5722): 	at java.lang.Thread.run(Thread.java:841)
W/System.err( 5722): java.lang.NullPointerException
W/System.err( 5722): 	at com.ftdi.j2xx.ProcessInCtrl.releaseWritableBuffers(FT_Device.java:2672)
W/System.err( 5722): 	at com.ftdi.j2xx.BulkInWorker.run(FT_Device.java:2879)
W/System.err( 5722): 	at java.lang.Thread.run(Thread.java:841)
D/UsbDeviceConnectionJNI( 5722): close
D/ProcessRequestThread::( 5722): Device has been closed.
W/System.err( 5722): java.lang.InterruptedException
W/RobotCore( 5722): could not write to Modern Robotics USB Servo Controller [AL00XOKN]: FTDI Null Pointer Exception
E/RobotCore( 5722): java.lang.NullPointerException
E/RobotCore( 5722):     at com.ftdi.j2xx.ProcessInCtrl.readBulkInData(FT_Device.java:2520)
W/System.err( 5722): 	at java.util.concurrent.locks.AbstractQueuedSynchronizer.doAcquireSharedInterruptibly(AbstractQueuedSynchronizer.java:975)
W/System.err( 5722): 	at java.util.concurrent.locks.AbstractQueuedSynchronizer.acquireSharedInterruptibly(AbstractQueuedSynchronizer.java:1281)
W/System.err( 5722): 	at java.util.concurrent.Semaphore.acquire(Semaphore.java:283)
W/System.err( 5722): 	at com.ftdi.j2xx.ProcessInCtrl.acquireReadableBuffer(FT_Device.java:2294)
W/System.err( 5722): 	at com.ftdi.j2xx.ProcessRequestWorker.run(FT_Device.java:2764)
W/System.err( 5722): 	at java.lang.Thread.run(Thread.java:841)
E/RobotCore( 5722):     at com.ftdi.j2xx.FT_Device.read(FT_Device.java:666)
E/RobotCore( 5722):     at com.qualcomm.robotcore.hardware.usb.ftdi.RobotUsbDeviceFtdi.read(RobotUsbDeviceFtdi.java:211)
E/RobotCore( 5722):     at com.qualcomm.hardware.modernrobotics.comm.ModernRoboticsReaderWriter.readIncomingBytes(ModernRoboticsReaderWriter.java:362)
E/RobotCore( 5722):     at com.qualcomm.hardware.modernrobotics.comm.ModernRoboticsReaderWriter.readSingleByte(ModernRoboticsReaderWriter.java:383)
E/RobotCore( 5722):     at com.qualcomm.hardware.modernrobotics.comm.ModernRoboticsReaderWriter.readResponse(ModernRoboticsReaderWriter.java:293)
E/RobotCore( 5722):     at com.qualcomm.hardware.modernrobotics.comm.ModernRoboticsReaderWriter.read(ModernRoboticsReaderWriter.java:179)
E/RobotCore( 5722):     at com.qualcomm.hardware.modernrobotics.comm.ReadWriteRunnableStandard$1.run(ReadWriteRunnableStandard.java:344)
E/RobotCore( 5722):     at com.qualcomm.robotcore.util.ThreadPool.logThreadLifeCycle(ThreadPool.java:513)
E/RobotCore( 5722):     at com.qualcomm.hardware.modernrobotics.comm.ReadWriteRunnableStandard.run(ReadWriteRunnableStandard.java:304)
D/UsbDeviceConnectionJNI( 5722): close
D/BulkIn::( 5722): Stop BulkIn thread
W/System.err( 5722): java.lang.NullPointerException
W/System.err( 5722): 	at com.ftdi.j2xx.ProcessInCtrl.releaseWritableBuffers(FT_Device.java:2675)
W/System.err( 5722): 	at com.ftdi.j2xx.BulkInWorker.run(FT_Device.java:2879)
W/System.err( 5722): 	at java.lang.Thread.run(Thread.java:841)
D/ProcessRequestThread::( 5722): Device has been closed.
W/System.err( 5722): java.lang.InterruptedException
W/System.err( 5722): 	at java.util.concurrent.locks.AbstractQueuedSynchronizer.doAcquireSharedInterruptibly(AbstractQueuedSynchronizer.java:975)
W/System.err( 5722): 	at java.util.concurrent.locks.AbstractQueuedSynchronizer.acquireSharedInterruptibly(AbstractQueuedSynchronizer.java:1281)
W/System.err( 5722): 	at java.util.concurrent.Semaphore.acquire(Semaphore.java:283)
W/System.err( 5722): 	at com.ftdi.j2xx.ProcessInCtrl.acquireReadableBuffer(FT_Device.java:2294)
W/System.err( 5722): 	at com.ftdi.j2xx.ProcessRequestWorker.run(FT_Device.java:2764)
W/System.err( 5722): 	at java.lang.Thread.run(Thread.java:841)
D/UsbDeviceConnectionJNI( 5722): close
D/ProcessRequestThread::( 5722): Device has been closed.
W/System.err( 5722): java.lang.InterruptedException
W/RobotCore( 5722): could not write to Modern Robotics USB Legacy Module [AL00XROI]: FTDI Null Pointer Exception
E/RobotCore( 5722): java.lang.NullPointerException
D/BulkIn::( 5722): Stop BulkIn thread
W/System.err( 5722): 	at java.lang.NullPointerException
E/RobotCore( 5722):     at com.ftdi.j2xx.ProcessInCtrl.readBulkInData(FT_Device.java:2520)
E/RobotCore( 5722):     at com.ftdi.j2xx.FT_Device.read(FT_Device.java:666)
E/RobotCore( 5722):     at com.qualcomm.robotcore.hardware.usb.ftdi.RobotUsbDeviceFtdi.read(RobotUsbDeviceFtdi.java:211)
E/RobotCore( 5722):     at com.qualcomm.hardware.modernrobotics.comm.ModernRoboticsReaderWriter.readIncomingBytes(ModernRoboticsReaderWriter.java:362)
E/RobotCore( 5722):     at com.qualcomm.hardware.modernrobotics.comm.ModernRoboticsReaderWriter.readSingleByte(ModernRoboticsReaderWriter.java:383)
E/RobotCore( 5722):     at com.qualcomm.hardware.modernrobotics.comm.ModernRoboticsReaderWriter.readResponse(ModernRoboticsReaderWriter.java:293)
E/RobotCore( 5722):     at com.qualcomm.hardware.modernrobotics.comm.ModernRoboticsReaderWriter.write(ModernRoboticsReaderWriter.java:234)
E/RobotCore( 5722):     at com.qualcomm.hardware.modernrobotics.comm.ReadWriteRunnableStandard$1.run(ReadWriteRunnableStandard.java:410)
E/RobotCore( 5722):     at com.qualcomm.robotcore.util.ThreadPool.logThreadLifeCycle(ThreadPool.java:513)
E/RobotCore( 5722):     at com.qualcomm.hardware.modernrobotics.comm.ReadWriteRunnableStandard.run(ReadWriteRunnableStandard.java:304)
E/RobotCore( 5722):     at java.util.concurrent.ThreadPoolExecutor.runWorker(ThreadPoolExecutor.java:1112)
E/RobotCore( 5722):     at java.util.concurrent.ThreadPoolExecutor$Worker.run(ThreadPoolExecutor.java:587)
E/RobotCore( 5722):     at java.lang.Thread.run(Thread.java:841)
V/RobotUsbDeviceFtdi( 5722): closing AL00XROI
V/RobotCore( 5722): thread: ...terminating 'r/w loop: Modern Robotics USB Legacy Module [AL00XROI]'
W/System.err( 5722): 	at com.ftdi.j2xx.ProcessInCtrl.releaseWritableBuffers(FT_Device.java:2672)
W/System.err( 5722): 	at com.ftdi.j2xx.BulkInWorker.run(FT_Device.java:2879)
W/System.err( 5722): 	at java.lang.Thread.run(Thread.java:841)
D/RobotCore( 5722): system telemetry: key=$System$Warning$ msg="problem communicating with Modern Robotics USB Legacy Module [AL00XROI]; problem communicating with Modern Robotics USB DC Motor Controller [AL00VW5E]"
W/System.err( 5722): java.util.concurrent.locks.AbstractQueuedSynchronizer.doAcquireSharedInterruptibly(AbstractQueuedSynchronizer.java:975)
W/System.err( 5722): 	at java.util.concurrent.locks.AbstractQueuedSynchronizer.acquireSharedInterruptibly(AbstractQueuedSynchronizer.java:1281)
W/System.err( 5722): 	at java.util.concurrent.Semaphore.acquire(Semaphore.java:283)
W/System.err( 5722): 	at com.ftdi.j2xx.ProcessInCtrl.acquireReadableBuffer(FT_Device.java:2294)
W/System.err( 5722): 	at com.ftdi.j2xx.ProcessRequestWorker.run(FT_Device.java:2764)
W/System.err( 5722): 	at java.lang.Thread.run(Thread.java:841)
V/RobotCore( 5722): event loop: device has shutdown abnormally
V/RobotCore( 5722): event loop: detaching device owner
I/FIRST   ( 5722): ======= MODULE DETACH RECOVERY: disarm Modern Robotics USB Legacy Module [AL00XROI]=======
V/RobotCore( 5722): waiting for service ReadWriteRunnable for Modern Robotics USB Device
E/RobotCore( 5722):     at java.util.concurrent.ThreadPoolExecutor.runWorker(ThreadPoolExecutor.java:1112)
E/RobotCore( 5722):     at java.util.concurrent.ThreadPoolExecutor$Worker.run(ThreadPoolExecutor.java:587)
E/RobotCore( 5722):     at java.lang.Thread.run(Thread.java:841)
V/RobotUsbDeviceFtdi( 5722): closing AL00XOKN
V/RobotCore( 5722): thread: ...terminating 'r/w loop: Modern Robotics USB Servo Controller [AL00XOKN]'
V/RobotCore( 5722): awaitTermination returned, isTerminated=true
V/RobotCore( 5722): executive service ReadWriteRunnable for Modern Robotics USB Device is terminated
V/RobotUsbDeviceFtdi( 5722): closing AL00XROI
I/FIRST   ( 5722): ======= MODULE DETACH RECOVERY: pretend Modern Robotics USB Legacy Module [AL00XROI]=======
V/RobotCore( 5722): Starting up pretend device AL00XROI
D/AudioPolicyManager(  268):  getOutput() device 2, stream 3, samplingRate 0, format 0, channelMask 3, flags 0 
D/AudioPolicyManager(  268): getOutput() returns output 2
D/AudioPolicyManager(  268):  getOutput() device 2, stream 3, samplingRate 0, format 0, channelMask 3, flags 0 
D/AudioPolicyManager(  268): getOutput() returns output 2
D/AudioPolicyManager(  268):  getOutput() device 2, stream 3, samplingRate 44100, format 1, channelMask 3, flags 4 
D/AudioPolicyManager(  268): getOutput() returns output 3
V/RobotCore( 5722): thread: 'r/w loop: Modern Robotics USB Legacy Module [AL00XROI]' starting...
I/FIRST   ( 5722): ======= MODULE DETACH RECOVERY: complete Modern Robotics USB Legacy Module [AL00XROI]=======
V/RobotCore( 5722): event loop: device has shutdown abnormally
V/RobotCore( 5722): event loop: detaching device owner
I/FIRST   ( 5722): ======= MODULE DETACH RECOVERY: disarm Modern Robotics USB Servo Controller [AL00XOKN]=======
D/RobotCore( 5722): disarming modern servo controller "Modern Robotics USB Servo Controller [AL00XOKN]"...
V/RobotCore( 5722): waiting for service ReadWriteRunnable for Modern Robotics USB Device
V/RobotCore( 5722): awaitTermination returned, isTerminated=true
V/RobotCore( 5722): executive service ReadWriteRunnable for Modern Robotics USB Device is terminated
V/RobotUsbDeviceFtdi( 5722): closing AL00XOKN
D/RobotCore( 5722): ...disarming modern servo controller Modern Robotics USB Servo Controller [AL00XOKN] complete
I/FIRST   ( 5722): ======= MODULE DETACH RECOVERY: pretend Modern Robotics USB Servo Controller [AL00XOKN]=======
D/RobotCore( 5722): arming modern servo controller Modern Robotics USB Servo Controller [AL00XOKN] (pretend)...
V/RobotCore( 5722): Starting up pretend device AL00XOKN
D/AudioFlinger(  268): start(4099), calling pid 5722 session 80
D/AudioFlinger(  268): ? => ACTIVE (4099) on thread 0xb8880c08
D/AudioPolicyManagerBase(  268): startOutput() output 3, stream 3, session 80
V/RobotCore( 5722): thread: 'r/w loop: Modern Robotics USB Servo Controller [AL00XOKN]' starting...
D/RobotCore( 5722): ...arming modern servo controller Modern Robotics USB Servo Controller [AL00XOKN] complete
I/FIRST   ( 5722): ======= MODULE DETACH RECOVERY: complete Modern Robotics USB Servo Controller [AL00XOKN]=======
D/RobotCore( 5722): system telemetry: key=$System$Warning$ msg="problem communicating with Modern Robotics USB Legacy Module [AL00XROI]; problem communicating with Modern Robotics USB DC Motor Controller [AL00VW5E]; problem communicating with Modern Robotics USB Servo Controller [AL00XOKN]"
D/LockScreen_KeyguardViewMediator(  978): setHidden false
D/LockScreen_KeyguardUpdateMonitor(  978): sendKeyguardVisibilityChanged(true)
D/LockScreen_KeyguardUpdateMonitor(  978): handleKeyguardVisibilityChanged(1)
E/MRReaderWriter( 5722): AL00VVUU: comm timeout read: sync0: unable to read 1 bytes in 124 ms: [55 aa 80 40 1e]
W/RobotCore( 5722): could not read Modern Robotics USB DC Motor Controller [AL00VVUU]: comm timeout read: sync0: unable to read 1 bytes in 124 ms
W/RobotCore( 5722): error: closed: FT_Device.read()=-1
V/RobotUsbDeviceFtdi( 5722): closing AL00VVUU
V/RobotCore( 5722): thread: ...terminating 'r/w loop: Modern Robotics USB DC Motor Controller [AL00VVUU]'
E/MRReaderWriter( 5722): AL00VS9P: comm timeout write: sync0: unable to read 1 bytes in 124 ms: [55 aa 00 40 1e]
W/RobotCore( 5722): could not write to Modern Robotics USB DC Motor Controller [AL00VS9P]: comm timeout write: sync0: unable to read 1 bytes in 124 ms
W/RobotCore( 5722): error: closed: FT_Device.read()=-1
V/RobotUsbDeviceFtdi( 5722): closing AL00VS9P
V/RobotCore( 5722): thread: ...terminating 'r/w loop: Modern Robotics USB DC Motor Controller [AL00VS9P]'
D/LockScreen_KeyguardViewMediator(  978): setHidden false
D/LockScreen_KeyguardUpdateMonitor(  978): sendKeyguardVisibilityChanged(true)
D/LockScreen_KeyguardUpdateMonitor(  978): handleKeyguardVisibilityChanged(1)
D/RobotCore( 5722): system telemetry: key=$System$Warning$ msg="problem communicating with Modern Robotics USB Legacy Module [AL00XROI]; problem communicating with Modern Robotics USB DC Motor Controller [AL00VW5E]; problem communicating with Modern Robotics USB Servo Controller [AL00XOKN]; problem communicating with Modern Robotics USB DC Motor Controller [AL00VS9P]; problem communicating with Modern Robotics USB DC Motor Controller [AL00VVUU]"
V/RobotCore( 5722): event loop: device has shutdown abnormally
V/RobotCore( 5722): event loop: detaching device owner
I/FIRST   ( 5722): ======= MODULE DETACH RECOVERY: disarm Modern Robotics USB DC Motor Controller [AL00VS9P]=======
D/RobotCore( 5722): disarming modern motor controller Modern Robotics USB DC Motor Controller [AL00VS9P]...
V/RobotCore( 5722): waiting for service ReadWriteRunnable for Modern Robotics USB Device
V/RobotCore( 5722): awaitTermination returned, isTerminated=true
V/RobotCore( 5722): executive service ReadWriteRunnable for Modern Robotics USB Device is terminated
V/RobotUsbDeviceFtdi( 5722): closing AL00VS9P
D/RobotCore( 5722): ...disarming modern motor controller Modern Robotics USB DC Motor Controller [AL00VS9P] complete
I/FIRST   ( 5722): ======= MODULE DETACH RECOVERY: pretend Modern Robotics USB DC Motor Controller [AL00VS9P]=======
D/RobotCore( 5722): arming modern motor controller Modern Robotics USB DC Motor Controller [AL00VS9P] (pretend)...
V/RobotCore( 5722): Starting up pretend device AL00VS9P
V/RobotCore( 5722): thread: 'r/w loop: Modern Robotics USB DC Motor Controller [AL00VS9P]' starting...
D/RobotCore( 5722): ...arming modern motor controller Modern Robotics USB DC Motor Controller [AL00VS9P] complete
I/FIRST   ( 5722): ======= MODULE DETACH RECOVERY: complete Modern Robotics USB DC Motor Controller [AL00VS9P]=======
V/RobotCore( 5722): event loop: device has shutdown abnormally
V/RobotCore( 5722): event loop: detaching device owner
I/FIRST   ( 5722): ======= MODULE DETACH RECOVERY: disarm Modern Robotics USB DC Motor Controller [AL00VVUU]=======
D/RobotCore( 5722): disarming modern motor controller Modern Robotics USB DC Motor Controller [AL00VVUU]...
V/RobotCore( 5722): waiting for service ReadWriteRunnable for Modern Robotics USB Device
V/RobotCore( 5722): awaitTermination returned, isTerminated=true
V/RobotCore( 5722): executive service ReadWriteRunnable for Modern Robotics USB Device is terminated
V/RobotUsbDeviceFtdi( 5722): closing AL00VVUU
D/RobotCore( 5722): ...disarming modern motor controller Modern Robotics USB DC Motor Controller [AL00VVUU] complete
I/FIRST   ( 5722): ======= MODULE DETACH RECOVERY: pretend Modern Robotics USB DC Motor Controller [AL00VVUU]=======
D/RobotCore( 5722): arming modern motor controller Modern Robotics USB DC Motor Controller [AL00VVUU] (pretend)...
V/RobotCore( 5722): Starting up pretend device AL00VVUU
