D/Sonivox (  268): [qwu ]FileSource::canHandle() OK 
D/Sonivox (  268): [qwu ]FileSource::canHandle() failed 
D/PRDrmPlugIn(  266): PRDrmPlugin::onTerminate, uniqueId = 7263
D/Sonivox (  268): file[-1199075144]: EAS_HWOpenFile <----. mDrmManagerClient[0], mDrmBufOffset[0], mDrmBufSize[0], mDrmBuf[0]
D/Sonivox (  268): file[-1199075144]: EAS_HWCloseFile ---->. mDrmManagerClient[0], mDrmBufOffset[0], mDrmBufSize[0], mDrmBuf[0]
D/Sonivox (  268): file[-1199075144]: EAS_HWCloseFile <----. mDrmManagerClient[0], mDrmBufOffset[0], mDrmBufSize[0], mDrmBuf[0]
I/ExtendedUtils(  268): AV Sync late margin : Intended=40ms Using=0ms
D/Utils   (  268): printFileName fd(26) -> /system/media/audio/ui/ChargerInsert.ogg
D/UsbDeviceManager(  811): updateUsbNotification();   1
E/UsbDeviceManager(  811): ++++++++++++++++mConnectedtrue
E/UsbDeviceManager(  811): ++++++++++++++++mUseUsbNotificationtrue
E/UsbDeviceManager(  811): ++++++++++++++++mUsbNotificationId0
E/UsbDeviceManager(  811): ++++++++++++++++id17040934
D/UsbDeviceManager(  811): com.android.settings.ConnectSettings
D/DisplayPowerController(  811): updateAmbientLux:  mLightSensorListener lux is 12.0
D/PRDrmPlugIn(  266): PRDrmPlugin::onInitialize, uniqueId = 4512
D/PRDrmPlugIn(  266): PRDrmPlugin::onSetOnInfoListener: starts! uniqueId = 4512
D/PRDrmPlugIn(  266): PRDrmPlugin::onSetOnInfoListener: ends!
D/PRDrmPlugIn(  266): PRDrmPlugin::onTerminate, uniqueId = 4512
D/ExtendedUtils(  268): extended extractor not needed, return default
D/Ulp_jni (  811): JNI:system_update. Event-2
D/LBSSystemMonitorService(  811): handleMessage what - 14
D/DeviceContext(  811): handleMessage what - 1
D/AudioPolicyManager(  268): copl: isOffloadSupported: SR=44100, CM=0x3, Format=0x7000000, StreamType=2, BitRate=4294967295, duration=605555 us, has_video=0
D/AudioPolicyManager(  268): copl: isOffloadSupported: stream_type != MUSIC, returning false
D/OMXCodec(  268): Successfully allocated OMX node 'OMX.google.vorbis.decoder'
I/AwesomePlayer(  268): Could not offload audio decode, try pcm offload
D/AudioPolicyManager(  268): copl: isOffloadSupported: SR=44100, CM=0x1, Format=0x17000001, StreamType=2, BitRate=4294967295, duration=605555 us, has_video=0
D/AudioPolicyManager(  268): copl: isOffloadSupported: stream_type != MUSIC, returning false
E/NetworkScheduler.SR( 1284): Invalid parameter app
E/NetworkScheduler.SR( 1284): Invalid package name : Perhaps you didn't include a PendingIntent in the extras?
D/Ringtone(  978): Successfully created local player
D/Ulp_jni (  811): Location CB invoked
E/Vold    (  244): wangzy usb Switch state: CONFIGURED
V/UsbDeviceManager(  811): USB UEVENT: {USB_STATE=CONFIGURED, SUBSYSTEM=android_usb, DEVPATH=/devices/virtual/android_usb/android0, SEQNUM=5795, ACTION=change}
D/UsbDeviceManager(  811): usb updateState(CONFIGURED)
D/UsbDeviceManager(  811): broadcasting Intent { act=android.hardware.usb.action.USB_STATE flg=0x20000000 (has extras) } connected: true configured: true
D/PowerManagerService(  811): sendPendingNotificationsLocked mSendGoToSleepFinishedNotificationWhenReady = false
D/UsbDeviceManager(  811): AlwaysAsk=1 mMenuPopUpEnabletrue
D/UsbDeviceManager(  811): updateUsbNotification();   1
E/UsbDeviceManager(  811): ++++++++++++++++mConnectedtrue
E/UsbDeviceManager(  811): ++++++++++++++++mUseUsbNotificationtrue
E/UsbDeviceManager(  811): ++++++++++++++++mUsbNotificationId17040934
E/UsbDeviceManager(  811): ++++++++++++++++id17040934
D/PowerManagerService(  811): sendPendingNotificationsLocked mSendGoToSleepFinishedNotificationWhenReady = false
I/iu.Environment( 2056): update battery state; isPlugged? true*
E/MediaPlayer-JNI(  978): QCMediaPlayer mediaplayer NOT present
E/MediaPlayer(  978): Uri is  /system/media/audio/ui/ChargerInsert.ogg
D/PowerManagerService(  811): sendPendingNotificationsLocked mSendGoToSleepFinishedNotificationWhenReady = false
D/PowerManagerService(  811): sendPendingNotificationsLocked mSendGoToSleepFinishedNotificationWhenReady = false
D/Sonivox (  268): file[-1198975152]: EAS_HWOpenFile ---->. mDrmManagerClient[0], mDrmBufOffset[0], mDrmBufSize[0], mDrmBuf[0]
D/Sonivox (  268): wangchong: path is NULL
D/PRDrmPlugIn(  266): PRDrmPlugin::onInitialize, uniqueId = 7403
D/PRDrmPlugIn(  266): PRDrmPlugin::onSetOnInfoListener: starts! uniqueId = 7403
D/PRDrmPlugIn(  266): PRDrmPlugin::onSetOnInfoListener: ends!
D/Sonivox (  268): [qwu ]FileSource::canHandle()begin 
D/Sonivox (  268): [qwu ]FileSource::canHandle()end 
D/Sonivox (  268): [qwu ]FileSource::canHandle() OK 
D/Sonivox (  268): [qwu ]FileSource::canHandle() failed 
D/PRDrmPlugIn(  266): PRDrmPlugin::onTerminate, uniqueId = 7403
D/Sonivox (  268): file[-1198975152]: EAS_HWOpenFile <----. mDrmManagerClient[0], mDrmBufOffset[0], mDrmBufSize[0], mDrmBuf[0]
D/Sonivox (  268): file[-1198975152]: EAS_HWCloseFile ---->. mDrmManagerClient[0], mDrmBufOffset[0], mDrmBufSize[0], mDrmBuf[0]
D/Sonivox (  268): file[-1198975152]: EAS_HWCloseFile <----. mDrmManagerClient[0], mDrmBufOffset[0], mDrmBufSize[0], mDrmBuf[0]
I/iu.UploadsManager( 2056): num queued entries: 0
D/PowerManagerService(  811): sendPendingNotificationsLocked mSendGoToSleepFinishedNotificationWhenReady = false
I/ExtendedUtils(  268): AV Sync late margin : Intended=40ms Using=0ms
D/Utils   (  268): printFileName fd(26) -> /system/media/audio/ui/ChargerInsert.ogg
I/iu.UploadsManager( 2056): num updated entries: 0
I/iu.SyncManager( 2056): NEXT; no task
I/iu.FingerprintManager( 2056): Start processing all media
I/iu.FingerprintManager( 2056): Start processing media store URI: content://media/external/images/media
D/PRDrmPlugIn(  266): PRDrmPlugin::onInitialize, uniqueId = 8108
D/PRDrmPlugIn(  266): PRDrmPlugin::onSetOnInfoListener: starts! uniqueId = 8108
D/PRDrmPlugIn(  266): PRDrmPlugin::onSetOnInfoListener: ends!
D/PRDrmPlugIn(  266): PRDrmPlugin::onTerminate, uniqueId = 8108
D/PowerManagerService(  811): sendPendingNotificationsLocked mSendGoToSleepFinishedNotificationWhenReady = false
D/PowerManagerService(  811): sendPendingNotificationsLocked mSendGoToSleepFinishedNotificationWhenReady = false
D/ExtendedUtils(  268): extended extractor not needed, return default
D/AudioPolicyManager(  268): copl: isOffloadSupported: SR=44100, CM=0x3, Format=0x7000000, StreamType=5, BitRate=4294967295, duration=605555 us, has_video=0
D/AudioPolicyManager(  268): copl: isOffloadSupported: stream_type != MUSIC, returning false
D/OMXCodec(  268): Successfully allocated OMX node 'OMX.google.vorbis.decoder'
I/AwesomePlayer(  268): Could not offload audio decode, try pcm offload
D/AudioPolicyManager(  268): copl: isOffloadSupported: SR=44100, CM=0x1, Format=0x17000001, StreamType=5, BitRate=4294967295, duration=605555 us, has_video=0
D/AudioPolicyManager(  268): copl: isOffloadSupported: stream_type != MUSIC, returning false
D/Ringtone(  978): Successfully created local player
D/PowerUI (  978): paly enable=true
I/ActivityManager(  811): Start proc com.google.android.apps.plus for broadcast com.google.android.apps.plus/.service.PhotosAppTransitionMonitor: pid=5154 uid=10079 gids={50079, 9997, 3003, 3002, 1028, 1015}
D/PowerManagerService(  811): sendPendingNotificationsLocked mSendGoToSleepFinishedNotificationWhenReady = false
I/iu.FingerprintManager( 2056): Start processing media store URI: content://media/external/video/media
D/ActivityThread( 5154): handleBindApplication:com.google.android.apps.plus
I/iu.FingerprintManager( 2056): Start processing media store URI: content://media/phoneStorage/images/media
E/MediaPlayer(  978): Should have subtitle controller already set
D/ActivityThread( 5154): setTargetHeapUtilization:0.75
D/DisplayPowerController(  811): updateAmbientLux:  mLightSensorListener lux is 11.0
D/ActivityThread( 5154): setTargetHeapMinFree:2097152
I/iu.FingerprintManager( 2056): Start processing media store URI: content://media/phoneStorage/video/media
I/iu.FingerprintManager( 2056): Finished generating fingerprints; 0.066 seconds
I/iu.FingerprintManager( 2056):   numSeen=2 numGenerated=0 numDeleted=0 numFailed=0
D/PowerManagerService(  811): sendPendingNotificationsLocked mSendGoToSleepFinishedNotificationWhenReady = false
D/PowerManagerService(  811): sendPendingNotificationsLocked mSendGoToSleepFinishedNotificationWhenReady = false
I/dalvikvm( 5154): Could not find method android.media.MediaRouter$RouteInfo.getDeviceType, referenced from method hb.Z
W/dalvikvm( 5154): VFY: unable to resolve virtual method 3944: Landroid/media/MediaRouter$RouteInfo;.getDeviceType ()I
D/dalvikvm( 5154): VFY: replacing opcode 0x6e at 0x0002
I/dalvikvm( 5154): Could not find method android.content.Context.getSystemService, referenced from method hb.a
W/dalvikvm( 5154): VFY: unable to resolve virtual method 3117: Landroid/content/Context;.getSystemService (Ljava/lang/Class;)Ljava/lang/Object;
D/dalvikvm( 5154): VFY: replacing opcode 0x6e at 0x0002
E/dalvikvm( 5154): Could not find class 'android.app.Notification$Action$Builder', referenced from method hb.a
W/dalvikvm( 5154): VFY: unable to resolve new-instance 413 (Landroid/app/Notification$Action$Builder;) in Lhb;
D/dalvikvm( 5154): VFY: replacing opcode 0x22 at 0x0000
I/dalvikvm( 5154): Could not find method android.content.Context.getDrawable, referenced from method hb.a
W/dalvikvm( 5154): VFY: unable to resolve virtual method 3103: Landroid/content/Context;.getDrawable (I)Landroid/graphics/drawable/Drawable;
D/dalvikvm( 5154): VFY: replacing opcode 0x6e at 0x0000
E/dalvikvm( 5154): Could not find class 'android.graphics.drawable.RippleDrawable', referenced from method hb.a
W/dalvikvm( 5154): VFY: unable to resolve new-instance 584 (Landroid/graphics/drawable/RippleDrawable;) in Lhb;
D/dalvikvm( 5154): VFY: replacing opcode 0x22 at 0x0008
I/dalvikvm( 5154): Could not find method android.widget.CompoundButton.getButtonDrawable, referenced from method hb.a
W/dalvikvm( 5154): VFY: unable to resolve virtual method 7304: Landroid/widget/CompoundButton;.getButtonDrawable ()Landroid/graphics/drawable/Drawable;
D/dalvikvm( 5154): VFY: replacing opcode 0x6e at 0x0000
I/dalvikvm( 5154): Could not find method android.app.RemoteInput.getResultsFromIntent, referenced from method hb.a
W/dalvikvm( 5154): VFY: unable to resolve static method 2966: Landroid/app/RemoteInput;.getResultsFromIntent (Landroid/content/Intent;)Landroid/os/Bundle;
D/dalvikvm( 5154): VFY: replacing opcode 0x71 at 0x0000
W/dalvikvm( 5154): VFY: unable to find class referenced in signature (Landroid/os/health/HealthStats;)
I/dalvikvm( 5154): Could not find method android.os.health.HealthStats.hasMeasurement, referenced from method hb.a
W/dalvikvm( 5154): VFY: unable to resolve virtual method 4419: Landroid/os/health/HealthStats;.hasMeasurement (I)Z
D/dalvikvm( 5154): VFY: replacing opcode 0x6e at 0x0001
E/dalvikvm( 5154): Could not find class 'android.media.MediaDescription$Builder', referenced from method hb.a
W/dalvikvm( 5154): VFY: unable to resolve new-instance 602 (Landroid/media/MediaDescription$Builder;) in Lhb;
D/dalvikvm( 5154): VFY: replacing opcode 0x22 at 0x0000
I/dalvikvm( 5154): Could not find method android.view.accessibility.AccessibilityNodeInfo$CollectionItemInfo.obtain, referenced from method hb.a
W/dalvikvm( 5154): VFY: unable to resolve static method 6997: Landroid/view/accessibility/AccessibilityNodeInfo$CollectionItemInfo;.obtain (IIIIZZ)Landroid/view/accessibility/AccessibilityNodeInfo$CollectionItemInfo;
D/dalvikvm( 5154): VFY: replacing opcode 0x77 at 0x0000
I/dalvikvm( 5154): Could not find method android.view.accessibility.AccessibilityNodeInfo$CollectionInfo.obtain, referenced from method hb.a
W/dalvikvm( 5154): VFY: unable to resolve static method 6995: Landroid/view/accessibility/AccessibilityNodeInfo$CollectionInfo;.obtain (IIZI)Landroid/view/accessibility/AccessibilityNodeInfo$CollectionInfo;
D/dalvikvm( 5154): VFY: replacing opcode 0x71 at 0x0000
E/dalvikvm( 5154): Could not find class 'android.view.accessibility.AccessibilityNodeInfo$AccessibilityAction', referenced from method hb.a
W/dalvikvm( 5154): VFY: unable to resolve new-instance 912 (Landroid/view/accessibility/AccessibilityNodeInfo$AccessibilityAction;) in Lhb;
D/dalvikvm( 5154): VFY: replacing opcode 0x22 at 0x0000
E/dalvikvm( 5154): Could not find class 'android.media.session.MediaController', referenced from method hb.a
W/dalvikvm( 5154): VFY: unable to resolve new-instance 627 (Landroid/media/session/MediaController;) in Lhb;
D/dalvikvm( 5154): VFY: replacing opcode 0x22 at 0x0000
W/dalvikvm( 5154): VFY: unable to resolve static field 1702 (CREATOR) in Landroid/media/MediaDescription;
D/dalvikvm( 5154): VFY: replacing opcode 0x62 at 0x0000
D/PowerManagerService(  811): sendPendingNotificationsLocked mSendGoToSleepFinishedNotificationWhenReady = false
D/PowerManagerService(  811): sendPendingNotificationsLocked mSendGoToSleepFinishedNotificationWhenReady = false
D/PowerManagerService(  811): sendPendingNotificationsLocked mSendGoToSleepFinishedNotificationWhenReady = false
D/PowerManagerService(  811): sendPendingNotificationsLocked mSendGoToSleepFinishedNotificationWhenReady = false
D/PowerManagerService(  811): sendPendingNotificationsLocked mSendGoToSleepFinishedNotificationWhenReady = false
W/dalvikvm( 5154): Unable to resolve superclass of Lmh; (625)
W/dalvikvm( 5154): Link of class 'Lmh;' failed
E/dalvikvm( 5154): Could not find class 'mh', referenced from method hb.a
W/dalvikvm( 5154): VFY: unable to resolve new-instance 10456 (Lmh;) in Lhb;
D/dalvikvm( 5154): VFY: replacing opcode 0x22 at 0x0000
D/PowerManagerService(  811): sendPendingNotificationsLocked mSendGoToSleepFinishedNotificationWhenReady = false
D/PowerManagerService(  811): sendPendingNotificationsLocked mSendGoToSleepFinishedNotificationWhenReady = false
D/PowerManagerService(  811): sendPendingNotificationsLocked mSendGoToSleepFinishedNotificationWhenReady = false
D/PowerManagerService(  811): sendPendingNotificationsLocked mSendGoToSleepFinishedNotificationWhenReady = false
D/PowerManagerService(  811): sendPendingNotificationsLocked mSendGoToSleepFinishedNotificationWhenReady = false
D/PowerManagerService(  811): sendPendingNotificationsLocked mSendGoToSleepFinishedNotificationWhenReady = false
D/PowerManagerService(  811): sendPendingNotificationsLocked mSendGoToSleepFinishedNotificationWhenReady = false
D/PowerManagerService(  811): sendPendingNotificationsLocked mSendGoToSleepFinishedNotificationWhenReady = false
D/PowerManagerService(  811): sendPendingNotificationsLocked mSendGoToSleepFinishedNotificationWhenReady = false
D/PowerManagerService(  811): sendPendingNotificationsLocked mSendGoToSleepFinishedNotificationWhenReady = false
D/PowerManagerService(  811): sendPendingNotificationsLocked mSendGoToSleepFinishedNotificationWhenReady = false
D/PowerManagerService(  811): sendPendingNotificationsLocked mSendGoToSleepFinishedNotificationWhenReady = false
D/PowerManagerService(  811): sendPendingNotificationsLocked mSendGoToSleepFinishedNotificationWhenReady = false
D/PowerManagerService(  811): sendPendingNotificationsLocked mSendGoToSleepFinishedNotificationWhenReady = false
I/dalvikvm( 5154): Could not find method android.view.View.getTransitionName, referenced from method hb.a
W/dalvikvm( 5154): VFY: unable to resolve virtual method 6581: Landroid/view/View;.getTransitionName ()Ljava/lang/String;
D/dalvikvm( 5154): VFY: replacing opcode 0x6e at 0x0000
W/ctxmgr  ( 1112): [ContextSpecificAclFactory]LocationConsent failed, ULR opt-in status is: false, account#-395797278#
W/ctxmgr  ( 1112): [AclManager]No 2 for (accnt=account#-395797278#, com.google.android.gms(10012):UserLocationProducer, vrsn=10084000, 0, 3pPkg = null ,  3pMdlId = null). Was: 2 for 1, account#-395797278#
D/PowerManagerService(  811): sendPendingNotificationsLocked mSendGoToSleepFinishedNotificationWhenReady = false
W/dalvikvm( 5154): VFY: unable to find class referenced in signature (Landroid/os/health/HealthStats;)
W/dalvikvm( 5154): VFY: unable to find class referenced in signature (Landroid/os/health/HealthStats;)
W/dalvikvm( 5154): VFY: unable to find class referenced in signature (Landroid/os/health/HealthStats;)
W/dalvikvm( 5154): VFY: unable to find class referenced in signature (Landroid/os/health/TimerStat;)
I/dalvikvm( 5154): Could not find method android.os.health.TimerStat.getCount, referenced from method hb.a
W/dalvikvm( 5154): VFY: unable to resolve virtual method 4425: Landroid/os/health/TimerStat;.getCount ()I
D/dalvikvm( 5154): VFY: replacing opcode 0x6e at 0x0005
W/dalvikvm( 5154): VFY: unable to find class referenced in signature (Landroid/os/health/HealthStats;)
W/dalvikvm( 5154): VFY: unable to find class referenced in signature (Landroid/os/health/HealthStats;)
W/dalvikvm( 5154): VFY: unable to find class referenced in signature (Landroid/os/health/HealthStats;)
W/dalvikvm( 5154): VFY: unable to find class referenced in signature (Landroid/os/health/HealthStats;)
W/dalvikvm( 5154): VFY: unable to find class referenced in signature (Landroid/os/health/HealthStats;)
W/dalvikvm( 5154): VFY: unable to find class referenced in signature (Landroid/os/health/HealthStats;)
W/dalvikvm( 5154): VFY: unable to find class referenced in signature (Landroid/os/health/HealthStats;)
W/dalvikvm( 5154): VFY: unable to find class referenced in signature (Landroid/os/health/HealthStats;)
W/dalvikvm( 5154): VFY: unable to find class referenced in signature (Landroid/os/health/HealthStats;)
W/dalvikvm( 5154): VFY: unable to find class referenced in signature (Landroid/os/health/HealthStats;)
W/dalvikvm( 5154): VFY: unable to find class referenced in signature (Landroid/os/health/HealthStats;)
W/dalvikvm( 5154): VFY: unable to find class referenced in signature (Landroid/os/health/HealthStats;)
W/dalvikvm( 5154): VFY: unable to find class referenced in signature (Landroid/os/health/HealthStats;)
W/dalvikvm( 5154): VFY: unable to find class referenced in signature (Landroid/os/health/HealthStats;)
W/dalvikvm( 5154): VFY: unable to find class referenced in signature (Landroid/os/health/HealthStats;)
W/dalvikvm( 5154): VFY: unable to find class referenced in signature (Landroid/os/health/HealthStats;)
W/dalvikvm( 5154): VFY: unable to find class referenced in signature (Landroid/os/health/HealthStats;)
W/dalvikvm( 5154): VFY: unable to find class referenced in signature (Landroid/os/health/HealthStats;)
W/dalvikvm( 5154): VFY: unable to find class referenced in signature (Landroid/os/health/HealthStats;)
W/dalvikvm( 5154): VFY: unable to find class referenced in signature (Landroid/os/health/HealthStats;)
W/dalvikvm( 5154): VFY: unable to find class referenced in signature (Landroid/os/health/HealthStats;)
W/dalvikvm( 5154): VFY: unable to find class referenced in signature (Landroid/os/health/HealthStats;)
W/dalvikvm( 5154): VFY: unable to find class referenced in signature (Landroid/os/health/HealthStats;)
W/dalvikvm( 5154): VFY: unable to find class referenced in signature (Landroid/os/health/HealthStats;)
W/dalvikvm( 5154): VFY: unable to find class referenced in signature (Landroid/os/health/HealthStats;)
W/dalvikvm( 5154): VFY: unable to find class referenced in signature (Landroid/os/health/HealthStats;)
W/dalvikvm( 5154): VFY: unable to find class referenced in signature (Landroid/os/health/HealthStats;)
W/dalvikvm( 5154): VFY: unable to find class referenced in signature (Landroid/os/health/HealthStats;)
W/dalvikvm( 5154): VFY: unable to find class referenced in signature (Landroid/os/health/HealthStats;)
W/dalvikvm( 5154): VFY: unable to find class referenced in signature (Landroid/os/health/HealthStats;)
W/dalvikvm( 5154): VFY: unable to find class referenced in signature (Landroid/os/health/HealthStats;)
W/dalvikvm( 5154): VFY: unable to find class referenced in signature (Landroid/os/health/HealthStats;)
W/dalvikvm( 5154): VFY: unable to find class referenced in signature (Landroid/os/health/HealthStats;)
W/dalvikvm( 5154): VFY: unable to find class referenced in signature (Landroid/os/health/HealthStats;)
W/dalvikvm( 5154): VFY: unable to find class referenced in signature (Landroid/os/health/HealthStats;)
W/dalvikvm( 5154): VFY: unable to find class referenced in signature (Landroid/os/health/HealthStats;)
W/dalvikvm( 5154): VFY: unable to find class referenced in signature (Landroid/os/health/HealthStats;)
W/dalvikvm( 5154): VFY: unable to find class referenced in signature (Landroid/os/health/HealthStats;)
W/dalvikvm( 5154): VFY: unable to find class referenced in signature (Landroid/os/health/HealthStats;)
W/dalvikvm( 5154): VFY: unable to find class referenced in signature (Landroid/os/health/HealthStats;)
W/dalvikvm( 5154): VFY: unable to find class referenced in signature (Landroid/os/health/HealthStats;)
W/dalvikvm( 5154): VFY: unable to find class referenced in signature (Landroid/os/health/HealthStats;)
W/dalvikvm( 5154): VFY: unable to find class referenced in signature (Landroid/os/health/HealthStats;)
W/dalvikvm( 5154): VFY: unable to find class referenced in signature (Landroid/os/health/HealthStats;)
W/dalvikvm( 5154): VFY: unable to find class referenced in signature (Landroid/os/health/HealthStats;)
W/dalvikvm( 5154): VFY: unable to find class referenced in signature (Landroid/os/health/HealthStats;)
W/dalvikvm( 5154): VFY: unable to find class referenced in signature (Landroid/os/health/HealthStats;)
W/dalvikvm( 5154): VFY: unable to find class referenced in signature (Landroid/os/health/HealthStats;)
W/dalvikvm( 5154): VFY: unable to find class referenced in signature (Landroid/os/health/HealthStats;)
W/dalvikvm( 5154): VFY: unable to find class referenced in signature (Landroid/os/health/HealthStats;)
W/dalvikvm( 5154): VFY: unable to find class referenced in signature (Landroid/os/health/HealthStats;)
W/dalvikvm( 5154): VFY: unable to find class referenced in signature (Landroid/os/health/HealthStats;)
W/dalvikvm( 5154): VFY: unable to find class referenced in signature (Landroid/os/health/HealthStats;)
W/dalvikvm( 5154): VFY: unable to find class referenced in signature (Landroid/os/health/HealthStats;)
W/dalvikvm( 5154): VFY: unable to find class referenced in signature (Landroid/os/health/HealthStats;)
W/dalvikvm( 5154): VFY: unable to find class referenced in signature (Landroid/os/health/HealthStats;)
W/dalvikvm( 5154): VFY: unable to find class referenced in signature (Landroid/os/health/HealthStats;)
W/dalvikvm( 5154): VFY: unable to find class referenced in signature (Landroid/os/health/HealthStats;)
W/dalvikvm( 5154): VFY: unable to find class referenced in signature (Landroid/os/health/HealthStats;)
W/dalvikvm( 5154): VFY: unable to find class referenced in signature (Landroid/os/health/HealthStats;)
W/dalvikvm( 5154): VFY: unable to find class referenced in signature (Landroid/os/health/HealthStats;)
I/dalvikvm( 5154): Could not find method android.app.Activity.requestPermissions, referenced from method hb.a
W/dalvikvm( 5154): VFY: unable to resolve virtual method 2760: Landroid/app/Activity;.requestPermissions ([Ljava/lang/String;I)V
D/dalvikvm( 5154): VFY: replacing opcode 0x6e at 0x000a
E/dalvikvm( 5154): Could not find class 'android.app.Notification$Action$Builder', referenced from method hb.a
W/dalvikvm( 5154): VFY: unable to resolve new-instance 413 (Landroid/app/Notification$Action$Builder;) in Lhb;
D/dalvikvm( 5154): VFY: replacing opcode 0x22 at 0x0000
W/dalvikvm( 5154): Unable to resolve superclass of Lga; (808)
W/dalvikvm( 5154): Link of class 'Lga;' failed
E/dalvikvm( 5154): Could not find class 'ga', referenced from method hb.a
W/dalvikvm( 5154): VFY: unable to resolve new-instance 5592 (Lga;) in Lhb;
D/dalvikvm( 5154): VFY: replacing opcode 0x22 at 0x0002
I/dalvikvm( 5154): Could not find method android.view.ViewParent.onStopNestedScroll, referenced from method hb.a
W/dalvikvm( 5154): VFY: unable to resolve interface method 6909: Landroid/view/ViewParent;.onStopNestedScroll (Landroid/view/View;)V
D/dalvikvm( 5154): VFY: replacing opcode 0x72 at 0x0000
I/dalvikvm( 5154): Could not find method android.view.ViewParent.onNestedScroll, referenced from method hb.a
W/dalvikvm( 5154): VFY: unable to resolve interface method 6906: Landroid/view/ViewParent;.onNestedScroll (Landroid/view/View;IIII)V
D/dalvikvm( 5154): VFY: replacing opcode 0x78 at 0x0000
I/dalvikvm( 5154): Could not find method android.view.ViewParent.onNestedPreScroll, referenced from method hb.a
W/dalvikvm( 5154): VFY: unable to resolve interface method 6905: Landroid/view/ViewParent;.onNestedPreScroll (Landroid/view/View;II[I)V
D/dalvikvm( 5154): VFY: replacing opcode 0x72 at 0x0000
I/dalvikvm( 5154): Could not find method android.widget.CompoundButton.setButtonTintList, referenced from method hb.a
W/dalvikvm( 5154): VFY: unable to resolve virtual method 7323: Landroid/widget/CompoundButton;.setButtonTintList (Landroid/content/res/ColorStateList;)V
D/dalvikvm( 5154): VFY: replacing opcode 0x6e at 0x0000
I/dalvikvm( 5154): Could not find method android.widget.CompoundButton.setButtonTintMode, referenced from method hb.a
W/dalvikvm( 5154): VFY: unable to resolve virtual method 7324: Landroid/widget/CompoundButton;.setButtonTintMode (Landroid/graphics/PorterDuff$Mode;)V
D/dalvikvm( 5154): VFY: replacing opcode 0x6e at 0x0000
I/dalvikvm( 5154): Could not find method android.widget.PopupWindow.setOverlapAnchor, referenced from method hb.a
W/dalvikvm( 5154): VFY: unable to resolve virtual method 7756: Landroid/widget/PopupWindow;.setOverlapAnchor (Z)V
D/dalvikvm( 5154): VFY: replacing opcode 0x6e at 0x0000
I/dalvikvm( 5154): Could not find method android.widget.TextView.setTextAppearance, referenced from method hb.a
W/dalvikvm( 5154): VFY: unable to resolve virtual method 8073: Landroid/widget/TextView;.setTextAppearance (I)V
D/dalvikvm( 5154): VFY: replacing opcode 0x6e at 0x0000
E/dalvikvm( 5154): Could not find class 'android.app.Notification$MessagingStyle', referenced from method hb.a
W/dalvikvm( 5154): VFY: unable to resolve new-instance 420 (Landroid/app/Notification$MessagingStyle;) in Lhb;
D/dalvikvm( 5154): VFY: replacing opcode 0x22 at 0x0000
E/dalvikvm( 5154): Could not find class 'android.media.MediaDescription$Builder', referenced from method hb.a
W/dalvikvm( 5154): VFY: unable to resolve check-cast 602 (Landroid/media/MediaDescription$Builder;) in Lhb;
D/dalvikvm( 5154): VFY: replacing opcode 0x1f at 0x0000
E/dalvikvm( 5154): Could not find class 'android.media.MediaDescription$Builder', referenced from method hb.a
W/dalvikvm( 5154): VFY: unable to resolve check-cast 602 (Landroid/media/MediaDescription$Builder;) in Lhb;
D/dalvikvm( 5154): VFY: replacing opcode 0x1f at 0x0000
E/dalvikvm( 5154): Could not find class 'android.media.MediaDescription$Builder', referenced from method hb.a
W/dalvikvm( 5154): VFY: unable to resolve check-cast 602 (Landroid/media/MediaDescription$Builder;) in Lhb;
D/dalvikvm( 5154): VFY: replacing opcode 0x1f at 0x0000
E/dalvikvm( 5154): Could not find class 'android.media.MediaDescription', referenced from method hb.a
W/dalvikvm( 5154): VFY: unable to resolve check-cast 603 (Landroid/media/MediaDescription;) in Lhb;
D/dalvikvm( 5154): VFY: replacing opcode 0x1f at 0x0000
W/dalvikvm( 5154): Unable to resolve superclass of Lfy; (808)
W/dalvikvm( 5154): Link of class 'Lfy;' failed
E/dalvikvm( 5154): Could not find class 'fy', referenced from method hb.a
W/dalvikvm( 5154): VFY: unable to resolve new-instance 5537 (Lfy;) in Lhb;
D/dalvikvm( 5154): VFY: replacing opcode 0x22 at 0x0006
E/dalvikvm( 5154): Could not find class 'android.media.MediaDescription$Builder', referenced from method hb.a
W/dalvikvm( 5154): VFY: unable to resolve check-cast 602 (Landroid/media/MediaDescription$Builder;) in Lhb;
D/dalvikvm( 5154): VFY: replacing opcode 0x1f at 0x0000
E/dalvikvm( 5154): Could not find class 'android.media.session.MediaController', referenced from method hb.a
W/dalvikvm( 5154): VFY: unable to resolve check-cast 627 (Landroid/media/session/MediaController;) in Lhb;
D/dalvikvm( 5154): VFY: replacing opcode 0x1f at 0x0000
E/dalvikvm( 5154): Could not find class 'android.media.session.MediaController', referenced from method hb.a
W/dalvikvm( 5154): VFY: unable to resolve check-cast 627 (Landroid/media/session/MediaController;) in Lhb;
D/dalvikvm( 5154): VFY: replacing opcode 0x1f at 0x0000
E/dalvikvm( 5154): Could not find class 'android.media.MediaDescription$Builder', referenced from method hb.a
W/dalvikvm( 5154): VFY: unable to resolve check-cast 602 (Landroid/media/MediaDescription$Builder;) in Lhb;
D/dalvikvm( 5154): VFY: replacing opcode 0x1f at 0x0000
I/dalvikvm( 5154): Could not find method android.transition.TransitionSet.getTransitionCount, referenced from method hb.a
W/dalvikvm( 5154): VFY: unable to resolve virtual method 6214: Landroid/transition/TransitionSet;.getTransitionCount ()I
D/dalvikvm( 5154): VFY: replacing opcode 0x6e at 0x0008
I/dalvikvm( 5154): Could not find method android.view.ViewGroup.isTransitionGroup, referenced from method hb.a
W/dalvikvm( 5154): VFY: unable to resolve virtual method 6828: Landroid/view/ViewGroup;.isTransitionGroup ()Z
D/dalvikvm( 5154): VFY: replacing opcode 0x6e at 0x000c
I/dalvikvm( 5154): Could not find method android.view.View.getTransitionName, referenced from method hb.a
W/dalvikvm( 5154): VFY: unable to resolve virtual method 6581: Landroid/view/View;.getTransitionName ()Ljava/lang/String;
D/dalvikvm( 5154): VFY: replacing opcode 0x6e at 0x0006
I/dalvikvm( 5154): Could not find method android.graphics.drawable.Drawable.setLayoutDirection, referenced from method hb.a
W/dalvikvm( 5154): VFY: unable to resolve virtual method 3828: Landroid/graphics/drawable/Drawable;.setLayoutDirection (I)Z
D/dalvikvm( 5154): VFY: replacing opcode 0x6e at 0x0000
I/dalvikvm( 5154): Could not find method android.transition.Transition.getTargetNames, referenced from method hb.a
W/dalvikvm( 5154): VFY: unable to resolve virtual method 6204: Landroid/transition/Transition;.getTargetNames ()Ljava/util/List;
D/dalvikvm( 5154): VFY: replacing opcode 0x6e at 0x000a
I/dalvikvm( 5154): Could not find method android.view.ViewParent.onNestedPreFling, referenced from method hb.a
W/dalvikvm( 5154): VFY: unable to resolve interface method 6904: Landroid/view/ViewParent;.onNestedPreFling (Landroid/view/View;FF)Z
D/dalvikvm( 5154): VFY: replacing opcode 0x72 at 0x0000
I/dalvikvm( 5154): Could not find method android.view.ViewParent.onNestedFling, referenced from method hb.a
W/dalvikvm( 5154): VFY: unable to resolve interface method 6903: Landroid/view/ViewParent;.onNestedFling (Landroid/view/View;FFZ)Z
D/dalvikvm( 5154): VFY: replacing opcode 0x72 at 0x0000
I/dalvikvm( 5154): Could not find method android.view.ViewParent.onStartNestedScroll, referenced from method hb.a
W/dalvikvm( 5154): VFY: unable to resolve interface method 6908: Landroid/view/ViewParent;.onStartNestedScroll (Landroid/view/View;Landroid/view/View;I)Z
D/dalvikvm( 5154): VFY: replacing opcode 0x72 at 0x0000
I/dalvikvm( 5154): Could not find method android.widget.EdgeEffect.onPull, referenced from method hb.a
W/dalvikvm( 5154): VFY: unable to resolve virtual method 7337: Landroid/widget/EdgeEffect;.onPull (FF)V
D/dalvikvm( 5154): VFY: replacing opcode 0x6e at 0x0002
W/dalvikvm( 5154): VFY: unable to find class referenced in signature ([Landroid/app/RemoteInput;)
E/dalvikvm( 5154): Could not find class 'android.app.RemoteInput[]', referenced from method hb.a
W/dalvikvm( 5154): VFY: unable to resolve new-array 14157 ([Landroid/app/RemoteInput;) in Lhb;
D/dalvikvm( 5154): VFY: replacing opcode 0x23 at 0x0005
I/dalvikvm( 5154): Could not find method android.content.Context.getColorStateList, referenced from method hb.b
W/dalvikvm( 5154): VFY: unable to resolve virtual method 3099: Landroid/content/Context;.getColorStateList (I)Landroid/content/res/ColorStateList;
D/dalvikvm( 5154): VFY: replacing opcode 0x6e at 0x0000
W/dalvikvm( 5154): VFY: unable to find class referenced in signature (Landroid/os/health/HealthStats;)
W/dalvikvm( 5154): VFY: unable to find class referenced in signature (Landroid/os/health/HealthStats;)
W/dalvikvm( 5154): VFY: unable to find class referenced in signature (Landroid/os/health/HealthStats;)
W/dalvikvm( 5154): VFY: unable to find class referenced in signature (Landroid/os/health/HealthStats;)
W/dalvikvm( 5154): VFY: unable to find class referenced in signature (Landroid/os/health/HealthStats;)
W/dalvikvm( 5154): VFY: unable to find class referenced in signature (Landroid/os/health/HealthStats;)
W/dalvikvm( 5154): VFY: unable to find class referenced in signature (Landroid/os/health/HealthStats;)
W/dalvikvm( 5154): VFY: unable to find class referenced in signature (Landroid/os/health/HealthStats;)
I/dalvikvm( 5154): Could not find method android.os.health.HealthStats.hasTimer, referenced from method hb.b
W/dalvikvm( 5154): VFY: unable to resolve virtual method 4422: Landroid/os/health/HealthStats;.hasTimer (I)Z
D/dalvikvm( 5154): VFY: replacing opcode 0x6e at 0x0001
W/dalvikvm( 5154): VFY: unable to find class referenced in signature (Landroid/os/health/TimerStat;)
W/dalvikvm( 5154): VFY: unable to find class referenced in signature (Landroid/os/health/TimerStat;)
I/dalvikvm( 5154): Could not find method android.view.ViewParent.onNestedScrollAccepted, referenced from method hb.b
W/dalvikvm( 5154): VFY: unable to resolve interface method 6907: Landroid/view/ViewParent;.onNestedScrollAccepted (Landroid/view/View;Landroid/view/View;I)V
D/dalvikvm( 5154): VFY: replacing opcode 0x72 at 0x0000
E/dalvikvm( 5154): Could not find class 'android.media.MediaDescription$Builder', referenced from method hb.b
W/dalvikvm( 5154): VFY: unable to resolve check-cast 602 (Landroid/media/MediaDescription$Builder;) in Lhb;
D/dalvikvm( 5154): VFY: replacing opcode 0x1f at 0x0000
I/dalvikvm( 5154): Could not find method android.transition.TransitionSet.getTransitionCount, referenced from method hb.b
W/dalvikvm( 5154): VFY: unable to resolve virtual method 6214: Landroid/transition/TransitionSet;.getTransitionCount ()I
D/dalvikvm( 5154): VFY: replacing opcode 0x6e at 0x0009
E/dalvikvm( 5154): Could not find class 'android.view.accessibility.AccessibilityNodeInfo$AccessibilityAction', referenced from method hb.b
W/dalvikvm( 5154): VFY: unable to resolve check-cast 912 (Landroid/view/accessibility/AccessibilityNodeInfo$AccessibilityAction;) in Lhb;
D/dalvikvm( 5154): VFY: replacing opcode 0x1f at 0x0002
W/dalvikvm( 5154): VFY: unable to find class referenced in signature (Landroid/os/health/HealthStats;)
W/dalvikvm( 5154): VFY: unable to find class referenced in signature (Landroid/os/health/HealthStats;)
I/dalvikvm( 5154): Could not find method android.content.Context.getColor, referenced from method hb.c
W/dalvikvm( 5154): VFY: unable to resolve virtual method 3098: Landroid/content/Context;.getColor (I)I
D/dalvikvm( 5154): VFY: replacing opcode 0x6e at 0x0000
E/dalvikvm( 5154): Could not find class 'android.media.MediaDescription', referenced from method hb.c
W/dalvikvm( 5154): VFY: unable to resolve check-cast 603 (Landroid/media/MediaDescription;) in Lhb;
D/dalvikvm( 5154): VFY: replacing opcode 0x1f at 0x0000
I/dalvikvm( 5154): Could not find method android.app.AppOpsManager.permissionToOp, referenced from method hb.c
W/dalvikvm( 5154): VFY: unable to resolve static method 2812: Landroid/app/AppOpsManager;.permissionToOp (Ljava/lang/String;)Ljava/lang/String;
D/dalvikvm( 5154): VFY: replacing opcode 0x71 at 0x0000
W/dalvikvm( 5154): VFY: unable to find class referenced in signature (Landroid/os/health/HealthStats;)
W/dalvikvm( 5154): VFY: unable to find class referenced in signature (Landroid/os/health/HealthStats;)
W/dalvikvm( 5154): VFY: unable to find class referenced in signature (Landroid/os/health/HealthStats;)
E/dalvikvm( 5154): Could not find class 'android.media.MediaDescription$Builder', referenced from method hb.c
W/dalvikvm( 5154): VFY: unable to resolve check-cast 602 (Landroid/media/MediaDescription$Builder;) in Lhb;
D/dalvikvm( 5154): VFY: replacing opcode 0x1f at 0x0000
W/dalvikvm( 5154): VFY: unable to find class referenced in signature (Landroid/os/health/HealthStats;)
W/dalvikvm( 5154): VFY: unable to find class referenced in signature (Landroid/os/health/HealthStats;)
W/dalvikvm( 5154): VFY: unable to find class referenced in signature (Landroid/os/health/HealthStats;)
I/dalvikvm( 5154): Could not find method android.os.health.HealthStats.hasTimers, referenced from method hb.c
W/dalvikvm( 5154): VFY: unable to resolve virtual method 4423: Landroid/os/health/HealthStats;.hasTimers (I)Z
D/dalvikvm( 5154): VFY: replacing opcode 0x6e at 0x0000
E/dalvikvm( 5154): Could not find class 'android.media.MediaDescription', referenced from method hb.d
W/dalvikvm( 5154): VFY: unable to resolve check-cast 603 (Landroid/media/MediaDescription;) in Lhb;
D/dalvikvm( 5154): VFY: replacing opcode 0x1f at 0x0000
W/dalvikvm( 5154): VFY: unable to find class referenced in signature (Landroid/os/health/HealthStats;)
I/dalvikvm( 5154): Could not find method android.os.health.HealthStats.hasMeasurements, referenced from method hb.d
W/dalvikvm( 5154): VFY: unable to resolve virtual method 4420: Landroid/os/health/HealthStats;.hasMeasurements (I)Z
D/dalvikvm( 5154): VFY: replacing opcode 0x6e at 0x0003
W/dalvikvm( 5154): VFY: unable to find class referenced in signature (Landroid/os/health/HealthStats;)
W/dalvikvm( 5154): VFY: unable to find class referenced in signature (Landroid/os/health/HealthStats;)
W/dalvikvm( 5154): VFY: unable to find class referenced in signature (Landroid/os/health/HealthStats;)
W/dalvikvm( 5154): VFY: unable to find class referenced in signature (Landroid/os/health/HealthStats;)
E/dalvikvm( 5154): Could not find class 'android.media.MediaDescription', referenced from method hb.e
W/dalvikvm( 5154): VFY: unable to resolve check-cast 603 (Landroid/media/MediaDescription;) in Lhb;
D/dalvikvm( 5154): VFY: replacing opcode 0x1f at 0x0000
W/dalvikvm( 5154): VFY: unable to find class referenced in signature (Landroid/os/health/HealthStats;)
I/dalvikvm( 5154): Could not find method android.os.health.HealthStats.hasStats, referenced from method hb.e
W/dalvikvm( 5154): VFY: unable to resolve virtual method 4421: Landroid/os/health/HealthStats;.hasStats (I)Z
D/dalvikvm( 5154): VFY: replacing opcode 0x6e at 0x0000
W/dalvikvm( 5154): VFY: unable to find class referenced in signature (Landroid/os/health/HealthStats;)
W/dalvikvm( 5154): VFY: unable to find class referenced in signature (Landroid/os/health/HealthStats;)
E/dalvikvm( 5154): Could not find class 'android.media.MediaDescription', referenced from method hb.f
W/dalvikvm( 5154): VFY: unable to resolve check-cast 603 (Landroid/media/MediaDescription;) in Lhb;
D/dalvikvm( 5154): VFY: replacing opcode 0x1f at 0x0000
W/dalvikvm( 5154): VFY: unable to find class referenced in signature (Landroid/os/health/HealthStats;)
W/dalvikvm( 5154): VFY: unable to find class referenced in signature (Landroid/os/health/HealthStats;)
E/dalvikvm( 5154): Could not find class 'android.media.MediaDescription', referenced from method hb.g
W/dalvikvm( 5154): VFY: unable to resolve check-cast 603 (Landroid/media/MediaDescription;) in Lhb;
D/dalvikvm( 5154): VFY: replacing opcode 0x1f at 0x0000
E/dalvikvm( 5154): Could not find class 'android.media.MediaDescription', referenced from method hb.h
W/dalvikvm( 5154): VFY: unable to resolve check-cast 603 (Landroid/media/MediaDescription;) in Lhb;
D/dalvikvm( 5154): VFY: replacing opcode 0x1f at 0x0000
E/dalvikvm( 5154): Could not find class 'android.media.MediaDescription', referenced from method hb.i
W/dalvikvm( 5154): VFY: unable to resolve check-cast 603 (Landroid/media/MediaDescription;) in Lhb;
D/dalvikvm( 5154): VFY: replacing opcode 0x1f at 0x0000
E/dalvikvm( 5154): Could not find class 'android.media.MediaDescription$Builder', referenced from method hb.j
W/dalvikvm( 5154): VFY: unable to resolve check-cast 602 (Landroid/media/MediaDescription$Builder;) in Lhb;
D/dalvikvm( 5154): VFY: replacing opcode 0x1f at 0x0000
E/dalvikvm( 5154): Could not find class 'android.media.session.MediaController', referenced from method hb.k
W/dalvikvm( 5154): VFY: unable to resolve check-cast 627 (Landroid/media/session/MediaController;) in Lhb;
D/dalvikvm( 5154): VFY: replacing opcode 0x1f at 0x0000
E/dalvikvm( 5154): Could not find class 'android.media.session.MediaController', referenced from method hb.l
W/dalvikvm( 5154): VFY: unable to resolve check-cast 627 (Landroid/media/session/MediaController;) in Lhb;
D/dalvikvm( 5154): VFY: replacing opcode 0x1f at 0x0000
E/dalvikvm( 5154): Could not find class 'android.media.session.MediaController', referenced from method hb.m
W/dalvikvm( 5154): VFY: unable to resolve check-cast 627 (Landroid/media/session/MediaController;) in Lhb;
D/dalvikvm( 5154): VFY: replacing opcode 0x1f at 0x0000
E/dalvikvm( 5154): Could not find class 'android.media.session.MediaController', referenced from method hb.n
W/dalvikvm( 5154): VFY: unable to resolve check-cast 627 (Landroid/media/session/MediaController;) in Lhb;
D/dalvikvm( 5154): VFY: replacing opcode 0x1f at 0x0000
E/dalvikvm( 5154): Could not find class 'android.media.session.MediaController$TransportControls', referenced from method hb.o
W/dalvikvm( 5154): VFY: unable to resolve check-cast 626 (Landroid/media/session/MediaController$TransportControls;) in Lhb;
D/dalvikvm( 5154): VFY: replacing opcode 0x1f at 0x0000
E/dalvikvm( 5154): Could not find class 'android.media.session.MediaController$TransportControls', referenced from method hb.p
W/dalvikvm( 5154): VFY: unable to resolve check-cast 626 (Landroid/media/session/MediaController$TransportControls;) in Lhb;
D/dalvikvm( 5154): VFY: replacing opcode 0x1f at 0x0000
E/dalvikvm( 5154): Could not find class 'android.media.session.PlaybackState', referenced from method hb.q
W/dalvikvm( 5154): VFY: unable to resolve check-cast 630 (Landroid/media/session/PlaybackState;) in Lhb;
D/dalvikvm( 5154): VFY: replacing opcode 0x1f at 0x0000
E/dalvikvm( 5154): Could not find class 'android.media.session.PlaybackState', referenced from method hb.r
W/dalvikvm( 5154): VFY: unable to resolve check-cast 630 (Landroid/media/session/PlaybackState;) in Lhb;
D/dalvikvm( 5154): VFY: replacing opcode 0x1f at 0x0000
E/dalvikvm( 5154): Could not find class 'android.media.session.PlaybackState', referenced from method hb.s
W/dalvikvm( 5154): VFY: unable to resolve check-cast 630 (Landroid/media/session/PlaybackState;) in Lhb;
D/dalvikvm( 5154): VFY: replacing opcode 0x1f at 0x0000
I/dalvikvm( 5154): Could not find method android.content.Context.getNoBackupFilesDir, referenced from method hb.s
W/dalvikvm( 5154): VFY: unable to resolve virtual method 3110: Landroid/content/Context;.getNoBackupFilesDir ()Ljava/io/File;
D/dalvikvm( 5154): VFY: replacing opcode 0x6e at 0x0006
E/dalvikvm( 5154): Could not find class 'android.media.session.PlaybackState', referenced from method hb.t
W/dalvikvm( 5154): VFY: unable to resolve check-cast 630 (Landroid/media/session/PlaybackState;) in Lhb;
D/dalvikvm( 5154): VFY: replacing opcode 0x1f at 0x0000
E/dalvikvm( 5154): Could not find class 'android.media.session.PlaybackState', referenced from method hb.u
W/dalvikvm( 5154): VFY: unable to resolve check-cast 630 (Landroid/media/session/PlaybackState;) in Lhb;
D/dalvikvm( 5154): VFY: replacing opcode 0x1f at 0x0000
E/dalvikvm( 5154): Could not find class 'android.media.session.PlaybackState', referenced from method hb.v
W/dalvikvm( 5154): VFY: unable to resolve check-cast 630 (Landroid/media/session/PlaybackState;) in Lhb;
D/dalvikvm( 5154): VFY: replacing opcode 0x1f at 0x0000
E/dalvikvm( 5154): Could not find class 'android.media.session.PlaybackState', referenced from method hb.w
W/dalvikvm( 5154): VFY: unable to resolve check-cast 630 (Landroid/media/session/PlaybackState;) in Lhb;
D/dalvikvm( 5154): VFY: replacing opcode 0x1f at 0x0000
E/dalvikvm( 5154): Could not find class 'android.media.session.PlaybackState', referenced from method hb.x
W/dalvikvm( 5154): VFY: unable to resolve check-cast 630 (Landroid/media/session/PlaybackState;) in Lhb;
D/dalvikvm( 5154): VFY: replacing opcode 0x1f at 0x0000
E/dalvikvm( 5154): Could not find class 'android.media.session.PlaybackState', referenced from method hb.y
W/dalvikvm( 5154): VFY: unable to resolve check-cast 630 (Landroid/media/session/PlaybackState;) in Lhb;
D/dalvikvm( 5154): VFY: replacing opcode 0x1f at 0x0000
D/dalvikvm( 5154): DexOpt: unable to opt direct call 0x0b2d at 0x0e in Lhb;.a
D/dalvikvm( 5154): DexOpt: unable to opt direct call 0x0f11 at 0x0b in Lhb;.a
D/dalvikvm( 5154): DexOpt: unable to opt direct call 0x0f3d at 0x02 in Lhb;.a
D/dalvikvm( 5154): DexOpt: unable to opt direct call 0x1b51 at 0x02 in Lhb;.a
D/dalvikvm( 5154): DexOpt: unable to opt direct call 0x0f98 at 0x04 in Lhb;.a
W/dalvikvm( 5154): Unable to resolve superclass of Lmh; (625)
W/dalvikvm( 5154): Link of class 'Lmh;' failed
D/dalvikvm( 5154): DexOpt: unable to opt direct call 0xde37 at 0x02 in Lhb;.a
D/dalvikvm( 5154): DexOpt: unable to opt direct call 0x0b2d at 0x0e in Lhb;.a
W/dalvikvm( 5154): Unable to resolve superclass of Lga; (808)
W/dalvikvm( 5154): Link of class 'Lga;' failed
D/dalvikvm( 5154): DexOpt: unable to opt direct call 0x8607 at 0x04 in Lhb;.a
D/dalvikvm( 5154): DexOpt: unable to opt direct call 0x0b70 at 0x02 in Lhb;.a
D/dalvikvm( 5154): DexOpt: unable to opt direct call 0x0b6e at 0x29 in Lhb;.a
W/dalvikvm( 5154): Unable to resolve superclass of Lfy; (808)
W/dalvikvm( 5154): Link of class 'Lfy;' failed
D/dalvikvm( 5154): DexOpt: unable to opt direct call 0x8502 at 0x08 in Lhb;.a
D/dalvikvm( 5154): DexOpt: unable to opt direct call 0x0b90 at 0x13 in Lhb;.a
E/dalvikvm( 5154): Could not find class 'android.media.session.PlaybackState$CustomAction', referenced from method lyk.getAction
W/dalvikvm( 5154): VFY: unable to resolve check-cast 629 (Landroid/media/session/PlaybackState$CustomAction;) in Llyk;
D/dalvikvm( 5154): VFY: replacing opcode 0x1f at 0x0000
I/dalvikvm( 5154): Could not find method android.content.res.Resources.getDrawable, referenced from method lyk.getDrawable
W/dalvikvm( 5154): VFY: unable to resolve virtual method 3336: Landroid/content/res/Resources;.getDrawable (ILandroid/content/res/Resources$Theme;)Landroid/graphics/drawable/Drawable;
D/dalvikvm( 5154): VFY: replacing opcode 0x6e at 0x0000
E/dalvikvm( 5154): Could not find class 'android.media.session.PlaybackState$CustomAction', referenced from method lyk.getExtras
W/dalvikvm( 5154): VFY: unable to resolve check-cast 629 (Landroid/media/session/PlaybackState$CustomAction;) in Llyk;
D/dalvikvm( 5154): VFY: replacing opcode 0x1f at 0x0000
E/dalvikvm( 5154): Could not find class 'android.media.session.PlaybackState$CustomAction', referenced from method lyk.getIcon
W/dalvikvm( 5154): VFY: unable to resolve check-cast 629 (Landroid/media/session/PlaybackState$CustomAction;) in Llyk;
D/dalvikvm( 5154): VFY: replacing opcode 0x1f at 0x0000
E/dalvikvm( 5154): Could not find class 'android.media.session.PlaybackState$CustomAction', referenced from method lyk.getName
W/dalvikvm( 5154): VFY: unable to resolve check-cast 629 (Landroid/media/session/PlaybackState$CustomAction;) in Llyk;
D/dalvikvm( 5154): VFY: replacing opcode 0x1f at 0x0000
E/dalvikvm( 5154): Could not find class 'android.content.pm.LauncherApps', referenced from method lyk.isWearAppInstalledL
W/dalvikvm( 5154): VFY: unable to resolve check-cast 482 (Landroid/content/pm/LauncherApps;) in Llyk;
D/dalvikvm( 5154): VFY: replacing opcode 0x1f at 0x000e
E/dalvikvm( 5154): Could not find class 'android.media.MediaMetadata', referenced from method lyk.writeToParcel
W/dalvikvm( 5154): VFY: unable to resolve check-cast 604 (Landroid/media/MediaMetadata;) in Llyk;
D/dalvikvm( 5154): VFY: replacing opcode 0x1f at 0x0000
D/DisplayPowerController(  811): updateAmbientLux:  mLightSensorListener lux is 12.0
D/DisplayPowerController(  811): updateAmbientLux:  mLightSensorListener lux is 11.0
I/dalvikvm( 5154): Could not find method android.os.BatteryManager.getIntProperty, referenced from method rmx.a
W/dalvikvm( 5154): VFY: unable to resolve virtual method 4144: Landroid/os/BatteryManager;.getIntProperty (I)I
D/dalvikvm( 5154): VFY: replacing opcode 0x6e at 0x0024
I/dalvikvm( 5154): Could not find method android.os.BatteryManager.isCharging, referenced from method rdg.a
W/dalvikvm( 5154): VFY: unable to resolve virtual method 4145: Landroid/os/BatteryManager;.isCharging ()Z
D/dalvikvm( 5154): VFY: replacing opcode 0x6e at 0x0011
I/dalvikvm( 5154): Could not find method android.os.BatteryManager.isCharging, referenced from method rdg.a
W/dalvikvm( 5154): VFY: unable to resolve virtual method 4145: Landroid/os/BatteryManager;.isCharging ()Z
D/dalvikvm( 5154): VFY: replacing opcode 0x6e at 0x0017
I/dalvikvm( 5154): Could not find method android.content.pm.PackageManager.getPackageInstaller, referenced from method ewh.a
W/dalvikvm( 5154): VFY: unable to resolve virtual method 3291: Landroid/content/pm/PackageManager;.getPackageInstaller ()Landroid/content/pm/PackageInstaller;
D/dalvikvm( 5154): VFY: replacing opcode 0x6e at 0x000c
W/dalvikvm( 5154): No implementation found for native Lcom/google/android/libraries/social/jni/crashreporter/NativeCrashHandler;.setup:()V
D/dalvikvm( 5154): Trying to load lib /data/app-lib/com.google.android.apps.plus-2/libcrashreporterer.so 0x418ee2d0
