D/dalvikvm( 5154): Added shared lib /data/app-lib/com.google.android.apps.plus-2/libcrashreporterer.so 0x418ee2d0
I/dalvikvm( 5154): Could not find method android.os.PowerManager.isInteractive, referenced from method ogd.onActivityPaused
D/DisplayPowerController(  811): updateAmbientLux:  mLightSensorListener lux is 12.0
W/dalvikvm( 5154): VFY: unable to resolve virtual method 836: Landroid/os/PowerManager;.isInteractive ()Z
D/dalvikvm( 5154): VFY: replacing opcode 0x6e at 0x0020
D/PowerManagerService(  811): sendPendingNotificationsLocked mSendGoToSleepFinishedNotificationWhenReady = false
D/PowerManagerService(  811): sendPendingNotificationsLocked mSendGoToSleepFinishedNotificationWhenReady = false
D/PowerManagerService(  811): sendPendingNotificationsLocked mSendGoToSleepFinishedNotificationWhenReady = false
E/dalvikvm( 5154): Could not find class 'android.media.session.PlaybackState', referenced from method bs.a
W/dalvikvm( 5154): VFY: unable to resolve check-cast 630 (Landroid/media/session/PlaybackState;) in Lbs;
D/dalvikvm( 5154): VFY: replacing opcode 0x1f at 0x0000
I/dalvikvm( 5154): Could not find method android.view.View.onApplyWindowInsets, referenced from method bs.a
W/dalvikvm( 5154): VFY: unable to resolve virtual method 6624: Landroid/view/View;.onApplyWindowInsets (Landroid/view/WindowInsets;)Landroid/view/WindowInsets;
D/dalvikvm( 5154): VFY: replacing opcode 0x6e at 0x0009
I/dalvikvm( 5154): Could not find method android.view.View.requestApplyInsets, referenced from method bs.a
W/dalvikvm( 5154): VFY: unable to resolve virtual method 6645: Landroid/view/View;.requestApplyInsets ()V
D/dalvikvm( 5154): VFY: replacing opcode 0x6e at 0x0000
I/dalvikvm( 5154): Could not find method android.view.View.setElevation, referenced from method bs.a
W/dalvikvm( 5154): VFY: unable to resolve virtual method 6671: Landroid/view/View;.setElevation (F)V
D/dalvikvm( 5154): VFY: replacing opcode 0x6e at 0x0000
I/dalvikvm( 5154): Could not find method android.view.View.setBackgroundTintList, referenced from method bs.a
W/dalvikvm( 5154): VFY: unable to resolve virtual method 6665: Landroid/view/View;.setBackgroundTintList (Landroid/content/res/ColorStateList;)V
D/dalvikvm( 5154): VFY: replacing opcode 0x6e at 0x0000
I/dalvikvm( 5154): Could not find method android.view.View.setBackgroundTintMode, referenced from method bs.a
W/dalvikvm( 5154): VFY: unable to resolve virtual method 6666: Landroid/view/View;.setBackgroundTintMode (Landroid/graphics/PorterDuff$Mode;)V
D/dalvikvm( 5154): VFY: replacing opcode 0x6e at 0x0000
I/dalvikvm( 5154): Could not find method android.view.View.setOnApplyWindowInsetsListener, referenced from method bs.a
W/dalvikvm( 5154): VFY: unable to resolve virtual method 6682: Landroid/view/View;.setOnApplyWindowInsetsListener (Landroid/view/View$OnApplyWindowInsetsListener;)V
D/dalvikvm( 5154): VFY: replacing opcode 0x6e at 0x0003
I/dalvikvm( 5154): Failed resolving Lsa; interface 383 'Landroid/view/View$OnApplyWindowInsetsListener;'
W/dalvikvm( 5154): Link of class 'Lsa;' failed
E/dalvikvm( 5154): Could not find class 'sa', referenced from method bs.a
W/dalvikvm( 5154): VFY: unable to resolve new-instance 12973 (Lsa;) in Lbs;
D/dalvikvm( 5154): VFY: replacing opcode 0x22 at 0x0007
I/dalvikvm( 5154): Could not find method android.view.View.getElevation, referenced from method bs.b
W/dalvikvm( 5154): VFY: unable to resolve virtual method 6542: Landroid/view/View;.getElevation ()F
D/dalvikvm( 5154): VFY: replacing opcode 0x6e at 0x0000
I/dalvikvm( 5154): Could not find method android.view.View.dispatchApplyWindowInsets, referenced from method bs.b
W/dalvikvm( 5154): VFY: unable to resolve virtual method 6522: Landroid/view/View;.dispatchApplyWindowInsets (Landroid/view/WindowInsets;)Landroid/view/WindowInsets;
D/dalvikvm( 5154): VFY: replacing opcode 0x6e at 0x0009
I/dalvikvm( 5154): Could not find method android.view.View.getTranslationZ, referenced from method bs.c
W/dalvikvm( 5154): VFY: unable to resolve virtual method 6584: Landroid/view/View;.getTranslationZ ()F
D/dalvikvm( 5154): VFY: replacing opcode 0x6e at 0x0000
I/dalvikvm( 5154): Could not find method android.view.View.getBackgroundTintList, referenced from method bs.d
W/dalvikvm( 5154): VFY: unable to resolve virtual method 6534: Landroid/view/View;.getBackgroundTintList ()Landroid/content/res/ColorStateList;
D/dalvikvm( 5154): VFY: replacing opcode 0x6e at 0x0000
I/dalvikvm( 5154): Could not find method android.view.View.getBackgroundTintMode, referenced from method bs.e
W/dalvikvm( 5154): VFY: unable to resolve virtual method 6535: Landroid/view/View;.getBackgroundTintMode ()Landroid/graphics/PorterDuff$Mode;
D/dalvikvm( 5154): VFY: replacing opcode 0x6e at 0x0000
I/dalvikvm( 5154): Could not find method android.view.View.isNestedScrollingEnabled, referenced from method bs.f
W/dalvikvm( 5154): VFY: unable to resolve virtual method 6613: Landroid/view/View;.isNestedScrollingEnabled ()Z
D/dalvikvm( 5154): VFY: replacing opcode 0x6e at 0x0000
I/dalvikvm( 5154): Could not find method android.view.View.stopNestedScroll, referenced from method bs.g
W/dalvikvm( 5154): VFY: unable to resolve virtual method 6707: Landroid/view/View;.stopNestedScroll ()V
D/dalvikvm( 5154): VFY: replacing opcode 0x6e at 0x0000
I/dalvikvm( 5154): Could not find method android.view.View.getZ, referenced from method bs.h
W/dalvikvm( 5154): VFY: unable to resolve virtual method 6593: Landroid/view/View;.getZ ()F
D/dalvikvm( 5154): VFY: replacing opcode 0x6e at 0x0000
I/dalvikvm( 5154): Failed resolving Lsa; interface 383 'Landroid/view/View$OnApplyWindowInsetsListener;'
W/dalvikvm( 5154): Link of class 'Lsa;' failed
D/dalvikvm( 5154): DexOpt: unable to opt direct call 0xf1bf at 0x09 in Lbs;.a
D/dalvikvm( 1284): GC_EXPLICIT freed 241K, 56% free 4887K/11092K, paused 2ms+4ms, total 30ms
D/DisplayPowerController(  811): updateAmbientLux:  mLightSensorListener lux is 11.0
I/ActivityManager(  811): Start proc com.android.chrome for broadcast com.android.chrome/org.chromium.base.PowerStatusReceiver: pid=5188 uid=10046 gids={50046, 9997, 3003, 1028, 1015}
D/PowerManagerService(  811): sendPendingNotificationsLocked mSendGoToSleepFinishedNotificationWhenReady = false
I/ActivityManager(  811): Killing 4676:com.google.android.youtube/u0a99 (adj 15): empty #17
D/ActivityThread( 5188): handleBindApplication:com.android.chrome
D/ActivityThread( 5188): setTargetHeapUtilization:0.75
D/ActivityThread( 5188): setTargetHeapMinFree:2097152
W/dalvikvm( 5188): VFY: unable to resolve static field 4561 (common_full_open_on_phone) in Lcom/google/android/gms/R$drawable;
D/dalvikvm( 5188): VFY: replacing opcode 0x60 at 0x005a
I/dalvikvm( 5188): Could not find method android.content.pm.PackageManager.getPackageInstaller, referenced from method com.google.android.gms.common.L.v
W/dalvikvm( 5188): VFY: unable to resolve virtual method 742: Landroid/content/pm/PackageManager;.getPackageInstaller ()Landroid/content/pm/PackageInstaller;
D/dalvikvm( 5188): VFY: replacing opcode 0x6e at 0x0013
W/DynamiteModule( 5188): Local module descriptor class for com.google.android.gms.googlecertificates not found.
I/DynamiteModule( 5188): Considering local module com.google.android.gms.googlecertificates:0 and remote module com.google.android.gms.googlecertificates:2
I/DynamiteModule( 5188): Selected remote version of com.google.android.gms.googlecertificates, version >= 2
D/dalvikvm( 5188): DexOpt: couldn't find static field Landroid/os/Build;.SUPPORTED_64_BIT_ABIS
W/dalvikvm( 5188): VFY: unable to resolve static field 784 (SUPPORTED_64_BIT_ABIS) in Landroid/os/Build;
D/dalvikvm( 5188): VFY: replacing opcode 0x62 at 0x0008
I/CastMediaRouteProvider( 2056): in onDiscoveryRequestChanged: request=null
D/dalvikvm( 5188): DexOpt: couldn't find static field Landroid/os/Build;.SUPPORTED_ABIS
W/dalvikvm( 5188): VFY: unable to resolve static field 785 (SUPPORTED_ABIS) in Landroid/os/Build;
D/dalvikvm( 5188): VFY: replacing opcode 0x62 at 0x0008
D/dalvikvm( 5188): DexOpt: couldn't find static field Landroid/os/Build;.SUPPORTED_64_BIT_ABIS
W/dalvikvm( 5188): VFY: unable to resolve static field 784 (SUPPORTED_64_BIT_ABIS) in Landroid/os/Build;
D/dalvikvm( 5188): VFY: replacing opcode 0x62 at 0x0012
D/dalvikvm( 5188): DexOpt: couldn't find static field Landroid/os/Build;.SUPPORTED_32_BIT_ABIS
W/dalvikvm( 5188): VFY: unable to resolve static field 783 (SUPPORTED_32_BIT_ABIS) in Landroid/os/Build;
D/dalvikvm( 5188): VFY: replacing opcode 0x62 at 0x0021
D/dalvikvm( 5188): DexOpt: couldn't find static field Landroid/os/Build;.SUPPORTED_64_BIT_ABIS
I/dalvikvm( 5188): DexOpt: unable to optimize static field ref 0x0310 at 0x0d in Lcom/google/android/chimera/container/internal/NativeLibUtils;.a
D/dalvikvm( 5188): DexOpt: couldn't find static field Landroid/os/Build;.SUPPORTED_64_BIT_ABIS
I/dalvikvm( 5188): DexOpt: unable to optimize static field ref 0x0310 at 0x17 in Lcom/google/android/chimera/container/internal/NativeLibUtils;.getSupportedAbisForCurrentRuntime
D/dalvikvm( 5188): DexOpt: couldn't find static field Landroid/os/Build;.SUPPORTED_32_BIT_ABIS
I/dalvikvm( 5188): DexOpt: unable to optimize static field ref 0x030f at 0x26 in Lcom/google/android/chimera/container/internal/NativeLibUtils;.getSupportedAbisForCurrentRuntime
I/dalvikvm( 5188): Could not find method android.content.ContextWrapper.createCredentialProtectedStorageContext, referenced from method com.google.android.chimera.ModuleContext.createCredentialProtectedStorageContext
W/dalvikvm( 5188): VFY: unable to resolve virtual method 2232: Landroid/content/ContextWrapper;.createCredentialProtectedStorageContext ()Landroid/content/Context;
D/dalvikvm( 5188): VFY: replacing opcode 0x6f at 0x0002
I/dalvikvm( 5188): Could not find method android.content.ContextWrapper.createDeviceProtectedStorageContext, referenced from method com.google.android.chimera.ModuleContext.createDeviceProtectedStorageContext
W/dalvikvm( 5188): VFY: unable to resolve virtual method 2233: Landroid/content/ContextWrapper;.createDeviceProtectedStorageContext ()Landroid/content/Context;
D/dalvikvm( 5188): VFY: replacing opcode 0x6f at 0x0002
D/dalvikvm( 2056): GC_EXPLICIT freed 1002K, 39% free 6865K/11092K, paused 3ms+5ms, total 42ms
I/ActivityManager(  811): Start proc cn.zte.music for broadcast cn.zte.music/.MediaButtonIntentReceiver: pid=5201 uid=10022 gids={50022, 1028, 1015, 3002, 3001, 1023, 3003}
I/dalvikvm( 5201): Enabling JNI app bug workarounds for target SDK version 13...
D/ActivityThread( 5201): handleBindApplication:cn.zte.music
D/ActivityThread( 5201): setTargetHeapUtilization:0.75
D/ActivityThread( 5201): setTargetHeapMinFree:2097152
D/DisplayPowerController(  811): updateAmbientLux:  mLightSensorListener lux is 12.0
E/AUD_MediaButtonIntentReceiver( 5201): receive action: android.hardware.usb.action.USB_STATE
E/AUD_MediaButtonIntentReceiver( 5201): usbState.equals(intentAction)
I/ActivityManager(  811): Start proc com.android.settings for broadcast com.android.settings/.adapt.function.GlobalReceiver: pid=5213 uid=1000 gids={41000, 3002, 3001, 9997, 1028, 1015, 1023, 3003, 1021, 3004, 3005, 1000, 3009, 1010, 1007}
I/ActivityManager(  811): Killing 4795:com.android.dialer/u0a5 (adj 15): empty #17
E/ProcessState( 5213): SYSTEM UID, set maxThreads = 31 1000 1000!
D/ActivityThread( 5213): handleBindApplication:com.android.settings
D/ActivityThread( 5213): setTargetHeapUtilization:0.75
D/ActivityThread( 5213): setTargetHeapMinFree:2097152
D/DisplayPowerController(  811): updateAmbientLux:  mLightSensorListener lux is 11.0
I/settings_AdaptTools( 5213): product = N9130 operator = sprint
I/ActivityManager(  811): Killing 4810:com.google.android.partnersetup/u0a15 (adj 15): empty #17
I/ActivityManager(  811): Killing 4822:com.qti.backupagent/u0a85 (adj 15): empty #17
D/DisplayPowerController(  811): updateAmbientLux:  mLightSensorListener lux is 12.0
D/DisplayPowerController(  811): updateAmbientLux:  mLightSensorListener lux is 11.0
D/DisplayPowerController(  811): updateAmbientLux:  mLightSensorListener lux is 12.0
D/DisplayPowerController(  811): updateAmbientLux:  mLightSensorListener lux is 11.0
D/DisplayPowerController(  811): updateAmbientLux:  mLightSensorListener lux is 12.0
D/DisplayPowerController(  811): ZTE_PM updateAutoBrightness: useAutoBrightness = true  mAmbientLuxValid = true  mAmbientLux = 11.629675
D/DisplayPowerController(  811): updateAutoBrightness: value=0.109879285 *255 = 28.019218
D/DisplayPowerController(  811): ZTE_PM mPowerRequest.screenState is 2
D/DisplayPowerController(  811): ZTE_PM_PROX disable ProxSensor while NO useProximitySensor 
D/DisplayPowerController(  811): ZTE_PM_PROX setProximitySensorEnabled enable = false
D/DisplayPowerController(  811): ZTE_PM  setLightSensorEnabled enable = true updateAutoBrightness = false
D/DisplayPowerState(  811): Updating screen state: onChanged=false, on= true, backlightChanged=true, backlight=37
D/ledlog_java_com(  811): Excessive delay setting light: 63ms
D/DisplayPowerState(  811): Updating screen state: onChanged=false, on= true, backlightChanged=true, backlight=28
D/ledlog_java_com(  811): Excessive delay setting light: 64ms
D/DisplayPowerController(  811): updateAmbientLux:  mLightSensorListener lux is 11.0
D/DisplayPowerController(  811): updateAmbientLux:  mLightSensorListener lux is 12.0
D/DisplayPowerController(  811): updateAmbientLux:  mLightSensorListener lux is 11.0
D/DisplayPowerController(  811): updateAmbientLux:  mLightSensorListener lux is 12.0
D/DisplayPowerController(  811): updateAmbientLux:  mLightSensorListener lux is 11.0
D/DisplayPowerController(  811): updateAmbientLux:  mLightSensorListener lux is 12.0
D/DisplayPowerController(  811): updateAmbientLux:  mLightSensorListener lux is 11.0
D/DisplayPowerController(  811): updateAmbientLux:  mLightSensorListener lux is 12.0
D/DisplayPowerController(  811): updateAmbientLux:  mLightSensorListener lux is 11.0
D/DisplayPowerController(  811): updateAmbientLux:  mLightSensorListener lux is 12.0
D/DisplayPowerController(  811): updateAmbientLux:  mLightSensorListener lux is 11.0
D/DisplayPowerController(  811): updateAmbientLux:  mLightSensorListener lux is 12.0
D/DisplayPowerController(  811): updateAmbientLux:  mLightSensorListener lux is 11.0
D/DisplayPowerController(  811): updateAmbientLux:  mLightSensorListener lux is 12.0
D/DisplayPowerController(  811): updateAmbientLux:  mLightSensorListener lux is 11.0
D/DisplayPowerController(  811): updateAmbientLux:  mLightSensorListener lux is 12.0
D/DisplayPowerController(  811): updateAmbientLux:  mLightSensorListener lux is 11.0
D/DisplayPowerController(  811): updateAmbientLux:  mLightSensorListener lux is 12.0
D/DisplayPowerController(  811): updateAmbientLux:  mLightSensorListener lux is 11.0
D/DisplayPowerController(  811): updateAmbientLux:  mLightSensorListener lux is 12.0
D/DisplayPowerController(  811): updateAmbientLux:  mLightSensorListener lux is 11.0
D/DisplayPowerController(  811): updateAmbientLux:  mLightSensorListener lux is 12.0
D/DisplayPowerController(  811): updateAmbientLux:  mLightSensorListener lux is 11.0
D/DisplayPowerController(  811): updateAmbientLux:  mLightSensorListener lux is 12.0
D/DisplayPowerController(  811): updateAmbientLux:  mLightSensorListener lux is 11.0
D/DisplayPowerController(  811): updateAmbientLux:  mLightSensorListener lux is 12.0
D/DisplayPowerController(  811): updateAmbientLux:  mLightSensorListener lux is 11.0
