D/DisplayPowerController(  811): updateAmbientLux:  mLightSensorListener lux is 186.0
D/LockScreen_KeyguardViewMediator(  978): setHidden false
D/LockScreen_KeyguardUpdateMonitor(  978): sendKeyguardVisibilityChanged(true)
D/LockScreen_KeyguardUpdateMonitor(  978): handleKeyguardVisibilityChanged(1)
D/DisplayPowerController(  811): updateAmbientLux:  mLightSensorListener lux is 185.0
D/DisplayPowerController(  811): updateAmbientLux:  mLightSensorListener lux is 184.0
D/LockScreen_KeyguardViewMediator(  978): setHidden false
D/LockScreen_KeyguardUpdateMonitor(  978): sendKeyguardVisibilityChanged(true)
D/LockScreen_KeyguardUpdateMonitor(  978): handleKeyguardVisibilityChanged(1)
D/LockScreen_KeyguardViewMediator(  978): setHidden false
D/LockScreen_KeyguardUpdateMonitor(  978): sendKeyguardVisibilityChanged(true)
D/LockScreen_KeyguardUpdateMonitor(  978): handleKeyguardVisibilityChanged(1)
D/DisplayPowerController(  811): updateAmbientLux:  mLightSensorListener lux is 183.0
D/DisplayPowerController(  811): updateAmbientLux:  mLightSensorListener lux is 182.0
D/dalvikvm( 9775): GC_CONCURRENT freed 1954K, 52% free 5389K/11088K, paused 3ms+3ms, total 41ms
D/LockScreen_KeyguardViewMediator(  978): setHidden false
D/LockScreen_KeyguardUpdateMonitor(  978): sendKeyguardVisibilityChanged(true)
D/LockScreen_KeyguardUpdateMonitor(  978): handleKeyguardVisibilityChanged(1)
D/LockScreen_KeyguardViewMediator(  978): setHidden false
D/LockScreen_KeyguardUpdateMonitor(  978): sendKeyguardVisibilityChanged(true)
D/LockScreen_KeyguardUpdateMonitor(  978): handleKeyguardVisibilityChanged(1)
D/DisplayPowerController(  811): updateAmbientLux:  mLightSensorListener lux is 181.0
D/BatteryService(  811): ZTE Sending ACTION_BATTERY_CHANGED.  level:96, scale:100, status:4, health:2, present:true, voltage: 4208, temperature: 270, technology: Li-ion, AC powered:false, USB powered:false, Wireless powered:false, icon:17302952, invalid charger:0
D/WifiApPowerMode(  811): ACTION_BATTERY_CHANGED received. pluggedType=0 mUSBConnected=false
D/LockScreen_KeyguardUpdateMonitor(  978): received broadcast android.intent.action.BATTERY_CHANGED
D/LockScreen_DMLockCodeController(  978): canAcceptIntent - can: false
D/LockScreen_CMASAlertController(  978): canAcceptIntent - can: false
D/LockScreen_KeyguardUpdateMonitor(  978): handleBatteryUpdate
D/PowerManagerService(  811): sendPendingNotificationsLocked mSendGoToSleepFinishedNotificationWhenReady = false
D/WifiController(  811): battery changed pluggedType: 0
D/PowerManagerService(  811): sendPendingNotificationsLocked mSendGoToSleepFinishedNotificationWhenReady = false
D/DisplayPowerController(  811): updateAmbientLux:  mLightSensorListener lux is 179.0
D/PowerManagerService(  811): sendPendingNotificationsLocked mSendGoToSleepFinishedNotificationWhenReady = false
D/DisplayPowerController(  811): updateAmbientLux:  mLightSensorListener lux is 180.0
D/LockScreen_KeyguardViewMediator(  978): setHidden false
D/LockScreen_KeyguardUpdateMonitor(  978): sendKeyguardVisibilityChanged(true)
D/LockScreen_KeyguardUpdateMonitor(  978): handleKeyguardVisibilityChanged(1)
D/DisplayPowerController(  811): updateAmbientLux:  mLightSensorListener lux is 179.0
D/DisplayPowerController(  811): updateAmbientLux:  mLightSensorListener lux is 178.0
D/LockScreen_KeyguardViewMediator(  978): setHidden false
D/LockScreen_KeyguardUpdateMonitor(  978): sendKeyguardVisibilityChanged(true)
D/LockScreen_KeyguardUpdateMonitor(  978): handleKeyguardVisibilityChanged(1)
D/vibrator_java(  811): mPackageName=android
D/PowerManagerService(  811): sendPendingNotificationsLocked mSendGoToSleepFinishedNotificationWhenReady = false
W/ContextImpl(  811): Calling a method in the system process without a qualified user: android.app.ContextImpl.sendBroadcast:1213 com.android.internal.policy.impl.PhoneWindowManager.interceptKeyBeforeQueueing:4268 com.android.server.wm.InputMonitor.interceptKeyBeforeQueueing:357 com.android.server.input.InputManagerService.interceptKeyBeforeQueueing:1343 dalvik.system.NativeStart.run:-2 
D/PowerManagerService(  811): sendPendingNotificationsLocked mSendGoToSleepFinishedNotificationWhenReady = false
D/LightsService(  811):  Trun on the button and after 2000s,then turn off the button !
D/vibrator_java(  811): mPackageName=android
D/vibrator_java(  811): doVibratorOn  uid= 1000  millis=40ms
W/UnimplementedWebViewApi( 9775): Unimplemented WebView method onKeyDown called from: android.webkit.WebView.onKeyDown(WebView.java:2178)
D/PowerManagerService(  811): sendPendingNotificationsLocked mSendGoToSleepFinishedNotificationWhenReady = false
D/DisplayPowerController(  811): updateAmbientLux:  mLightSensorListener lux is 179.0
D/dalvikvm(  811): GC_FOR_ALLOC freed 1528K, 22% free 13577K/17332K, paused 87ms, total 90ms
D/DisplayPowerController(  811): updateAmbientLux:  mLightSensorListener lux is 204.0
D/DisplayPowerController(  811): updateAmbientLux:  mLightSensorListener lux is 230.0
D/PowerManagerService(  811): sendPendingNotificationsLocked mSendGoToSleepFinishedNotificationWhenReady = false
D/LightsService(  811):  Trun on the button and after 2000s,then turn off the button !
D/vibrator_java(  811): mPackageName=android
D/PowerManagerService(  811): sendPendingNotificationsLocked mSendGoToSleepFinishedNotificationWhenReady = false
D/LockScreen_KeyguardViewMediator(  978): setHidden false
D/LockScreen_KeyguardUpdateMonitor(  978): sendKeyguardVisibilityChanged(true)
D/LockScreen_KeyguardUpdateMonitor(  978): handleKeyguardVisibilityChanged(1)
D/dalvikvm( 9775): GC_CONCURRENT freed 1941K, 52% free 5407K/11088K, paused 3ms+4ms, total 49ms
D/vibrator_java(  811): doVibratorOn  uid= 1000  millis=1ms
D/vibrator_java(  811): doVibratorOn  uid= 1000  millis=21ms
D/LockScreen_KeyguardViewMediator(  978): setHidden false
D/LockScreen_KeyguardUpdateMonitor(  978): sendKeyguardVisibilityChanged(true)
D/LockScreen_KeyguardViewMediator(  978): setHidden false
D/LockScreen_KeyguardUpdateMonitor(  978): sendKeyguardVisibilityChanged(true)
D/LockScreen_KeyguardUpdateMonitor(  978): handleKeyguardVisibilityChanged(1)
D/LockScreen_KeyguardUpdateMonitor(  978): handleKeyguardVisibilityChanged(1)
W/UnimplementedWebViewApi( 9775): Unimplemented WebView method onKeyDown called from: android.webkit.WebView.onKeyDown(WebView.java:2178)
D/PowerManagerService(  811): sendPendingNotificationsLocked mSendGoToSleepFinishedNotificationWhenReady = false
D/dalvikvm(  811): GC_FOR_ALLOC freed 708K, 21% free 13723K/17332K, paused 87ms, total 88ms
D/DisplayPowerController(  811): updateAmbientLux:  mLightSensorListener lux is 179.0
W/UnimplementedWebViewApi( 9775): Unimplemented WebView method onKeyDown called from: android.webkit.WebView.onKeyDown(WebView.java:2178)
W/UnimplementedWebViewApi( 9775): Unimplemented WebView method onKeyDown called from: android.webkit.WebView.onKeyDown(WebView.java:2178)
I/ActivityManager(  811): START u0 {act=com.android.systemui.recent.action.TOGGLE_RECENTS flg=0x10800000 cmp=com.android.systemui/.recent.RecentsActivity (has extras)} from pid 978
D/dalvikvm(  811): GC_FOR_ALLOC freed 426K, 20% free 13932K/17332K, paused 70ms, total 71ms
D/DisplayPowerController(  811): updateAmbientLux:  mLightSensorListener lux is 16.0
D/PowerManagerService(  811): sendPendingNotificationsLocked mSendGoToSleepFinishedNotificationWhenReady = false
V/RCActivity( 9775): onPause()
D/LockScreen_KeyguardViewMediator(  978): setHidden false
D/LockScreen_KeyguardUpdateMonitor(  978): sendKeyguardVisibilityChanged(true)
D/LockScreen_KeyguardViewMediator(  978): setHidden false
D/LockScreen_KeyguardUpdateMonitor(  978): sendKeyguardVisibilityChanged(true)
D/RecentsButtonBarView(  978): onFinishInflate
D/RecentsButtonBarView(  978): onFinishInflate ***googleNowButton: android.widget.Button{41f88f60 GFED..C. ......I. 0,0-0,0 #7f07008c app:id/googlenow}****removeAllButton: android.widget.Button{42295a30 VFED..C. ......I. 0,0-0,0 #7f07008b app:id/removeall}
D/LockScreen_KeyguardUpdateMonitor(  978): handleKeyguardVisibilityChanged(1)
D/LockScreen_KeyguardUpdateMonitor(  978): handleKeyguardVisibilityChanged(1)
D/LockScreen_KeyguardViewMediator(  978): setHidden false
D/LockScreen_KeyguardUpdateMonitor(  978): sendKeyguardVisibilityChanged(true)
D/RecentsButtonBarView(  978): onAttachedToWindow
D/RecentsButtonBarView(  978): getRecentsPanelView - panel: com.android.systemui.recent.RecentsPanelView{42267f80 VFED.... .F....I. 0,0-0,0 #7f070094 app:id/recents_root}
D/LockScreen_KeyguardViewMediator(  978): setHidden false
D/LockScreen_KeyguardUpdateMonitor(  978): sendKeyguardVisibilityChanged(true)
D/LockScreen_KeyguardViewMediator(  978): setHidden false
D/LockScreen_KeyguardUpdateMonitor(  978): sendKeyguardVisibilityChanged(true)
D/LockScreen_KeyguardViewMediator(  978): setHidden false
D/LockScreen_KeyguardUpdateMonitor(  978): sendKeyguardVisibilityChanged(true)
D/LockScreen_KeyguardViewMediator(  978): setHidden false
D/LockScreen_KeyguardUpdateMonitor(  978): sendKeyguardVisibilityChanged(true)
W/ViewRootImpl(  978): Dropping event due to no window focus: KeyEvent { action=ACTION_DOWN, keyCode=KEYCODE_MENU, scanCode=139, metaState=0, flags=0x48, repeatCount=5, eventTime=5934540, downTime=5933815, deviceId=0, source=0x101 }
D/LockScreen_KeyguardUpdateMonitor(  978): handleKeyguardVisibilityChanged(1)
D/LockScreen_KeyguardUpdateMonitor(  978): handleKeyguardVisibilityChanged(1)
D/LockScreen_KeyguardUpdateMonitor(  978): handleKeyguardVisibilityChanged(1)
D/LockScreen_KeyguardUpdateMonitor(  978): handleKeyguardVisibilityChanged(1)
W/ViewRootImpl(  978): Dropping event due to no window focus: KeyEvent { action=ACTION_DOWN, keyCode=KEYCODE_MENU, scanCode=139, metaState=0, flags=0x48, repeatCount=6, eventTime=5934664, downTime=5933815, deviceId=0, source=0x101 }
D/LockScreen_KeyguardViewMediator(  978): setHidden false
D/LockScreen_KeyguardUpdateMonitor(  978): sendKeyguardVisibilityChanged(true)
W/IInputConnectionWrapper( 9775): showStatusIcon on inactive InputConnection
D/LockScreen_KeyguardUpdateMonitor(  978): handleKeyguardVisibilityChanged(1)
D/LockScreen_KeyguardUpdateMonitor(  978): handleKeyguardVisibilityChanged(1)
I/Timeline(  978): Timeline: Activity_idle id: android.os.BinderProxy@42153b68 time:5934732
D/LockScreen_KeyguardViewMediator(  978): setHidden false
D/LockScreen_KeyguardUpdateMonitor(  978): sendKeyguardVisibilityChanged(true)
D/LockScreen_KeyguardUpdateMonitor(  978): handleKeyguardVisibilityChanged(1)
D/PowerManagerService(  811): sendPendingNotificationsLocked mSendGoToSleepFinishedNotificationWhenReady = false
D/LockScreen_KeyguardViewMediator(  978): setHidden false
D/LockScreen_KeyguardUpdateMonitor(  978): sendKeyguardVisibilityChanged(true)
D/LockScreen_KeyguardViewMediator(  978): setHidden false
D/LockScreen_KeyguardUpdateMonitor(  978): sendKeyguardVisibilityChanged(true)
D/LockScreen_KeyguardUpdateMonitor(  978): handleKeyguardVisibilityChanged(1)
D/LockScreen_KeyguardUpdateMonitor(  978): handleKeyguardVisibilityChanged(1)
I/ActivityManager(  811): Displayed com.android.systemui/.recent.RecentsActivity: +177ms
D/DisplayPowerController(  811): updateAmbientLux:  mLightSensorListener lux is 36.0
D/LockScreen_KeyguardViewMediator(  978): setHidden false
D/LockScreen_KeyguardUpdateMonitor(  978): sendKeyguardVisibilityChanged(true)
D/LockScreen_KeyguardViewMediator(  978): setHidden false
D/LockScreen_KeyguardUpdateMonitor(  978): sendKeyguardVisibilityChanged(true)
D/LockScreen_KeyguardUpdateMonitor(  978): handleKeyguardVisibilityChanged(1)
D/LockScreen_KeyguardUpdateMonitor(  978): handleKeyguardVisibilityChanged(1)
D/LockScreen_KeyguardViewMediator(  978): setHidden false
D/LockScreen_KeyguardUpdateMonitor(  978): sendKeyguardVisibilityChanged(true)
D/LockScreen_KeyguardUpdateMonitor(  978): handleKeyguardVisibilityChanged(1)
D/DisplayPowerController(  811): updateAmbientLux:  mLightSensorListener lux is 42.0
D/PowerManagerService(  811): sendPendingNotificationsLocked mSendGoToSleepFinishedNotificationWhenReady = false
D/LightsService(  811):  Trun on the button and after 2000s,then turn off the button !
D/DisplayPowerController(  811): updateAmbientLux:  mLightSensorListener lux is 47.0
D/LockScreen_KeyguardViewMediator(  978): setHidden false
D/LockScreen_KeyguardUpdateMonitor(  978): sendKeyguardVisibilityChanged(true)
D/LockScreen_KeyguardUpdateMonitor(  978): handleKeyguardVisibilityChanged(1)
I/Timeline(  811): Timeline: Activity_windows_visible id: ActivityRecord{4272e2f0 u0 com.android.systemui/.recent.RecentsActivity t58} time:5935031
D/LockScreen_KeyguardViewMediator(  978): setHidden false
D/LockScreen_KeyguardUpdateMonitor(  978): sendKeyguardVisibilityChanged(true)
D/LockScreen_KeyguardUpdateMonitor(  978): handleKeyguardVisibilityChanged(1)
D/LockScreen_KeyguardViewMediator(  978): setHidden false
D/LockScreen_KeyguardUpdateMonitor(  978): sendKeyguardVisibilityChanged(true)
D/LockScreen_KeyguardUpdateMonitor(  978): handleKeyguardVisibilityChanged(1)
D/PowerManagerService(  811): sendPendingNotificationsLocked mSendGoToSleepFinishedNotificationWhenReady = false
D/LightsService(  811):  Trun on the button and after 2000s,then turn off the button !
D/PowerManagerService(  811): sendPendingNotificationsLocked mSendGoToSleepFinishedNotificationWhenReady = false
V/RCActivity( 9775): onStop()
V/RobotCore( 9775): executive service robot setup is terminated
W/SurfaceFlinger(  257): couldn't log to binary event log: overflow.
W/ContextImpl(  811): Calling a method in the system process without a qualified user: android.app.ContextImpl.sendBroadcast:1213 com.android.internal.policy.impl.PhoneWindowManager.interceptKeyBeforeQueueing:4268 com.android.server.wm.InputMonitor.interceptKeyBeforeQueueing:357 com.android.server.input.InputManagerService.interceptKeyBeforeQueueing:1343 dalvik.system.NativeStart.run:-2 
V/Robocol ( 9775): EventLoopManager.shutdown()
V/RobotCore( 9775): EventLoopRunnable interrupted
V/RobotCore( 9775): EventLoopManager state is STOPPED
V/RobotCore( 9775): Robot Status: stopped
I/FIRST   ( 9775): ======= TEARDOWN =======
D/LockScreen_KeyguardViewMediator(  978): setHidden false
V/RobotCore( 9775): waiting for service EventLoop
D/LockScreen_KeyguardUpdateMonitor(  978): sendKeyguardVisibilityChanged(true)
D/RobotCore( 9775): disarming modern motor controller Modern Robotics USB DC Motor Controller [AL00VS9P]...
V/RobotCore( 9775): waiting for service ReadWriteRunnable for Modern Robotics USB Device
V/RobotCore( 9775): thread: ...terminating 'r/w loop: Modern Robotics USB DC Motor Controller [AL00VS9P]'
V/RobotCore( 9775): awaitTermination returned, isTerminated=true
V/RobotCore( 9775): executive service ReadWriteRunnable for Modern Robotics USB Device is terminated
D/RobotCore( 9775): ...disarming modern motor controller Modern Robotics USB DC Motor Controller [AL00VS9P] complete
D/RobotCore( 9775): disarming modern motor controller Modern Robotics USB DC Motor Controller [AL00VW5E]...
D/LockScreen_KeyguardUpdateMonitor(  978): handleKeyguardVisibilityChanged(1)
V/RobotCore( 9775): thread: ...terminating 'r/w loop: Modern Robotics USB DC Motor Controller [AL00VW5E]'
V/RobotCore( 9775): executive service ReadWriteRunnable for Modern Robotics USB Device is terminated
D/RobotCore( 9775): ...disarming modern motor controller Modern Robotics USB DC Motor Controller [AL00VW5E] complete
D/RobotCore( 9775): disarming modern motor controller Modern Robotics USB DC Motor Controller [AL00VVUU]...
V/RobotCore( 9775): thread: ...terminating 'r/w loop: Modern Robotics USB DC Motor Controller [AL00VVUU]'
V/RobotCore( 9775): executive service ReadWriteRunnable for Modern Robotics USB Device is terminated
D/RobotCore( 9775): ...disarming modern motor controller Modern Robotics USB DC Motor Controller [AL00VVUU] complete
D/RobotCore( 9775): disarming modern servo controller "Modern Robotics USB Servo Controller [AL00XOKN]"...
V/RobotCore( 9775): thread: ...terminating 'r/w loop: Modern Robotics USB Servo Controller [AL00XOKN]'
V/RobotCore( 9775): executive service ReadWriteRunnable for Modern Robotics USB Device is terminated
D/RobotCore( 9775): ...disarming modern servo controller Modern Robotics USB Servo Controller [AL00XOKN] complete
V/RobotCore( 9775): thread: ...terminating 'r/w loop: Modern Robotics USB Core Device Interface Module [AL00VE3C]'
V/RobotCore( 9775): executive service ReadWriteRunnable for Modern Robotics USB Device is terminated
V/RobotCore( 9775): thread: ...terminating 'r/w loop: Modern Robotics USB Legacy Module [AL00XROI]'
V/RobotCore( 9775): waiting for service ReadWriteRunnable for Modern Robotics USB Device
V/RobotCore( 9775): awaitTermination returned, isTerminated=true
V/RobotCore( 9775): executive service ReadWriteRunnable for Modern Robotics USB Device is terminated
I/FIRST   ( 9775): ======= TEARDOWN COMPLETE =======
V/RobotCore( 9775): thread: ...terminating 'opmode loop()'
V/RobotCore( 9775): awaitTermination returned, isTerminated=true
V/RobotCore( 9775): executive service EventLoop is terminated
V/RobotCore( 9775): EventLoopManager state is STOPPED
D/LockScreen_KeyguardViewMediator(  978): setHidden false
D/LockScreen_KeyguardUpdateMonitor(  978): sendKeyguardVisibilityChanged(true)
D/LockScreen_KeyguardUpdateMonitor(  978): handleKeyguardVisibilityChanged(1)
D/DisplayPowerController(  811): updateAmbientLux:  mLightSensorListener lux is 48.0
D/DisplayPowerController(  811): updateAmbientLux:  mLightSensorListener lux is 51.0
D/DisplayPowerController(  811): updateAmbientLux:  mLightSensorListener lux is 68.0
D/DisplayPowerController(  811): updateAmbientLux:  mLightSensorListener lux is 69.0
D/DisplayPowerController(  811): updateAmbientLux:  mLightSensorListener lux is 67.0
D/PowerManagerService(  811): sendPendingNotificationsLocked mSendGoToSleepFinishedNotificationWhenReady = false
D/LightsService(  811):  Trun on the button and after 2000s,then turn off the button !
D/DisplayPowerController(  811): updateAmbientLux:  mLightSensorListener lux is 79.0
I/System.out( 9775): Sigma2016 -- sensor reading thread did not run for 23ms
D/DisplayPowerController(  811): updateAmbientLux:  mLightSensorListener lux is 153.0
D/DisplayPowerController(  811): updateAmbientLux:  mLightSensorListener lux is 264.0
D/DisplayPowerController(  811): updateAmbientLux:  mLightSensorListener lux is 578.0
D/DisplayPowerController(  811): updateAmbientLux:  mLightSensorListener lux is 10240.0
D/PowerManagerService(  811): sendPendingNotificationsLocked mSendGoToSleepFinishedNotificationWhenReady = false
D/LightsService(  811):  Trun on the button and after 2000s,then turn off the button !
D/RecentsButtonBarView(  978): onClick - ***removeAllButton
D/RecentsButtonBarView(  978): clearAllRecentTasks
D/RecentsButtonBarView(  978): getRecentsPanelView - panel: com.android.systemui.recent.RecentsPanelView{42267f80 VFED.... .F...... 0,0-480,854 #7f070094 app:id/recents_root}
D/RecentsPanelView(  978): clearAllRecentTasks - size: 1
D/RecentsPanelView(  978): clearAllRecentTasks - td: com.android.systemui.recent.TaskDescription@42a44278
I/ActivityManager(  811): Killing 9775:com.qualcomm.ftcrobotcontroller/u0a112 (adj 9): remove task
D/dalvikvm(  811): GC_FOR_ALLOC freed 893K, 22% free 13524K/17332K, paused 97ms, total 97ms
D/PowerManagerService(  811): sendPendingNotificationsLocked mSendGoToSleepFinishedNotificationWhenReady = false
D/LockScreen_KeyguardViewMediator(  978): setHidden false
D/LockScreen_KeyguardUpdateMonitor(  978): sendKeyguardVisibilityChanged(true)
D/LockScreen_KeyguardViewMediator(  978): setHidden false
D/LockScreen_KeyguardUpdateMonitor(  978): sendKeyguardVisibilityChanged(true)
E/Launcher( 1220): onResume____ mRestoring=false___ mOnResumeNeedsLoad=false, getIsDisplayAddToHome ()=false
D/LockScreen_KeyguardViewMediator(  978): setHidden false
D/LockScreen_KeyguardUpdateMonitor(  978): sendKeyguardVisibilityChanged(true)
D/LockScreen_KeyguardUpdateMonitor(  978): handleKeyguardVisibilityChanged(1)
D/LockScreen_KeyguardUpdateMonitor(  978): handleKeyguardVisibilityChanged(1)
D/LockScreen_KeyguardUpdateMonitor(  978): handleKeyguardVisibilityChanged(1)
D/LockScreen_KeyguardViewMediator(  978): setHidden false
D/LockScreen_KeyguardUpdateMonitor(  978): sendKeyguardVisibilityChanged(true)
D/LockScreen_KeyguardUpdateMonitor(  978): handleKeyguardVisibilityChanged(1)
D/WifiService(  811): releaseWifiLockLocked: WifiLock{ type=3 binder=android.os.BinderProxy@424d6a68}
F/ActivityManager(  811): Service ServiceRecord{42a430e8 u0 com.qualcomm.ftcrobotcontroller/com.qualcomm.ftccommon.FtcRobotControllerService} in process ProcessRecord{4201c288 9775:com.qualcomm.ftcrobotcontroller/u0a112} not same as in map: null
D/WifiService(  811): Client connection lost with reason: 4
I/WindowState(  811): WIN DEATH: Window{42905b58 u0 com.qualcomm.ftcrobotcontroller/org.firstinspires.ftc.robotcontroller.internal.FtcRobotControllerActivity}
D/LockScreen_KeyguardViewMediator(  978): setHidden false
D/LockScreen_KeyguardUpdateMonitor(  978): sendKeyguardVisibilityChanged(true)
D/LockScreen_KeyguardUpdateMonitor(  978): handleKeyguardVisibilityChanged(1)
D/LockScreen_KeyguardViewMediator(  978): setHidden false
D/LockScreen_KeyguardUpdateMonitor(  978): sendKeyguardVisibilityChanged(true)
D/LockScreen_KeyguardUpdateMonitor(  978): handleKeyguardVisibilityChanged(1)
D/AutotriggerReceiver( 9357): [onReceive]  Intent { act=android.intent.action.DROPBOX_ENTRY_ADDED flg=0x10 cmp=com.qualcomm.logkit/.autotrigger.AutotriggerReceiver (has extras) }
D/dalvikvm( 1220): GC_FOR_ALLOC freed 3658K, 28% free 19044K/26420K, paused 29ms, total 29ms
W/BackupManagerService(  811): dataChanged but no participant pkg='com.android.providers.settings' uid=10017
D/LockScreen_KeyguardViewMediator(  978): setHidden false
D/LockScreen_KeyguardUpdateMonitor(  978): sendKeyguardVisibilityChanged(true)
D/LockScreen_KeyguardUpdateMonitor(  978): handleKeyguardVisibilityChanged(1)
D/LockScreen_KeyguardViewMediator(  978): setHidden false
D/LockScreen_KeyguardUpdateMonitor(  978): sendKeyguardVisibilityChanged(true)
D/LockScreen_KeyguardUpdateMonitor(  978): handleKeyguardVisibilityChanged(1)
I/Timeline( 1220): Timeline: Activity_idle id: android.os.BinderProxy@41f31a40 time:5936935
D/LockScreen_KeyguardViewMediator(  978): setHidden false
D/LockScreen_KeyguardUpdateMonitor(  978): sendKeyguardVisibilityChanged(true)
D/LockScreen_KeyguardViewMediator(  978): setHidden false
D/LockScreen_KeyguardUpdateMonitor(  978): sendKeyguardVisibilityChanged(true)
D/PowerManagerService(  811): sendPendingNotificationsLocked mSendGoToSleepFinishedNotificationWhenReady = false
D/LockScreen_KeyguardViewMediator(  978): setHidden false
D/LockScreen_KeyguardUpdateMonitor(  978): sendKeyguardVisibilityChanged(true)
D/LockScreen_KeyguardViewMediator(  978): setHidden false
D/LockScreen_KeyguardUpdateMonitor(  978): sendKeyguardVisibilityChanged(true)
D/LockScreen_KeyguardUpdateMonitor(  978): handleKeyguardVisibilityChanged(1)
D/LockScreen_KeyguardUpdateMonitor(  978): handleKeyguardVisibilityChanged(1)
D/LockScreen_KeyguardUpdateMonitor(  978): handleKeyguardVisibilityChanged(1)
D/LockScreen_KeyguardUpdateMonitor(  978): handleKeyguardVisibilityChanged(1)
I/Timeline(  811): Timeline: Activity_windows_visible id: ActivityRecord{41f80958 u0 com.zte.milauncher/com.android.launcher2.Launcher t1} time:5937213
D/LockScreen_KeyguardViewMediator(  978): setHidden false
D/LockScreen_KeyguardUpdateMonitor(  978): sendKeyguardVisibilityChanged(true)
D/LockScreen_KeyguardViewMediator(  978): setHidden false
D/LockScreen_KeyguardUpdateMonitor(  978): sendKeyguardVisibilityChanged(true)
D/LockScreen_KeyguardViewMediator(  978): setHidden false
D/LockScreen_KeyguardUpdateMonitor(  978): sendKeyguardVisibilityChanged(true)
D/LockScreen_KeyguardUpdateMonitor(  978): handleKeyguardVisibilityChanged(1)
D/RecentsButtonBarView(  978): getRecentsPanelView - panel: com.android.systemui.recent.RecentsPanelView{42267f80 VFED.... .F....ID 0,0-480,854 #7f070094 app:id/recents_root}
D/LockScreen_KeyguardViewMediator(  978): setHidden false
D/LockScreen_KeyguardUpdateMonitor(  978): sendKeyguardVisibilityChanged(true)
D/LockScreen_KeyguardUpdateMonitor(  978): handleKeyguardVisibilityChanged(1)
D/LockScreen_KeyguardUpdateMonitor(  978): handleKeyguardVisibilityChanged(1)
D/LockScreen_KeyguardUpdateMonitor(  978): handleKeyguardVisibilityChanged(1)
D/DisplayPowerController(  811): updateAmbientLux:  mLightSensorListener lux is 267.0
D/DisplayPowerController(  811): updateAmbientLux:  mLightSensorListener lux is 158.0
D/DisplayPowerController(  811): updateAmbientLux:  mLightSensorListener lux is 132.0
D/DisplayPowerController(  811): updateAmbientLux:  mLightSensorListener lux is 113.0
D/DisplayPowerController(  811): updateAmbientLux:  mLightSensorListener lux is 103.0
D/DisplayPowerController(  811): updateAmbientLux:  mLightSensorListener lux is 95.0
D/DisplayPowerController(  811): updateAmbientLux:  mLightSensorListener lux is 97.0
D/DisplayPowerController(  811): updateAmbientLux:  mLightSensorListener lux is 96.0
D/DisplayPowerController(  811): ZTE_PM updateAutoBrightness: useAutoBrightness = true  mAmbientLuxValid = true  mAmbientLux = 363.08182
D/DisplayPowerController(  811): updateAutoBrightness: value=0.48505616 *255 = 123.68932
D/DisplayPowerController(  811): ZTE_PM mPowerRequest.screenState is 2
D/DisplayPowerController(  811): ZTE_PM_PROX disable ProxSensor while NO useProximitySensor 
D/DisplayPowerController(  811): ZTE_PM_PROX setProximitySensorEnabled enable = false
D/DisplayPowerController(  811): ZTE_PM  setLightSensorEnabled enable = true updateAutoBrightness = false
D/DisplayPowerState(  811): Updating screen state: onChanged=false, on= true, backlightChanged=true, backlight=108
W/System.err(  811): android.provider.Settings$SettingNotFoundException: light_duration
W/System.err(  811): 	at android.provider.Settings$System.getIntForUser(Settings.java:1250)
W/System.err(  811): 	at android.provider.Settings$System.getInt(Settings.java:1240)
W/System.err(  811): 	at com.android.server.LightsService.turnOffButtonLight(LightsService.java:96)
W/System.err(  811): 	at com.android.server.LightsService$2.handleMessage(LightsService.java:301)
W/System.err(  811): 	at android.os.Handler.dispatchMessage(Handler.java:102)
W/System.err(  811): 	at android.os.Looper.loop(Looper.java:136)
W/System.err(  811): 	at com.android.server.ServerThread.initAndLoop(SystemServer.java:1181)
W/System.err(  811): 	at com.android.server.SystemServer.main(SystemServer.java:1306)
W/System.err(  811): 	at java.lang.reflect.Method.invokeNative(Native Method)
W/System.err(  811): 	at java.lang.reflect.Method.invoke(Method.java:515)
W/System.err(  811): 	at com.android.internal.os.ZygoteInit$MethodAndArgsCaller.run(ZygoteInit.java:786)
W/System.err(  811): 	at com.android.internal.os.ZygoteInit.main(ZygoteInit.java:602)
W/System.err(  811): 	at dalvik.system.NativeStart.main(Native Method)
D/LightsService(  811):  turnOffButtonLight   mButtonLightTimeout = 2000
D/ledlog_java_com(  811): Excessive delay setting light: 64ms
D/DisplayPowerState(  811): Updating screen state: onChanged=false, on= true, backlightChanged=true, backlight=122
D/DisplayPowerController(  811): updateAmbientLux:  mLightSensorListener lux is 90.0
D/ledlog_java_com(  811): Excessive delay setting light: 65ms
D/DisplayPowerState(  811): Updating screen state: onChanged=false, on= true, backlightChanged=true, backlight=124
D/DisplayPowerController(  811): updateAmbientLux:  mLightSensorListener lux is 89.0
D/ledlog_java_com(  811): Excessive delay setting light: 67ms
D/DisplayPowerController(  811): updateAmbientLux:  mLightSensorListener lux is 91.0
D/DisplayPowerController(  811): updateAmbientLux:  mLightSensorListener lux is 94.0
D/vibrator_java(  811): mPackageName=android
D/PowerManagerService(  811): sendPendingNotificationsLocked mSendGoToSleepFinishedNotificationWhenReady = false
W/ContextImpl(  811): Calling a method in the system process without a qualified user: android.app.ContextImpl.sendBroadcast:1213 com.android.internal.policy.impl.PhoneWindowManager.interceptKeyBeforeQueueing:4268 com.android.server.wm.InputMonitor.interceptKeyBeforeQueueing:357 com.android.server.input.InputManagerService.interceptKeyBeforeQueueing:1343 dalvik.system.NativeStart.run:-2 
D/PowerManagerService(  811): sendPendingNotificationsLocked mSendGoToSleepFinishedNotificationWhenReady = false
D/LightsService(  811):  Trun on the button and after 2000s,then turn off the button !
D/vibrator_java(  811): mPackageName=android
D/vibrator_java(  811): doVibratorOn  uid= 1000  millis=40ms
D/PowerManagerService(  811): sendPendingNotificationsLocked mSendGoToSleepFinishedNotificationWhenReady = false
D/DisplayPowerController(  811): updateAmbientLux:  mLightSensorListener lux is 93.0
D/DisplayPowerController(  811): updateAmbientLux:  mLightSensorListener lux is 94.0
D/DisplayPowerController(  811): updateAmbientLux:  mLightSensorListener lux is 96.0
D/PowerManagerService(  811): sendPendingNotificationsLocked mSendGoToSleepFinishedNotificationWhenReady = false
D/LightsService(  811):  Trun on the button and after 2000s,then turn off the button !
D/vibrator_java(  811): mPackageName=android
D/PowerManagerService(  811): sendPendingNotificationsLocked mSendGoToSleepFinishedNotificationWhenReady = false
I/ActivityManager(  811): START u0 {act=com.android.systemui.recent.action.TOGGLE_RECENTS flg=0x10800000 cmp=com.android.systemui/.recent.RecentsActivity} from pid 978
D/vibrator_java(  811): doVibratorOn  uid= 1000  millis=1ms
D/PowerManagerService(  811): sendPendingNotificationsLocked mSendGoToSleepFinishedNotificationWhenReady = false
D/LockScreen_KeyguardViewMediator(  978): setHidden false
D/LockScreen_KeyguardUpdateMonitor(  978): sendKeyguardVisibilityChanged(true)
D/LockScreen_KeyguardUpdateMonitor(  978): handleKeyguardVisibilityChanged(1)
D/vibrator_java(  811): doVibratorOn  uid= 1000  millis=21ms
W/BackupManagerService(  811): dataChanged but no participant pkg='com.android.providers.settings' uid=10017
D/LockScreen_KeyguardViewMediator(  978): setHidden false
D/LockScreen_KeyguardUpdateMonitor(  978): sendKeyguardVisibilityChanged(true)
D/RecentsButtonBarView(  978): onFinishInflate
D/PowerManagerService(  811): sendPendingNotificationsLocked mSendGoToSleepFinishedNotificationWhenReady = false
D/RecentsButtonBarView(  978): onFinishInflate ***googleNowButton: android.widget.Button{41f70fc8 GFED..C. ......I. 0,0-0,0 #7f07008c app:id/googlenow}****removeAllButton: android.widget.Button{42298548 VFED..C. ......I. 0,0-0,0 #7f07008b app:id/removeall}
W/ViewRootImpl( 1220): Dropping event due to no window focus: KeyEvent { action=ACTION_DOWN, keyCode=KEYCODE_MENU, scanCode=139, metaState=0, flags=0x48, repeatCount=2, eventTime=5939642, downTime=5939090, deviceId=0, source=0x101 }
D/DisplayPowerController(  811): updateAmbientLux:  mLightSensorListener lux is 97.0
D/LockScreen_KeyguardUpdateMonitor(  978): handleKeyguardVisibilityChanged(1)
D/LockScreen_KeyguardViewMediator(  978): setHidden false
D/LockScreen_KeyguardUpdateMonitor(  978): sendKeyguardVisibilityChanged(true)
D/RecentsButtonBarView(  978): onAttachedToWindow
D/RecentsButtonBarView(  978): getRecentsPanelView - panel: com.android.systemui.recent.RecentsPanelView{425f9ed0 VFED.... .F....I. 0,0-0,0 #7f070094 app:id/recents_root}
D/LockScreen_KeyguardViewMediator(  978): setHidden false
D/LockScreen_KeyguardUpdateMonitor(  978): sendKeyguardVisibilityChanged(true)
D/LockScreen_KeyguardViewMediator(  978): setHidden false
D/LockScreen_KeyguardUpdateMonitor(  978): sendKeyguardVisibilityChanged(true)
D/LockScreen_KeyguardViewMediator(  978): setHidden false
D/LockScreen_KeyguardUpdateMonitor(  978): sendKeyguardVisibilityChanged(true)
D/LockScreen_KeyguardUpdateMonitor(  978): handleKeyguardVisibilityChanged(1)
D/LockScreen_KeyguardUpdateMonitor(  978): handleKeyguardVisibilityChanged(1)
D/LockScreen_KeyguardUpdateMonitor(  978): handleKeyguardVisibilityChanged(1)
W/ViewRootImpl(  978): Dropping event due to no window focus: KeyEvent { action=ACTION_DOWN, keyCode=KEYCODE_MENU, scanCode=139, metaState=0, flags=0x48, repeatCount=3, eventTime=5939693, downTime=5939090, deviceId=0, source=0x101 }
W/ViewRootImpl(  978): Dropping event due to no window focus: KeyEvent { action=ACTION_DOWN, keyCode=KEYCODE_MENU, scanCode=139, metaState=0, flags=0x48, repeatCount=4, eventTime=5939751, downTime=5939090, deviceId=0, source=0x101 }
D/LockScreen_KeyguardUpdateMonitor(  978): handleKeyguardVisibilityChanged(1)
D/LockScreen_KeyguardViewMediator(  978): setHidden false
D/LockScreen_KeyguardUpdateMonitor(  978): sendKeyguardVisibilityChanged(true)
D/LockScreen_KeyguardUpdateMonitor(  978): handleKeyguardVisibilityChanged(1)
I/Timeline(  978): Timeline: Activity_idle id: android.os.BinderProxy@42928608 time:5939779
D/LockScreen_KeyguardViewMediator(  978): setHidden false
D/LockScreen_KeyguardUpdateMonitor(  978): sendKeyguardVisibilityChanged(true)
D/LockScreen_KeyguardUpdateMonitor(  978): handleKeyguardVisibilityChanged(1)
I/ActivityManager(  811): Displayed com.android.systemui/.recent.RecentsActivity: +119ms
D/LockScreen_KeyguardViewMediator(  978): setHidden false
D/LockScreen_KeyguardUpdateMonitor(  978): sendKeyguardVisibilityChanged(true)
D/LockScreen_KeyguardUpdateMonitor(  978): handleKeyguardVisibilityChanged(1)
D/LockScreen_KeyguardViewMediator(  978): setHidden false
D/LockScreen_KeyguardUpdateMonitor(  978): sendKeyguardVisibilityChanged(true)
D/LockScreen_KeyguardUpdateMonitor(  978): handleKeyguardVisibilityChanged(1)
D/PowerManagerService(  811): sendPendingNotificationsLocked mSendGoToSleepFinishedNotificationWhenReady = false
W/BackupManagerService(  811): dataChanged but no participant pkg='com.android.providers.settings' uid=10017
D/LockScreen_KeyguardViewMediator(  978): setHidden false
D/LockScreen_KeyguardUpdateMonitor(  978): sendKeyguardVisibilityChanged(true)
D/LockScreen_KeyguardUpdateMonitor(  978): handleKeyguardVisibilityChanged(1)
I/Timeline(  811): Timeline: Activity_windows_visible id: ActivityRecord{42756d00 u0 com.android.systemui/.recent.RecentsActivity t59} time:5940068
D/LockScreen_KeyguardViewMediator(  978): setHidden false
D/LockScreen_KeyguardUpdateMonitor(  978): sendKeyguardVisibilityChanged(true)
D/LockScreen_KeyguardUpdateMonitor(  978): handleKeyguardVisibilityChanged(1)
D/LockScreen_KeyguardViewMediator(  978): setHidden false
D/LockScreen_KeyguardUpdateMonitor(  978): sendKeyguardVisibilityChanged(true)
D/LockScreen_KeyguardUpdateMonitor(  978): handleKeyguardVisibilityChanged(1)
D/LockScreen_KeyguardViewMediator(  978): setHidden false
D/LockScreen_KeyguardUpdateMonitor(  978): sendKeyguardVisibilityChanged(true)
D/LockScreen_KeyguardUpdateMonitor(  978): handleKeyguardVisibilityChanged(1)
D/PowerManagerService(  811): sendPendingNotificationsLocked mSendGoToSleepFinishedNotificationWhenReady = false
D/LightsService(  811):  Trun on the button and after 2000s,then turn off the button !
W/ContextImpl(  811): Calling a method in the system process without a qualified user: android.app.ContextImpl.sendBroadcast:1213 com.android.internal.policy.impl.PhoneWindowManager.interceptKeyBeforeQueueing:4268 com.android.server.wm.InputMonitor.interceptKeyBeforeQueueing:357 com.android.server.input.InputManagerService.interceptKeyBeforeQueueing:1343 dalvik.system.NativeStart.run:-2 
D/DisplayPowerController(  811): updateAmbientLux:  mLightSensorListener lux is 99.0
D/DisplayPowerController(  811): updateAmbientLux:  mLightSensorListener lux is 108.0
D/DisplayPowerController(  811): updateAmbientLux:  mLightSensorListener lux is 124.0
W/BackupManagerService(  811): dataChanged but no participant pkg='com.android.providers.settings' uid=10017
D/WifiMonitor(  811): Event [IFNAME=wlan0 CTRL-EVENT-BSS-ADDED 49 34:68:95:f9:d9:99]
W/WifiMonitor(  811): <<<<<tokens[0]= CTRL-EVENT-BSS-ADDED
W/WifiMonitor(  811): <<<<<tokens[0]= CTRL-EVENT-SCAN-RESULTS
D/WifiMonitor(  811): Event [IFNAME=wlan0 WPS-AP-AVAILABLE ]
W/WifiMonitor(  811): <<<<<tokens[0]= WPS-AP-AVAILABLE
W/WifiMonitor(  811): couldn't identify event type - WPS-AP-AVAILABLE 
D/WifiStateMachine(  811): handleMessage: E msg.what=147461
D/WifiStateMachine(  811): processMsg: DisconnectedState
D/WifiStateMachine(  811): processMsg: ConnectModeState
D/WifiStateMachine(  811): processMsg: DriverStartedState
D/WifiStateMachine(  811): processMsg: SupplicantStartedState
D/WifiMonitor(  811): Event [IFNAME=p2p0 CTRL-EVENT-BSS-ADDED 50 34:68:95:f9:d9:99]
E/XTCC-3.0.0.7(  407): [PosMgr] handlePosition failed: 12
W/XTWiFiLP( 1161): No fix from XTWiFi-PE
W/XTWiFiLP( 1161): No WiFi scan result from XTWiFi-PE
D/LBSSystemMonitorService(  811): handleMessage what - 4
D/Wiper_jni(  811): Send Network Location.
D/WifiStateMachine(  811): handleMessage: X
D/DisplayPowerController(  811): updateAmbientLux:  mLightSensorListener lux is 131.0
D/vibrator_java(  811): mPackageName=android
D/PowerManagerService(  811): sendPendingNotificationsLocked mSendGoToSleepFinishedNotificationWhenReady = false
W/ContextImpl(  811): Calling a method in the system process without a qualified user: android.app.ContextImpl.sendBroadcast:1213 com.android.internal.policy.impl.PhoneWindowManager.interceptKeyBeforeQueueing:4268 com.android.server.wm.InputMonitor.interceptKeyBeforeQueueing:357 com.android.server.input.InputManagerService.interceptKeyBeforeQueueing:1343 dalvik.system.NativeStart.run:-2 
D/PowerManagerService(  811): sendPendingNotificationsLocked mSendGoToSleepFinishedNotificationWhenReady = false
D/LightsService(  811):  Trun on the button and after 2000s,then turn off the button !
D/vibrator_java(  811): mPackageName=android
D/vibrator_java(  811): doVibratorOn  uid= 1000  millis=40ms
D/PowerManagerService(  811): sendPendingNotificationsLocked mSendGoToSleepFinishedNotificationWhenReady = false
D/DisplayPowerController(  811): updateAmbientLux:  mLightSensorListener lux is 141.0
D/DisplayPowerController(  811): updateAmbientLux:  mLightSensorListener lux is 145.0
W/ContextImpl(  811): Calling a method in the system process without a qualified user: android.app.ContextImpl.sendBroadcast:1213 com.android.internal.policy.impl.PhoneWindowManager.interceptKeyBeforeQueueing:4268 com.android.server.wm.InputMonitor.interceptKeyBeforeQueueing:357 com.android.server.input.InputManagerService.interceptKeyBeforeQueueing:1343 dalvik.system.NativeStart.run:-2 
D/DisplayPowerController(  811): updateAmbientLux:  mLightSensorListener lux is 139.0
D/DisplayPowerController(  811): updateAmbientLux:  mLightSensorListener lux is 141.0
D/DisplayPowerController(  811): updateAmbientLux:  mLightSensorListener lux is 138.0
D/DisplayPowerController(  811): updateAmbientLux:  mLightSensorListener lux is 142.0
D/DisplayPowerController(  811): updateAmbientLux:  mLightSensorListener lux is 151.0
D/PowerManagerService(  811): sendPendingNotificationsLocked mSendGoToSleepFinishedNotificationWhenReady = false
D/LightsService(  811):  Trun on the button and after 2000s,then turn off the button !
I/ActivityManager(  811): START u0 {act=android.intent.action.MAIN cat=[android.intent.category.HOME] flg=0x10200000 cmp=com.zte.milauncher/com.android.launcher2.Launcher} from pid 978
D/dalvikvm(  811): GC_FOR_ALLOC freed 1328K, 24% free 13318K/17332K, paused 73ms, total 76ms
D/DisplayPowerController(  811): updateAmbientLux:  mLightSensorListener lux is 149.0
D/PowerManagerService(  811): sendPendingNotificationsLocked mSendGoToSleepFinishedNotificationWhenReady = false
D/LockScreen_KeyguardViewMediator(  978): setHidden false
D/LockScreen_KeyguardUpdateMonitor(  978): sendKeyguardVisibilityChanged(true)
D/LockScreen_KeyguardUpdateMonitor(  978): handleKeyguardVisibilityChanged(1)
D/LockScreen_KeyguardViewMediator(  978): setHidden false
D/LockScreen_KeyguardUpdateMonitor(  978): sendKeyguardVisibilityChanged(true)
E/Launcher_Launcher( 1220): onNewIntent
D/LockScreen_KeyguardViewMediator(  978): setHidden false
D/LockScreen_KeyguardUpdateMonitor(  978): sendKeyguardVisibilityChanged(true)
D/LockScreen_KeyguardUpdateMonitor(  978): handleKeyguardVisibilityChanged(1)
E/Launcher( 1220): onResume____ mRestoring=false___ mOnResumeNeedsLoad=false, getIsDisplayAddToHome ()=false
D/LockScreen_KeyguardUpdateMonitor(  978): handleKeyguardVisibilityChanged(1)
D/dalvikvm( 1220): GC_FOR_ALLOC freed 3452K, 28% free 19043K/26420K, paused 18ms, total 18ms
W/BackupManagerService(  811): dataChanged but no participant pkg='com.android.providers.settings' uid=10017
D/LockScreen_KeyguardViewMediator(  978): setHidden false
D/LockScreen_KeyguardUpdateMonitor(  978): sendKeyguardVisibilityChanged(true)
D/LockScreen_KeyguardUpdateMonitor(  978): handleKeyguardVisibilityChanged(1)
I/Timeline( 1220): Timeline: Activity_idle id: android.os.BinderProxy@41f31a40 time:5942338
D/LockScreen_KeyguardViewMediator(  978): setHidden false
D/LockScreen_KeyguardUpdateMonitor(  978): sendKeyguardVisibilityChanged(true)
D/LockScreen_KeyguardUpdateMonitor(  978): handleKeyguardVisibilityChanged(1)
D/DisplayPowerController(  811): updateAmbientLux:  mLightSensorListener lux is 135.0
D/LockScreen_KeyguardViewMediator(  978): setHidden false
D/LockScreen_KeyguardUpdateMonitor(  978): sendKeyguardVisibilityChanged(true)
D/PowerManagerService(  811): sendPendingNotificationsLocked mSendGoToSleepFinishedNotificationWhenReady = false
D/LockScreen_KeyguardViewMediator(  978): setHidden false
D/LockScreen_KeyguardUpdateMonitor(  978): sendKeyguardVisibilityChanged(true)
D/LockScreen_KeyguardViewMediator(  978): setHidden false
D/LockScreen_KeyguardUpdateMonitor(  978): sendKeyguardVisibilityChanged(true)
D/LockScreen_KeyguardUpdateMonitor(  978): handleKeyguardVisibilityChanged(1)
D/LockScreen_KeyguardUpdateMonitor(  978): handleKeyguardVisibilityChanged(1)
D/LockScreen_KeyguardUpdateMonitor(  978): handleKeyguardVisibilityChanged(1)
D/DisplayPowerController(  811): updateAmbientLux:  mLightSensorListener lux is 132.0
I/Timeline(  811): Timeline: Activity_windows_visible id: ActivityRecord{41f80958 u0 com.zte.milauncher/com.android.launcher2.Launcher t1} time:5942632
D/LockScreen_KeyguardViewMediator(  978): setHidden false
D/LockScreen_KeyguardUpdateMonitor(  978): sendKeyguardVisibilityChanged(true)
D/LockScreen_KeyguardViewMediator(  978): setHidden false
D/LockScreen_KeyguardUpdateMonitor(  978): sendKeyguardVisibilityChanged(true)
D/LockScreen_KeyguardUpdateMonitor(  978): handleKeyguardVisibilityChanged(1)
D/LockScreen_KeyguardUpdateMonitor(  978): handleKeyguardVisibilityChanged(1)
D/LockScreen_KeyguardViewMediator(  978): setHidden false
D/LockScreen_KeyguardUpdateMonitor(  978): sendKeyguardVisibilityChanged(true)
D/LockScreen_KeyguardUpdateMonitor(  978): handleKeyguardVisibilityChanged(1)
D/DisplayPowerController(  811): updateAmbientLux:  mLightSensorListener lux is 143.0
D/DisplayPowerController(  811): updateAmbientLux:  mLightSensorListener lux is 140.0
D/DisplayPowerController(  811): updateAmbientLux:  mLightSensorListener lux is 141.0
D/DisplayPowerController(  811): ZTE_PM updateAutoBrightness: useAutoBrightness = true  mAmbientLuxValid = true  mAmbientLux = 140.21179
D/DisplayPowerController(  811): updateAutoBrightness: value=0.34555128 *255 = 88.11558
D/DisplayPowerController(  811): ZTE_PM mPowerRequest.screenState is 2
D/DisplayPowerController(  811): ZTE_PM_PROX disable ProxSensor while NO useProximitySensor 
D/DisplayPowerController(  811): ZTE_PM_PROX setProximitySensorEnabled enable = false
D/DisplayPowerController(  811): ZTE_PM  setLightSensorEnabled enable = true updateAutoBrightness = false
D/DisplayPowerState(  811): Updating screen state: onChanged=false, on= true, backlightChanged=true, backlight=123
D/ledlog_java_com(  811): Excessive delay setting light: 64ms
D/DisplayPowerState(  811): Updating screen state: onChanged=false, on= true, backlightChanged=true, backlight=113
D/ledlog_java_com(  811): Excessive delay setting light: 67ms
D/DisplayPowerState(  811): Updating screen state: onChanged=false, on= true, backlightChanged=true, backlight=99
D/vibrator_java(  811): mPackageName=android
D/PowerManagerService(  811): sendPendingNotificationsLocked mSendGoToSleepFinishedNotificationWhenReady = false
W/ContextImpl(  811): Calling a method in the system process without a qualified user: android.app.ContextImpl.sendBroadcast:1213 com.android.internal.policy.impl.PhoneWindowManager.interceptKeyBeforeQueueing:4268 com.android.server.wm.InputMonitor.interceptKeyBeforeQueueing:357 com.android.server.input.InputManagerService.interceptKeyBeforeQueueing:1343 dalvik.system.NativeStart.run:-2 
D/PowerManagerService(  811): sendPendingNotificationsLocked mSendGoToSleepFinishedNotificationWhenReady = false
D/LightsService(  811):  Trun on the button and after 2000s,then turn off the button !
D/vibrator_java(  811): mPackageName=android
D/vibrator_java(  811): doVibratorOn  uid= 1000  millis=40ms
D/PowerManagerService(  811): sendPendingNotificationsLocked mSendGoToSleepFinishedNotificationWhenReady = false
D/ledlog_java_com(  811): Excessive delay setting light: 79ms
D/RecentsButtonBarView(  978): onTasksLoaded - count: 0
D/DisplayPowerState(  811): Updating screen state: onChanged=false, on= true, backlightChanged=true, backlight=88
D/RecentsButtonBarView(  978): onTasksLoaded - count: 0
D/ledlog_java_com(  811): Excessive delay setting light: 66ms
D/DisplayPowerController(  811): updateAmbientLux:  mLightSensorListener lux is 140.0
D/DisplayPowerController(  811): updateAmbientLux:  mLightSensorListener lux is 139.0
D/DisplayPowerController(  811): updateAmbientLux:  mLightSensorListener lux is 138.0
D/PowerManagerService(  811): sendPendingNotificationsLocked mSendGoToSleepFinishedNotificationWhenReady = false
D/LightsService(  811):  Trun on the button and after 2000s,then turn off the button !
D/vibrator_java(  811): mPackageName=android
D/PowerManagerService(  811): sendPendingNotificationsLocked mSendGoToSleepFinishedNotificationWhenReady = false
I/ActivityManager(  811): START u0 {act=com.android.systemui.recent.action.TOGGLE_RECENTS flg=0x10800000 cmp=com.android.systemui/.recent.RecentsActivity} from pid 978
D/vibrator_java(  811): doVibratorOn  uid= 1000  millis=1ms
D/PowerManagerService(  811): sendPendingNotificationsLocked mSendGoToSleepFinishedNotificationWhenReady = false
D/LockScreen_KeyguardViewMediator(  978): setHidden false
D/LockScreen_KeyguardUpdateMonitor(  978): sendKeyguardVisibilityChanged(true)
D/LockScreen_KeyguardUpdateMonitor(  978): handleKeyguardVisibilityChanged(1)
D/vibrator_java(  811): doVibratorOn  uid= 1000  millis=21ms
D/LockScreen_KeyguardViewMediator(  978): setHidden false
D/LockScreen_KeyguardUpdateMonitor(  978): sendKeyguardVisibilityChanged(true)
W/BackupManagerService(  811): dataChanged but no participant pkg='com.android.providers.settings' uid=10017
D/PowerManagerService(  811): sendPendingNotificationsLocked mSendGoToSleepFinishedNotificationWhenReady = false
D/LockScreen_KeyguardViewMediator(  978): setHidden false
D/LockScreen_KeyguardUpdateMonitor(  978): sendKeyguardVisibilityChanged(true)
D/LockScreen_KeyguardUpdateMonitor(  978): handleKeyguardVisibilityChanged(1)
D/LockScreen_KeyguardUpdateMonitor(  978): handleKeyguardVisibilityChanged(1)
W/ViewRootImpl(  978): Dropping event due to no window focus: KeyEvent { action=ACTION_DOWN, keyCode=KEYCODE_MENU, scanCode=139, metaState=0, flags=0x48, repeatCount=3, eventTime=5943733, downTime=5943127, deviceId=0, source=0x101 }
W/InputMethodManagerService(  811): Starting input on non-focused client com.android.internal.view.IInputMethodClient$Stub$Proxy@42472ae8 (uid=10017 pid=1220)
D/LockScreen_KeyguardViewMediator(  978): setHidden false
D/LockScreen_KeyguardUpdateMonitor(  978): sendKeyguardVisibilityChanged(true)
D/LockScreen_KeyguardViewMediator(  978): setHidden false
D/LockScreen_KeyguardUpdateMonitor(  978): sendKeyguardVisibilityChanged(true)
D/LockScreen_KeyguardViewMediator(  978): setHidden false
D/LockScreen_KeyguardUpdateMonitor(  978): sendKeyguardVisibilityChanged(true)
D/LockScreen_KeyguardViewMediator(  978): setHidden false
D/LockScreen_KeyguardUpdateMonitor(  978): sendKeyguardVisibilityChanged(true)
D/LockScreen_KeyguardUpdateMonitor(  978): handleKeyguardVisibilityChanged(1)
D/LockScreen_KeyguardViewMediator(  978): setHidden false
D/LockScreen_KeyguardUpdateMonitor(  978): sendKeyguardVisibilityChanged(true)
D/LockScreen_KeyguardUpdateMonitor(  978): handleKeyguardVisibilityChanged(1)
D/LockScreen_KeyguardUpdateMonitor(  978): handleKeyguardVisibilityChanged(1)
D/LockScreen_KeyguardUpdateMonitor(  978): handleKeyguardVisibilityChanged(1)
D/LockScreen_KeyguardUpdateMonitor(  978): handleKeyguardVisibilityChanged(1)
I/Timeline(  978): Timeline: Activity_idle id: android.os.BinderProxy@42928608 time:5943792
D/PowerManagerService(  811): sendPendingNotificationsLocked mSendGoToSleepFinishedNotificationWhenReady = false
W/BackupManagerService(  811): dataChanged but no participant pkg='com.android.providers.settings' uid=10017
D/LockScreen_KeyguardViewMediator(  978): setHidden false
D/LockScreen_KeyguardUpdateMonitor(  978): sendKeyguardVisibilityChanged(true)
D/LockScreen_KeyguardUpdateMonitor(  978): handleKeyguardVisibilityChanged(1)
