V/RobotCore( 7603): Creating Modern Robotics USB DC Motor Controller [AL00VVUU]
D/RobotCore( 7603): arming modern motor controller Modern Robotics USB DC Motor Controller [AL00VVUU]...
V/D2xx::  ( 7603): Vendor: 0403, Product: 6001
V/D2xx::  ( 7603): Vendor: 0403, Product: 6001
V/D2xx::  ( 7603): Vendor: 0403, Product: 6001
V/D2xx::  ( 7603): Vendor: 0403, Product: 6001
D/DisplayPowerController(  811): updateAmbientLux:  mLightSensorListener lux is 88.0
V/D2xx::  ( 7603): Vendor: 0403, Product: 6001
V/D2xx::  ( 7603): Vendor: 0403, Product: 6001
D/FTDI_Device::( 7603): open SUCCESS
I/FTDI_Device::( 7603): EP: 0x81
I/FTDI_Device::( 7603): EP: 0x02
D/UsbRequestJNI( 7603): init
D/D2XX::  ( 7603): **********************Device Opened**********************
D/dalvikvm( 7603): GC_CONCURRENT freed 1383K, 40% free 6733K/11088K, paused 3ms+2ms, total 33ms
V/RobotCore( 7603): Starting up device AL00VVUU
V/RobotCore( 7603): thread: 'r/w loop: Modern Robotics USB DC Motor Controller [AL00VVUU]' starting...
D/RobotCore( 7603): ...arming modern motor controller Modern Robotics USB DC Motor Controller [AL00VVUU] complete
D/DisplayPowerController(  811): updateAmbientLux:  mLightSensorListener lux is 89.0
V/RobotCore( 7603): Creating Modern Robotics USB DC Motor Controller [AL00VW5E]
D/RobotCore( 7603): arming modern motor controller Modern Robotics USB DC Motor Controller [AL00VW5E]...
V/D2xx::  ( 7603): Vendor: 0403, Product: 6001
V/D2xx::  ( 7603): Vendor: 0403, Product: 6001
V/D2xx::  ( 7603): Vendor: 0403, Product: 6001
V/D2xx::  ( 7603): Vendor: 0403, Product: 6001
V/D2xx::  ( 7603): Vendor: 0403, Product: 6001
V/D2xx::  ( 7603): Vendor: 0403, Product: 6001
D/FTDI_Device::( 7603): open SUCCESS
I/FTDI_Device::( 7603): EP: 0x81
I/FTDI_Device::( 7603): EP: 0x02
D/UsbRequestJNI( 7603): init
D/D2XX::  ( 7603): **********************Device Opened**********************
D/DisplayPowerController(  811): updateAmbientLux:  mLightSensorListener lux is 90.0
D/DisplayPowerController(  811): updateAmbientLux:  mLightSensorListener lux is 91.0
V/RobotCore( 7603): Starting up device AL00VW5E
V/RobotCore( 7603): thread: 'r/w loop: Modern Robotics USB DC Motor Controller [AL00VW5E]' starting...
D/RobotCore( 7603): ...arming modern motor controller Modern Robotics USB DC Motor Controller [AL00VW5E] complete
D/dalvikvm( 7603): GC_CONCURRENT freed 1677K, 36% free 7097K/11088K, paused 3ms+5ms, total 41ms
I/RobotCore( 7603): Analytics has completed initialization.
I/RobotCore( 7603): ========= Device Information ===================================================
I/RobotCore( 7603): Type                                               Name                           Connection
I/RobotCore( 7603): DC Motor                                           motor_3                        USB AL00VS9P; port 1
I/RobotCore( 7603): Modern Robotics USB Legacy Module v2.0             Legacy Module 2                USB AL00XROI
I/RobotCore( 7603): DC Motor                                           motor_1                        USB AL00VW5E; port 2
I/RobotCore( 7603): NXT Ultrasonic Sensor                              ultra_back                     USB AL00XROI; port 5
I/RobotCore( 7603): Servo                                              pusher_l                       USB AL00XOKN; port 1
I/RobotCore( 7603): Servo                                              pusher_r                       USB AL00XOKN; port 2
I/RobotCore( 7603): Modern Robotics USB DC Motor Controller v2.0       Motor Controller 6             USB AL00VW5E
I/RobotCore( 7603): Modern Robotics USB DC Motor Controller v2.0       Motor Controller 5             USB AL00VVUU
I/RobotCore( 7603): Modern Robotics USB Servo Controller v2.0          Servo Controller 4             USB AL00XOKN
I/RobotCore( 7603): Modern Robotics USB Core Device Interface Module v2.0 Device Interface Module 1      USB AL00VE3C
I/RobotCore( 7603): NXT Ultrasonic Sensor                              ultra_front                    USB AL00XROI; port 4
I/RobotCore( 7603): Modern Robotics USB DC Motor Controller v2.0       Motor Controller 3             USB AL00VS9P
I/RobotCore( 7603): DC Motor                                           motor_4                        USB AL00VS9P; port 2
I/RobotCore( 7603): NXT Color Sensor                                   beacon_color                   USB AL00XROI; I2C port: 1
I/RobotCore( 7603): Modern Robotics Gyro                               gyro                           USB AL00VE3C; I2C port: 0
I/RobotCore( 7603): DC Motor                                           intake                         USB AL00VVUU; port 2
I/RobotCore( 7603): DC Motor                                           flicker                        USB AL00VVUU; port 1
I/RobotCore( 7603): DC Motor                                           motor_2                        USB AL00VW5E; port 1
I/RobotCore( 7603): NXT Color Sensor                                   line_light                     USB AL00XROI; I2C port: 2
I/FIRST   ( 7603): ======= INIT FINISH =======
V/RobotCore( 7603): EventLoopManager state is RUNNING
D/DisplayPowerController(  811): updateAmbientLux:  mLightSensorListener lux is 92.0
V/RobotCore( 7603): Robot Status: running, starting robot
V/RobotCore( 7603): Robot Status: running
V/RobotCore( 7603): thread: ...terminating 'RobotSetupRunnable.run()'
V/RobotCore( 7603): thread: 'opmode loop()' starting...
E/MediaPlayer-JNI( 7603): QCMediaPlayer mediaplayer NOT present
D/Sonivox (  266): file[-1196955608]: EAS_HWOpenFile ---->. mDrmManagerClient[0], mDrmBufOffset[0], mDrmBufSize[0], mDrmBuf[0]
D/Sonivox (  266): wangchong: path is NULL
D/PRDrmPlugIn(  261): PRDrmPlugin::onInitialize, uniqueId = 6247
D/PRDrmPlugIn(  261): PRDrmPlugin::onSetOnInfoListener: starts! uniqueId = 6247
D/PRDrmPlugIn(  261): PRDrmPlugin::onSetOnInfoListener: ends!
D/Sonivox (  266): [qwu ]FileSource::canHandle()begin 
D/Sonivox (  266): [qwu ]FileSource::canHandle()end 
D/Sonivox (  266): [qwu ]FileSource::canHandle() OK 
D/Sonivox (  266): [qwu ]FileSource::canHandle() failed 
D/PRDrmPlugIn(  261): PRDrmPlugin::onTerminate, uniqueId = 6247
D/Sonivox (  266): file[-1196955608]: EAS_HWOpenFile <----. mDrmManagerClient[0], mDrmBufOffset[0], mDrmBufSize[0], mDrmBuf[0]
D/RobotCore( 7603): system telemetry: key=$System$None$ msg=""
D/Sonivox (  266): file[-1196955608]: EAS_HWCloseFile ---->. mDrmManagerClient[0], mDrmBufOffset[0], mDrmBufSize[0], mDrmBuf[0]
D/Sonivox (  266): file[-1196955608]: EAS_HWCloseFile <----. mDrmManagerClient[0], mDrmBufOffset[0], mDrmBufSize[0], mDrmBuf[0]
I/ExtendedUtils(  266): AV Sync late margin : Intended=40ms Using=0ms
D/Utils   (  266): printFileName fd(33) -> /data/app/com.qualcomm.ftcrobotcontroller-2.apk
D/PRDrmPlugIn(  261): PRDrmPlugin::onInitialize, uniqueId = 7944
D/PRDrmPlugIn(  261): PRDrmPlugin::onSetOnInfoListener: starts! uniqueId = 7944
D/PRDrmPlugIn(  261): PRDrmPlugin::onSetOnInfoListener: ends!
D/PRDrmPlugIn(  261): PRDrmPlugin::onTerminate, uniqueId = 7944
D/ExtendedUtils(  266): extended extractor not needed, return default
D/AudioPolicyManager(  266): copl: isOffloadSupported: SR=8000, CM=0x0, Format=0x17000001, StreamType=3, BitRate=4294967295, duration=1019125 us, has_video=0
D/AudioPolicyManager(  266): copl: PCM offload disabled by property audio.offload.pcm.enable
I/AwesomePlayer(  266): Could not offload audio decode, try pcm offload
D/AudioPolicyManager(  266): copl: isOffloadSupported: SR=8000, CM=0x0, Format=0x17000001, StreamType=3, BitRate=4294967295, duration=1019125 us, has_video=0
D/AudioPolicyManager(  266): copl: PCM offload disabled by property audio.offload.pcm.enable
E/MediaPlayer( 7603): Should have subtitle controller already set
D/Sonivox (  266): file[-1196955608]: EAS_HWOpenFile ---->. mDrmManagerClient[0], mDrmBufOffset[0], mDrmBufSize[0], mDrmBuf[0]
D/Sonivox (  266): wangchong: path is NULL
D/PRDrmPlugIn(  261): PRDrmPlugin::onInitialize, uniqueId = 8007
D/PRDrmPlugIn(  261): PRDrmPlugin::onSetOnInfoListener: starts! uniqueId = 8007
D/PRDrmPlugIn(  261): PRDrmPlugin::onSetOnInfoListener: ends!
D/Sonivox (  266): [qwu ]FileSource::canHandle()begin 
D/Sonivox (  266): [qwu ]FileSource::canHandle()end 
D/Sonivox (  266): [qwu ]FileSource::canHandle() OK 
D/Sonivox (  266): [qwu ]FileSource::canHandle() failed 
D/PRDrmPlugIn(  261): PRDrmPlugin::onTerminate, uniqueId = 8007
D/Sonivox (  266): file[-1196955608]: EAS_HWOpenFile <----. mDrmManagerClient[0], mDrmBufOffset[0], mDrmBufSize[0], mDrmBuf[0]
D/Sonivox (  266): file[-1196955608]: EAS_HWCloseFile ---->. mDrmManagerClient[0], mDrmBufOffset[0], mDrmBufSize[0], mDrmBuf[0]
D/Sonivox (  266): file[-1196955608]: EAS_HWCloseFile <----. mDrmManagerClient[0], mDrmBufOffset[0], mDrmBufSize[0], mDrmBuf[0]
I/ExtendedUtils(  266): AV Sync late margin : Intended=40ms Using=0ms
D/Utils   (  266): printFileName fd(34) -> /data/app/com.qualcomm.ftcrobotcontroller-2.apk
D/PRDrmPlugIn(  261): PRDrmPlugin::onInitialize, uniqueId = 6830
D/PRDrmPlugIn(  261): PRDrmPlugin::onSetOnInfoListener: starts! uniqueId = 6830
D/PRDrmPlugIn(  261): PRDrmPlugin::onSetOnInfoListener: ends!
D/PRDrmPlugIn(  261): PRDrmPlugin::onTerminate, uniqueId = 6830
D/ExtendedUtils(  266): extended extractor not needed, return default
D/AudioPolicyManager(  266): copl: isOffloadSupported: SR=8000, CM=0x0, Format=0x17000001, StreamType=-1, BitRate=4294967295, duration=1019125 us, has_video=0
D/AudioPolicyManager(  266): copl: isOffloadSupported: stream_type != MUSIC, returning false
I/AwesomePlayer(  266): Could not offload audio decode, try pcm offload
D/AudioPolicyManager(  266): copl: isOffloadSupported: SR=8000, CM=0x0, Format=0x17000001, StreamType=-1, BitRate=4294967295, duration=1019125 us, has_video=0
D/AudioPolicyManager(  266): copl: isOffloadSupported: stream_type != MUSIC, returning false
D/AudioPlayer(  266): start of Playback, useOffload 0
D/PowerManagerService(  811): sendPendingNotificationsLocked mSendGoToSleepFinishedNotificationWhenReady = false
D/DisplayPowerController(  811): updateAmbientLux:  mLightSensorListener lux is 93.0
D/AudioPlayer(  266): Pause Playback at 0
D/AudioPlayer(  266): reset: mPlaying=0 mReachedEOS=1 useOffload=0
D/AudioPolicyManager(  266):  getOutput() device 2, stream 3, samplingRate 0, format 0, channelMask 3, flags 0 
D/AudioPolicyManager(  266): getOutput() returns output 2
D/AudioPolicyManager(  266):  getOutput() device 2, stream 3, samplingRate 0, format 0, channelMask 3, flags 0 
D/AudioPolicyManager(  266): getOutput() returns output 2
D/AudioPolicyManager(  266):  getOutput() device 2, stream 3, samplingRate 8000, format 1, channelMask 1, flags 4 
D/AudioPolicyManager(  266): getOutput() returns output 3
D/PowerManagerService(  811): sendPendingNotificationsLocked mSendGoToSleepFinishedNotificationWhenReady = false
D/AudioFlinger(  266): start(4098), calling pid 7603 session 148
D/AudioFlinger(  266): ? => ACTIVE (4098) on thread 0xb8a7b040
D/AudioPolicyManagerBase(  266): startOutput() output 3, stream 3, session 148
D/audio_hw_primary(  266): start_output_stream: enter: stream(0xb8a52a78)usecase(1: low-latency-playback) devices(0x2)
D/audio_hw_primary(  266): select_devices: out_snd_device(2: speaker) in_snd_device(0: )
D/hardware_info(  266): hw_info_append_hw_type : device_name = speaker
I/listen_hal_loader(  266): audio_extn_listen_update_device_status(): device 0x2 of type 0 for Event 1, with Raise=0
D/ACDB-LOADER(  266): ACDB -> send_audio_cal, acdb_id = 14, path =  0
D/ACDB-LOADER(  266): ACDB -> send_adm_topology
D/ACDB-LOADER(  266): ACDB -> ACDB_CMD_GET_AUDPROC_COMMON_TOPOLOGY_ID
D/ACDB-LOADER(  266): ACDB -> send_asm_topology
D/ACDB-LOADER(  266): ACDB -> ACDB_CMD_GET_AUDPROC_STREAM_TOPOLOGY_ID
D/ACDB-LOADER(  266): ACDB -> send_audtable
D/ACDB-LOADER(  266): ACDB -> ACDB_CMD_GET_AUDPROC_COMMON_TABLE
D/ACDB-LOADER(  266): ACDB -> AUDIO_SET_AUDPROC_CAL
D/ACDB-LOADER(  266): ACDB -> send_audvoltable
D/ACDB-LOADER(  266): ACDB -> ACDB_CMD_GET_AUDPROC_GAIN_DEP_STEP_TABLE
D/ACDB-LOADER(  266): ACDB -> AUDIO_SET_AUDPROC_VOL_CAL
D/ACDB-LOADER(  266): ACDB -> send_afe_cal
D/ACDB-LOADER(  266): ACDB -> ACDB_CMD_GET_AFE_COMMON_TABLE
D/ACDB-LOADER(  266): ACDB -> AUDIO_SET_AFE_CAL
D/PowerManagerService(  811): sendPendingNotificationsLocked mSendGoToSleepFinishedNotificationWhenReady = false
I/listen_hal_loader(  266): audio_extn_listen_update_stream_status(): uc_id 1 of type 0 for Event 3, with Raise=0
D/audio_hw_primary(  266): select_devices: done
D/ACDB-LOADER(  266): ACDB -> send_audio_cal, acdb_id = 14, path =  0
D/ACDB-LOADER(  266): ACDB -> send_adm_topology
D/ACDB-LOADER(  266): ACDB -> ACDB_CMD_GET_AUDPROC_COMMON_TOPOLOGY_ID
D/ACDB-LOADER(  266): ACDB -> send_asm_topology
D/ACDB-LOADER(  266): ACDB -> ACDB_CMD_GET_AUDPROC_STREAM_TOPOLOGY_ID
D/ACDB-LOADER(  266): ACDB -> send_audtable
D/ACDB-LOADER(  266): ACDB -> ACDB_CMD_GET_AUDPROC_COMMON_TABLE
D/ACDB-LOADER(  266): ACDB -> AUDIO_SET_AUDPROC_CAL
D/ACDB-LOADER(  266): ACDB -> send_audvoltable
D/ACDB-LOADER(  266): ACDB -> ACDB_CMD_GET_AUDPROC_GAIN_DEP_STEP_TABLE
D/ACDB-LOADER(  266): ACDB -> AUDIO_SET_AUDPROC_VOL_CAL
D/ACDB-LOADER(  266): ACDB -> send_afe_cal
D/ACDB-LOADER(  266): ACDB -> ACDB_CMD_GET_AFE_COMMON_TABLE
D/ACDB-LOADER(  266): ACDB -> AUDIO_SET_AFE_CAL
D/DisplayPowerController(  811): updateAmbientLux:  mLightSensorListener lux is 94.0
I/RobotCore( 7603): Attempting to switch to op mode $Stop$Robot$
W/AwContents( 7603): nativeOnDraw failed; clearing to background color.
D/DisplayPowerController(  811): updateAmbientLux:  mLightSensorListener lux is 95.0
D/DisplayPowerController(  811): updateAmbientLux:  mLightSensorListener lux is 96.0
D/dalvikvm( 7603): GC_CONCURRENT freed 2036K, 36% free 7113K/11088K, paused 3ms+4ms, total 48ms
D/DisplayPowerController(  811): updateAmbientLux:  mLightSensorListener lux is 98.0
D/LockScreen_KeyguardUpdateMonitor(  978): received broadcast android.intent.action.BATTERY_CHANGED
D/LockScreen_DMLockCodeController(  978): canAcceptIntent - can: false
D/LockScreen_CMASAlertController(  978): canAcceptIntent - can: false
D/LockScreen_KeyguardUpdateMonitor(  978): handleBatteryUpdate
D/WifiApPowerMode(  811): ACTION_BATTERY_CHANGED received. pluggedType=0 mUSBConnected=false
D/DisplayPowerController(  811): updateAmbientLux:  mLightSensorListener lux is 99.0
D/BatteryService(  811): ZTE Sending ACTION_BATTERY_CHANGED.  level:95, scale:100, status:3, health:2, present:true, voltage: 4150, temperature: 280, technology: Li-ion, AC powered:false, USB powered:false, Wireless powered:false, icon:17302952, invalid charger:0
D/PowerManagerService(  811): sendPendingNotificationsLocked mSendGoToSleepFinishedNotificationWhenReady = false
D/WifiController(  811): battery changed pluggedType: 0
I/RobotCore( 7603): robot battery read duration: n=3, mean=10.660ms sd=18.434ms
D/DisplayPowerController(  811): updateAmbientLux:  mLightSensorListener lux is 100.0
D/DisplayPowerController(  811): updateAmbientLux:  mLightSensorListener lux is 101.0
D/dalvikvm( 7603): GC_CONCURRENT freed 2043K, 36% free 7127K/11088K, paused 4ms+5ms, total 57ms
D/DisplayPowerController(  811): updateAmbientLux:  mLightSensorListener lux is 102.0
D/DisplayPowerController(  811): updateAmbientLux:  mLightSensorListener lux is 103.0
D/DisplayPowerController(  811): ZTE_PM updateAutoBrightness: useAutoBrightness = true  mAmbientLuxValid = true  mAmbientLux = 97.63393
D/DisplayPowerController(  811): updateAutoBrightness: value=0.3162456 *255 = 80.642624
D/DisplayPowerController(  811): ZTE_PM mPowerRequest.screenState is 2
D/DisplayPowerController(  811): ZTE_PM_PROX disable ProxSensor while NO useProximitySensor 
D/DisplayPowerController(  811): ZTE_PM_PROX setProximitySensorEnabled enable = false
D/DisplayPowerController(  811): ZTE_PM  setLightSensorEnabled enable = true updateAutoBrightness = false
D/DisplayPowerState(  811): Updating screen state: onChanged=false, on= true, backlightChanged=true, backlight=79
D/ledlog_java_com(  811): Excessive delay setting light: 65ms
D/DisplayPowerState(  811): Updating screen state: onChanged=false, on= true, backlightChanged=true, backlight=81
D/DisplayPowerController(  811): updateAmbientLux:  mLightSensorListener lux is 104.0
D/dalvikvm( 7603): GC_CONCURRENT freed 2094K, 37% free 7051K/11088K, paused 4ms+4ms, total 48ms
D/DisplayPowerController(  811): updateAmbientLux:  mLightSensorListener lux is 105.0
D/DisplayPowerController(  811): updateAmbientLux:  mLightSensorListener lux is 106.0
D/dalvikvm( 7603): GC_CONCURRENT freed 1969K, 36% free 7128K/11088K, paused 4ms+1ms, total 40ms
D/audio_hw_primary(  266): out_standby: enter: stream (0xb8a52a78) usecase(1: low-latency-playback)
I/listen_hal_loader(  266): audio_extn_listen_update_stream_status(): uc_id 1 of type 0 for Event 2, with Raise=0
D/hardware_info(  266): hw_info_append_hw_type : device_name = speaker
I/listen_hal_loader(  266): audio_extn_listen_update_device_status(): device 0x2 of type 0 for Event 0, with Raise=0
D/PowerManagerService(  811): sendPendingNotificationsLocked mSendGoToSleepFinishedNotificationWhenReady = false
D/dalvikvm( 7603): GC_CONCURRENT freed 2061K, 36% free 7141K/11088K, paused 3ms+4ms, total 52ms
D/DisplayPowerController(  811): updateAmbientLux:  mLightSensorListener lux is 107.0
D/DisplayPowerController(  811): updateAmbientLux:  mLightSensorListener lux is 106.0
D/DisplayPowerController(  811): updateAmbientLux:  mLightSensorListener lux is 107.0
D/dalvikvm( 7603): GC_CONCURRENT freed 2085K, 37% free 7044K/11088K, paused 3ms+3ms, total 46ms
D/DisplayPowerController(  811): updateAmbientLux:  mLightSensorListener lux is 108.0
D/dalvikvm( 7603): GC_CONCURRENT freed 1994K, 37% free 7045K/11088K, paused 4ms+2ms, total 60ms
D/DisplayPowerController(  811): updateAmbientLux:  mLightSensorListener lux is 109.0
D/DisplayPowerController(  811): updateAmbientLux:  mLightSensorListener lux is 110.0
D/DisplayPowerController(  811): updateAmbientLux:  mLightSensorListener lux is 111.0
D/dalvikvm( 7603): GC_CONCURRENT freed 1967K, 37% free 7033K/11088K, paused 2ms+4ms, total 40ms
D/dalvikvm( 7603): GC_CONCURRENT freed 1963K, 37% free 7031K/11088K, paused 2ms+2ms, total 35ms
D/DisplayPowerController(  811): updateAmbientLux:  mLightSensorListener lux is 112.0
D/DisplayPowerController(  811): updateAmbientLux:  mLightSensorListener lux is 113.0
D/DisplayPowerController(  811): updateAmbientLux:  mLightSensorListener lux is 112.0
D/dalvikvm( 7603): GC_CONCURRENT freed 1955K, 37% free 7056K/11088K, paused 4ms+5ms, total 46ms
D/DisplayPowerController(  811): updateAmbientLux:  mLightSensorListener lux is 113.0
D/dalvikvm( 7603): GC_CONCURRENT freed 2007K, 37% free 7052K/11088K, paused 3ms+4ms, total 51ms
D/DisplayPowerController(  811): updateAmbientLux:  mLightSensorListener lux is 114.0
D/PowerManagerService_DumpWakeLock(  811): Dump interval is: 26 s
D/PowerManagerService_DumpWakeLock(  811):  Current State is: Awake
D/PowerManagerService_DumpWakeLock(  811): Screen off timeout: 300000 ms
D/PowerManagerService_DumpWakeLock(  811): Screen dim duration: 7000 ms
D/PowerManagerService_DumpWakeLock(  811): Wake Locks: size=1
D/PowerManagerService_DumpWakeLock(  811):   SCREEN_BRIGHT_WAKE_LOCK        'WindowManager' ON_AFTER_RELEASE (uid=1000, pid=811, ws=WorkSource{10112})
D/PowerManagerService_DumpWakeLock(  811): Suspend Blockers: size=5
D/PowerManagerService_DumpWakeLock(  811):   PowerManagerService.WakeLocks: ref count=1
D/PowerManagerService_DumpWakeLock(  811):   PowerManagerService.Display: ref count=1
D/PowerManagerService_DumpWakeLock(  811):   PowerManagerService.Proximity: ref count=0
D/PowerManagerService_DumpWakeLock(  811):   PowerManagerService.Broadcasts: ref count=0
D/PowerManagerService_DumpWakeLock(  811):   PowerManagerService.WirelessChargerDetector: ref count=0
D/PowerManagerService_DumpWakeLock(  811): Screen On Blocker: held=false, mNestCount=0
D/PowerManagerService_DumpWakeLock(  811): Display Blanker: blanked=false
D/DisplayPowerController(  811): updateAmbientLux:  mLightSensorListener lux is 115.0
D/dalvikvm( 7603): GC_CONCURRENT freed 1974K, 37% free 7052K/11088K, paused 4ms+4ms, total 42ms
D/DisplayPowerController(  811): ZTE_PM updateAutoBrightness: useAutoBrightness = true  mAmbientLuxValid = true  mAmbientLux = 113.393456
D/DisplayPowerController(  811): updateAutoBrightness: value=0.3279918 *255 = 83.63791
D/DisplayPowerController(  811): ZTE_PM mPowerRequest.screenState is 2
D/DisplayPowerController(  811): ZTE_PM_PROX disable ProxSensor while NO useProximitySensor 
D/DisplayPowerController(  811): ZTE_PM_PROX setProximitySensorEnabled enable = false
D/DisplayPowerController(  811): ZTE_PM  setLightSensorEnabled enable = true updateAutoBrightness = false
D/DisplayPowerState(  811): Updating screen state: onChanged=false, on= true, backlightChanged=true, backlight=82
D/DisplayPowerState(  811): Updating screen state: onChanged=false, on= true, backlightChanged=true, backlight=84
D/DisplayPowerController(  811): updateAmbientLux:  mLightSensorListener lux is 116.0
D/DisplayPowerController(  811): updateAmbientLux:  mLightSensorListener lux is 117.0
D/DisplayPowerController(  811): updateAmbientLux:  mLightSensorListener lux is 118.0
D/dalvikvm( 7603): GC_CONCURRENT freed 1990K, 37% free 7051K/11088K, paused 4ms+3ms, total 43ms
D/DisplayPowerController(  811): updateAmbientLux:  mLightSensorListener lux is 119.0
D/DisplayPowerController(  811): updateAmbientLux:  mLightSensorListener lux is 120.0
D/DisplayPowerController(  811): updateAmbientLux:  mLightSensorListener lux is 121.0
D/DisplayPowerController(  811): updateAmbientLux:  mLightSensorListener lux is 122.0
D/dalvikvm( 7603): GC_CONCURRENT freed 1974K, 37% free 7049K/11088K, paused 4ms+2ms, total 42ms
D/DisplayPowerController(  811): updateAmbientLux:  mLightSensorListener lux is 123.0
D/DisplayPowerController(  811): updateAmbientLux:  mLightSensorListener lux is 124.0
D/DisplayPowerController(  811): updateAmbientLux:  mLightSensorListener lux is 125.0
D/dalvikvm( 7603): GC_CONCURRENT freed 1975K, 36% free 7113K/11088K, paused 3ms+3ms, total 43ms
D/DisplayPowerController(  811): updateAmbientLux:  mLightSensorListener lux is 126.0
D/DisplayPowerController(  811): updateAmbientLux:  mLightSensorListener lux is 127.0
D/DisplayPowerController(  811): updateAmbientLux:  mLightSensorListener lux is 128.0
D/DisplayPowerController(  811): updateAmbientLux:  mLightSensorListener lux is 129.0
D/dalvikvm( 7603): GC_CONCURRENT freed 2050K, 37% free 7042K/11088K, paused 2ms+3ms, total 42ms
D/DisplayPowerController(  811): updateAmbientLux:  mLightSensorListener lux is 130.0
D/DisplayPowerController(  811): updateAmbientLux:  mLightSensorListener lux is 131.0
D/DisplayPowerController(  811): updateAmbientLux:  mLightSensorListener lux is 132.0
D/DisplayPowerController(  811): updateAmbientLux:  mLightSensorListener lux is 133.0
D/DisplayPowerController(  811): updateAmbientLux:  mLightSensorListener lux is 134.0
D/dalvikvm( 7603): GC_CONCURRENT freed 2000K, 37% free 7067K/11088K, paused 4ms+5ms, total 84ms
D/DisplayPowerController(  811): updateAmbientLux:  mLightSensorListener lux is 135.0
D/DisplayPowerController(  811): updateAmbientLux:  mLightSensorListener lux is 136.0
D/DisplayPowerController(  811): updateAmbientLux:  mLightSensorListener lux is 137.0
D/DisplayPowerController(  811): updateAmbientLux:  mLightSensorListener lux is 138.0
D/DisplayPowerController(  811): updateAmbientLux:  mLightSensorListener lux is 139.0
V/PeerDiscovery( 7603): new remote peer discovered: 192.168.49.75
D/Robocol ( 7603): RobocolDatagramSocket connected to /192.168.49.75:20884
V/NetworkConnectionHandler( 7603): starting sending loop
V/Robocol ( 7603): SendOnceRunnable created
V/RobotCore( 7603): Network: active, connected
E/MediaPlayer-JNI( 7603): QCMediaPlayer mediaplayer NOT present
D/Sonivox (  266): file[-1196955608]: EAS_HWOpenFile ---->. mDrmManagerClient[0], mDrmBufOffset[0], mDrmBufSize[0], mDrmBuf[0]
D/Sonivox (  266): wangchong: path is NULL
D/PRDrmPlugIn(  261): PRDrmPlugin::onInitialize, uniqueId = 5110
D/PRDrmPlugIn(  261): PRDrmPlugin::onSetOnInfoListener: starts! uniqueId = 5110
D/PRDrmPlugIn(  261): PRDrmPlugin::onSetOnInfoListener: ends!
D/Sonivox (  266): [qwu ]FileSource::canHandle()begin 
D/Sonivox (  266): [qwu ]FileSource::canHandle()end 
D/Sonivox (  266): [qwu ]FileSource::canHandle() OK 
D/Sonivox (  266): [qwu ]FileSource::canHandle() failed 
D/PRDrmPlugIn(  261): PRDrmPlugin::onTerminate, uniqueId = 5110
D/Sonivox (  266): file[-1196955608]: EAS_HWOpenFile <----. mDrmManagerClient[0], mDrmBufOffset[0], mDrmBufSize[0], mDrmBuf[0]
D/Sonivox (  266): file[-1196955608]: EAS_HWCloseFile ---->. mDrmManagerClient[0], mDrmBufOffset[0], mDrmBufSize[0], mDrmBuf[0]
D/Sonivox (  266): file[-1196955608]: EAS_HWCloseFile <----. mDrmManagerClient[0], mDrmBufOffset[0], mDrmBufSize[0], mDrmBuf[0]
I/ExtendedUtils(  266): AV Sync late margin : Intended=40ms Using=0ms
D/Utils   (  266): printFileName fd(36) -> /data/app/com.qualcomm.ftcrobotcontroller-2.apk
D/PRDrmPlugIn(  261): PRDrmPlugin::onInitialize, uniqueId = 5507
D/PRDrmPlugIn(  261): PRDrmPlugin::onSetOnInfoListener: starts! uniqueId = 5507
D/PRDrmPlugIn(  261): PRDrmPlugin::onSetOnInfoListener: ends!
D/PRDrmPlugIn(  261): PRDrmPlugin::onTerminate, uniqueId = 5507
D/ExtendedUtils(  266): extended extractor not needed, return default
D/AudioPolicyManager(  266): copl: isOffloadSupported: SR=44100, CM=0x0, Format=0x17000001, StreamType=3, BitRate=4294967295, duration=485011 us, has_video=0
D/AudioPolicyManager(  266): copl: PCM offload disabled by property audio.offload.pcm.enable
I/AwesomePlayer(  266): Could not offload audio decode, try pcm offload
D/AudioPolicyManager(  266): copl: isOffloadSupported: SR=44100, CM=0x0, Format=0x17000001, StreamType=3, BitRate=4294967295, duration=485011 us, has_video=0
D/AudioPolicyManager(  266): copl: PCM offload disabled by property audio.offload.pcm.enable
E/MediaPlayer( 7603): Should have subtitle controller already set
D/Sonivox (  266): file[-1196955608]: EAS_HWOpenFile ---->. mDrmManagerClient[0], mDrmBufOffset[0], mDrmBufSize[0], mDrmBuf[0]
D/Sonivox (  266): wangchong: path is NULL
D/PRDrmPlugIn(  261): PRDrmPlugin::onInitialize, uniqueId = 5046
D/PRDrmPlugIn(  261): PRDrmPlugin::onSetOnInfoListener: starts! uniqueId = 5046
D/PRDrmPlugIn(  261): PRDrmPlugin::onSetOnInfoListener: ends!
D/Sonivox (  266): [qwu ]FileSource::canHandle()begin 
D/Sonivox (  266): [qwu ]FileSource::canHandle()end 
D/Sonivox (  266): [qwu ]FileSource::canHandle() OK 
D/Sonivox (  266): [qwu ]FileSource::canHandle() failed 
D/PRDrmPlugIn(  261): PRDrmPlugin::onTerminate, uniqueId = 5046
D/Sonivox (  266): file[-1196955608]: EAS_HWOpenFile <----. mDrmManagerClient[0], mDrmBufOffset[0], mDrmBufSize[0], mDrmBuf[0]
D/Sonivox (  266): file[-1196955608]: EAS_HWCloseFile ---->. mDrmManagerClient[0], mDrmBufOffset[0], mDrmBufSize[0], mDrmBuf[0]
D/Sonivox (  266): file[-1196955608]: EAS_HWCloseFile <----. mDrmManagerClient[0], mDrmBufOffset[0], mDrmBufSize[0], mDrmBuf[0]
I/ExtendedUtils(  266): AV Sync late margin : Intended=40ms Using=0ms
D/Utils   (  266): printFileName fd(37) -> /data/app/com.qualcomm.ftcrobotcontroller-2.apk
D/PRDrmPlugIn(  261): PRDrmPlugin::onInitialize, uniqueId = 5748
D/PRDrmPlugIn(  261): PRDrmPlugin::onSetOnInfoListener: starts! uniqueId = 5748
D/PRDrmPlugIn(  261): PRDrmPlugin::onSetOnInfoListener: ends!
D/PRDrmPlugIn(  261): PRDrmPlugin::onTerminate, uniqueId = 5748
D/ExtendedUtils(  266): extended extractor not needed, return default
D/AudioPolicyManager(  266): copl: isOffloadSupported: SR=44100, CM=0x0, Format=0x17000001, StreamType=-1, BitRate=4294967295, duration=485011 us, has_video=0
D/AudioPolicyManager(  266): copl: isOffloadSupported: stream_type != MUSIC, returning false
I/AwesomePlayer(  266): Could not offload audio decode, try pcm offload
D/AudioPolicyManager(  266): copl: isOffloadSupported: SR=44100, CM=0x0, Format=0x17000001, StreamType=-1, BitRate=4294967295, duration=485011 us, has_video=0
D/AudioPolicyManager(  266): copl: isOffloadSupported: stream_type != MUSIC, returning false
D/AudioPlayer(  266): start of Playback, useOffload 0
D/DisplayPowerController(  811): updateAmbientLux:  mLightSensorListener lux is 140.0
D/AudioPlayer(  266): Pause Playback at 371519
D/AudioPlayer(  266): reset: mPlaying=0 mReachedEOS=1 useOffload=0
D/AudioPolicyManager(  266):  getOutput() device 2, stream 3, samplingRate 0, format 0, channelMask 3, flags 0 
D/AudioPolicyManager(  266): getOutput() returns output 2
D/AudioPolicyManager(  266):  getOutput() device 2, stream 3, samplingRate 0, format 0, channelMask 3, flags 0 
D/AudioPolicyManager(  266): getOutput() returns output 2
D/AudioPolicyManager(  266):  getOutput() device 2, stream 3, samplingRate 44100, format 1, channelMask 3, flags 4 
D/AudioPolicyManager(  266): getOutput() returns output 3
D/AudioFlinger(  266): start(4099), calling pid 7603 session 150
D/AudioFlinger(  266): ? => ACTIVE (4099) on thread 0xb8a74080
D/AudioPolicyManagerBase(  266): startOutput() output 3, stream 3, session 150
D/audio_hw_primary(  266): start_output_stream: enter: stream(0xb8a52a78)usecase(1: low-latency-playback) devices(0x2)
D/audio_hw_primary(  266): select_devices: out_snd_device(2: speaker) in_snd_device(0: )
D/hardware_info(  266): hw_info_append_hw_type : device_name = speaker
I/listen_hal_loader(  266): audio_extn_listen_update_device_status(): device 0x2 of type 0 for Event 1, with Raise=0
D/ACDB-LOADER(  266): ACDB -> send_audio_cal, acdb_id = 14, path =  0
D/ACDB-LOADER(  266): ACDB -> send_adm_topology
D/ACDB-LOADER(  266): ACDB -> ACDB_CMD_GET_AUDPROC_COMMON_TOPOLOGY_ID
D/ACDB-LOADER(  266): ACDB -> send_asm_topology
D/ACDB-LOADER(  266): ACDB -> ACDB_CMD_GET_AUDPROC_STREAM_TOPOLOGY_ID
D/ACDB-LOADER(  266): ACDB -> send_audtable
D/ACDB-LOADER(  266): ACDB -> ACDB_CMD_GET_AUDPROC_COMMON_TABLE
D/ACDB-LOADER(  266): ACDB -> AUDIO_SET_AUDPROC_CAL
D/ACDB-LOADER(  266): ACDB -> send_audvoltable
D/ACDB-LOADER(  266): ACDB -> ACDB_CMD_GET_AUDPROC_GAIN_DEP_STEP_TABLE
D/ACDB-LOADER(  266): ACDB -> AUDIO_SET_AUDPROC_VOL_CAL
D/ACDB-LOADER(  266): ACDB -> send_afe_cal
D/ACDB-LOADER(  266): ACDB -> ACDB_CMD_GET_AFE_COMMON_TABLE
D/ACDB-LOADER(  266): ACDB -> AUDIO_SET_AFE_CAL
D/PowerManagerService(  811): sendPendingNotificationsLocked mSendGoToSleepFinishedNotificationWhenReady = false
I/listen_hal_loader(  266): audio_extn_listen_update_stream_status(): uc_id 1 of type 0 for Event 3, with Raise=0
D/dalvikvm( 7603): GC_CONCURRENT freed 2054K, 36% free 7123K/11088K, paused 3ms+4ms, total 59ms
D/audio_hw_primary(  266): select_devices: done
D/ACDB-LOADER(  266): ACDB -> send_audio_cal, acdb_id = 14, path =  0
D/ACDB-LOADER(  266): ACDB -> send_adm_topology
D/ACDB-LOADER(  266): ACDB -> ACDB_CMD_GET_AUDPROC_COMMON_TOPOLOGY_ID
D/ACDB-LOADER(  266): ACDB -> send_asm_topology
D/ACDB-LOADER(  266): ACDB -> ACDB_CMD_GET_AUDPROC_STREAM_TOPOLOGY_ID
D/ACDB-LOADER(  266): ACDB -> send_audtable
D/ACDB-LOADER(  266): ACDB -> ACDB_CMD_GET_AUDPROC_COMMON_TABLE
D/ACDB-LOADER(  266): ACDB -> AUDIO_SET_AUDPROC_CAL
D/ACDB-LOADER(  266): ACDB -> send_audvoltable
D/ACDB-LOADER(  266): ACDB -> ACDB_CMD_GET_AUDPROC_GAIN_DEP_STEP_TABLE
D/ACDB-LOADER(  266): ACDB -> AUDIO_SET_AUDPROC_VOL_CAL
D/ACDB-LOADER(  266): ACDB -> send_afe_cal
D/ACDB-LOADER(  266): ACDB -> ACDB_CMD_GET_AFE_COMMON_TABLE
D/ACDB-LOADER(  266): ACDB -> AUDIO_SET_AFE_CAL
V/Robocol ( 7603): sending CMD_REQUEST_USER_SENSOR_LIST_RESP(42), attempt: 0
V/Robocol ( 7603): received command: CMD_REQUEST_OP_MODE_LIST(10005) 
V/Robocol ( 7603): sending CMD_REQUEST_OP_MODE_LIST_RESP(48), attempt: 0
V/Robocol ( 7603): sending CMD_REQUEST_USER_SENSOR_LIST_RESP(49), attempt: 0
V/Robocol ( 7603): received command: CMD_REQUEST_ACTIVE_CONFIGURATION(10006) 
V/Robocol ( 7603): received command: CMD_REQUEST_USER_SENSOR_LIST_RESP(42) [{"description":"a MR compass sensor","flavor":"I2C","name":"MR Compass Sensor","xmlTag":"ModernRoboticsI2cCompassSensor"},{"description":"an Adafruit IMU","flavor":"I2C","name":"Adafruit IMU","xmlTag":"AdafruitBNO055IMU"},{"description":"a MR range sensor","flavor":"I2C","name":"MR Range Sensor","xmlTag":"ModernRoboticsI2cRangeSensor"}]
V/Robocol ( 7603): sending CMD_REQUEST_ACTIVE_CONFIGURATION_RESP(55), attempt: 0
V/Robocol ( 7603): received command: CMD_REQUEST_OP_MODE_LIST_RESP(48) [{"flavor":"TELEOP","group":"Linear Opmode","name":"Linear Tele Op New 3"},{"flavor":"TELEOP","group":"Linear Opmode","name":"Writer Tele Op - v3"},{"flavor":"AUTONOMOUS","group":"Sigma6710","name":"Blue Near Auto Op Sigma 2016"},{"flavor":"AUTONOMOUS","group":"Sigma6710","name":"Reader Tele Op - v3"},{"flavor":"AUTONOMOUS","group":"Sigma6710","name":"Red Near Auto Op Sigma 2016"},{"flavor":"AUTONOMOUS","group":"Sigma6710","name":"Sensors"}]
V/Robocol ( 7603): received command: CMD_REQUEST_USER_SENSOR_LIST_RESP(49) [{"description":"a MR compass sensor","flavor":"I2C","name":"MR Compass Sensor","xmlTag":"ModernRoboticsI2cCompassSensor"},{"description":"an Adafruit IMU","flavor":"I2C","name":"Adafruit IMU","xmlTag":"AdafruitBNO055IMU"},{"description":"a MR range sensor","flavor":"I2C","name":"MR Range Sensor","xmlTag":"ModernRoboticsI2cRangeSensor"}]
V/Robocol ( 7603): received command: CMD_INIT_OP_MODE(10016) $Stop$Robot$
V/Robocol ( 7603): received command: CMD_REQUEST_ACTIVE_CONFIGURATION_RESP(55) {"name":"6710 Sigma 2106","location":"LOCAL_STORAGE","isDirty":false,"resourceId":0}
D/DisplayPowerController(  811): updateAmbientLux:  mLightSensorListener lux is 141.0
I/RobotCore( 7603): Attempting to switch to op mode $Stop$Robot$
V/Robocol ( 7603): sending CMD_INIT_OP_MODE_RESP(67), attempt: 0
V/Robocol ( 7603): received command: CMD_INIT_OP_MODE_RESP(67) $Stop$Robot$
D/DisplayPowerController(  811): updateAmbientLux:  mLightSensorListener lux is 142.0
D/DisplayPowerController(  811): updateAmbientLux:  mLightSensorListener lux is 143.0
D/dalvikvm( 7603): GC_CONCURRENT freed 2058K, 37% free 7062K/11088K, paused 3ms+2ms, total 49ms
V/Robocol ( 7603): received command: CMD_INIT_OP_MODE(10035) $Stop$Robot$
I/RobotCore( 7603): Attempting to switch to op mode $Stop$Robot$
V/Robocol ( 7603): sending CMD_INIT_OP_MODE_RESP(83), attempt: 0
V/Robocol ( 7603): received command: CMD_INIT_OP_MODE_RESP(83) $Stop$Robot$
D/DisplayPowerController(  811): ZTE_PM updateAutoBrightness: useAutoBrightness = true  mAmbientLuxValid = true  mAmbientLux = 137.85689
D/DisplayPowerController(  811): updateAutoBrightness: value=0.34391665 *255 = 87.698746
D/DisplayPowerController(  811): ZTE_PM mPowerRequest.screenState is 2
D/DisplayPowerController(  811): ZTE_PM_PROX disable ProxSensor while NO useProximitySensor 
D/DisplayPowerController(  811): ZTE_PM_PROX setProximitySensorEnabled enable = false
D/DisplayPowerController(  811): ZTE_PM  setLightSensorEnabled enable = true updateAutoBrightness = false
D/DisplayPowerState(  811): Updating screen state: onChanged=false, on= true, backlightChanged=true, backlight=85
D/ledlog_java_com(  811): Excessive delay setting light: 65ms
D/DisplayPowerState(  811): Updating screen state: onChanged=false, on= true, backlightChanged=true, backlight=88
D/DisplayPowerController(  811): updateAmbientLux:  mLightSensorListener lux is 144.0
D/DisplayPowerController(  811): updateAmbientLux:  mLightSensorListener lux is 145.0
D/dalvikvm( 7603): GC_CONCURRENT freed 2027K, 37% free 7078K/11088K, paused 4ms+5ms, total 62ms
D/DisplayPowerController(  811): updateAmbientLux:  mLightSensorListener lux is 146.0
D/DisplayPowerController(  811): updateAmbientLux:  mLightSensorListener lux is 147.0
D/dalvikvm( 7603): GC_CONCURRENT freed 2002K, 37% free 7080K/11088K, paused 5ms+3ms, total 58ms
D/DisplayPowerController(  811): updateAmbientLux:  mLightSensorListener lux is 148.0
D/DisplayPowerController(  811): updateAmbientLux:  mLightSensorListener lux is 149.0
D/audio_hw_primary(  266): out_standby: enter: stream (0xb8a52a78) usecase(1: low-latency-playback)
I/listen_hal_loader(  266): audio_extn_listen_update_stream_status(): uc_id 1 of type 0 for Event 2, with Raise=0
D/hardware_info(  266): hw_info_append_hw_type : device_name = speaker
I/listen_hal_loader(  266): audio_extn_listen_update_device_status(): device 0x2 of type 0 for Event 0, with Raise=0
D/PowerManagerService(  811): sendPendingNotificationsLocked mSendGoToSleepFinishedNotificationWhenReady = false
D/dalvikvm( 7603): GC_CONCURRENT freed 1981K, 37% free 7082K/11088K, paused 2ms+4ms, total 44ms
D/DisplayPowerController(  811): updateAmbientLux:  mLightSensorListener lux is 150.0
D/DisplayPowerController(  811): updateAmbientLux:  mLightSensorListener lux is 151.0
D/dalvikvm( 7603): GC_CONCURRENT freed 1995K, 37% free 7070K/11088K, paused 3ms+3ms, total 44ms
D/DisplayPowerController(  811): updateAmbientLux:  mLightSensorListener lux is 152.0
D/dalvikvm( 7603): GC_CONCURRENT freed 1982K, 37% free 7074K/11088K, paused 4ms+4ms, total 49ms
D/DisplayPowerController(  811): updateAmbientLux:  mLightSensorListener lux is 151.0
D/DisplayPowerController(  811): updateAmbientLux:  mLightSensorListener lux is 150.0
D/dalvikvm( 7603): GC_CONCURRENT freed 1998K, 37% free 7083K/11088K, paused 4ms+3ms, total 52ms
D/DisplayPowerController(  811): updateAmbientLux:  mLightSensorListener lux is 149.0
D/DisplayPowerController(  811): updateAmbientLux:  mLightSensorListener lux is 148.0
D/DisplayPowerController(  811): updateAmbientLux:  mLightSensorListener lux is 149.0
V/Robocol ( 7603): received command: CMD_INIT_OP_MODE(10118) Blue Near Auto Op Sigma 2016
I/RobotCore( 7603): Attempting to switch to op mode Blue Near Auto Op Sigma 2016
D/dalvikvm( 7603): GC_CONCURRENT freed 1988K, 37% free 7059K/11088K, paused 4ms+3ms, total 41ms
V/RobotCore( 7603): thread: 'LinearOpMode main' starting...
I/System.out( 7603): --BlueNear log@Jan 20, 2017 1:47:32 PM--
V/Robocol ( 7603): sending CMD_INIT_OP_MODE_RESP(176), attempt: 0
V/Robocol ( 7603): received command: CMD_INIT_OP_MODE_RESP(176) Blue Near Auto Op Sigma 2016
D/DisplayPowerController(  811): updateAmbientLux:  mLightSensorListener lux is 150.0
D/DisplayPowerController(  811): updateAmbientLux:  mLightSensorListener lux is 151.0
D/dalvikvm( 7603): GC_CONCURRENT freed 1964K, 37% free 7081K/11088K, paused 4ms+5ms, total 50ms
D/DisplayPowerController(  811): updateAmbientLux:  mLightSensorListener lux is 152.0
D/DisplayPowerController(  811): updateAmbientLux:  mLightSensorListener lux is 153.0
D/DisplayPowerController(  811): updateAmbientLux:  mLightSensorListener lux is 154.0
D/DisplayPowerController(  811): updateAmbientLux:  mLightSensorListener lux is 155.0
D/dalvikvm( 7603): GC_CONCURRENT freed 1987K, 37% free 7067K/11088K, paused 4ms+3ms, total 40ms
D/DisplayPowerController(  811): updateAmbientLux:  mLightSensorListener lux is 156.0
D/DisplayPowerController(  811): updateAmbientLux:  mLightSensorListener lux is 157.0
I/System.out( 7603): Sigma2016 -- hardware is initialized!
D/PowerManagerService_DumpWakeLock(  811): Dump interval is: 15 s
D/PowerManagerService_DumpWakeLock(  811):  Current State is: Awake
D/PowerManagerService_DumpWakeLock(  811): Screen off timeout: 300000 ms
D/PowerManagerService_DumpWakeLock(  811): Screen dim duration: 7000 ms
D/PowerManagerService_DumpWakeLock(  811): Wake Locks: size=1
D/PowerManagerService_DumpWakeLock(  811):   SCREEN_BRIGHT_WAKE_LOCK        'WindowManager' ON_AFTER_RELEASE (uid=1000, pid=811, ws=WorkSource{10112})
D/PowerManagerService_DumpWakeLock(  811): Suspend Blockers: size=5
D/PowerManagerService_DumpWakeLock(  811):   PowerManagerService.WakeLocks: ref count=1
D/PowerManagerService_DumpWakeLock(  811):   PowerManagerService.Display: ref count=1
D/PowerManagerService_DumpWakeLock(  811):   PowerManagerService.Proximity: ref count=0
D/PowerManagerService_DumpWakeLock(  811):   PowerManagerService.Broadcasts: ref count=0
D/PowerManagerService_DumpWakeLock(  811):   PowerManagerService.WirelessChargerDetector: ref count=0
D/PowerManagerService_DumpWakeLock(  811): Screen On Blocker: held=false, mNestCount=0
D/PowerManagerService_DumpWakeLock(  811): Display Blanker: blanked=false
D/dalvikvm( 7603): GC_CONCURRENT freed 1974K, 37% free 7072K/11088K, paused 5ms+4ms, total 49ms
D/DisplayPowerController(  811): updateAmbientLux:  mLightSensorListener lux is 158.0
D/DisplayPowerController(  811): updateAmbientLux:  mLightSensorListener lux is 159.0
D/dalvikvm( 7603): GC_CONCURRENT freed 1983K, 37% free 7078K/11088K, paused 4ms+3ms, total 45ms
D/DisplayPowerController(  811): updateAmbientLux:  mLightSensorListener lux is 160.0
D/DisplayPowerController(  811): updateAmbientLux:  mLightSensorListener lux is 161.0
D/dalvikvm( 7603): GC_CONCURRENT freed 1994K, 37% free 7067K/11088K, paused 2ms+3ms, total 39ms
D/DisplayPowerController(  811): updateAmbientLux:  mLightSensorListener lux is 162.0
D/DisplayPowerController(  811): updateAmbientLux:  mLightSensorListener lux is 161.0
D/DisplayPowerController(  811): ZTE_PM updateAutoBrightness: useAutoBrightness = true  mAmbientLuxValid = true  mAmbientLux = 160.04301
D/DisplayPowerController(  811): updateAutoBrightness: value=0.3610238 *255 = 92.06107
D/DisplayPowerController(  811): ZTE_PM mPowerRequest.screenState is 2
D/DisplayPowerController(  811): ZTE_PM_PROX disable ProxSensor while NO useProximitySensor 
D/DisplayPowerController(  811): ZTE_PM_PROX setProximitySensorEnabled enable = false
D/DisplayPowerController(  811): ZTE_PM  setLightSensorEnabled enable = true updateAutoBrightness = false
D/DisplayPowerState(  811): Updating screen state: onChanged=false, on= true, backlightChanged=true, backlight=91
D/DisplayPowerState(  811): Updating screen state: onChanged=false, on= true, backlightChanged=true, backlight=92
D/DisplayPowerController(  811): updateAmbientLux:  mLightSensorListener lux is 162.0
D/DisplayPowerController(  811): updateAmbientLux:  mLightSensorListener lux is 161.0
D/dalvikvm( 7603): GC_CONCURRENT freed 2041K, 36% free 7118K/11088K, paused 3ms+4ms, total 41ms
D/DisplayPowerController(  811): updateAmbientLux:  mLightSensorListener lux is 162.0
D/DisplayPowerController(  811): updateAmbientLux:  mLightSensorListener lux is 161.0
D/dalvikvm( 7603): GC_CONCURRENT freed 2060K, 37% free 7075K/11088K, paused 4ms+3ms, total 34ms
D/dalvikvm( 7603): GC_CONCURRENT freed 2069K, 36% free 7140K/11088K, paused 3ms+4ms, total 49ms
D/DisplayPowerController(  811): updateAmbientLux:  mLightSensorListener lux is 160.0
D/dalvikvm( 7603): GC_CONCURRENT freed 2085K, 36% free 7108K/11088K, paused 4ms+4ms, total 39ms
D/dalvikvm( 7603): GC_CONCURRENT freed 2075K, 36% free 7101K/11088K, paused 3ms+5ms, total 40ms
D/DisplayPowerController(  811): updateAmbientLux:  mLightSensorListener lux is 159.0
D/dalvikvm( 7603): GC_CONCURRENT freed 2055K, 36% free 7097K/11088K, paused 2ms+3ms, total 40ms
D/DisplayPowerController(  811): updateAmbientLux:  mLightSensorListener lux is 160.0
D/dalvikvm( 7603): GC_CONCURRENT freed 2042K, 37% free 7085K/11088K, paused 2ms+5ms, total 38ms
D/dalvikvm( 7603): GC_CONCURRENT freed 2033K, 37% free 7074K/11088K, paused 3ms+3ms, total 36ms
V/Robocol ( 7603): received command: CMD_RUN_OP_MODE(10199) Blue Near Auto Op Sigma 2016
V/Robocol ( 7603): sending CMD_RUN_OP_MODE_RESP(263), attempt: 0
V/Robocol ( 7603): received command: CMD_RUN_OP_MODE_RESP(263) Blue Near Auto Op Sigma 2016
D/DisplayPowerController(  811): updateAmbientLux:  mLightSensorListener lux is 161.0
D/DisplayPowerController(  811): updateAmbientLux:  mLightSensorListener lux is 160.0
D/dalvikvm( 7603): GC_CONCURRENT freed 2043K, 36% free 7119K/11088K, paused 4ms+3ms, total 39ms
D/DisplayPowerController(  811): updateAmbientLux:  mLightSensorListener lux is 162.0
D/dalvikvm( 7603): GC_CONCURRENT freed 2101K, 37% free 7069K/11088K, paused 4ms+2ms, total 36ms
D/DisplayPowerController(  811): updateAmbientLux:  mLightSensorListener lux is 145.0
D/DisplayPowerController(  811): updateAmbientLux:  mLightSensorListener lux is 118.0
D/DisplayPowerController(  811): updateAmbientLux:  mLightSensorListener lux is 89.0
D/dalvikvm( 7603): GC_CONCURRENT freed 1972K, 37% free 7085K/11088K, paused 3ms+4ms, total 44ms
D/DisplayPowerController(  811): updateAmbientLux:  mLightSensorListener lux is 66.0
D/DisplayPowerController(  811): updateAmbientLux:  mLightSensorListener lux is 49.0
D/DisplayPowerController(  811): updateAmbientLux:  mLightSensorListener lux is 67.0
D/dalvikvm( 7603): GC_CONCURRENT freed 1996K, 37% free 7091K/11088K, paused 4ms+4ms, total 54ms
D/DisplayPowerController(  811): updateAmbientLux:  mLightSensorListener lux is 161.0
D/DisplayPowerController(  811): updateAmbientLux:  mLightSensorListener lux is 259.0
D/DisplayPowerController(  811): updateAmbientLux:  mLightSensorListener lux is 325.0
D/dalvikvm( 7603): GC_CONCURRENT freed 2048K, 36% free 7131K/11088K, paused 4ms+5ms, total 44ms
D/DisplayPowerController(  811): updateAmbientLux:  mLightSensorListener lux is 358.0
D/DisplayPowerController(  811): updateAmbientLux:  mLightSensorListener lux is 387.0
D/DisplayPowerController(  811): updateAmbientLux:  mLightSensorListener lux is 371.0
D/dalvikvm( 7603): GC_CONCURRENT freed 2097K, 36% free 7113K/11088K, paused 3ms+4ms, total 38ms
D/DisplayPowerController(  811): updateAmbientLux:  mLightSensorListener lux is 342.0
D/DisplayPowerController(  811): updateAmbientLux:  mLightSensorListener lux is 226.0
D/DisplayPowerController(  811): updateAmbientLux:  mLightSensorListener lux is 102.0
D/DisplayPowerController(  811): updateAmbientLux:  mLightSensorListener lux is 22.0
D/DisplayPowerController(  811): updateAmbientLux:  mLightSensorListener lux is 9.0
D/dalvikvm( 7603): GC_CONCURRENT freed 2016K, 37% free 7069K/11088K, paused 3ms+4ms, total 42ms
I/System.out( 7603): -- wall approaching -- ultrasound level = 24.0
I/System.out( 7603): -- wall approaching -- ultrasound level = 24.0
I/System.out( 7603): -- wall approaching -- ultrasound level = 24.0
D/DisplayPowerController(  811): updateAmbientLux:  mLightSensorListener lux is 10.0
D/DisplayPowerController(  811): updateAmbientLux:  mLightSensorListener lux is 21.0
I/System.out( 7603): -- wall approaching -- ultrasound level = 17.0
I/System.out( 7603): -- wall approaching -- ultrasound level = 17.0
I/System.out( 7603): -- wall approaching -- ultrasound level = 17.0
I/System.out( 7603): -- wall approaching -- ultrasound level = 17.0
I/System.out( 7603): -- wall approaching -- ultrasound level = 17.0
I/System.out( 7603): -- wall approaching -- ultrasound level = 14.0
D/DisplayPowerController(  811): updateAmbientLux:  mLightSensorListener lux is 32.0
I/System.out( 7603): -- wall approaching -- ultrasound level = 14.0
I/System.out( 7603): -- wall approaching -- ultrasound level = 14.0
I/System.out( 7603): -- wall approaching -- ultrasound level = 14.0
D/dalvikvm( 7603): GC_CONCURRENT freed 2067K, 37% free 7075K/11088K, paused 4ms+5ms, total 38ms
I/System.out( 7603): -- wall approaching -- ultrasound level = 11.0
I/System.out( 7603): -- wall approaching -- ultrasound level = 11.0
I/System.out( 7603): -- wall approaching -- ultrasound level = 11.0
I/System.out( 7603): -- wall approaching -- ultrasound level = 11.0
I/System.out( 7603): -- wall approaching -- ultrasound level = 11.0
I/System.out( 7603): -- wall approaching -- ultrasound level = 11.0
I/System.out( 7603): Sigma2016 -- wall reached, ultrasound level=8.0
D/DisplayPowerController(  811): updateAmbientLux:  mLightSensorListener lux is 9.0
D/DisplayPowerController(  811): updateAmbientLux:  mLightSensorListener lux is 8.0
D/DisplayPowerController(  811): updateAmbientLux:  mLightSensorListener lux is 7.0
D/MRMotorController( 7603): mode resend: motor=[AL00VS9P,1] mode=STOP_AND_RESET_ENCODER
D/DisplayPowerController(  811): updateAmbientLux:  mLightSensorListener lux is 6.0
D/dalvikvm( 7603): GC_CONCURRENT freed 1974K, 37% free 7090K/11088K, paused 4ms+6ms, total 51ms
I/System.out( 7603): Sigma2016 -- center light sensor read is set to true
I/System.out( 7603): Sigma2016 -- Blue While did not run for 37ms
I/System.out( 7603): Sigma2016 -- Blue While did not run for 53ms
I/System.out( 7603): --BlueNear log-- ultrasoniclevel=8.0 error=1.0 angleOffset=1.0 distance=80.0
I/System.out( 7603): --BlueNear log-- error=1.0 leftspeed=0.4 rightSpeed=0.36000000000000004 curAngle=1.0 targetAngle=0.0
I/System.out( 7603): Ground Brightness:: 102 Light Level:: 100
I/System.out( 7603): --BlueNear log-- ultrasoniclevel=8.0 error=1.0 angleOffset=1.0 distance=80.0
I/System.out( 7603): --BlueNear log-- error=1.0 leftspeed=0.4 rightSpeed=0.36000000000000004 curAngle=1.0 targetAngle=0.0
I/System.out( 7603): Ground Brightness:: 102 Light Level:: 100
I/System.out( 7603): --BlueNear log-- ultrasoniclevel=8.0 error=1.0 angleOffset=1.0 distance=80.0
I/System.out( 7603): --BlueNear log-- error=1.0 leftspeed=0.4 rightSpeed=0.36000000000000004 curAngle=1.0 targetAngle=0.0
I/System.out( 7603): Ground Brightness:: 102 Light Level:: 100
I/System.out( 7603): Sigma2016 -- Blue While did not run for 33ms
D/DisplayPowerController(  811): updateAmbientLux:  mLightSensorListener lux is 7.0
I/System.out( 7603): --BlueNear log-- ultrasoniclevel=8.0 error=1.0 angleOffset=0.0 distance=80.0
