D/DisplayPowerController(  811): ZTE_PM mPowerRequest.screenState is 2
D/DisplayPowerController(  811): ZTE_PM_PROX disable ProxSensor while NO useProximitySensor 
D/DisplayPowerController(  811): ZTE_PM_PROX setProximitySensorEnabled enable = false
D/DisplayPowerController(  811): ZTE_PM  setLightSensorEnabled enable = true updateAutoBrightness = false
D/DisplayPowerState(  811): Updating screen state: onChanged=false, on= true, backlightChanged=true, backlight=23
D/ledlog_java_com(  811): Excessive delay setting light: 64ms
D/DisplayPowerState(  811): Updating screen state: onChanged=false, on= true, backlightChanged=true, backlight=24
V/UsbDeviceManager(  811): USB UEVENT: {USB_STATE=ONLINE, SUBSYSTEM=switch, DEVPATH=/devices/virtual/switch/usb_scsi_command, SEQNUM=5468, ACTION=change}
D/UsbDeviceManager(  811): usb updateState(ONLINE)
D/ledlog_java_com(  811): Excessive delay setting light: 66ms
D/DisplayPowerController(  811): updateAmbientLux:  mLightSensorListener lux is 8.0
D/DisplayPowerController(  811): updateAmbientLux:  mLightSensorListener lux is 10.0
D/DisplayPowerController(  811): updateAmbientLux:  mLightSensorListener lux is 9.0
D/DisplayPowerController(  811): updateAmbientLux:  mLightSensorListener lux is 8.0
D/DisplayPowerController(  811): updateAmbientLux:  mLightSensorListener lux is 11.0
D/DisplayPowerController(  811): updateAmbientLux:  mLightSensorListener lux is 14.0
D/DisplayPowerController(  811): updateAmbientLux:  mLightSensorListener lux is 21.0
D/DisplayPowerController(  811): updateAmbientLux:  mLightSensorListener lux is 30.0
D/DisplayPowerController(  811): updateAmbientLux:  mLightSensorListener lux is 23.0
D/DisplayPowerController(  811): updateAmbientLux:  mLightSensorListener lux is 26.0
D/DisplayPowerController(  811): updateAmbientLux:  mLightSensorListener lux is 30.0
D/DisplayPowerController(  811): updateAmbientLux:  mLightSensorListener lux is 15.0
D/PowerManagerService_DumpWakeLock(  811): Dump interval is: 21 s
D/PowerManagerService_DumpWakeLock(  811):  Current State is: Awake
D/PowerManagerService_DumpWakeLock(  811): Screen off timeout: 300000 ms
D/PowerManagerService_DumpWakeLock(  811): Screen dim duration: 7000 ms
D/PowerManagerService_DumpWakeLock(  811): Suspend Blockers: size=5
D/PowerManagerService_DumpWakeLock(  811):   PowerManagerService.WakeLocks: ref count=0
D/PowerManagerService_DumpWakeLock(  811):   PowerManagerService.Display: ref count=1
D/PowerManagerService_DumpWakeLock(  811):   PowerManagerService.Proximity: ref count=0
D/PowerManagerService_DumpWakeLock(  811):   PowerManagerService.Broadcasts: ref count=0
D/PowerManagerService_DumpWakeLock(  811):   PowerManagerService.WirelessChargerDetector: ref count=0
D/PowerManagerService_DumpWakeLock(  811): Screen On Blocker: held=false, mNestCount=0
D/PowerManagerService_DumpWakeLock(  811): Display Blanker: blanked=false
D/DisplayPowerController(  811): ZTE_PM updateAutoBrightness: useAutoBrightness = true  mAmbientLuxValid = true  mAmbientLux = 19.739342
D/DisplayPowerController(  811): updateAutoBrightness: value=0.15323998 *255 = 39.076195
D/DisplayPowerController(  811): ZTE_PM mPowerRequest.screenState is 2
D/DisplayPowerController(  811): ZTE_PM_PROX disable ProxSensor while NO useProximitySensor 
D/DisplayPowerController(  811): ZTE_PM_PROX setProximitySensorEnabled enable = false
D/DisplayPowerController(  811): ZTE_PM  setLightSensorEnabled enable = true updateAutoBrightness = false
D/DisplayPowerState(  811): Updating screen state: onChanged=false, on= true, backlightChanged=true, backlight=25
D/ledlog_java_com(  811): Excessive delay setting light: 66ms
D/DisplayPowerState(  811): Updating screen state: onChanged=false, on= true, backlightChanged=true, backlight=35
D/ledlog_java_com(  811): Excessive delay setting light: 66ms
D/DisplayPowerState(  811): Updating screen state: onChanged=false, on= true, backlightChanged=true, backlight=39
D/ledlog_java_com(  811): Excessive delay setting light: 66ms
D/DisplayPowerController(  811): updateAmbientLux:  mLightSensorListener lux is 14.0
D/BatteryService(  811): ZTE Sending ACTION_BATTERY_CHANGED.  level:79, scale:100, status:2, health:2, present:true, voltage: 4147, temperature: 280, technology: Li-ion, AC powered:false, USB powered:true, Wireless powered:false, icon:17302966, invalid charger:0
E/Vold    (  244): wangzy usb Switch state: CONNECTED
V/UsbDeviceManager(  811): USB UEVENT: {USB_STATE=CONNECTED, SUBSYSTEM=android_usb, DEVPATH=/devices/virtual/android_usb/android0, SEQNUM=5470, ACTION=change}
D/UsbDeviceManager(  811): usb updateState(CONNECTED)
E/Vold    (  244): wangzy usb Switch state: DISCONNECTED
D/UsbDeviceManager(  811): broadcasting Intent { act=android.hardware.usb.action.USB_STATE flg=0x20000000 (has extras) } connected: true configured: false
D/UsbDeviceManager(  811): AlwaysAsk=1 mMenuPopUpEnabletrue
D/UsbDeviceManager(  811): updateUsbNotification();   1
E/UsbDeviceManager(  811): ++++++++++++++++mConnectedtrue
E/UsbDeviceManager(  811): ++++++++++++++++mUseUsbNotificationtrue
E/UsbDeviceManager(  811): ++++++++++++++++mUsbNotificationId0
E/UsbDeviceManager(  811): ++++++++++++++++id17040934
D/UsbDeviceManager(  811): com.android.settings.ConnectSettings
V/UsbDeviceManager(  811): USB UEVENT: {USB_STATE=DISCONNECTED, SUBSYSTEM=android_usb, DEVPATH=/devices/virtual/android_usb/android0, SEQNUM=5472, ACTION=change}
D/UsbDeviceManager(  811): usb updateState(DISCONNECTED)
D/WifiApPowerMode(  811): ACTION_BATTERY_CHANGED received. pluggedType=2 mUSBConnected=true
D/WifiController(  811): battery changed pluggedType: 2
D/PowerManagerService(  811): sendPendingNotificationsLocked mSendGoToSleepFinishedNotificationWhenReady = false
I/EntropyMixer(  811): Writing entropy...
E/NetworkScheduler.SR( 1284): Invalid parameter app
D/PowerManagerService(  811): sendPendingNotificationsLocked mSendGoToSleepFinishedNotificationWhenReady = false
D/PowerManagerService(  811): sendPendingNotificationsLocked mSendGoToSleepFinishedNotificationWhenReady = false
I/ProcessStatsService(  811): Prepared write state in 7ms
D/PowerManagerService(  811): sendPendingNotificationsLocked mSendGoToSleepFinishedNotificationWhenReady = false
E/NetworkScheduler.SR( 1284): Invalid package name : Perhaps you didn't include a PendingIntent in the extras?
D/PowerManagerService(  811): sendPendingNotificationsLocked mSendGoToSleepFinishedNotificationWhenReady = false
D/Ulp_jni (  811): JNI:system_update. Event-2
D/LBSSystemMonitorService(  811): handleMessage what - 14
D/DeviceContext(  811): handleMessage what - 1
I/iu.Environment( 2056): update battery state; isPlugged? true*
D/Ulp_jni (  811): Location CB invoked
D/dalvikvm(  978): GC_CONCURRENT freed 2353K, 38% free 11549K/18620K, paused 18ms+4ms, total 39ms
D/dalvikvm(  978): WAIT_FOR_CONCURRENT_GC blocked 21ms
I/iu.UploadsManager( 2056): num queued entries: 0
I/iu.UploadsManager( 2056): num updated entries: 0
I/iu.SyncManager( 2056): NEXT; no task
D/PowerManagerService(  811): sendPendingNotificationsLocked mSendGoToSleepFinishedNotificationWhenReady = false
I/ProcessStatsService(  811): Pruning old procstats: /data/system/procstats/state-2017-01-14-14-08-22.bin
E/Vold    (  244): wangzy usb Switch state: CONNECTED
V/UsbDeviceManager(  811): USB UEVENT: {USB_STATE=CONNECTED, SUBSYSTEM=android_usb, DEVPATH=/devices/virtual/android_usb/android0, SEQNUM=5476, ACTION=change}
D/UsbDeviceManager(  811): usb updateState(CONNECTED)
D/PowerManagerService(  811): sendPendingNotificationsLocked mSendGoToSleepFinishedNotificationWhenReady = false
D/UsbDeviceManager(  811): broadcasting Intent { act=android.hardware.usb.action.USB_STATE flg=0x20000000 (has extras) } connected: true configured: false
D/PowerManagerService(  811): sendPendingNotificationsLocked mSendGoToSleepFinishedNotificationWhenReady = false
D/PowerManagerService(  811): sendPendingNotificationsLocked mSendGoToSleepFinishedNotificationWhenReady = false
D/PowerManagerService(  811): sendPendingNotificationsLocked mSendGoToSleepFinishedNotificationWhenReady = false
D/UsbDeviceManager(  811): AlwaysAsk=1 mMenuPopUpEnabletrue
D/UsbDeviceManager(  811): updateUsbNotification();   1
E/UsbDeviceManager(  811): ++++++++++++++++mConnectedtrue
E/UsbDeviceManager(  811): ++++++++++++++++mUseUsbNotificationtrue
E/UsbDeviceManager(  811): ++++++++++++++++mUsbNotificationId17040934
E/UsbDeviceManager(  811): ++++++++++++++++id17040934
D/PowerManagerService(  811): sendPendingNotificationsLocked mSendGoToSleepFinishedNotificationWhenReady = false
D/PowerManagerService(  811): sendPendingNotificationsLocked mSendGoToSleepFinishedNotificationWhenReady = false
D/PowerManagerService(  811): sendPendingNotificationsLocked mSendGoToSleepFinishedNotificationWhenReady = false
D/PowerManagerService(  811): sendPendingNotificationsLocked mSendGoToSleepFinishedNotificationWhenReady = false
I/iu.FingerprintManager( 2056): Start processing all media
W/ContentTaskController( 1284): Invalid task was provided to stopTracking.
D/LockScreen_KeyguardUpdateMonitor(  978): received broadcast android.intent.action.BATTERY_CHANGED
D/LockScreen_DMLockCodeController(  978): canAcceptIntent - can: false
D/LockScreen_CMASAlertController(  978): canAcceptIntent - can: false
I/iu.FingerprintManager( 2056): Start processing media store URI: content://media/external/images/media
D/PowerManagerService(  811): sendPendingNotificationsLocked mSendGoToSleepFinishedNotificationWhenReady = false
D/PowerManagerService(  811): sendPendingNotificationsLocked mSendGoToSleepFinishedNotificationWhenReady = false
D/PowerManagerService(  811): sendPendingNotificationsLocked mSendGoToSleepFinishedNotificationWhenReady = false
D/PowerManagerService(  811): sendPendingNotificationsLocked mSendGoToSleepFinishedNotificationWhenReady = false
D/PowerManagerService(  811): sendPendingNotificationsLocked mSendGoToSleepFinishedNotificationWhenReady = false
D/PowerManagerService(  811): sendPendingNotificationsLocked mSendGoToSleepFinishedNotificationWhenReady = false
D/PowerManagerService(  811): sendPendingNotificationsLocked mSendGoToSleepFinishedNotificationWhenReady = false
D/PowerManagerService(  811): sendPendingNotificationsLocked mSendGoToSleepFinishedNotificationWhenReady = false
D/PowerManagerService(  811): sendPendingNotificationsLocked mSendGoToSleepFinishedNotificationWhenReady = false
D/PowerManagerService(  811): sendPendingNotificationsLocked mSendGoToSleepFinishedNotificationWhenReady = false
D/PowerUI (  978): playing charger insert/remove sound. enabledtrue
D/PowerManagerService(  811): sendPendingNotificationsLocked mSendGoToSleepFinishedNotificationWhenReady = false
E/RingtoneManager(  978): lgn getRingtone ringtoneUri: ,streamType: -1
E/MediaPlayer-JNI(  978): QCMediaPlayer mediaplayer NOT present
E/MediaPlayer(  978): Uri is  /system/media/audio/ui/ChargerInsert.ogg
D/Sonivox (  268): file[-1199092000]: EAS_HWOpenFile ---->. mDrmManagerClient[0], mDrmBufOffset[0], mDrmBufSize[0], mDrmBuf[0]
D/Sonivox (  268): wangchong: path is NULL
D/PRDrmPlugIn(  266): PRDrmPlugin::onInitialize, uniqueId = 6202
D/PRDrmPlugIn(  266): PRDrmPlugin::onSetOnInfoListener: starts! uniqueId = 6202
D/PRDrmPlugIn(  266): PRDrmPlugin::onSetOnInfoListener: ends!
D/Sonivox (  268): [qwu ]FileSource::canHandle()begin 
D/Sonivox (  268): [qwu ]FileSource::canHandle()end 
D/Sonivox (  268): [qwu ]FileSource::canHandle() OK 
D/Sonivox (  268): [qwu ]FileSource::canHandle() failed 
D/PRDrmPlugIn(  266): PRDrmPlugin::onTerminate, uniqueId = 6202
D/Sonivox (  268): file[-1199092000]: EAS_HWOpenFile <----. mDrmManagerClient[0], mDrmBufOffset[0], mDrmBufSize[0], mDrmBuf[0]
D/Sonivox (  268): file[-1199092000]: EAS_HWCloseFile ---->. mDrmManagerClient[0], mDrmBufOffset[0], mDrmBufSize[0], mDrmBuf[0]
D/Sonivox (  268): file[-1199092000]: EAS_HWCloseFile <----. mDrmManagerClient[0], mDrmBufOffset[0], mDrmBufSize[0], mDrmBuf[0]
I/ExtendedUtils(  268): AV Sync late margin : Intended=40ms Using=0ms
D/Utils   (  268): printFileName fd(26) -> /system/media/audio/ui/ChargerInsert.ogg
D/PowerManagerService(  811): sendPendingNotificationsLocked mSendGoToSleepFinishedNotificationWhenReady = false
D/PowerManagerService(  811): sendPendingNotificationsLocked mSendGoToSleepFinishedNotificationWhenReady = false
D/PowerManagerService(  811): sendPendingNotificationsLocked mSendGoToSleepFinishedNotificationWhenReady = false
D/PowerManagerService(  811): sendPendingNotificationsLocked mSendGoToSleepFinishedNotificationWhenReady = false
D/PowerManagerService(  811): sendPendingNotificationsLocked mSendGoToSleepFinishedNotificationWhenReady = false
D/PowerManagerService(  811): sendPendingNotificationsLocked mSendGoToSleepFinishedNotificationWhenReady = false
D/PowerManagerService(  811): sendPendingNotificationsLocked mSendGoToSleepFinishedNotificationWhenReady = false
I/iu.FingerprintManager( 2056): Start processing media store URI: content://media/external/video/media
D/PRDrmPlugIn(  266): PRDrmPlugin::onInitialize, uniqueId = 5383
D/PRDrmPlugIn(  266): PRDrmPlugin::onSetOnInfoListener: starts! uniqueId = 5383
D/PRDrmPlugIn(  266): PRDrmPlugin::onSetOnInfoListener: ends!
D/PRDrmPlugIn(  266): PRDrmPlugin::onTerminate, uniqueId = 5383
D/ExtendedUtils(  268): extended extractor not needed, return default
D/AudioPolicyManager(  268): copl: isOffloadSupported: SR=44100, CM=0x3, Format=0x7000000, StreamType=2, BitRate=4294967295, duration=605555 us, has_video=0
D/AudioPolicyManager(  268): copl: isOffloadSupported: stream_type != MUSIC, returning false
D/OMXCodec(  268): Successfully allocated OMX node 'OMX.google.vorbis.decoder'
I/AwesomePlayer(  268): Could not offload audio decode, try pcm offload
D/AudioPolicyManager(  268): copl: isOffloadSupported: SR=44100, CM=0x1, Format=0x17000001, StreamType=2, BitRate=4294967295, duration=605555 us, has_video=0
D/AudioPolicyManager(  268): copl: isOffloadSupported: stream_type != MUSIC, returning false
I/iu.FingerprintManager( 2056): Start processing media store URI: content://media/phoneStorage/images/media
D/Ringtone(  978): Successfully created local player
E/Vold    (  244): wangzy usb Switch state: CONFIGURED
V/UsbDeviceManager(  811): USB UEVENT: {USB_STATE=CONFIGURED, SUBSYSTEM=android_usb, DEVPATH=/devices/virtual/android_usb/android0, SEQNUM=5478, ACTION=change}
D/UsbDeviceManager(  811): usb updateState(CONFIGURED)
D/UsbDeviceManager(  811): broadcasting Intent { act=android.hardware.usb.action.USB_STATE flg=0x20000000 (has extras) } connected: true configured: true
D/UsbDeviceManager(  811): AlwaysAsk=1 mMenuPopUpEnabletrue
D/UsbDeviceManager(  811): updateUsbNotification();   1
E/UsbDeviceManager(  811): ++++++++++++++++mConnectedtrue
E/UsbDeviceManager(  811): ++++++++++++++++mUseUsbNotificationtrue
E/UsbDeviceManager(  811): ++++++++++++++++mUsbNotificationId17040934
E/UsbDeviceManager(  811): ++++++++++++++++id17040934
I/iu.FingerprintManager( 2056): Start processing media store URI: content://media/phoneStorage/video/media
E/MediaPlayer-JNI(  978): QCMediaPlayer mediaplayer NOT present
E/MediaPlayer(  978): Uri is  /system/media/audio/ui/ChargerInsert.ogg
D/Sonivox (  268): file[-1199092000]: EAS_HWOpenFile ---->. mDrmManagerClient[0], mDrmBufOffset[0], mDrmBufSize[0], mDrmBuf[0]
D/Sonivox (  268): wangchong: path is NULL
D/PRDrmPlugIn(  266): PRDrmPlugin::onInitialize, uniqueId = 4675
D/PRDrmPlugIn(  266): PRDrmPlugin::onSetOnInfoListener: starts! uniqueId = 4675
D/PRDrmPlugIn(  266): PRDrmPlugin::onSetOnInfoListener: ends!
D/Sonivox (  268): [qwu ]FileSource::canHandle()begin 
D/Sonivox (  268): [qwu ]FileSource::canHandle()end 
D/Sonivox (  268): [qwu ]FileSource::canHandle() OK 
D/Sonivox (  268): [qwu ]FileSource::canHandle() failed 
D/PRDrmPlugIn(  266): PRDrmPlugin::onTerminate, uniqueId = 4675
D/Sonivox (  268): file[-1199092000]: EAS_HWOpenFile <----. mDrmManagerClient[0], mDrmBufOffset[0], mDrmBufSize[0], mDrmBuf[0]
D/Sonivox (  268): file[-1199092000]: EAS_HWCloseFile ---->. mDrmManagerClient[0], mDrmBufOffset[0], mDrmBufSize[0], mDrmBuf[0]
D/Sonivox (  268): file[-1199092000]: EAS_HWCloseFile <----. mDrmManagerClient[0], mDrmBufOffset[0], mDrmBufSize[0], mDrmBuf[0]
I/ExtendedUtils(  268): AV Sync late margin : Intended=40ms Using=0ms
D/Utils   (  268): printFileName fd(26) -> /system/media/audio/ui/ChargerInsert.ogg
D/PRDrmPlugIn(  266): PRDrmPlugin::onInitialize, uniqueId = 7053
D/PRDrmPlugIn(  266): PRDrmPlugin::onSetOnInfoListener: starts! uniqueId = 7053
D/PRDrmPlugIn(  266): PRDrmPlugin::onSetOnInfoListener: ends!
D/PRDrmPlugIn(  266): PRDrmPlugin::onTerminate, uniqueId = 7053
W/ctxmgr  ( 1112): [ContextSpecificAclFactory]LocationConsent failed, ULR opt-in status is: false, account#-395797278#
W/ctxmgr  ( 1112): [AclManager]No 2 for (accnt=account#-395797278#, com.google.android.gms(10012):UserLocationProducer, vrsn=10084000, 0, 3pPkg = null ,  3pMdlId = null). Was: 2 for 1, account#-395797278#
D/ExtendedUtils(  268): extended extractor not needed, return default
I/iu.FingerprintManager( 2056): Finished generating fingerprints; 0.045 seconds
I/iu.FingerprintManager( 2056):   numSeen=2 numGenerated=0 numDeleted=0 numFailed=0
D/PowerManagerService(  811): sendPendingNotificationsLocked mSendGoToSleepFinishedNotificationWhenReady = false
D/AudioPolicyManager(  268): copl: isOffloadSupported: SR=44100, CM=0x3, Format=0x7000000, StreamType=5, BitRate=4294967295, duration=605555 us, has_video=0
D/AudioPolicyManager(  268): copl: isOffloadSupported: stream_type != MUSIC, returning false
D/OMXCodec(  268): Successfully allocated OMX node 'OMX.google.vorbis.decoder'
I/AwesomePlayer(  268): Could not offload audio decode, try pcm offload
D/AudioPolicyManager(  268): copl: isOffloadSupported: SR=44100, CM=0x1, Format=0x17000001, StreamType=5, BitRate=4294967295, duration=605555 us, has_video=0
D/AudioPolicyManager(  268): copl: isOffloadSupported: stream_type != MUSIC, returning false
D/Ringtone(  978): Successfully created local player
D/PowerManagerService(  811): sendPendingNotificationsLocked mSendGoToSleepFinishedNotificationWhenReady = false
D/PowerManagerService(  811): sendPendingNotificationsLocked mSendGoToSleepFinishedNotificationWhenReady = false
D/PowerManagerService(  811): sendPendingNotificationsLocked mSendGoToSleepFinishedNotificationWhenReady = false
E/AUD_MediaButtonIntentReceiver( 3635): receive action: android.hardware.usb.action.USB_STATE
E/AUD_MediaButtonIntentReceiver( 3635): usbState.equals(intentAction)
D/PowerUI (  978): paly enable=true
D/LockScreen_KeyguardUpdateMonitor(  978): handleBatteryUpdate
E/MediaPlayer(  978): Should have subtitle controller already set
D/PowerManagerService(  811): sendPendingNotificationsLocked mSendGoToSleepFinishedNotificationWhenReady = false
D/PowerManagerService(  811): sendPendingNotificationsLocked mSendGoToSleepFinishedNotificationWhenReady = false
W/ContentTaskController( 1284): Invalid task was provided to stopTracking.
D/PowerManagerService(  811): sendPendingNotificationsLocked mSendGoToSleepFinishedNotificationWhenReady = false
D/PowerManagerService(  811): sendPendingNotificationsLocked mSendGoToSleepFinishedNotificationWhenReady = false
D/PowerManagerService(  811): sendPendingNotificationsLocked mSendGoToSleepFinishedNotificationWhenReady = false
I/VacuumService( 1112): Vacuum at: now=1484892252193 tag=VacuumService
W/ContentTaskController( 1284): Invalid newTask was provided to startTracking.
I/Icing   ( 2056): Query from com.google.android.gms package restrict com.google.android.gms start 0 num 100
D/PowerManagerService(  811): sendPendingNotificationsLocked mSendGoToSleepFinishedNotificationWhenReady = false
D/PowerManagerService(  811): sendPendingNotificationsLocked mSendGoToSleepFinishedNotificationWhenReady = false
I/Icing   ( 2056): Performing maintenance.
D/PowerManagerService(  811): sendPendingNotificationsLocked mSendGoToSleepFinishedNotificationWhenReady = false
D/PowerManagerService(  811): sendPendingNotificationsLocked mSendGoToSleepFinishedNotificationWhenReady = false
D/PowerManagerService(  811): sendPendingNotificationsLocked mSendGoToSleepFinishedNotificationWhenReady = false
D/dalvikvm( 2056): GC_EXPLICIT freed 1253K, 39% free 6876K/11092K, paused 8ms+8ms, total 69ms
W/SQLiteConnectionPool( 2056): A SQLiteConnection object for database '/data/data/com.google.android.gms/databases/metrics.db' was leaked!  Please fix your application to end transactions in progress properly and to close the database when it is no longer needed.
W/SQLiteConnectionPool( 2056): A SQLiteConnection object for database '/data/data/com.google.android.gms/databases/help_responses.db' was leaked!  Please fix your application to end transactions in progress properly and to close the database when it is no longer needed.
W/SQLiteConnectionPool( 2056): A SQLiteConnection object for database '/data/data/com.google.android.gms/databases/auto_complete_suggestions.db' was leaked!  Please fix your application to end transactions in progress properly and to close the database when it is no longer needed.
D/PowerManagerService(  811): sendPendingNotificationsLocked mSendGoToSleepFinishedNotificationWhenReady = false
W/IcingInternalCorpora( 2056): getNumBytesRead when not calculated.
E/Auth    ( 1284): [GoogleAccountDataServiceImpl] getToken() -> NETWORK_ERROR. Account: <ELLIDED:2086200980>, App: com.google.android.gms, Service: oauth2:https://www.googleapis.com/auth/webhistory
W/Icing   ( 2056): Failed to get auth token for account:<redacted>, error:NetworkError
E/Auth    ( 1284): [GoogleAccountDataServiceImpl] getToken() -> NETWORK_ERROR. Account: <ELLIDED:2086200980>, App: com.google.android.gms, Service: oauth2:https://www.googleapis.com/auth/webhistory
W/Icing   ( 2056): Failed to get auth token for account:<redacted>, error:NetworkError
I/Icing   ( 2056): updateResources: need to parse pww{com.google.android.gms}
W/ContentTaskController( 1284): Invalid newTask was provided to startTracking.
D/PowerManagerService(  811): sendPendingNotificationsLocked mSendGoToSleepFinishedNotificationWhenReady = false
D/PowerManagerService(  811): sendPendingNotificationsLocked mSendGoToSleepFinishedNotificationWhenReady = false
D/PowerManagerService(  811): sendPendingNotificationsLocked mSendGoToSleepFinishedNotificationWhenReady = false
D/PowerManagerService(  811): sendPendingNotificationsLocked mSendGoToSleepFinishedNotificationWhenReady = false
D/PowerManagerService(  811): sendPendingNotificationsLocked mSendGoToSleepFinishedNotificationWhenReady = false
D/PowerManagerService(  811): sendPendingNotificationsLocked mSendGoToSleepFinishedNotificationWhenReady = false
D/PowerManagerService(  811): sendPendingNotificationsLocked mSendGoToSleepFinishedNotificationWhenReady = false
I/Icing   ( 2056): Performing maintenance usage 40994537 budget 950784884 free 95.688% index free 82.081% purge? false target 160140721
I/Icing   ( 2056): Flash index sort hb 211 prefix-hits 1266 -> 1266 at 4.602ms
I/dalvikvm( 2056): Total arena pages for JIT: 15
I/dalvikvm( 2056): Jit: resizing JitTable from 4096 to 8192
I/Icing   ( 2056): Usage reports 0 indexed 0 rejected 0 imm upload false
I/Icing   ( 2056): Usage reports 0 indexed 0 rejected 0 imm upload false
D/PowerManagerService(  811): sendPendingNotificationsLocked mSendGoToSleepFinishedNotificationWhenReady = false
D/DisplayPowerController(  811): updateAmbientLux:  mLightSensorListener lux is 15.0
D/DisplayPowerController(  811): updateAmbientLux:  mLightSensorListener lux is 16.0
D/DisplayPowerController(  811): updateAmbientLux:  mLightSensorListener lux is 15.0
D/DisplayPowerController(  811): updateAmbientLux:  mLightSensorListener lux is 16.0
D/DisplayPowerController(  811): updateAmbientLux:  mLightSensorListener lux is 15.0
D/DisplayPowerController(  811): updateAmbientLux:  mLightSensorListener lux is 16.0
D/DisplayPowerController(  811): updateAmbientLux:  mLightSensorListener lux is 15.0
D/DisplayPowerController(  811): updateAmbientLux:  mLightSensorListener lux is 16.0
D/DisplayPowerController(  811): ZTE_PM updateAutoBrightness: useAutoBrightness = true  mAmbientLuxValid = true  mAmbientLux = 15.435386
D/DisplayPowerController(  811): updateAutoBrightness: value=0.13078731 *255 = 33.350765
D/DisplayPowerController(  811): ZTE_PM mPowerRequest.screenState is 2
D/DisplayPowerController(  811): ZTE_PM_PROX disable ProxSensor while NO useProximitySensor 
D/DisplayPowerController(  811): ZTE_PM_PROX setProximitySensorEnabled enable = false
D/DisplayPowerController(  811): ZTE_PM  setLightSensorEnabled enable = true updateAutoBrightness = false
D/DisplayPowerState(  811): Updating screen state: onChanged=false, on= true, backlightChanged=true, backlight=37
D/DisplayPowerState(  811): Updating screen state: onChanged=false, on= true, backlightChanged=true, backlight=33
D/DisplayPowerController(  811): updateAmbientLux:  mLightSensorListener lux is 15.0
D/DisplayPowerController(  811): updateAmbientLux:  mLightSensorListener lux is 16.0
D/DisplayPowerController(  811): updateAmbientLux:  mLightSensorListener lux is 15.0
D/DisplayPowerController(  811): updateAmbientLux:  mLightSensorListener lux is 16.0
D/DisplayPowerController(  811): updateAmbientLux:  mLightSensorListener lux is 15.0
D/DisplayPowerController(  811): updateAmbientLux:  mLightSensorListener lux is 16.0
D/Ulp_jni (  811): Location CB invoked
D/PowerManagerService(  811): sendPendingNotificationsLocked mSendGoToSleepFinishedNotificationWhenReady = false
D/PowerManagerService(  811): sendPendingNotificationsLocked mSendGoToSleepFinishedNotificationWhenReady = false
D/PowerManagerService(  811): sendPendingNotificationsLocked mSendGoToSleepFinishedNotificationWhenReady = false
D/PowerManagerService(  811): sendPendingNotificationsLocked mSendGoToSleepFinishedNotificationWhenReady = false
D/PowerManagerService(  811): sendPendingNotificationsLocked mSendGoToSleepFinishedNotificationWhenReady = false
D/PowerManagerService(  811): sendPendingNotificationsLocked mSendGoToSleepFinishedNotificationWhenReady = false
D/PowerManagerService(  811): sendPendingNotificationsLocked mSendGoToSleepFinishedNotificationWhenReady = false
D/PowerManagerService(  811): sendPendingNotificationsLocked mSendGoToSleepFinishedNotificationWhenReady = false
D/PowerManagerService(  811): sendPendingNotificationsLocked mSendGoToSleepFinishedNotificationWhenReady = false
D/PowerManagerService(  811): sendPendingNotificationsLocked mSendGoToSleepFinishedNotificationWhenReady = false
D/PowerManagerService(  811): sendPendingNotificationsLocked mSendGoToSleepFinishedNotificationWhenReady = false
D/PowerManagerService(  811): sendPendingNotificationsLocked mSendGoToSleepFinishedNotificationWhenReady = false
D/PowerManagerService(  811): sendPendingNotificationsLocked mSendGoToSleepFinishedNotificationWhenReady = false
D/PowerManagerService(  811): sendPendingNotificationsLocked mSendGoToSleepFinishedNotificationWhenReady = false
D/PowerManagerService(  811): sendPendingNotificationsLocked mSendGoToSleepFinishedNotificationWhenReady = false
D/PowerManagerService(  811): sendPendingNotificationsLocked mSendGoToSleepFinishedNotificationWhenReady = false
D/PowerManagerService(  811): sendPendingNotificationsLocked mSendGoToSleepFinishedNotificationWhenReady = false
D/PowerManagerService(  811): sendPendingNotificationsLocked mSendGoToSleepFinishedNotificationWhenReady = false
D/PowerManagerService(  811): sendPendingNotificationsLocked mSendGoToSleepFinishedNotificationWhenReady = false
D/PowerManagerService(  811): sendPendingNotificationsLocked mSendGoToSleepFinishedNotificationWhenReady = false
D/PowerManagerService(  811): sendPendingNotificationsLocked mSendGoToSleepFinishedNotificationWhenReady = false
D/PowerManagerService(  811): sendPendingNotificationsLocked mSendGoToSleepFinishedNotificationWhenReady = false
D/PowerManagerService(  811): sendPendingNotificationsLocked mSendGoToSleepFinishedNotificationWhenReady = false
W/ctxmgr  ( 1112): [ContextSpecificAclFactory]LocationConsent failed, ULR opt-in status is: false, account#-395797278#
W/ctxmgr  ( 1112): [AclManager]No 2 for (accnt=account#-395797278#, com.google.android.gms(10012):UserLocationProducer, vrsn=10084000, 0, 3pPkg = null ,  3pMdlId = null). Was: 2 for 1, account#-395797278#
D/PowerManagerService(  811): sendPendingNotificationsLocked mSendGoToSleepFinishedNotificationWhenReady = false
D/DisplayPowerController(  811): updateAmbientLux:  mLightSensorListener lux is 15.0
D/DisplayPowerController(  811): updateAmbientLux:  mLightSensorListener lux is 16.0
D/DisplayPowerController(  811): updateAmbientLux:  mLightSensorListener lux is 15.0
D/DisplayPowerController(  811): updateAmbientLux:  mLightSensorListener lux is 16.0
D/DisplayPowerController(  811): updateAmbientLux:  mLightSensorListener lux is 15.0
D/DisplayPowerController(  811): updateAmbientLux:  mLightSensorListener lux is 16.0
D/DisplayPowerController(  811): updateAmbientLux:  mLightSensorListener lux is 15.0
D/DisplayPowerController(  811): updateAmbientLux:  mLightSensorListener lux is 16.0
D/DisplayPowerController(  811): updateAmbientLux:  mLightSensorListener lux is 15.0
D/DisplayPowerController(  811): updateAmbientLux:  mLightSensorListener lux is 16.0
D/DisplayPowerController(  811): updateAmbientLux:  mLightSensorListener lux is 15.0
D/DisplayPowerController(  811): updateAmbientLux:  mLightSensorListener lux is 16.0
D/DisplayPowerController(  811): updateAmbientLux:  mLightSensorListener lux is 15.0
I/PlayCommon( 1461): [86] com.google.android.play.a.g.e(900): Preparing logs for uploading
I/PlayCommon( 1461): [86] com.google.android.play.a.g.a(1040): Connecting to server: https://play.googleapis.com/play/log?format=raw&proto_v2=true
E/PlayCommon( 1461): [86] com.google.android.play.a.g.a(1051): Failed to connect to server: java.net.UnknownHostException: Unable to resolve host "play.googleapis.com": No address associated with hostname
W/SocketClient(  254): write error (Broken pipe)
D/DisplayPowerController(  811): updateAmbientLux:  mLightSensorListener lux is 16.0
D/DisplayPowerController(  811): updateAmbientLux:  mLightSensorListener lux is 15.0
D/DisplayPowerController(  811): updateAmbientLux:  mLightSensorListener lux is 16.0
D/DisplayPowerController(  811): updateAmbientLux:  mLightSensorListener lux is 15.0
D/DisplayPowerController(  811): updateAmbientLux:  mLightSensorListener lux is 16.0
D/DisplayPowerController(  811): updateAmbientLux:  mLightSensorListener lux is 15.0
D/Ulp_jni (  811): Location CB invoked
D/PowerManagerService(  811): sendPendingNotificationsLocked mSendGoToSleepFinishedNotificationWhenReady = false
D/PowerManagerService(  811): sendPendingNotificationsLocked mSendGoToSleepFinishedNotificationWhenReady = false
D/PowerManagerService(  811): sendPendingNotificationsLocked mSendGoToSleepFinishedNotificationWhenReady = false
D/PowerManagerService(  811): sendPendingNotificationsLocked mSendGoToSleepFinishedNotificationWhenReady = false
D/PowerManagerService(  811): sendPendingNotificationsLocked mSendGoToSleepFinishedNotificationWhenReady = false
D/PowerManagerService(  811): sendPendingNotificationsLocked mSendGoToSleepFinishedNotificationWhenReady = false
D/PowerManagerService(  811): sendPendingNotificationsLocked mSendGoToSleepFinishedNotificationWhenReady = false
D/PowerManagerService(  811): sendPendingNotificationsLocked mSendGoToSleepFinishedNotificationWhenReady = false
D/PowerManagerService(  811): sendPendingNotificationsLocked mSendGoToSleepFinishedNotificationWhenReady = false
D/PowerManagerService(  811): sendPendingNotificationsLocked mSendGoToSleepFinishedNotificationWhenReady = false
D/PowerManagerService(  811): sendPendingNotificationsLocked mSendGoToSleepFinishedNotificationWhenReady = false
D/PowerManagerService(  811): sendPendingNotificationsLocked mSendGoToSleepFinishedNotificationWhenReady = false
D/PowerManagerService(  811): sendPendingNotificationsLocked mSendGoToSleepFinishedNotificationWhenReady = false
D/PowerManagerService(  811): sendPendingNotificationsLocked mSendGoToSleepFinishedNotificationWhenReady = false
D/PowerManagerService(  811): sendPendingNotificationsLocked mSendGoToSleepFinishedNotificationWhenReady = false
D/PowerManagerService(  811): sendPendingNotificationsLocked mSendGoToSleepFinishedNotificationWhenReady = false
D/PowerManagerService(  811): sendPendingNotificationsLocked mSendGoToSleepFinishedNotificationWhenReady = false
D/PowerManagerService(  811): sendPendingNotificationsLocked mSendGoToSleepFinishedNotificationWhenReady = false
D/PowerManagerService(  811): sendPendingNotificationsLocked mSendGoToSleepFinishedNotificationWhenReady = false
D/PowerManagerService(  811): sendPendingNotificationsLocked mSendGoToSleepFinishedNotificationWhenReady = false
D/PowerManagerService(  811): sendPendingNotificationsLocked mSendGoToSleepFinishedNotificationWhenReady = false
D/PowerManagerService(  811): sendPendingNotificationsLocked mSendGoToSleepFinishedNotificationWhenReady = false
D/PowerManagerService(  811): sendPendingNotificationsLocked mSendGoToSleepFinishedNotificationWhenReady = false
W/ctxmgr  ( 1112): [ContextSpecificAclFactory]LocationConsent failed, ULR opt-in status is: false, account#-395797278#
W/ctxmgr  ( 1112): [AclManager]No 2 for (accnt=account#-395797278#, com.google.android.gms(10012):UserLocationProducer, vrsn=10084000, 0, 3pPkg = null ,  3pMdlId = null). Was: 2 for 1, account#-395797278#
D/PowerManagerService(  811): sendPendingNotificationsLocked mSendGoToSleepFinishedNotificationWhenReady = false
D/DisplayPowerController(  811): updateAmbientLux:  mLightSensorListener lux is 16.0
D/DisplayPowerController(  811): updateAmbientLux:  mLightSensorListener lux is 15.0
D/DisplayPowerController(  811): updateAmbientLux:  mLightSensorListener lux is 16.0
D/DisplayPowerController(  811): updateAmbientLux:  mLightSensorListener lux is 15.0
D/DisplayPowerController(  811): updateAmbientLux:  mLightSensorListener lux is 16.0
D/DisplayPowerController(  811): updateAmbientLux:  mLightSensorListener lux is 15.0
D/DisplayPowerController(  811): updateAmbientLux:  mLightSensorListener lux is 16.0
D/DisplayPowerController(  811): updateAmbientLux:  mLightSensorListener lux is 15.0
D/DisplayPowerController(  811): updateAmbientLux:  mLightSensorListener lux is 16.0
D/DisplayPowerController(  811): updateAmbientLux:  mLightSensorListener lux is 15.0
D/DisplayPowerController(  811): updateAmbientLux:  mLightSensorListener lux is 16.0
D/DisplayPowerController(  811): updateAmbientLux:  mLightSensorListener lux is 15.0
D/DisplayPowerController(  811): updateAmbientLux:  mLightSensorListener lux is 16.0
D/DisplayPowerController(  811): updateAmbientLux:  mLightSensorListener lux is 15.0
D/DisplayPowerController(  811): updateAmbientLux:  mLightSensorListener lux is 16.0
D/DisplayPowerController(  811): updateAmbientLux:  mLightSensorListener lux is 15.0
D/DisplayPowerController(  811): updateAmbientLux:  mLightSensorListener lux is 16.0
D/DisplayPowerController(  811): updateAmbientLux:  mLightSensorListener lux is 15.0
D/DisplayPowerController(  811): updateAmbientLux:  mLightSensorListener lux is 16.0
D/DisplayPowerController(  811): updateAmbientLux:  mLightSensorListener lux is 15.0
D/DisplayPowerController(  811): updateAmbientLux:  mLightSensorListener lux is 16.0
D/DisplayPowerController(  811): updateAmbientLux:  mLightSensorListener lux is 15.0
D/DisplayPowerController(  811): updateAmbientLux:  mLightSensorListener lux is 16.0
D/Ulp_jni (  811): Location CB invoked
D/PowerManagerService(  811): sendPendingNotificationsLocked mSendGoToSleepFinishedNotificationWhenReady = false
D/PowerManagerService(  811): sendPendingNotificationsLocked mSendGoToSleepFinishedNotificationWhenReady = false
D/PowerManagerService(  811): sendPendingNotificationsLocked mSendGoToSleepFinishedNotificationWhenReady = false
D/PowerManagerService(  811): sendPendingNotificationsLocked mSendGoToSleepFinishedNotificationWhenReady = false
D/PowerManagerService(  811): sendPendingNotificationsLocked mSendGoToSleepFinishedNotificationWhenReady = false
D/PowerManagerService(  811): sendPendingNotificationsLocked mSendGoToSleepFinishedNotificationWhenReady = false
D/PowerManagerService(  811): sendPendingNotificationsLocked mSendGoToSleepFinishedNotificationWhenReady = false
D/PowerManagerService(  811): sendPendingNotificationsLocked mSendGoToSleepFinishedNotificationWhenReady = false
D/PowerManagerService(  811): sendPendingNotificationsLocked mSendGoToSleepFinishedNotificationWhenReady = false
D/PowerManagerService(  811): sendPendingNotificationsLocked mSendGoToSleepFinishedNotificationWhenReady = false
D/PowerManagerService(  811): sendPendingNotificationsLocked mSendGoToSleepFinishedNotificationWhenReady = false
D/PowerManagerService(  811): sendPendingNotificationsLocked mSendGoToSleepFinishedNotificationWhenReady = false
D/PowerManagerService(  811): sendPendingNotificationsLocked mSendGoToSleepFinishedNotificationWhenReady = false
D/PowerManagerService(  811): sendPendingNotificationsLocked mSendGoToSleepFinishedNotificationWhenReady = false
D/PowerManagerService(  811): sendPendingNotificationsLocked mSendGoToSleepFinishedNotificationWhenReady = false
D/PowerManagerService(  811): sendPendingNotificationsLocked mSendGoToSleepFinishedNotificationWhenReady = false
D/PowerManagerService(  811): sendPendingNotificationsLocked mSendGoToSleepFinishedNotificationWhenReady = false
D/PowerManagerService(  811): sendPendingNotificationsLocked mSendGoToSleepFinishedNotificationWhenReady = false
D/PowerManagerService(  811): sendPendingNotificationsLocked mSendGoToSleepFinishedNotificationWhenReady = false
D/PowerManagerService(  811): sendPendingNotificationsLocked mSendGoToSleepFinishedNotificationWhenReady = false
D/PowerManagerService(  811): sendPendingNotificationsLocked mSendGoToSleepFinishedNotificationWhenReady = false
D/PowerManagerService(  811): sendPendingNotificationsLocked mSendGoToSleepFinishedNotificationWhenReady = false
D/PowerManagerService(  811): sendPendingNotificationsLocked mSendGoToSleepFinishedNotificationWhenReady = false
D/dalvikvm( 1112): GC_CONCURRENT freed 1830K, 50% free 5573K/11092K, paused 5ms+4ms, total 39ms
W/ctxmgr  ( 1112): [ContextSpecificAclFactory]LocationConsent failed, ULR opt-in status is: false, account#-395797278#
W/ctxmgr  ( 1112): [AclManager]No 2 for (accnt=account#-395797278#, com.google.android.gms(10012):UserLocationProducer, vrsn=10084000, 0, 3pPkg = null ,  3pMdlId = null). Was: 2 for 1, account#-395797278#
D/PowerManagerService(  811): sendPendingNotificationsLocked mSendGoToSleepFinishedNotificationWhenReady = false
D/WifiApPowerMode(  811): ACTION_BATTERY_CHANGED received. pluggedType=2 mUSBConnected=true
D/LockScreen_KeyguardUpdateMonitor(  978): received broadcast android.intent.action.BATTERY_CHANGED
D/LockScreen_DMLockCodeController(  978): canAcceptIntent - can: false
D/BatteryService(  811): ZTE Sending ACTION_BATTERY_CHANGED.  level:79, scale:100, status:2, health:2, present:true, voltage: 4159, temperature: 270, technology: Li-ion, AC powered:false, USB powered:true, Wireless powered:false, icon:17302966, invalid charger:0
D/WifiController(  811): battery changed pluggedType: 2
D/PowerManagerService(  811): sendPendingNotificationsLocked mSendGoToSleepFinishedNotificationWhenReady = false
D/LockScreen_CMASAlertController(  978): canAcceptIntent - can: false
D/LockScreen_KeyguardUpdateMonitor(  978): handleBatteryUpdate
I/PlayCommon( 1461): [115] com.google.android.play.a.g.e(900): Preparing logs for uploading
I/PlayCommon( 1461): [115] com.google.android.play.a.g.e(902): No file ready to send
D/Ulp_jni (  811): Location CB invoked
D/PowerManagerService(  811): sendPendingNotificationsLocked mSendGoToSleepFinishedNotificationWhenReady = false
D/PowerManagerService(  811): sendPendingNotificationsLocked mSendGoToSleepFinishedNotificationWhenReady = false
D/PowerManagerService(  811): sendPendingNotificationsLocked mSendGoToSleepFinishedNotificationWhenReady = false
D/PowerManagerService(  811): sendPendingNotificationsLocked mSendGoToSleepFinishedNotificationWhenReady = false
D/PowerManagerService(  811): sendPendingNotificationsLocked mSendGoToSleepFinishedNotificationWhenReady = false
D/PowerManagerService(  811): sendPendingNotificationsLocked mSendGoToSleepFinishedNotificationWhenReady = false
D/PowerManagerService(  811): sendPendingNotificationsLocked mSendGoToSleepFinishedNotificationWhenReady = false
D/PowerManagerService(  811): sendPendingNotificationsLocked mSendGoToSleepFinishedNotificationWhenReady = false
D/PowerManagerService(  811): sendPendingNotificationsLocked mSendGoToSleepFinishedNotificationWhenReady = false
D/PowerManagerService(  811): sendPendingNotificationsLocked mSendGoToSleepFinishedNotificationWhenReady = false
D/PowerManagerService(  811): sendPendingNotificationsLocked mSendGoToSleepFinishedNotificationWhenReady = false
D/PowerManagerService(  811): sendPendingNotificationsLocked mSendGoToSleepFinishedNotificationWhenReady = false
D/PowerManagerService(  811): sendPendingNotificationsLocked mSendGoToSleepFinishedNotificationWhenReady = false
D/PowerManagerService(  811): sendPendingNotificationsLocked mSendGoToSleepFinishedNotificationWhenReady = false
D/PowerManagerService(  811): sendPendingNotificationsLocked mSendGoToSleepFinishedNotificationWhenReady = false
D/PowerManagerService(  811): sendPendingNotificationsLocked mSendGoToSleepFinishedNotificationWhenReady = false
D/PowerManagerService(  811): sendPendingNotificationsLocked mSendGoToSleepFinishedNotificationWhenReady = false
D/PowerManagerService(  811): sendPendingNotificationsLocked mSendGoToSleepFinishedNotificationWhenReady = false
D/PowerManagerService(  811): sendPendingNotificationsLocked mSendGoToSleepFinishedNotificationWhenReady = false
D/PowerManagerService(  811): sendPendingNotificationsLocked mSendGoToSleepFinishedNotificationWhenReady = false
D/PowerManagerService(  811): sendPendingNotificationsLocked mSendGoToSleepFinishedNotificationWhenReady = false
D/PowerManagerService(  811): sendPendingNotificationsLocked mSendGoToSleepFinishedNotificationWhenReady = false
W/ctxmgr  ( 1112): [ContextSpecificAclFactory]LocationConsent failed, ULR opt-in status is: false, account#-395797278#
W/ctxmgr  ( 1112): [AclManager]No 2 for (accnt=account#-395797278#, com.google.android.gms(10012):UserLocationProducer, vrsn=10084000, 0, 3pPkg = null ,  3pMdlId = null). Was: 2 for 1, account#-395797278#
D/PowerManagerService(  811): sendPendingNotificationsLocked mSendGoToSleepFinishedNotificationWhenReady = false
D/PowerManagerService(  811): sendPendingNotificationsLocked mSendGoToSleepFinishedNotificationWhenReady = false
I/wpa_supplicant(  975): p2p0: AP-STA-DISCONNECTED aa:a6:68:bd:6c:56 p2p_dev_addr=aa:a6:68:bd:6c:56
W/wpa_supplicant(  975): Device is trying to offload WPS Probe Response while not supporting this
W/wpa_supplicant(  975): Device is trying to offload P2P Probe Response while not supporting this
D/WifiMonitor(  811): Event [IFNAME=p2p0 AP-STA-DISCONNECTED aa:a6:68:bd:6c:56 p2p_dev_addr=aa:a6:68:bd:6c:56]
D/WifiP2pService(  811): GroupCreatedState{ when=-1ms what=147497 obj=Device: 
D/WifiP2pService(  811):  deviceAddress: aa:a6:68:bd:6c:56
D/WifiP2pService(  811):  primary type: null
D/WifiP2pService(  811):  secondary type: null
D/WifiP2pService(  811):  wps: 0
D/WifiP2pService(  811):  grpcapab: 0
D/WifiP2pService(  811):  devcapab: 0
D/WifiP2pService(  811):  status: 4
D/WifiP2pService(  811):  wfdInfo: null target=com.android.internal.util.StateMachine$SmHandler }  << AP_STA_DISCONNECTED_EVENT
D/WifiP2pService(  811): p2p_zte: Remove aa:a6:68:bd:6c:56 from the list
D/WifiP2pService(  811): Removed client aa:a6:68:bd:6c:56
D/WifiP2pService(  811): sending p2p connection changed broadcast
D/WifiController(  811): nick, get p2p connection changed broadcast. state: CONNECTED
D/Tethering(  811): interfaceLinkStateChanged p2p0, true
D/Tethering(  811): interfaceStatusChanged p2p0, true
D/WifiStateMachine(  811): handleMessage: E msg.what=143371
D/WifiStateMachine(  811): processMsg: DisconnectedState
D/WifiStateMachine(  811): processMsg: ConnectModeState
D/WifiStateMachine(  811): processMsg: DriverStartedState
D/WifiStateMachine(  811): processMsg: SupplicantStartedState
D/WifiP2pService(  811): p2p_zte: There is a sta disconnect, start a new scan
D/WifiP2pService(  811): GroupCreatedState ap sta disconnected
D/WifiP2pService(  811): GroupCreatedState{ when=-1ms what=139265 target=com.android.internal.util.StateMachine$SmHandler }  > DISCOVER_PEERS
D/WifiP2pService(  811): P2pEnabledState{ when=-1ms what=139265 target=com.android.internal.util.StateMachine$SmHandler }  > DISCOVER_PEERS
D/WifiStateMachine(  811): processMsg: DefaultState
D/WifiStateMachine(  811): handleMessage: X
E/WifiBroadcastReceiver( 3524): onReceive action android.net.wifi.p2p.CONNECTION_STATE_CHANGE
E/WifiBroadcastReceiver( 3524): WIFI_P2P_CONNECTION_CHANGED_ACTION
E/WifiBroadcastReceiver( 3524): network connected
D/WifiP2pService(  811): discovery change broadcast true
D/WifiP2pService(  811): GroupCreatedState{ when=-8ms what=139283 arg2=3 target=com.android.internal.util.StateMachine$SmHandler }  > REQUEST_PEERS
D/WifiP2pService(  811): P2pEnabledState{ when=-8ms what=139283 arg2=3 target=com.android.internal.util.StateMachine$SmHandler }  > REQUEST_PEERS
D/WifiP2pService(  811): DefaultState =139283
D/WifiP2pService(  811): GroupCreatedState{ when=-1ms what=139285 arg2=1 target=com.android.internal.util.StateMachine$SmHandler }  > REQUEST_CONNECTION_INFO
D/WifiP2pService(  811): P2pEnabledState{ when=-2ms what=139285 arg2=1 target=com.android.internal.util.StateMachine$SmHandler }  > REQUEST_CONNECTION_INFO
D/WifiP2pService(  811): DefaultState =139285
V/wifiDirect_Service( 3524): Service onStartCommand
E/wifiDirect_Service( 3524): Service onStart
E/wifiDirect_Service( 3524):  startSocketListener,mListenStarted true
E/wifiDirect_Service( 3524):  startSocketListener,mListenStarted true
V/WifiConnectionListen( 3524):  isGroupOwner  : true
E/WifiBroadcastReceiver( 3524): onReceive action android.net.wifi.p2p.PEERS_CHANGED
E/WifiBroadcastReceiver( 3524): WIFI_P2P_PEERS_CHANGED_ACTION changed
V/wifiDirect_Service( 3524): pendingUpdate is true keepUpdateThread is false sListenStarted is true
V/WifiOppProvider( 3524): starting query, database is not null; projection is null; selection is null; selectionArgs is null; sort is _id.
V/WifiOppProvider( 3524): created cursor android.database.sqlite.SQLiteCursor@41927ba0 on behalf of 
D/WifiP2pService(  811): GroupCreatedState{ when=-1ms what=139283 arg2=1 target=com.android.internal.util.StateMachine$SmHandler }  > REQUEST_PEERS
D/WifiP2pService(  811): P2pEnabledState{ when=-1ms what=139283 arg2=1 target=com.android.internal.util.StateMachine$SmHandler }  > REQUEST_PEERS
D/WifiP2pService(  811): DefaultState =139283
V/WifiOppNotification( 3524): send message
V/WifiOppNotification( 3524): new notify threadi!
V/wifiDirect_Service( 3524): pendingUpdate is false keepUpdateThread is false sListenStarted is true
V/WifiOppNotification( 3524): send delay message
V/WifiOppProvider( 3524): starting query, database is not null; projection is null; selection is (status == '192') AND (visibility IS NULL OR visibility == '0') AND (confirm == '1' OR confirm == '2'); selectionArgs is null; sort is _id.
V/WifiOppProvider( 3524): created cursor android.database.sqlite.SQLiteCursor@41929ef8 on behalf of 
E/WifiOppNotification( 3524): content uri : content://com.android.wifi.opp/wifiopp
E/WifiOppNotification( 3524): cursor count : 0
V/WifiOppNotification( 3524): mUpdateCompleteNotification = true
V/WifiOppProvider( 3524): starting query, database is not null; projection is null; selection is status >= '200' AND (visibility IS NULL OR visibility == '0') AND (direction == 0); selectionArgs is null; sort is timestamp DESC.
V/WifiOppProvider( 3524): created cursor android.database.sqlite.SQLiteCursor@4192bfc8 on behalf of 
V/WifiOppNotification( 3524): outbound: succ-0  fail-0
V/WifiOppNotification( 3524): outbound notification was removed.
V/WifiOppProvider( 3524): starting query, database is not null; projection is null; selection is status >= '200' AND (visibility IS NULL OR visibility == '0') AND (direction == 1); selectionArgs is null; sort is timestamp DESC.
V/WifiOppProvider( 3524): created cursor android.database.sqlite.SQLiteCursor@4192de90 on behalf of 
V/WifiOppNotification( 3524): inbound: succ-0  fail-0
V/WifiOppNotification( 3524): inbound notification was removed.
E/WifiOppNotification( 3524): updateIncomingFileConfirmNotification
V/WifiOppProvider( 3524): starting query, database is not null; projection is null; selection is confirm == '5' AND (visibility IS NULL OR visibility == '0'); selectionArgs is null; sort is _id.
V/WifiOppProvider( 3524): created cursor android.database.sqlite.SQLiteCursor@4192f768 on behalf of 
E/WifiOppNotification( 3524): updateIncomingFileConfirmNotification bp1
E/WifiOppNotification( 3524): updateIncomingFileConfirmNotification bp3
V/WifiOppNotification( 3524): new notify threadi!
V/WifiOppNotification( 3524): send delay message
