I/System.out( 3836): --BlueNear log-- ultrasoniclevel=28.0 error=21.0 angleOffset=-23.0
I/System.out( 3836): --BlueNear log-- error=21.0 leftspeed=0.0 rightSpeed=0.15 curAngle=-23.0 targetAngle=-5.0
I/System.out( 3836): --BlueNear log-- ultrasoniclevel=28.0 error=21.0 angleOffset=-23.0
I/System.out( 3836): --BlueNear log-- error=21.0 leftspeed=0.0 rightSpeed=0.15 curAngle=-23.0 targetAngle=-5.0
I/System.out( 3836): --BlueNear log-- ultrasoniclevel=28.0 error=21.0 angleOffset=-23.0
I/System.out( 3836): --BlueNear log-- error=21.0 leftspeed=0.0 rightSpeed=0.15 curAngle=-23.0 targetAngle=-5.0
I/System.out( 3836): --BlueNear log-- ultrasoniclevel=28.0 error=21.0 angleOffset=-23.0
I/System.out( 3836): --BlueNear log-- error=21.0 leftspeed=0.0 rightSpeed=0.15 curAngle=-23.0 targetAngle=-5.0
I/System.out( 3836): --BlueNear log-- ultrasoniclevel=13.0 error=6.0 angleOffset=-23.0
I/System.out( 3836): --BlueNear log-- error=6.0 leftspeed=0.0 rightSpeed=0.15 curAngle=-23.0 targetAngle=-5.0
I/System.out( 3836): --BlueNear log-- ultrasoniclevel=13.0 error=6.0 angleOffset=-23.0
I/System.out( 3836): --BlueNear log-- error=6.0 leftspeed=0.0 rightSpeed=0.15 curAngle=-23.0 targetAngle=-5.0
I/System.out( 3836): --BlueNear log-- ultrasoniclevel=13.0 error=6.0 angleOffset=-23.0
I/System.out( 3836): --BlueNear log-- error=6.0 leftspeed=0.0 rightSpeed=0.15 curAngle=-23.0 targetAngle=-5.0
I/System.out( 3836): --BlueNear log-- ultrasoniclevel=13.0 error=6.0 angleOffset=-23.0
I/System.out( 3836): --BlueNear log-- error=6.0 leftspeed=0.0 rightSpeed=0.15 curAngle=-23.0 targetAngle=-5.0
I/System.out( 3836): --BlueNear log-- ultrasoniclevel=13.0 error=6.0 angleOffset=-22.0
I/System.out( 3836): --BlueNear log-- error=6.0 leftspeed=0.0 rightSpeed=0.15 curAngle=-22.0 targetAngle=-5.0
I/System.out( 3836): --BlueNear log-- ultrasoniclevel=13.0 error=6.0 angleOffset=-22.0
I/System.out( 3836): --BlueNear log-- error=6.0 leftspeed=0.0 rightSpeed=0.15 curAngle=-22.0 targetAngle=-5.0
I/System.out( 3836): --BlueNear log-- ultrasoniclevel=13.0 error=6.0 angleOffset=-22.0
I/System.out( 3836): --BlueNear log-- error=6.0 leftspeed=0.0 rightSpeed=0.15 curAngle=-22.0 targetAngle=-5.0
I/System.out( 3836): --BlueNear log-- ultrasoniclevel=13.0 error=6.0 angleOffset=-22.0
I/System.out( 3836): --BlueNear log-- error=6.0 leftspeed=0.0 rightSpeed=0.15 curAngle=-22.0 targetAngle=-5.0
I/System.out( 3836): --BlueNear log-- ultrasoniclevel=13.0 error=6.0 angleOffset=-22.0
I/System.out( 3836): --BlueNear log-- error=6.0 leftspeed=0.0 rightSpeed=0.15 curAngle=-22.0 targetAngle=-5.0
I/System.out( 3836): --BlueNear log-- ultrasoniclevel=13.0 error=6.0 angleOffset=-22.0
I/System.out( 3836): --BlueNear log-- error=6.0 leftspeed=0.0 rightSpeed=0.15 curAngle=-22.0 targetAngle=-5.0
I/System.out( 3836): --BlueNear log-- ultrasoniclevel=13.0 error=6.0 angleOffset=-22.0
I/System.out( 3836): --BlueNear log-- error=6.0 leftspeed=0.0 rightSpeed=0.15 curAngle=-22.0 targetAngle=-5.0
I/System.out( 3836): --BlueNear log-- ultrasoniclevel=13.0 error=6.0 angleOffset=-22.0
I/System.out( 3836): --BlueNear log-- error=6.0 leftspeed=0.0 rightSpeed=0.15 curAngle=-22.0 targetAngle=-5.0
I/System.out( 3836): --BlueNear log-- ultrasoniclevel=13.0 error=6.0 angleOffset=-22.0
I/System.out( 3836): --BlueNear log-- error=6.0 leftspeed=0.0 rightSpeed=0.15 curAngle=-22.0 targetAngle=-5.0
I/System.out( 3836): --BlueNear log-- ultrasoniclevel=13.0 error=6.0 angleOffset=-22.0
I/System.out( 3836): --BlueNear log-- error=6.0 leftspeed=0.0 rightSpeed=0.15 curAngle=-22.0 targetAngle=-5.0
I/System.out( 3836): --BlueNear log-- ultrasoniclevel=13.0 error=6.0 angleOffset=-21.0
I/System.out( 3836): --BlueNear log-- error=6.0 leftspeed=0.0 rightSpeed=0.15 curAngle=-21.0 targetAngle=-5.0
I/System.out( 3836): --BlueNear log-- ultrasoniclevel=13.0 error=6.0 angleOffset=-21.0
I/System.out( 3836): --BlueNear log-- error=6.0 leftspeed=0.0 rightSpeed=0.15 curAngle=-21.0 targetAngle=-5.0
I/System.out( 3836): --BlueNear log-- ultrasoniclevel=13.0 error=6.0 angleOffset=-21.0
I/System.out( 3836): --BlueNear log-- error=6.0 leftspeed=0.0 rightSpeed=0.15 curAngle=-21.0 targetAngle=-5.0
I/System.out( 3836): --BlueNear log-- ultrasoniclevel=13.0 error=6.0 angleOffset=-21.0
I/System.out( 3836): --BlueNear log-- error=6.0 leftspeed=0.0 rightSpeed=0.15 curAngle=-21.0 targetAngle=-5.0
I/System.out( 3836): --BlueNear log-- ultrasoniclevel=13.0 error=6.0 angleOffset=-21.0
I/System.out( 3836): --BlueNear log-- error=6.0 leftspeed=0.0 rightSpeed=0.15 curAngle=-21.0 targetAngle=-5.0
I/System.out( 3836): --BlueNear log-- ultrasoniclevel=13.0 error=6.0 angleOffset=-21.0
I/System.out( 3836): --BlueNear log-- error=6.0 leftspeed=0.0 rightSpeed=0.15 curAngle=-21.0 targetAngle=-5.0
I/System.out( 3836): --BlueNear log-- ultrasoniclevel=13.0 error=6.0 angleOffset=-21.0
I/System.out( 3836): --BlueNear log-- error=6.0 leftspeed=0.0 rightSpeed=0.15 curAngle=-21.0 targetAngle=-5.0
D/dalvikvm( 3836): GC_CONCURRENT freed 2056K, 36% free 7101K/11092K, paused 3ms+5ms, total 41ms
I/System.out( 3836): --BlueNear log-- ultrasoniclevel=13.0 error=6.0 angleOffset=-20.0
I/System.out( 3836): --BlueNear log-- error=6.0 leftspeed=0.0 rightSpeed=0.15 curAngle=-20.0 targetAngle=-5.0
I/System.out( 3836): --BlueNear log-- ultrasoniclevel=13.0 error=6.0 angleOffset=-20.0
I/System.out( 3836): --BlueNear log-- error=6.0 leftspeed=0.0 rightSpeed=0.15 curAngle=-20.0 targetAngle=-5.0
I/System.out( 3836): --BlueNear log-- ultrasoniclevel=13.0 error=6.0 angleOffset=-20.0
I/System.out( 3836): --BlueNear log-- error=6.0 leftspeed=0.0 rightSpeed=0.15 curAngle=-20.0 targetAngle=-5.0
I/System.out( 3836): --BlueNear log-- ultrasoniclevel=13.0 error=6.0 angleOffset=-20.0
I/System.out( 3836): --BlueNear log-- error=6.0 leftspeed=0.0 rightSpeed=0.15 curAngle=-20.0 targetAngle=-5.0
I/System.out( 3836): --BlueNear log-- ultrasoniclevel=13.0 error=6.0 angleOffset=-20.0
I/System.out( 3836): --BlueNear log-- error=6.0 leftspeed=0.0 rightSpeed=0.15 curAngle=-20.0 targetAngle=-5.0
I/System.out( 3836): --BlueNear log-- ultrasoniclevel=13.0 error=6.0 angleOffset=-19.0
I/System.out( 3836): --BlueNear log-- error=6.0 leftspeed=0.0 rightSpeed=0.15 curAngle=-19.0 targetAngle=-5.0
I/System.out( 3836): --BlueNear log-- ultrasoniclevel=13.0 error=6.0 angleOffset=-19.0
I/System.out( 3836): --BlueNear log-- error=6.0 leftspeed=0.0 rightSpeed=0.15 curAngle=-19.0 targetAngle=-5.0
I/System.out( 3836): --BlueNear log-- ultrasoniclevel=13.0 error=6.0 angleOffset=-19.0
I/System.out( 3836): --BlueNear log-- error=6.0 leftspeed=0.0 rightSpeed=0.15 curAngle=-19.0 targetAngle=-5.0
I/System.out( 3836): --BlueNear log-- ultrasoniclevel=13.0 error=6.0 angleOffset=-19.0
I/System.out( 3836): --BlueNear log-- error=6.0 leftspeed=0.0 rightSpeed=0.15 curAngle=-19.0 targetAngle=-5.0
I/System.out( 3836): --BlueNear log-- ultrasoniclevel=13.0 error=6.0 angleOffset=-19.0
I/System.out( 3836): --BlueNear log-- error=6.0 leftspeed=0.0 rightSpeed=0.15 curAngle=-19.0 targetAngle=-5.0
I/System.out( 3836): --BlueNear log-- ultrasoniclevel=13.0 error=6.0 angleOffset=-19.0
I/System.out( 3836): --BlueNear log-- error=6.0 leftspeed=0.0 rightSpeed=0.15 curAngle=-19.0 targetAngle=-5.0
I/System.out( 3836): --BlueNear log-- ultrasoniclevel=13.0 error=6.0 angleOffset=-19.0
I/System.out( 3836): --BlueNear log-- error=6.0 leftspeed=0.0 rightSpeed=0.15 curAngle=-19.0 targetAngle=-5.0
I/System.out( 3836): --BlueNear log-- ultrasoniclevel=13.0 error=6.0 angleOffset=-18.0
I/System.out( 3836): --BlueNear log-- error=6.0 leftspeed=0.0 rightSpeed=0.15 curAngle=-18.0 targetAngle=-5.0
I/System.out( 3836): --BlueNear log-- ultrasoniclevel=13.0 error=6.0 angleOffset=-18.0
I/System.out( 3836): --BlueNear log-- error=6.0 leftspeed=0.0 rightSpeed=0.15 curAngle=-18.0 targetAngle=-5.0
I/System.out( 3836): --BlueNear log-- ultrasoniclevel=13.0 error=6.0 angleOffset=-18.0
I/System.out( 3836): --BlueNear log-- error=6.0 leftspeed=0.0 rightSpeed=0.15 curAngle=-18.0 targetAngle=-5.0
I/System.out( 3836): --BlueNear log-- ultrasoniclevel=13.0 error=6.0 angleOffset=-18.0
I/System.out( 3836): --BlueNear log-- error=6.0 leftspeed=0.0 rightSpeed=0.15 curAngle=-18.0 targetAngle=-5.0
I/System.out( 3836): --BlueNear log-- ultrasoniclevel=13.0 error=6.0 angleOffset=-18.0
I/System.out( 3836): --BlueNear log-- error=6.0 leftspeed=0.0 rightSpeed=0.15 curAngle=-18.0 targetAngle=-5.0
I/System.out( 3836): --BlueNear log-- ultrasoniclevel=13.0 error=6.0 angleOffset=-18.0
I/System.out( 3836): --BlueNear log-- error=6.0 leftspeed=0.0 rightSpeed=0.15 curAngle=-18.0 targetAngle=-5.0
I/System.out( 3836): --BlueNear log-- ultrasoniclevel=13.0 error=6.0 angleOffset=-18.0
I/System.out( 3836): --BlueNear log-- error=6.0 leftspeed=0.0 rightSpeed=0.15 curAngle=-18.0 targetAngle=-5.0
I/System.out( 3836): --BlueNear log-- ultrasoniclevel=13.0 error=6.0 angleOffset=-18.0
I/System.out( 3836): --BlueNear log-- error=6.0 leftspeed=0.0 rightSpeed=0.15 curAngle=-18.0 targetAngle=-5.0
I/System.out( 3836): --BlueNear log-- ultrasoniclevel=13.0 error=6.0 angleOffset=-17.0
I/System.out( 3836): --BlueNear log-- error=6.0 leftspeed=0.0 rightSpeed=0.15 curAngle=-17.0 targetAngle=-5.0
I/System.out( 3836): --BlueNear log-- ultrasoniclevel=13.0 error=6.0 angleOffset=-17.0
I/System.out( 3836): --BlueNear log-- error=6.0 leftspeed=0.0 rightSpeed=0.15 curAngle=-17.0 targetAngle=-5.0
I/System.out( 3836): --BlueNear log-- ultrasoniclevel=13.0 error=6.0 angleOffset=-17.0
I/System.out( 3836): --BlueNear log-- error=6.0 leftspeed=0.0 rightSpeed=0.15 curAngle=-17.0 targetAngle=-5.0
I/System.out( 3836): --BlueNear log-- ultrasoniclevel=13.0 error=6.0 angleOffset=-17.0
I/System.out( 3836): --BlueNear log-- error=6.0 leftspeed=0.0 rightSpeed=0.15 curAngle=-17.0 targetAngle=-5.0
I/System.out( 3836): --BlueNear log-- ultrasoniclevel=13.0 error=6.0 angleOffset=-16.0
I/System.out( 3836): --BlueNear log-- error=6.0 leftspeed=0.0 rightSpeed=0.15 curAngle=-16.0 targetAngle=-5.0
I/System.out( 3836): --BlueNear log-- ultrasoniclevel=13.0 error=6.0 angleOffset=-16.0
I/System.out( 3836): --BlueNear log-- error=6.0 leftspeed=0.0 rightSpeed=0.15 curAngle=-16.0 targetAngle=-5.0
I/System.out( 3836): --BlueNear log-- ultrasoniclevel=13.0 error=6.0 angleOffset=-16.0
I/System.out( 3836): --BlueNear log-- error=6.0 leftspeed=0.0 rightSpeed=0.15 curAngle=-16.0 targetAngle=-5.0
I/System.out( 3836): Sigma2016 -- Blue While did not run for 24ms
I/System.out( 3836): Sigma2016 -- Blue While did not run for 42ms
I/System.out( 3836): --BlueNear log-- ultrasoniclevel=13.0 error=6.0 angleOffset=-15.0
I/System.out( 3836): --BlueNear log-- error=6.0 leftspeed=0.0 rightSpeed=0.15 curAngle=-15.0 targetAngle=-5.0
I/System.out( 3836): --BlueNear log-- ultrasoniclevel=13.0 error=6.0 angleOffset=-15.0
I/System.out( 3836): --BlueNear log-- error=6.0 leftspeed=0.0 rightSpeed=0.15 curAngle=-15.0 targetAngle=-5.0
I/System.out( 3836): --BlueNear log-- ultrasoniclevel=13.0 error=6.0 angleOffset=-15.0
I/System.out( 3836): --BlueNear log-- error=6.0 leftspeed=0.0 rightSpeed=0.15 curAngle=-15.0 targetAngle=-5.0
I/System.out( 3836): --BlueNear log-- ultrasoniclevel=13.0 error=6.0 angleOffset=-15.0
I/System.out( 3836): --BlueNear log-- error=6.0 leftspeed=0.0 rightSpeed=0.15 curAngle=-15.0 targetAngle=-5.0
I/System.out( 3836): --BlueNear log-- ultrasoniclevel=13.0 error=6.0 angleOffset=-14.0
I/System.out( 3836): --BlueNear log-- error=6.0 leftspeed=0.0 rightSpeed=0.15 curAngle=-14.0 targetAngle=-5.0
I/System.out( 3836): --BlueNear log-- ultrasoniclevel=13.0 error=6.0 angleOffset=-14.0
I/System.out( 3836): --BlueNear log-- error=6.0 leftspeed=0.0 rightSpeed=0.15 curAngle=-14.0 targetAngle=-5.0
I/System.out( 3836): --BlueNear log-- ultrasoniclevel=13.0 error=6.0 angleOffset=-14.0
I/System.out( 3836): --BlueNear log-- error=6.0 leftspeed=0.0 rightSpeed=0.15 curAngle=-14.0 targetAngle=-5.0
D/dalvikvm( 3836): GC_CONCURRENT freed 2077K, 36% free 7101K/11092K, paused 4ms+4ms, total 47ms
I/System.out( 3836): --BlueNear log-- ultrasoniclevel=13.0 error=6.0 angleOffset=-13.0
I/System.out( 3836): --BlueNear log-- error=6.0 leftspeed=0.0 rightSpeed=0.15 curAngle=-13.0 targetAngle=-5.0
I/System.out( 3836): --BlueNear log-- ultrasoniclevel=13.0 error=6.0 angleOffset=-13.0
I/System.out( 3836): --BlueNear log-- error=6.0 leftspeed=0.0 rightSpeed=0.15 curAngle=-13.0 targetAngle=-5.0
I/System.out( 3836): --BlueNear log-- ultrasoniclevel=13.0 error=6.0 angleOffset=-13.0
I/System.out( 3836): --BlueNear log-- error=6.0 leftspeed=0.0 rightSpeed=0.15 curAngle=-13.0 targetAngle=-5.0
I/System.out( 3836): --BlueNear log-- ultrasoniclevel=13.0 error=6.0 angleOffset=-13.0
I/System.out( 3836): --BlueNear log-- error=6.0 leftspeed=0.0 rightSpeed=0.15 curAngle=-13.0 targetAngle=-5.0
I/System.out( 3836): --BlueNear log-- ultrasoniclevel=13.0 error=6.0 angleOffset=-13.0
I/System.out( 3836): --BlueNear log-- error=6.0 leftspeed=0.0 rightSpeed=0.15 curAngle=-13.0 targetAngle=-5.0
I/System.out( 3836): --BlueNear log-- ultrasoniclevel=13.0 error=6.0 angleOffset=-12.0
I/System.out( 3836): --BlueNear log-- error=6.0 leftspeed=0.009999999999999981 rightSpeed=0.15 curAngle=-12.0 targetAngle=-5.0
I/System.out( 3836): --BlueNear log-- ultrasoniclevel=13.0 error=6.0 angleOffset=-12.0
I/System.out( 3836): --BlueNear log-- error=6.0 leftspeed=0.009999999999999981 rightSpeed=0.15 curAngle=-12.0 targetAngle=-5.0
I/System.out( 3836): --BlueNear log-- ultrasoniclevel=13.0 error=6.0 angleOffset=-12.0
I/System.out( 3836): --BlueNear log-- error=6.0 leftspeed=0.009999999999999981 rightSpeed=0.15 curAngle=-12.0 targetAngle=-5.0
I/System.out( 3836): --BlueNear log-- ultrasoniclevel=13.0 error=6.0 angleOffset=-12.0
I/System.out( 3836): --BlueNear log-- error=6.0 leftspeed=0.009999999999999981 rightSpeed=0.15 curAngle=-12.0 targetAngle=-5.0
I/System.out( 3836): --BlueNear log-- ultrasoniclevel=13.0 error=6.0 angleOffset=-12.0
I/System.out( 3836): --BlueNear log-- error=6.0 leftspeed=0.009999999999999981 rightSpeed=0.15 curAngle=-12.0 targetAngle=-5.0
I/System.out( 3836): Sigma2016 -- Blue While did not run for 39ms
I/System.out( 3836): --BlueNear log-- ultrasoniclevel=13.0 error=6.0 angleOffset=-11.0
I/System.out( 3836): --BlueNear log-- error=6.0 leftspeed=0.03 rightSpeed=0.15 curAngle=-11.0 targetAngle=-5.0
I/System.out( 3836): --BlueNear log-- ultrasoniclevel=13.0 error=6.0 angleOffset=-11.0
I/System.out( 3836): --BlueNear log-- error=6.0 leftspeed=0.03 rightSpeed=0.15 curAngle=-11.0 targetAngle=-5.0
I/System.out( 3836): Sigma2016 -- Blue While did not run for 37ms
I/System.out( 3836): Sigma2016 -- Blue While did not run for 32ms
I/System.out( 3836): --BlueNear log-- ultrasoniclevel=14.0 error=7.0 angleOffset=-9.0
I/System.out( 3836): --BlueNear log-- error=7.0 leftspeed=0.06999999999999999 rightSpeed=0.15 curAngle=-9.0 targetAngle=-5.0
I/System.out( 3836): Sigma2016 -- Blue While did not run for 46ms
I/System.out( 3836): --BlueNear log-- ultrasoniclevel=14.0 error=7.0 angleOffset=-8.0
I/System.out( 3836): --BlueNear log-- error=7.0 leftspeed=0.09 rightSpeed=0.15 curAngle=-8.0 targetAngle=-5.0
I/System.out( 3836): Sigma2016 -- Blue While did not run for 44ms
I/System.out( 3836): Sigma2016 -- Blue While did not run for 53ms
I/System.out( 3836): Sigma2016 -- Blue While did not run for 36ms
I/System.out( 3836): Sigma2016 -- Blue While did not run for 44ms
I/System.out( 3836): --BlueNear log-- ultrasoniclevel=14.0 error=7.0 angleOffset=-4.0
I/System.out( 3836): --BlueNear log-- error=7.0 leftspeed=0.15 rightSpeed=0.13 curAngle=-4.0 targetAngle=-5.0
I/System.out( 3836): --BlueNear log-- ultrasoniclevel=14.0 error=7.0 angleOffset=-4.0
I/System.out( 3836): --BlueNear log-- error=7.0 leftspeed=0.15 rightSpeed=0.13 curAngle=-4.0 targetAngle=-5.0
I/System.out( 3836): --BlueNear log-- ultrasoniclevel=14.0 error=7.0 angleOffset=-4.0
I/System.out( 3836): --BlueNear log-- error=7.0 leftspeed=0.15 rightSpeed=0.13 curAngle=-4.0 targetAngle=-5.0
I/System.out( 3836): --BlueNear log-- ultrasoniclevel=14.0 error=7.0 angleOffset=-4.0
I/System.out( 3836): --BlueNear log-- error=7.0 leftspeed=0.15 rightSpeed=0.13 curAngle=-4.0 targetAngle=-5.0
I/System.out( 3836): Sigma2016 -- Blue While did not run for 42ms
I/System.out( 3836): --BlueNear log-- ultrasoniclevel=15.0 error=8.0 angleOffset=-3.0
I/System.out( 3836): --BlueNear log-- error=8.0 leftspeed=0.15 rightSpeed=0.10999999999999999 curAngle=-3.0 targetAngle=-5.0
I/System.out( 3836): --BlueNear log-- ultrasoniclevel=15.0 error=8.0 angleOffset=-3.0
I/System.out( 3836): --BlueNear log-- error=8.0 leftspeed=0.15 rightSpeed=0.10999999999999999 curAngle=-3.0 targetAngle=-5.0
I/System.out( 3836): --BlueNear log-- ultrasoniclevel=15.0 error=8.0 angleOffset=-3.0
I/System.out( 3836): --BlueNear log-- error=8.0 leftspeed=0.15 rightSpeed=0.10999999999999999 curAngle=-3.0 targetAngle=-5.0
I/System.out( 3836): --BlueNear log-- ultrasoniclevel=15.0 error=8.0 angleOffset=-3.0
I/System.out( 3836): --BlueNear log-- error=8.0 leftspeed=0.15 rightSpeed=0.10999999999999999 curAngle=-3.0 targetAngle=-5.0
I/System.out( 3836): --BlueNear log-- ultrasoniclevel=15.0 error=8.0 angleOffset=-3.0
I/System.out( 3836): --BlueNear log-- error=8.0 leftspeed=0.15 rightSpeed=0.10999999999999999 curAngle=-3.0 targetAngle=-5.0
I/System.out( 3836): --BlueNear log-- ultrasoniclevel=15.0 error=8.0 angleOffset=-3.0
D/dalvikvm( 3836): GC_CONCURRENT freed 2016K, 36% free 7147K/11092K, paused 3ms+5ms, total 56ms
I/System.out( 3836): --BlueNear log-- error=8.0 leftspeed=0.15 rightSpeed=0.10999999999999999 curAngle=-3.0 targetAngle=-5.0
I/System.out( 3836): Sigma2016 -- Blue While did not run for 46ms
I/System.out( 3836): Sigma2016 -- Blue While did not run for 51ms
I/System.out( 3836): --BlueNear log-- ultrasoniclevel=15.0 error=8.0 angleOffset=-3.0
I/System.out( 3836): --BlueNear log-- error=8.0 leftspeed=0.15 rightSpeed=0.10999999999999999 curAngle=-3.0 targetAngle=-5.0
I/System.out( 3836): --BlueNear log-- ultrasoniclevel=15.0 error=8.0 angleOffset=-3.0
I/System.out( 3836): --BlueNear log-- error=8.0 leftspeed=0.15 rightSpeed=0.10999999999999999 curAngle=-3.0 targetAngle=-5.0
I/System.out( 3836): --BlueNear log-- ultrasoniclevel=15.0 error=8.0 angleOffset=-3.0
I/System.out( 3836): --BlueNear log-- error=8.0 leftspeed=0.15 rightSpeed=0.10999999999999999 curAngle=-3.0 targetAngle=-5.0
I/System.out( 3836): --BlueNear log-- ultrasoniclevel=15.0 error=8.0 angleOffset=-3.0
I/System.out( 3836): --BlueNear log-- error=8.0 leftspeed=0.15 rightSpeed=0.10999999999999999 curAngle=-3.0 targetAngle=-5.0
I/System.out( 3836): --BlueNear log-- ultrasoniclevel=15.0 error=8.0 angleOffset=-3.0
I/System.out( 3836): --BlueNear log-- error=8.0 leftspeed=0.15 rightSpeed=0.10999999999999999 curAngle=-3.0 targetAngle=-5.0
I/System.out( 3836): --BlueNear log-- ultrasoniclevel=15.0 error=8.0 angleOffset=-3.0
I/System.out( 3836): --BlueNear log-- error=8.0 leftspeed=0.15 rightSpeed=0.10999999999999999 curAngle=-3.0 targetAngle=-5.0
I/System.out( 3836): --BlueNear log-- ultrasoniclevel=15.0 error=8.0 angleOffset=-3.0
I/System.out( 3836): --BlueNear log-- error=8.0 leftspeed=0.15 rightSpeed=0.10999999999999999 curAngle=-3.0 targetAngle=-5.0
I/System.out( 3836): --BlueNear log-- ultrasoniclevel=15.0 error=8.0 angleOffset=-3.0
I/System.out( 3836): --BlueNear log-- error=8.0 leftspeed=0.15 rightSpeed=0.10999999999999999 curAngle=-3.0 targetAngle=-5.0
I/System.out( 3836): --BlueNear log-- ultrasoniclevel=15.0 error=8.0 angleOffset=-3.0
I/System.out( 3836): --BlueNear log-- error=8.0 leftspeed=0.15 rightSpeed=0.10999999999999999 curAngle=-3.0 targetAngle=-5.0
I/System.out( 3836): --BlueNear log-- ultrasoniclevel=15.0 error=8.0 angleOffset=-3.0
I/System.out( 3836): --BlueNear log-- error=8.0 leftspeed=0.15 rightSpeed=0.10999999999999999 curAngle=-3.0 targetAngle=-5.0
I/System.out( 3836): --BlueNear log-- ultrasoniclevel=15.0 error=8.0 angleOffset=-3.0
I/System.out( 3836): --BlueNear log-- error=8.0 leftspeed=0.15 rightSpeed=0.10999999999999999 curAngle=-3.0 targetAngle=-5.0
I/System.out( 3836): --BlueNear log-- ultrasoniclevel=15.0 error=8.0 angleOffset=-3.0
I/System.out( 3836): --BlueNear log-- error=8.0 leftspeed=0.15 rightSpeed=0.10999999999999999 curAngle=-3.0 targetAngle=-5.0
I/System.out( 3836): --BlueNear log-- ultrasoniclevel=15.0 error=8.0 angleOffset=-3.0
I/System.out( 3836): --BlueNear log-- error=8.0 leftspeed=0.15 rightSpeed=0.10999999999999999 curAngle=-3.0 targetAngle=-5.0
I/System.out( 3836): --BlueNear log-- ultrasoniclevel=15.0 error=8.0 angleOffset=-3.0
I/System.out( 3836): --BlueNear log-- error=8.0 leftspeed=0.15 rightSpeed=0.10999999999999999 curAngle=-3.0 targetAngle=-5.0
I/System.out( 3836): --BlueNear log-- ultrasoniclevel=15.0 error=8.0 angleOffset=-3.0
I/System.out( 3836): --BlueNear log-- error=8.0 leftspeed=0.15 rightSpeed=0.10999999999999999 curAngle=-3.0 targetAngle=-5.0
V/Robocol ( 3836): received command: CMD_INIT_OP_MODE(10691) $Stop$Robot$
V/RobotCore( 3836): waiting for service user linear op mode
I/System.out( 3836): Sigma2016 -- center light sensor read is set to false
V/RobotCore( 3836): thread: ...terminating 'LinearOpMode main'
V/RobotCore( 3836): awaitTermination returned, isTerminated=true
V/RobotCore( 3836): executive service user linear op mode is terminated
I/RobotCore( 3836): Attempting to switch to op mode $Stop$Robot$
V/Robocol ( 3836): sending CMD_INIT_OP_MODE_RESP(844), attempt: 0
V/Robocol ( 3836): received command: CMD_INIT_OP_MODE_RESP(844) $Stop$Robot$
V/Robocol ( 3836): received command: CMD_RUN_OP_MODE(10697) $Stop$Robot$
V/Robocol ( 3836): sending CMD_RUN_OP_MODE_RESP(849), attempt: 0
V/Robocol ( 3836): received command: CMD_RUN_OP_MODE_RESP(849) $Stop$Robot$
D/dalvikvm( 3836): GC_CONCURRENT freed 2044K, 36% free 7105K/11092K, paused 4ms+2ms, total 50ms
D/dalvikvm( 3836): GC_CONCURRENT freed 2000K, 37% free 7082K/11092K, paused 4ms+5ms, total 48ms
D/dalvikvm( 3836): GC_CONCURRENT freed 1989K, 36% free 7111K/11092K, paused 4ms+4ms, total 61ms
D/WifiApPowerMode(  811): ACTION_BATTERY_CHANGED received. pluggedType=0 mUSBConnected=false
D/BatteryService(  811): ZTE Sending ACTION_BATTERY_CHANGED.  level:79, scale:100, status:3, health:2, present:true, voltage: 4013, temperature: 280, technology: Li-ion, AC powered:false, USB powered:false, Wireless powered:false, icon:17302952, invalid charger:0
D/WifiController(  811): battery changed pluggedType: 0
D/LockScreen_KeyguardUpdateMonitor(  978): received broadcast android.intent.action.BATTERY_CHANGED
D/LockScreen_DMLockCodeController(  978): canAcceptIntent - can: false
D/LockScreen_CMASAlertController(  978): canAcceptIntent - can: false
D/LockScreen_KeyguardUpdateMonitor(  978): handleBatteryUpdate
D/PowerManagerService(  811): sendPendingNotificationsLocked mSendGoToSleepFinishedNotificationWhenReady = false
D/dalvikvm( 3836): GC_CONCURRENT freed 2013K, 37% free 7071K/11092K, paused 4ms+5ms, total 43ms
D/dalvikvm( 3836): GC_CONCURRENT freed 1967K, 36% free 7102K/11092K, paused 3ms+6ms, total 56ms
D/UsbDeviceConnectionJNI( 3836): close
D/ProcessRequestThread::( 3836): Device has been closed.
D/BulkIn::( 3836): Stop BulkIn thread
W/System.err( 3836): java.lang.InterruptedException
W/System.err( 3836): 	at java.util.concurrent.locks.AbstractQueuedSynchronizer.doAcquireSharedInterruptibly(AbstractQueuedSynchronizer.java:975)
W/System.err( 3836): 	at java.util.concurrent.locks.AbstractQueuedSynchronizer.acquireSharedInterruptibly(AbstractQueuedSynchronizer.java:1281)
W/System.err( 3836): 	at java.util.concurrent.Semaphore.acquire(Semaphore.java:283)
W/System.err( 3836): 	at com.ftdi.j2xx.ProcessInCtrl.acquireReadableBuffer(FT_Device.java:2294)
W/System.err( 3836): 	at com.ftdi.j2xx.ProcessRequestWorker.run(FT_Device.java:2764)
W/System.err( 3836): 	at java.lang.Thread.run(Thread.java:841)
W/RobotCore( 3836): could not write to Modern Robotics USB DC Motor Controller [AL00VW5E]: FTDI Null Pointer Exception
E/RobotCore( 3836): java.lang.NullPointerException
W/System.err( 3836): java.lang.NullPointerException
W/System.err( 3836): 	at com.ftdi.j2xx.ProcessInCtrl.releaseWritableBuffers(FT_Device.java:2675)
W/System.err( 3836): 	at com.ftdi.j2xx.BulkInWorker.run(FT_Device.java:2879)
W/System.err( 3836): 	at java.lang.Thread.run(Thread.java:841)
E/RobotCore( 3836):     at com.ftdi.j2xx.ProcessInCtrl.readBulkInData(FT_Device.java:2520)
E/RobotCore( 3836):     at com.ftdi.j2xx.FT_Device.read(FT_Device.java:666)
E/RobotCore( 3836):     at com.qualcomm.robotcore.hardware.usb.ftdi.RobotUsbDeviceFtdi.read(RobotUsbDeviceFtdi.java:211)
E/RobotCore( 3836):     at com.qualcomm.hardware.modernrobotics.comm.ModernRoboticsReaderWriter.readIncomingBytes(ModernRoboticsReaderWriter.java:362)
E/RobotCore( 3836):     at com.qualcomm.hardware.modernrobotics.comm.ModernRoboticsReaderWriter.readResponse(ModernRoboticsReaderWriter.java:313)
E/RobotCore( 3836):     at com.qualcomm.hardware.modernrobotics.comm.ModernRoboticsReaderWriter.read(ModernRoboticsReaderWriter.java:179)
E/RobotCore( 3836):     at com.qualcomm.hardware.modernrobotics.comm.ReadWriteRunnableStandard$1.run(ReadWriteRunnableStandard.java:344)
E/RobotCore( 3836):     at com.qualcomm.robotcore.util.ThreadPool.logThreadLifeCycle(ThreadPool.java:513)
E/RobotCore( 3836):     at com.qualcomm.hardware.modernrobotics.comm.ReadWriteRunnableStandard.run(ReadWriteRunnableStandard.java:304)
E/RobotCore( 3836):     at java.util.concurrent.ThreadPoolExecutor.runWorker(ThreadPoolExecutor.java:1112)
E/RobotCore( 3836):     at java.util.concurrent.ThreadPoolExecutor$Worker.run(ThreadPoolExecutor.java:587)
E/RobotCore( 3836):     at java.lang.Thread.run(Thread.java:841)
V/RobotUsbDeviceFtdi( 3836): closing AL00VW5E
V/RobotCore( 3836): thread: ...terminating 'r/w loop: Modern Robotics USB DC Motor Controller [AL00VW5E]'
D/RobotCore( 3836): system telemetry: key=$System$Warning$ msg="problem communicating with Modern Robotics USB DC Motor Controller [AL00VW5E]"
V/RobotCore( 3836): event loop: device has shutdown abnormally
V/RobotCore( 3836): event loop: detaching device owner
I/FIRST   ( 3836): ======= MODULE DETACH RECOVERY: disarm Modern Robotics USB DC Motor Controller [AL00VW5E]=======
D/RobotCore( 3836): disarming modern motor controller Modern Robotics USB DC Motor Controller [AL00VW5E]...
V/RobotCore( 3836): waiting for service ReadWriteRunnable for Modern Robotics USB Device
V/RobotCore( 3836): awaitTermination returned, isTerminated=true
V/RobotCore( 3836): executive service ReadWriteRunnable for Modern Robotics USB Device is terminated
V/RobotUsbDeviceFtdi( 3836): closing AL00VW5E
D/RobotCore( 3836): ...disarming modern motor controller Modern Robotics USB DC Motor Controller [AL00VW5E] complete
I/FIRST   ( 3836): ======= MODULE DETACH RECOVERY: pretend Modern Robotics USB DC Motor Controller [AL00VW5E]=======
D/RobotCore( 3836): arming modern motor controller Modern Robotics USB DC Motor Controller [AL00VW5E] (pretend)...
V/RobotCore( 3836): Starting up pretend device AL00VW5E
E/MediaPlayer-JNI( 3836): QCMediaPlayer mediaplayer NOT present
V/RobotCore( 3836): thread: 'r/w loop: Modern Robotics USB DC Motor Controller [AL00VW5E]' starting...
D/Sonivox (  268): file[-1199012736]: EAS_HWOpenFile ---->. mDrmManagerClient[0], mDrmBufOffset[0], mDrmBufSize[0], mDrmBuf[0]
D/Sonivox (  268): wangchong: path is NULL
D/PRDrmPlugIn(  266): PRDrmPlugin::onInitialize, uniqueId = 7031
D/PRDrmPlugIn(  266): PRDrmPlugin::onSetOnInfoListener: starts! uniqueId = 7031
D/PRDrmPlugIn(  266): PRDrmPlugin::onSetOnInfoListener: ends!
D/LockScreen_KeyguardViewMediator(  978): setHidden false
D/LockScreen_KeyguardUpdateMonitor(  978): sendKeyguardVisibilityChanged(true)
D/LockScreen_KeyguardUpdateMonitor(  978): handleKeyguardVisibilityChanged(1)
D/RobotCore( 3836): ...arming modern motor controller Modern Robotics USB DC Motor Controller [AL00VW5E] complete
D/Sonivox (  268): [qwu ]FileSource::canHandle()begin 
D/Sonivox (  268): [qwu ]FileSource::canHandle()end 
I/FIRST   ( 3836): ======= MODULE DETACH RECOVERY: complete Modern Robotics USB DC Motor Controller [AL00VW5E]=======
D/SensorManager(  811): android: registerListenerImpl  handle=0, light
D/SensorService(  811): xym SensorService::enable---on 0
D/Sonivox (  268): [qwu ]FileSource::canHandle() OK 
D/Sonivox (  268): [qwu ]FileSource::canHandle() failed 
D/DisplayPowerController(  811): ZTE_PM mPowerRequest.screenState is 2
D/DisplayPowerController(  811): ZTE_PM_PROX disable ProxSensor while NO useProximitySensor 
D/DisplayPowerController(  811): ZTE_PM_PROX setProximitySensorEnabled enable = false
D/DisplayPowerController(  811): ZTE_PM  setLightSensorEnabled enable = true updateAutoBrightness = false
D/PRDrmPlugIn(  266): PRDrmPlugin::onTerminate, uniqueId = 7031
D/Sonivox (  268): file[-1199012736]: EAS_HWOpenFile <----. mDrmManagerClient[0], mDrmBufOffset[0], mDrmBufSize[0], mDrmBuf[0]
D/Sonivox (  268): file[-1199012736]: EAS_HWCloseFile ---->. mDrmManagerClient[0], mDrmBufOffset[0], mDrmBufSize[0], mDrmBuf[0]
D/Sonivox (  268): file[-1199012736]: EAS_HWCloseFile <----. mDrmManagerClient[0], mDrmBufOffset[0], mDrmBufSize[0], mDrmBuf[0]
I/ExtendedUtils(  268): AV Sync late margin : Intended=40ms Using=0ms
D/Utils   (  268): printFileName fd(30) -> /data/app/com.qualcomm.ftcrobotcontroller-1.apk
D/LockScreen_KeyguardViewMediator(  978): setHidden false
D/LockScreen_KeyguardUpdateMonitor(  978): sendKeyguardVisibilityChanged(true)
D/LockScreen_KeyguardUpdateMonitor(  978): handleKeyguardVisibilityChanged(1)
D/PRDrmPlugIn(  266): PRDrmPlugin::onInitialize, uniqueId = 6649
D/PRDrmPlugIn(  266): PRDrmPlugin::onSetOnInfoListener: starts! uniqueId = 6649
D/PRDrmPlugIn(  266): PRDrmPlugin::onSetOnInfoListener: ends!
D/PRDrmPlugIn(  266): PRDrmPlugin::onTerminate, uniqueId = 6649
D/ExtendedUtils(  268): extended extractor not needed, return default
D/AudioPolicyManager(  268): copl: isOffloadSupported: SR=44100, CM=0x0, Format=0x17000001, StreamType=3, BitRate=4294967295, duration=1043650 us, has_video=0
D/AudioPolicyManager(  268): copl: PCM offload disabled by property audio.offload.pcm.enable
I/AwesomePlayer(  268): Could not offload audio decode, try pcm offload
D/AudioPolicyManager(  268): copl: isOffloadSupported: SR=44100, CM=0x0, Format=0x17000001, StreamType=3, BitRate=4294967295, duration=1043650 us, has_video=0
D/AudioPolicyManager(  268): copl: PCM offload disabled by property audio.offload.pcm.enable
E/MediaPlayer( 3836): Should have subtitle controller already set
D/Sonivox (  268): file[-1199012736]: EAS_HWOpenFile ---->. mDrmManagerClient[0], mDrmBufOffset[0], mDrmBufSize[0], mDrmBuf[0]
D/Sonivox (  268): wangchong: path is NULL
D/PRDrmPlugIn(  266): PRDrmPlugin::onInitialize, uniqueId = 4901
D/PRDrmPlugIn(  266): PRDrmPlugin::onSetOnInfoListener: starts! uniqueId = 4901
D/PRDrmPlugIn(  266): PRDrmPlugin::onSetOnInfoListener: ends!
D/Sonivox (  268): [qwu ]FileSource::canHandle()begin 
D/Sonivox (  268): [qwu ]FileSource::canHandle()end 
D/Sonivox (  268): [qwu ]FileSource::canHandle() OK 
D/Sonivox (  268): [qwu ]FileSource::canHandle() failed 
D/PRDrmPlugIn(  266): PRDrmPlugin::onTerminate, uniqueId = 4901
D/Sonivox (  268): file[-1199012736]: EAS_HWOpenFile <----. mDrmManagerClient[0], mDrmBufOffset[0], mDrmBufSize[0], mDrmBuf[0]
D/Sonivox (  268): file[-1199012736]: EAS_HWCloseFile ---->. mDrmManagerClient[0], mDrmBufOffset[0], mDrmBufSize[0], mDrmBuf[0]
D/Sonivox (  268): file[-1199012736]: EAS_HWCloseFile <----. mDrmManagerClient[0], mDrmBufOffset[0], mDrmBufSize[0], mDrmBuf[0]
I/ExtendedUtils(  268): AV Sync late margin : Intended=40ms Using=0ms
D/Utils   (  268): printFileName fd(37) -> /data/app/com.qualcomm.ftcrobotcontroller-1.apk
D/PRDrmPlugIn(  266): PRDrmPlugin::onInitialize, uniqueId = 7024
D/PRDrmPlugIn(  266): PRDrmPlugin::onSetOnInfoListener: starts! uniqueId = 7024
D/PRDrmPlugIn(  266): PRDrmPlugin::onSetOnInfoListener: ends!
D/PRDrmPlugIn(  266): PRDrmPlugin::onTerminate, uniqueId = 7024
D/ExtendedUtils(  268): extended extractor not needed, return default
D/AudioPolicyManager(  268): copl: isOffloadSupported: SR=44100, CM=0x0, Format=0x17000001, StreamType=-1, BitRate=4294967295, duration=1043650 us, has_video=0
D/AudioPolicyManager(  268): copl: isOffloadSupported: stream_type != MUSIC, returning false
I/AwesomePlayer(  268): Could not offload audio decode, try pcm offload
D/AudioPolicyManager(  268): copl: isOffloadSupported: SR=44100, CM=0x0, Format=0x17000001, StreamType=-1, BitRate=4294967295, duration=1043650 us, has_video=0
D/AudioPolicyManager(  268): copl: isOffloadSupported: stream_type != MUSIC, returning false
D/AudioPlayer(  268): start of Playback, useOffload 0
D/AudioPlayer(  268): Pause Playback at 928798
D/AudioPlayer(  268): reset: mPlaying=0 mReachedEOS=1 useOffload=0
D/AudioPolicyManager(  268):  getOutput() device 2, stream 3, samplingRate 0, format 0, channelMask 3, flags 0 
D/AudioPolicyManager(  268): getOutput() returns output 2
D/AudioPolicyManager(  268):  getOutput() device 2, stream 3, samplingRate 0, format 0, channelMask 3, flags 0 
D/AudioPolicyManager(  268): getOutput() returns output 2
D/AudioPolicyManager(  268):  getOutput() device 2, stream 3, samplingRate 44100, format 1, channelMask 3, flags 4 
D/AudioPolicyManager(  268): getOutput() returns output 3
D/AudioFlinger(  268): start(4098), calling pid 3836 session 34
D/AudioFlinger(  268): ? => ACTIVE (4098) on thread 0xb8873698
D/AudioPolicyManagerBase(  268): startOutput() output 3, stream 3, session 34
D/audio_hw_primary(  268): start_output_stream: enter: stream(0xb885f960)usecase(1: low-latency-playback) devices(0x2)
D/audio_hw_primary(  268): select_devices: out_snd_device(2: speaker) in_snd_device(0: )
D/hardware_info(  268): hw_info_append_hw_type : device_name = speaker
I/listen_hal_loader(  268): audio_extn_listen_update_device_status(): device 0x2 of type 0 for Event 1, with Raise=0
D/ACDB-LOADER(  268): ACDB -> send_audio_cal, acdb_id = 14, path =  0
D/ACDB-LOADER(  268): ACDB -> send_adm_topology
D/ACDB-LOADER(  268): ACDB -> ACDB_CMD_GET_AUDPROC_COMMON_TOPOLOGY_ID
D/ACDB-LOADER(  268): ACDB -> send_asm_topology
D/ACDB-LOADER(  268): ACDB -> ACDB_CMD_GET_AUDPROC_STREAM_TOPOLOGY_ID
D/ACDB-LOADER(  268): ACDB -> send_audtable
D/ACDB-LOADER(  268): ACDB -> ACDB_CMD_GET_AUDPROC_COMMON_TABLE
D/ACDB-LOADER(  268): ACDB -> AUDIO_SET_AUDPROC_CAL
D/ACDB-LOADER(  268): ACDB -> send_audvoltable
D/ACDB-LOADER(  268): ACDB -> ACDB_CMD_GET_AUDPROC_GAIN_DEP_STEP_TABLE
D/ACDB-LOADER(  268): ACDB -> AUDIO_SET_AUDPROC_VOL_CAL
D/ACDB-LOADER(  268): ACDB -> send_afe_cal
D/ACDB-LOADER(  268): ACDB -> ACDB_CMD_GET_AFE_COMMON_TABLE
D/ACDB-LOADER(  268): ACDB -> AUDIO_SET_AFE_CAL
I/listen_hal_loader(  268): audio_extn_listen_update_stream_status(): uc_id 1 of type 0 for Event 3, with Raise=0
D/audio_hw_primary(  268): select_devices: done
D/ACDB-LOADER(  268): ACDB -> send_audio_cal, acdb_id = 14, path =  0
D/ACDB-LOADER(  268): ACDB -> send_adm_topology
D/ACDB-LOADER(  268): ACDB -> ACDB_CMD_GET_AUDPROC_COMMON_TOPOLOGY_ID
D/ACDB-LOADER(  268): ACDB -> send_asm_topology
D/ACDB-LOADER(  268): ACDB -> ACDB_CMD_GET_AUDPROC_STREAM_TOPOLOGY_ID
D/ACDB-LOADER(  268): ACDB -> send_audtable
D/ACDB-LOADER(  268): ACDB -> ACDB_CMD_GET_AUDPROC_COMMON_TABLE
D/ACDB-LOADER(  268): ACDB -> AUDIO_SET_AUDPROC_CAL
D/ACDB-LOADER(  268): ACDB -> send_audvoltable
D/ACDB-LOADER(  268): ACDB -> ACDB_CMD_GET_AUDPROC_GAIN_DEP_STEP_TABLE
D/ACDB-LOADER(  268): ACDB -> AUDIO_SET_AUDPROC_VOL_CAL
D/ACDB-LOADER(  268): ACDB -> send_afe_cal
D/ACDB-LOADER(  268): ACDB -> ACDB_CMD_GET_AFE_COMMON_TABLE
D/ACDB-LOADER(  268): ACDB -> AUDIO_SET_AFE_CAL
D/SensorService(  811): xym 1 active sensors
E/SensorManager(  811): SensorListener android: light, 
D/PowerManagerService(  811): sendPendingNotificationsLocked mSendGoToSleepFinishedNotificationWhenReady = false
D/DisplayPowerState(  811): Updating screen state: onChanged=false, on= true, backlightChanged=true, backlight=15
E/MRReaderWriter( 3836): AL00VVUU: comm timeout read: header: unable to read 5 bytes in 164 ms: [55 aa 80 40 1e]
W/RobotCore( 3836): could not read Modern Robotics USB DC Motor Controller [AL00VVUU]: comm timeout read: header: unable to read 5 bytes in 164 ms
D/DisplayPowerState(  811): Updating screen state: onChanged=false, on= true, backlightChanged=true, backlight=21
E/MRReaderWriter( 3836): AL00XROI: comm timeout write: header: unable to read 5 bytes in 164 ms: [55 aa 00 90 20]
W/RobotCore( 3836): could not write to Modern Robotics USB Legacy Module [AL00XROI]: comm timeout write: header: unable to read 5 bytes in 164 ms
D/LockScreen_KeyguardViewMediator(  978): setHidden false
D/LockScreen_KeyguardUpdateMonitor(  978): sendKeyguardVisibilityChanged(true)
D/LockScreen_KeyguardUpdateMonitor(  978): handleKeyguardVisibilityChanged(1)
D/ledlog_java_com(  811): Excessive delay setting light: 66ms
D/DisplayPowerState(  811): Updating screen state: onChanged=false, on= true, backlightChanged=true, backlight=35
E/MRReaderWriter( 3836): AL00XOKN: comm timeout read: header: unable to read 5 bytes in 164 ms: [55 aa 80 40 09]
W/RobotCore( 3836): could not read Modern Robotics USB Servo Controller [AL00XOKN]: comm timeout read: header: unable to read 5 bytes in 164 ms
E/MRReaderWriter( 3836): AL00VS9P: comm timeout read: header: unable to read 5 bytes in 164 ms: [55 aa 80 40 1e]
W/RobotCore( 3836): could not read Modern Robotics USB DC Motor Controller [AL00VS9P]: comm timeout read: header: unable to read 5 bytes in 164 ms
D/ledlog_java_com(  811): Excessive delay setting light: 66ms
D/DisplayPowerState(  811): Updating screen state: onChanged=false, on= true, backlightChanged=true, backlight=48
D/DisplayPowerController(  811): updateAmbientLux:  mLightSensorListener lux is 3.0
D/DisplayPowerController(  811): ZTE_PM updateAutoBrightness: useAutoBrightness = true  mAmbientLuxValid = true  mAmbientLux = 3.0
D/DisplayPowerController(  811): updateAutoBrightness: value=0.062454905 *255 = 15.926001
D/DisplayPowerController(  811): ZTE_PM mPowerRequest.screenState is 2
D/DisplayPowerController(  811): ZTE_PM_PROX disable ProxSensor while NO useProximitySensor 
D/DisplayPowerController(  811): ZTE_PM_PROX setProximitySensorEnabled enable = false
D/DisplayPowerController(  811): ZTE_PM  setLightSensorEnabled enable = true updateAutoBrightness = false
D/ledlog_java_com(  811): Excessive delay setting light: 66ms
D/DisplayPowerState(  811): Updating screen state: onChanged=false, on= true, backlightChanged=true, backlight=45
D/DisplayPowerState(  811): Updating screen state: onChanged=false, on= true, backlightChanged=true, backlight=38
E/MRReaderWriter( 3836): AL00VVUU: comm timeout read: sync0: unable to read 1 bytes in 124 ms: [55 aa 80 40 1e]
W/RobotCore( 3836): could not read Modern Robotics USB DC Motor Controller [AL00VVUU]: comm timeout read: sync0: unable to read 1 bytes in 124 ms
D/ledlog_java_com(  811): Excessive delay setting light: 51ms
D/DisplayPowerState(  811): Updating screen state: onChanged=false, on= true, backlightChanged=true, backlight=28
E/MRReaderWriter( 3836): AL00VE3C: comm timeout read: payload: unable to read 32 bytes in 380 ms: [55 aa 80 30 20]
W/RobotCore( 3836): could not read Modern Robotics USB Core Device Interface Module [AL00VE3C]: comm timeout read: payload: unable to read 32 bytes in 380 ms
E/MRReaderWriter( 3836): AL00XROI: comm timeout read: sync0: unable to read 1 bytes in 124 ms: [55 aa 80 03 0d]
W/RobotCore( 3836): could not read Modern Robotics USB Legacy Module [AL00XROI]: comm timeout read: sync0: unable to read 1 bytes in 124 ms
D/ledlog_java_com(  811): Excessive delay setting light: 65ms
D/DisplayPowerState(  811): Updating screen state: onChanged=false, on= true, backlightChanged=true, backlight=16
E/MRReaderWriter( 3836): AL00XOKN: comm timeout write: sync0: unable to read 1 bytes in 124 ms: [55 aa 00 40 09]
W/RobotCore( 3836): could not write to Modern Robotics USB Servo Controller [AL00XOKN]: comm timeout write: sync0: unable to read 1 bytes in 124 ms
E/MRReaderWriter( 3836): AL00VS9P: comm timeout write: sync0: unable to read 1 bytes in 124 ms: [55 aa 00 40 1e]
W/RobotCore( 3836): could not write to Modern Robotics USB DC Motor Controller [AL00VS9P]: comm timeout write: sync0: unable to read 1 bytes in 124 ms
E/MRReaderWriter( 3836): AL00VVUU: comm timeout read: sync0: unable to read 1 bytes in 124 ms: [55 aa 80 40 1e]
W/RobotCore( 3836): could not read Modern Robotics USB DC Motor Controller [AL00VVUU]: comm timeout read: sync0: unable to read 1 bytes in 124 ms
D/DisplayPowerController(  811): updateAmbientLux:  mLightSensorListener lux is 2.0
D/dalvikvm( 3836): GC_CONCURRENT freed 2253K, 39% free 6783K/11092K, paused 4ms+3ms, total 48ms
V/UsbRequest( 3836): endpoint still open in finalize(): android.hardware.usb.UsbRequest@41efecc0
D/UsbRequestJNI( 3836): close
E/MRReaderWriter( 3836): AL00VE3C: comm timeout write: sync0: unable to read 1 bytes in 124 ms: [55 aa 00 30 20]
W/RobotCore( 3836): could not write to Modern Robotics USB Core Device Interface Module [AL00VE3C]: comm timeout write: sync0: unable to read 1 bytes in 124 ms
E/MRReaderWriter( 3836): AL00XROI: comm timeout write: sync0: unable to read 1 bytes in 124 ms: [55 aa 00 b0 20]
W/RobotCore( 3836): could not write to Modern Robotics USB Legacy Module [AL00XROI]: comm timeout write: sync0: unable to read 1 bytes in 124 ms
E/MRReaderWriter( 3836): AL00XOKN: comm timeout read: sync0: unable to read 1 bytes in 124 ms: [55 aa 80 40 09]
W/RobotCore( 3836): could not read Modern Robotics USB Servo Controller [AL00XOKN]: comm timeout read: sync0: unable to read 1 bytes in 124 ms
E/MRReaderWriter( 3836): AL00VS9P: comm timeout read: sync0: unable to read 1 bytes in 124 ms: [55 aa 80 40 1e]
W/RobotCore( 3836): could not read Modern Robotics USB DC Motor Controller [AL00VS9P]: comm timeout read: sync0: unable to read 1 bytes in 124 ms
E/MRReaderWriter( 3836): AL00VVUU: comm timeout write: sync0: unable to read 1 bytes in 124 ms: [55 aa 00 40 1e]
W/RobotCore( 3836): could not write to Modern Robotics USB DC Motor Controller [AL00VVUU]: comm timeout write: sync0: unable to read 1 bytes in 124 ms
E/MRReaderWriter( 3836): AL00VE3C: comm timeout read: sync0: unable to read 1 bytes in 124 ms: [55 aa 80 03 15]
W/RobotCore( 3836): could not read Modern Robotics USB Core Device Interface Module [AL00VE3C]: comm timeout read: sync0: unable to read 1 bytes in 124 ms
E/MRReaderWriter( 3836): AL00XROI: comm timeout read: sync0: unable to read 1 bytes in 124 ms: [55 aa 80 03 0d]
W/RobotCore( 3836): could not read Modern Robotics USB Legacy Module [AL00XROI]: comm timeout read: sync0: unable to read 1 bytes in 124 ms
E/MRReaderWriter( 3836): AL00XOKN: comm timeout write: sync0: unable to read 1 bytes in 124 ms: [55 aa 00 40 09]
W/RobotCore( 3836): could not write to Modern Robotics USB Servo Controller [AL00XOKN]: comm timeout write: sync0: unable to read 1 bytes in 124 ms
E/MRReaderWriter( 3836): AL00VS9P: comm timeout write: sync0: unable to read 1 bytes in 124 ms: [55 aa 00 40 1e]
W/RobotCore( 3836): could not write to Modern Robotics USB DC Motor Controller [AL00VS9P]: comm timeout write: sync0: unable to read 1 bytes in 124 ms
E/MRReaderWriter( 3836): AL00VVUU: comm timeout read: sync0: unable to read 1 bytes in 124 ms: [55 aa 80 40 1e]
W/RobotCore( 3836): could not read Modern Robotics USB DC Motor Controller [AL00VVUU]: comm timeout read: sync0: unable to read 1 bytes in 124 ms
E/MRReaderWriter( 3836): AL00VE3C: comm timeout write: sync0: unable to read 1 bytes in 124 ms: [55 aa 00 30 20]
W/RobotCore( 3836): could not write to Modern Robotics USB Core Device Interface Module [AL00VE3C]: comm timeout write: sync0: unable to read 1 bytes in 124 ms
D/DisplayPowerController(  811): updateAmbientLux:  mLightSensorListener lux is 3.0
E/MRReaderWriter( 3836): AL00XROI: comm timeout write: sync0: unable to read 1 bytes in 124 ms: [55 aa 00 4f 01]
W/RobotCore( 3836): could not write to Modern Robotics USB Legacy Module [AL00XROI]: comm timeout write: sync0: unable to read 1 bytes in 124 ms
E/MRReaderWriter( 3836): AL00XOKN: comm timeout read: sync0: unable to read 1 bytes in 124 ms: [55 aa 80 40 09]
W/RobotCore( 3836): could not read Modern Robotics USB Servo Controller [AL00XOKN]: comm timeout read: sync0: unable to read 1 bytes in 124 ms
E/MRReaderWriter( 3836): AL00VS9P: comm timeout read: sync0: unable to read 1 bytes in 124 ms: [55 aa 80 40 1e]
W/RobotCore( 3836): could not read Modern Robotics USB DC Motor Controller [AL00VS9P]: comm timeout read: sync0: unable to read 1 bytes in 124 ms
E/MRReaderWriter( 3836): AL00VVUU: comm timeout write: sync0: unable to read 1 bytes in 124 ms: [55 aa 00 40 1e]
W/RobotCore( 3836): could not write to Modern Robotics USB DC Motor Controller [AL00VVUU]: comm timeout write: sync0: unable to read 1 bytes in 124 ms
E/MRReaderWriter( 3836): AL00VE3C: comm timeout read: sync0: unable to read 1 bytes in 124 ms: [55 aa 80 03 15]
W/RobotCore( 3836): could not read Modern Robotics USB Core Device Interface Module [AL00VE3C]: comm timeout read: sync0: unable to read 1 bytes in 124 ms
V/Robocol ( 3836): received command: CMD_INIT_OP_MODE(10786) $Stop$Robot$
E/MRReaderWriter( 3836): AL00XROI: comm timeout read: sync0: unable to read 1 bytes in 124 ms: [55 aa 80 03 0d]
W/RobotCore( 3836): could not read Modern Robotics USB Legacy Module [AL00XROI]: comm timeout read: sync0: unable to read 1 bytes in 124 ms
D/DisplayPowerController(  811): updateAmbientLux:  mLightSensorListener lux is 4.0
E/MRReaderWriter( 3836): AL00XOKN: comm timeout write: sync0: unable to read 1 bytes in 124 ms: [55 aa 00 40 09]
W/RobotCore( 3836): could not write to Modern Robotics USB Servo Controller [AL00XOKN]: comm timeout write: sync0: unable to read 1 bytes in 124 ms
E/MRReaderWriter( 3836): AL00VS9P: comm timeout write: sync0: unable to read 1 bytes in 124 ms: [55 aa 00 40 1e]
W/RobotCore( 3836): could not write to Modern Robotics USB DC Motor Controller [AL00VS9P]: comm timeout write: sync0: unable to read 1 bytes in 124 ms
E/MRReaderWriter( 3836): AL00VVUU: comm timeout read: sync0: unable to read 1 bytes in 124 ms: [55 aa 80 40 1e]
W/RobotCore( 3836): could not read Modern Robotics USB DC Motor Controller [AL00VVUU]: comm timeout read: sync0: unable to read 1 bytes in 124 ms
E/MRReaderWriter( 3836): AL00VE3C: comm timeout write: sync0: unable to read 1 bytes in 124 ms: [55 aa 00 30 20]
W/RobotCore( 3836): could not write to Modern Robotics USB Core Device Interface Module [AL00VE3C]: comm timeout write: sync0: unable to read 1 bytes in 124 ms
E/MRReaderWriter( 3836): AL00XROI: comm timeout write: sync0: unable to read 1 bytes in 124 ms: [55 aa 00 6f 01]
W/RobotCore( 3836): could not write to Modern Robotics USB Legacy Module [AL00XROI]: comm timeout write: sync0: unable to read 1 bytes in 124 ms
E/MRReaderWriter( 3836): AL00XOKN: comm timeout read: sync0: unable to read 1 bytes in 124 ms: [55 aa 80 40 09]
W/RobotCore( 3836): could not read Modern Robotics USB Servo Controller [AL00XOKN]: comm timeout read: sync0: unable to read 1 bytes in 124 ms
D/DisplayPowerController(  811): updateAmbientLux:  mLightSensorListener lux is 5.0
E/MRReaderWriter( 3836): AL00VS9P: comm timeout read: sync0: unable to read 1 bytes in 124 ms: [55 aa 80 40 1e]
W/RobotCore( 3836): could not read Modern Robotics USB DC Motor Controller [AL00VS9P]: comm timeout read: sync0: unable to read 1 bytes in 124 ms
E/MRReaderWriter( 3836): AL00VVUU: comm timeout write: sync0: unable to read 1 bytes in 124 ms: [55 aa 00 40 1e]
W/RobotCore( 3836): could not write to Modern Robotics USB DC Motor Controller [AL00VVUU]: comm timeout write: sync0: unable to read 1 bytes in 124 ms
D/DisplayPowerController(  811): updateAmbientLux:  mLightSensorListener lux is 6.0
D/LockScreen_KeyguardViewMediator(  978): setHidden false
D/LockScreen_KeyguardUpdateMonitor(  978): sendKeyguardVisibilityChanged(true)
D/LockScreen_KeyguardUpdateMonitor(  978): handleKeyguardVisibilityChanged(1)
E/MRReaderWriter( 3836): AL00VE3C: comm timeout read: sync0: unable to read 1 bytes in 124 ms: [55 aa 80 03 15]
W/RobotCore( 3836): could not read Modern Robotics USB Core Device Interface Module [AL00VE3C]: comm timeout read: sync0: unable to read 1 bytes in 124 ms
E/MRReaderWriter( 3836): AL00XROI: comm timeout read: sync0: unable to read 1 bytes in 124 ms: [55 aa 80 03 0d]
W/RobotCore( 3836): could not read Modern Robotics USB Legacy Module [AL00XROI]: comm timeout read: sync0: unable to read 1 bytes in 124 ms
E/MRReaderWriter( 3836): AL00XOKN: comm timeout write: sync0: unable to read 1 bytes in 124 ms: [55 aa 00 40 09]
W/RobotCore( 3836): could not write to Modern Robotics USB Servo Controller [AL00XOKN]: comm timeout write: sync0: unable to read 1 bytes in 124 ms
E/MRReaderWriter( 3836): AL00VS9P: comm timeout write: sync0: unable to read 1 bytes in 124 ms: [55 aa 00 40 1e]
W/RobotCore( 3836): could not write to Modern Robotics USB DC Motor Controller [AL00VS9P]: comm timeout write: sync0: unable to read 1 bytes in 124 ms
E/MRReaderWriter( 3836): AL00VVUU: comm timeout read: sync0: unable to read 1 bytes in 124 ms: [55 aa 80 40 1e]
W/RobotCore( 3836): could not read Modern Robotics USB DC Motor Controller [AL00VVUU]: comm timeout read: sync0: unable to read 1 bytes in 124 ms
E/MRReaderWriter( 3836): AL00VE3C: comm timeout write: sync0: unable to read 1 bytes in 124 ms: [55 aa 00 30 20]
