D/LockScreen_KeyguardUpdateMonitor(  978): handleKeyguardVisibilityChanged(1)
D/DisplayPowerController(  811): updateAmbientLux:  mLightSensorListener lux is 37.0
D/LockScreen_KeyguardViewMediator(  978): setHidden false
D/LockScreen_KeyguardUpdateMonitor(  978): sendKeyguardVisibilityChanged(true)
D/LockScreen_KeyguardUpdateMonitor(  978): handleKeyguardVisibilityChanged(1)
D/PowerManagerService(  811): sendPendingNotificationsLocked mSendGoToSleepFinishedNotificationWhenReady = false
D/LightsService(  811):  Trun on the button and after 2000s,then turn off the button !
D/DisplayPowerController(  811): updateAmbientLux:  mLightSensorListener lux is 52.0
I/Timeline(  811): Timeline: Activity_windows_visible id: ActivityRecord{418ff4c0 u0 com.android.systemui/.recent.RecentsActivity t23} time:3837539
D/LockScreen_KeyguardViewMediator(  978): setHidden false
D/LockScreen_KeyguardUpdateMonitor(  978): sendKeyguardVisibilityChanged(true)
D/LockScreen_KeyguardViewMediator(  978): setHidden false
D/LockScreen_KeyguardUpdateMonitor(  978): sendKeyguardVisibilityChanged(true)
V/RCActivity( 5722): onStop()
V/RobotCore( 5722): waiting for service robot setup
D/PowerManagerService(  811): sendPendingNotificationsLocked mSendGoToSleepFinishedNotificationWhenReady = false
D/LightsService(  811):  Trun on the button and after 2000s,then turn off the button !
D/PowerManagerService(  811): sendPendingNotificationsLocked mSendGoToSleepFinishedNotificationWhenReady = false
V/RobotCore( 5722): Robot Status: stopped, internal error
V/RobotCore( 5722): thread: ...terminating 'RobotSetupRunnable.run()'
V/RobotCore( 5722): awaitTermination returned, isTerminated=true
V/RobotCore( 5722): executive service robot setup is terminated
V/RobotCore( 5722): Robot Status: stopped
D/LockScreen_KeyguardUpdateMonitor(  978): handleKeyguardVisibilityChanged(1)
D/LockScreen_KeyguardUpdateMonitor(  978): handleKeyguardVisibilityChanged(1)
D/LockScreen_KeyguardViewMediator(  978): setHidden false
D/LockScreen_KeyguardUpdateMonitor(  978): sendKeyguardVisibilityChanged(true)
D/LockScreen_KeyguardViewMediator(  978): setHidden false
D/LockScreen_KeyguardUpdateMonitor(  978): sendKeyguardVisibilityChanged(true)
D/LockScreen_KeyguardUpdateMonitor(  978): handleKeyguardVisibilityChanged(1)
D/LockScreen_KeyguardUpdateMonitor(  978): handleKeyguardVisibilityChanged(1)
I/RobotCore( 5722): Battery Checker, Level Remaining: 87.0
I/RobotCore( 5722): Battery Checker, Level Remaining: 87.0
W/ContextImpl(  811): Calling a method in the system process without a qualified user: android.app.ContextImpl.sendBroadcast:1213 com.android.internal.policy.impl.PhoneWindowManager.interceptKeyBeforeQueueing:4268 com.android.server.wm.InputMonitor.interceptKeyBeforeQueueing:357 com.android.server.input.InputManagerService.interceptKeyBeforeQueueing:1343 dalvik.system.NativeStart.run:-2 
D/DisplayPowerController(  811): updateAmbientLux:  mLightSensorListener lux is 122.0
D/DisplayPowerController(  811): updateAmbientLux:  mLightSensorListener lux is 164.0
D/PowerManagerService(  811): sendPendingNotificationsLocked mSendGoToSleepFinishedNotificationWhenReady = false
D/LightsService(  811):  Trun on the button and after 2000s,then turn off the button !
I/System.out( 5722): Sigma2016 -- sensor reading thread did not run for 12ms
D/DisplayPowerController(  811): updateAmbientLux:  mLightSensorListener lux is 79.0
I/System.out( 5722): Sigma2016 -- sensor reading thread did not run for 11ms
I/System.out( 5722): Sigma2016 -- sensor reading thread did not run for 15ms
D/dalvikvm(  811): GC_FOR_ALLOC freed 461K, 18% free 13562K/16452K, paused 89ms, total 89ms
D/PowerManagerService(  811): sendPendingNotificationsLocked mSendGoToSleepFinishedNotificationWhenReady = false
I/ActivityManager(  811): Killing 5493:com.android.keychain/1000 (adj 15): empty #17
I/ActivityManager(  811): Killing 5722:com.qualcomm.ftcrobotcontroller/u0a112 (adj 9): remove task
D/LockScreen_KeyguardViewMediator(  978): setHidden false
D/LockScreen_KeyguardUpdateMonitor(  978): sendKeyguardVisibilityChanged(true)
D/LockScreen_KeyguardViewMediator(  978): setHidden false
D/LockScreen_KeyguardUpdateMonitor(  978): sendKeyguardVisibilityChanged(true)
D/LockScreen_KeyguardUpdateMonitor(  978): handleKeyguardVisibilityChanged(1)
D/LockScreen_KeyguardUpdateMonitor(  978): handleKeyguardVisibilityChanged(1)
D/LockScreen_KeyguardViewMediator(  978): setHidden false
D/LockScreen_KeyguardUpdateMonitor(  978): sendKeyguardVisibilityChanged(true)
D/LockScreen_KeyguardUpdateMonitor(  978): handleKeyguardVisibilityChanged(1)
E/Launcher( 1218): onResume____ mRestoring=false___ mOnResumeNeedsLoad=false, getIsDisplayAddToHome ()=false
D/DisplayPowerController(  811): updateAmbientLux:  mLightSensorListener lux is 72.0
D/dalvikvm( 1218): GC_CONCURRENT freed 6719K, 36% free 19376K/30184K, paused 6ms+2ms, total 42ms
D/dalvikvm( 1218): WAIT_FOR_CONCURRENT_GC blocked 36ms
D/WifiService(  811): Client connection lost with reason: 4
D/WifiService(  811): releaseWifiLockLocked: WifiLock{ type=3 binder=android.os.BinderProxy@41f34d58}
I/WindowState(  811): WIN DEATH: Window{4218c338 u0 com.qualcomm.ftcrobotcontroller/org.firstinspires.ftc.robotcontroller.internal.FtcRobotControllerActivity}
D/LockScreen_KeyguardViewMediator(  978): setHidden false
D/LockScreen_KeyguardUpdateMonitor(  978): sendKeyguardVisibilityChanged(true)
F/ActivityManager(  811): Service ServiceRecord{422f0ca0 u0 com.qualcomm.ftcrobotcontroller/com.qualcomm.ftccommon.FtcRobotControllerService} in process ProcessRecord{420fdfd0 5722:com.qualcomm.ftcrobotcontroller/u0a112} not same as in map: null
D/LockScreen_KeyguardUpdateMonitor(  978): handleKeyguardVisibilityChanged(1)
D/LockScreen_KeyguardViewMediator(  978): setHidden false
D/LockScreen_KeyguardUpdateMonitor(  978): sendKeyguardVisibilityChanged(true)
D/LockScreen_KeyguardUpdateMonitor(  978): handleKeyguardVisibilityChanged(1)
D/LockScreen_KeyguardViewMediator(  978): setHidden false
D/LockScreen_KeyguardUpdateMonitor(  978): sendKeyguardVisibilityChanged(true)
D/LockScreen_KeyguardUpdateMonitor(  978): handleKeyguardVisibilityChanged(1)
D/AutotriggerReceiver( 5677): [onReceive]  Intent { act=android.intent.action.DROPBOX_ENTRY_ADDED flg=0x10 cmp=com.qualcomm.logkit/.autotrigger.AutotriggerReceiver (has extras) }
W/BackupManagerService(  811): dataChanged but no participant pkg='com.android.providers.settings' uid=10017
D/LockScreen_KeyguardViewMediator(  978): setHidden false
D/LockScreen_KeyguardUpdateMonitor(  978): sendKeyguardVisibilityChanged(true)
D/LockScreen_KeyguardUpdateMonitor(  978): handleKeyguardVisibilityChanged(1)
D/LockScreen_KeyguardViewMediator(  978): setHidden false
D/LockScreen_KeyguardUpdateMonitor(  978): sendKeyguardVisibilityChanged(true)
D/LockScreen_KeyguardUpdateMonitor(  978): handleKeyguardVisibilityChanged(1)
I/Timeline( 1218): Timeline: Activity_idle id: android.os.BinderProxy@418e6a78 time:3838470
D/LockScreen_KeyguardViewMediator(  978): setHidden false
D/LockScreen_KeyguardUpdateMonitor(  978): sendKeyguardVisibilityChanged(true)
D/LockScreen_KeyguardUpdateMonitor(  978): handleKeyguardVisibilityChanged(1)
D/LockScreen_KeyguardViewMediator(  978): setHidden false
D/LockScreen_KeyguardUpdateMonitor(  978): sendKeyguardVisibilityChanged(true)
D/LockScreen_KeyguardViewMediator(  978): setHidden false
D/LockScreen_KeyguardUpdateMonitor(  978): sendKeyguardVisibilityChanged(true)
D/PowerManagerService(  811): sendPendingNotificationsLocked mSendGoToSleepFinishedNotificationWhenReady = false
D/LockScreen_KeyguardViewMediator(  978): setHidden false
D/LockScreen_KeyguardUpdateMonitor(  978): sendKeyguardVisibilityChanged(true)
D/LockScreen_KeyguardViewMediator(  978): setHidden false
D/LockScreen_KeyguardUpdateMonitor(  978): sendKeyguardVisibilityChanged(true)
D/LockScreen_KeyguardUpdateMonitor(  978): handleKeyguardVisibilityChanged(1)
D/LockScreen_KeyguardUpdateMonitor(  978): handleKeyguardVisibilityChanged(1)
D/LockScreen_KeyguardUpdateMonitor(  978): handleKeyguardVisibilityChanged(1)
D/LockScreen_KeyguardUpdateMonitor(  978): handleKeyguardVisibilityChanged(1)
D/DisplayPowerController(  811): updateAmbientLux:  mLightSensorListener lux is 63.0
D/DisplayPowerController(  811): updateAmbientLux:  mLightSensorListener lux is 116.0
I/Timeline(  811): Timeline: Activity_windows_visible id: ActivityRecord{41a5ceb0 u0 com.zte.milauncher/com.android.launcher2.Launcher t1} time:3838754
D/LockScreen_KeyguardViewMediator(  978): setHidden false
D/LockScreen_KeyguardUpdateMonitor(  978): sendKeyguardVisibilityChanged(true)
D/LockScreen_KeyguardViewMediator(  978): setHidden false
D/LockScreen_KeyguardUpdateMonitor(  978): sendKeyguardVisibilityChanged(true)
D/RecentsButtonBarView(  978): getRecentsPanelView - panel: com.android.systemui.recent.RecentsPanelView{4275f968 VFED.... .F....ID 0,0-480,854 #7f070094 app:id/recents_root}
D/LockScreen_KeyguardViewMediator(  978): setHidden false
D/LockScreen_KeyguardUpdateMonitor(  978): sendKeyguardVisibilityChanged(true)
D/LockScreen_KeyguardUpdateMonitor(  978): handleKeyguardVisibilityChanged(1)
D/LockScreen_KeyguardUpdateMonitor(  978): handleKeyguardVisibilityChanged(1)
D/LockScreen_KeyguardViewMediator(  978): setHidden false
D/LockScreen_KeyguardUpdateMonitor(  978): sendKeyguardVisibilityChanged(true)
D/LockScreen_KeyguardUpdateMonitor(  978): handleKeyguardVisibilityChanged(1)
D/LockScreen_KeyguardUpdateMonitor(  978): handleKeyguardVisibilityChanged(1)
D/DisplayPowerController(  811): updateAmbientLux:  mLightSensorListener lux is 219.0
D/DisplayPowerController(  811): updateAmbientLux:  mLightSensorListener lux is 459.0
D/DisplayPowerController(  811): updateAmbientLux:  mLightSensorListener lux is 448.0
D/DisplayPowerController(  811): updateAmbientLux:  mLightSensorListener lux is 447.0
D/DisplayPowerController(  811): updateAmbientLux:  mLightSensorListener lux is 297.0
D/DisplayPowerController(  811): updateAmbientLux:  mLightSensorListener lux is 288.0
D/DisplayPowerController(  811): updateAmbientLux:  mLightSensorListener lux is 354.0
D/DisplayPowerController(  811): ZTE_PM updateAutoBrightness: useAutoBrightness = true  mAmbientLuxValid = true  mAmbientLux = 247.37024
D/DisplayPowerController(  811): updateAutoBrightness: value=0.42304668 *255 = 107.8769
D/DisplayPowerController(  811): ZTE_PM mPowerRequest.screenState is 2
D/DisplayPowerController(  811): ZTE_PM_PROX disable ProxSensor while NO useProximitySensor 
D/DisplayPowerController(  811): ZTE_PM_PROX setProximitySensorEnabled enable = false
D/DisplayPowerController(  811): ZTE_PM  setLightSensorEnabled enable = true updateAutoBrightness = false
D/DisplayPowerState(  811): Updating screen state: onChanged=false, on= true, backlightChanged=true, backlight=44
D/ledlog_java_com(  811): Excessive delay setting light: 65ms
D/DisplayPowerState(  811): Updating screen state: onChanged=false, on= true, backlightChanged=true, backlight=54
D/DisplayPowerController(  811): updateAmbientLux:  mLightSensorListener lux is 325.0
D/ledlog_java_com(  811): Excessive delay setting light: 63ms
D/DisplayPowerState(  811): Updating screen state: onChanged=false, on= true, backlightChanged=true, backlight=68
W/System.err(  811): android.provider.Settings$SettingNotFoundException: light_duration
D/LightsService(  811):  turnOffButtonLight   mButtonLightTimeout = 2000
W/System.err(  811): 	at android.provider.Settings$System.getIntForUser(Settings.java:1250)
W/System.err(  811): 	at android.provider.Settings$System.getInt(Settings.java:1240)
W/System.err(  811): 	at com.android.server.LightsService.turnOffButtonLight(LightsService.java:96)
W/System.err(  811): 	at com.android.server.LightsService$2.handleMessage(LightsService.java:301)
W/System.err(  811): 	at android.os.Handler.dispatchMessage(Handler.java:102)
W/System.err(  811): 	at android.os.Looper.loop(Looper.java:136)
W/System.err(  811): 	at com.android.server.ServerThread.initAndLoop(SystemServer.java:1181)
W/System.err(  811): 	at com.android.server.SystemServer.main(SystemServer.java:1306)
W/System.err(  811): 	at java.lang.reflect.Method.invokeNative(Native Method)
W/System.err(  811): 	at java.lang.reflect.Method.invoke(Method.java:515)
W/System.err(  811): 	at com.android.internal.os.ZygoteInit$MethodAndArgsCaller.run(ZygoteInit.java:786)
W/System.err(  811): 	at com.android.internal.os.ZygoteInit.main(ZygoteInit.java:602)
W/System.err(  811): 	at dalvik.system.NativeStart.main(Native Method)
D/ledlog_java_com(  811): Excessive delay setting light: 67ms
D/DisplayPowerState(  811): Updating screen state: onChanged=false, on= true, backlightChanged=true, backlight=81
D/ledlog_java_com(  811): Excessive delay setting light: 66ms
D/DisplayPowerState(  811): Updating screen state: onChanged=false, on= true, backlightChanged=true, backlight=94
D/DisplayPowerController(  811): updateAmbientLux:  mLightSensorListener lux is 302.0
D/ledlog_java_com(  811): Excessive delay setting light: 66ms
D/DisplayPowerState(  811): Updating screen state: onChanged=false, on= true, backlightChanged=true, backlight=108
D/ledlog_java_com(  811): Excessive delay setting light: 220ms
D/ledlog_java_com(  811): Excessive delay setting light: 67ms
D/DisplayPowerController(  811): updateAmbientLux:  mLightSensorListener lux is 273.0
D/DisplayPowerController(  811): updateAmbientLux:  mLightSensorListener lux is 263.0
D/DisplayPowerController(  811): updateAmbientLux:  mLightSensorListener lux is 261.0
D/DisplayPowerController(  811): updateAmbientLux:  mLightSensorListener lux is 258.0
D/DisplayPowerController(  811): updateAmbientLux:  mLightSensorListener lux is 254.0
D/DisplayPowerController(  811): updateAmbientLux:  mLightSensorListener lux is 246.0
D/DisplayPowerController(  811): updateAmbientLux:  mLightSensorListener lux is 238.0
D/DisplayPowerController(  811): updateAmbientLux:  mLightSensorListener lux is 232.0
D/DisplayPowerController(  811): updateAmbientLux:  mLightSensorListener lux is 226.0
D/DisplayPowerController(  811): updateAmbientLux:  mLightSensorListener lux is 225.0
D/DisplayPowerController(  811): updateAmbientLux:  mLightSensorListener lux is 274.0
D/DisplayPowerController(  811): updateAmbientLux:  mLightSensorListener lux is 295.0
D/DisplayPowerController(  811): updateAmbientLux:  mLightSensorListener lux is 308.0
D/DisplayPowerController(  811): updateAmbientLux:  mLightSensorListener lux is 309.0
D/DisplayPowerController(  811): updateAmbientLux:  mLightSensorListener lux is 320.0
D/DisplayPowerController(  811): updateAmbientLux:  mLightSensorListener lux is 265.0
D/DisplayPowerController(  811): updateAmbientLux:  mLightSensorListener lux is 211.0
D/DisplayPowerController(  811): updateAmbientLux:  mLightSensorListener lux is 29.0
D/DisplayPowerController(  811): updateAmbientLux:  mLightSensorListener lux is 240.0
D/DisplayPowerController(  811): updateAmbientLux:  mLightSensorListener lux is 227.0
D/DisplayPowerController(  811): updateAmbientLux:  mLightSensorListener lux is 188.0
D/DisplayPowerController(  811): updateAmbientLux:  mLightSensorListener lux is 140.0
D/DisplayPowerController(  811): updateAmbientLux:  mLightSensorListener lux is 30.0
D/DisplayPowerController(  811): updateAmbientLux:  mLightSensorListener lux is 174.0
D/DisplayPowerController(  811): updateAmbientLux:  mLightSensorListener lux is 229.0
D/DisplayPowerController(  811): updateAmbientLux:  mLightSensorListener lux is 211.0
D/DisplayPowerController(  811): updateAmbientLux:  mLightSensorListener lux is 182.0
D/DisplayPowerController(  811): updateAmbientLux:  mLightSensorListener lux is 77.0
D/DisplayPowerController(  811): updateAmbientLux:  mLightSensorListener lux is 19.0
D/DisplayPowerController(  811): updateAmbientLux:  mLightSensorListener lux is 15.0
D/DisplayPowerController(  811): updateAmbientLux:  mLightSensorListener lux is 14.0
D/BatteryService(  811): ZTE Sending ACTION_BATTERY_CHANGED.  level:87, scale:100, status:3, health:2, present:true, voltage: 4131, temperature: 270, technology: Li-ion, AC powered:false, USB powered:false, Wireless powered:false, icon:17302952, invalid charger:0
D/WifiApPowerMode(  811): ACTION_BATTERY_CHANGED received. pluggedType=0 mUSBConnected=false
D/LockScreen_KeyguardUpdateMonitor(  978): received broadcast android.intent.action.BATTERY_CHANGED
D/LockScreen_DMLockCodeController(  978): canAcceptIntent - can: false
D/LockScreen_CMASAlertController(  978): canAcceptIntent - can: false
D/LockScreen_KeyguardUpdateMonitor(  978): handleBatteryUpdate
D/WifiController(  811): battery changed pluggedType: 0
D/PowerManagerService(  811): sendPendingNotificationsLocked mSendGoToSleepFinishedNotificationWhenReady = false
D/DisplayPowerController(  811): updateAmbientLux:  mLightSensorListener lux is 11.0
D/DisplayPowerController(  811): updateAmbientLux:  mLightSensorListener lux is 10.0
D/DisplayPowerController(  811): updateAmbientLux:  mLightSensorListener lux is 9.0
D/DisplayPowerController(  811): updateAmbientLux:  mLightSensorListener lux is 7.0
D/DisplayPowerController(  811): updateAmbientLux:  mLightSensorListener lux is 6.0
D/DisplayPowerController(  811): updateAmbientLux:  mLightSensorListener lux is 5.0
D/DisplayPowerController(  811): updateAmbientLux:  mLightSensorListener lux is 4.0
D/PowerManagerService_DumpWakeLock(  811): Dump interval is: 27 s
D/PowerManagerService_DumpWakeLock(  811):  Current State is: Awake
D/PowerManagerService_DumpWakeLock(  811): Screen off timeout: 300000 ms
D/PowerManagerService_DumpWakeLock(  811): Screen dim duration: 7000 ms
D/PowerManagerService_DumpWakeLock(  811): Suspend Blockers: size=5
D/PowerManagerService_DumpWakeLock(  811):   PowerManagerService.WakeLocks: ref count=0
D/PowerManagerService_DumpWakeLock(  811):   PowerManagerService.Display: ref count=1
D/PowerManagerService_DumpWakeLock(  811):   PowerManagerService.Proximity: ref count=0
D/PowerManagerService_DumpWakeLock(  811):   PowerManagerService.Broadcasts: ref count=0
D/PowerManagerService_DumpWakeLock(  811):   PowerManagerService.WirelessChargerDetector: ref count=0
D/PowerManagerService_DumpWakeLock(  811): Screen On Blocker: held=false, mNestCount=0
D/PowerManagerService_DumpWakeLock(  811): Display Blanker: blanked=false
D/DisplayPowerController(  811): ZTE_PM updateAutoBrightness: useAutoBrightness = true  mAmbientLuxValid = true  mAmbientLux = 15.272099
D/DisplayPowerController(  811): updateAutoBrightness: value=0.12990516 *255 = 33.125816
D/DisplayPowerController(  811): ZTE_PM mPowerRequest.screenState is 2
D/DisplayPowerController(  811): ZTE_PM_PROX disable ProxSensor while NO useProximitySensor 
D/DisplayPowerController(  811): ZTE_PM_PROX setProximitySensorEnabled enable = false
D/DisplayPowerController(  811): ZTE_PM  setLightSensorEnabled enable = true updateAutoBrightness = false
D/DisplayPowerState(  811): Updating screen state: onChanged=false, on= true, backlightChanged=true, backlight=106
D/ledlog_java_com(  811): Excessive delay setting light: 64ms
D/DisplayPowerState(  811): Updating screen state: onChanged=false, on= true, backlightChanged=true, backlight=96
D/ledlog_java_com(  811): Excessive delay setting light: 66ms
D/DisplayPowerState(  811): Updating screen state: onChanged=false, on= true, backlightChanged=true, backlight=83
D/ledlog_java_com(  811): Excessive delay setting light: 65ms
D/DisplayPowerState(  811): Updating screen state: onChanged=false, on= true, backlightChanged=true, backlight=70
D/ledlog_java_com(  811): Excessive delay setting light: 67ms
D/DisplayPowerState(  811): Updating screen state: onChanged=false, on= true, backlightChanged=true, backlight=56
D/DisplayPowerController(  811): updateAmbientLux:  mLightSensorListener lux is 3.0
D/DisplayPowerController(  811): ZTE_PM updateAutoBrightness: useAutoBrightness = true  mAmbientLuxValid = true  mAmbientLux = 10.94825
D/DisplayPowerController(  811): updateAutoBrightness: value=0.10608582 *255 = 27.051884
D/DisplayPowerController(  811): ZTE_PM mPowerRequest.screenState is 2
D/DisplayPowerController(  811): ZTE_PM_PROX disable ProxSensor while NO useProximitySensor 
D/DisplayPowerController(  811): ZTE_PM_PROX setProximitySensorEnabled enable = false
D/DisplayPowerController(  811): ZTE_PM  setLightSensorEnabled enable = true updateAutoBrightness = false
D/ledlog_java_com(  811): Excessive delay setting light: 64ms
D/DisplayPowerState(  811): Updating screen state: onChanged=false, on= true, backlightChanged=true, backlight=43
D/ledlog_java_com(  811): Excessive delay setting light: 66ms
D/DisplayPowerState(  811): Updating screen state: onChanged=false, on= true, backlightChanged=true, backlight=30
D/ledlog_java_com(  811): Excessive delay setting light: 66ms
D/DisplayPowerState(  811): Updating screen state: onChanged=false, on= true, backlightChanged=true, backlight=27
D/ledlog_java_com(  811): Excessive delay setting light: 65ms
D/DisplayPowerController(  811): updateAmbientLux:  mLightSensorListener lux is 4.0
D/DisplayPowerController(  811): ZTE_PM updateAutoBrightness: useAutoBrightness = true  mAmbientLuxValid = true  mAmbientLux = 7.912303
D/DisplayPowerController(  811): updateAutoBrightness: value=0.08917354 *255 = 22.739252
D/DisplayPowerController(  811): ZTE_PM mPowerRequest.screenState is 2
D/DisplayPowerController(  811): ZTE_PM_PROX disable ProxSensor while NO useProximitySensor 
D/DisplayPowerController(  811): ZTE_PM_PROX setProximitySensorEnabled enable = false
D/DisplayPowerController(  811): ZTE_PM  setLightSensorEnabled enable = true updateAutoBrightness = false
D/DisplayPowerState(  811): Updating screen state: onChanged=false, on= true, backlightChanged=true, backlight=24
D/ledlog_java_com(  811): Excessive delay setting light: 63ms
D/DisplayPowerState(  811): Updating screen state: onChanged=false, on= true, backlightChanged=true, backlight=23
D/DisplayPowerController(  811): updateAmbientLux:  mLightSensorListener lux is 3.0
D/ledlog_java_com(  811): Excessive delay setting light: 66ms
D/DisplayPowerController(  811): updateAmbientLux:  mLightSensorListener lux is 2.0
D/DisplayPowerController(  811): updateAmbientLux:  mLightSensorListener lux is 1.0
D/DisplayPowerController(  811): updateAmbientLux:  mLightSensorListener lux is 0.0
W/AlarmManager(  811): Alarm triggering: Alarm{422e5830 type 0 com.android.vending}
W/AlarmManager(  811): +++Alarm  wakeup phone ,pkg=com.android.vending
D/PowerManagerService(  811): sendPendingNotificationsLocked mSendGoToSleepFinishedNotificationWhenReady = false
W/AlarmManager(  811): +++alarm onSendFinished ,action=null
D/PowerManagerService(  811): sendPendingNotificationsLocked mSendGoToSleepFinishedNotificationWhenReady = false
I/Finsky  ( 1461): [101] com.google.android.finsky.d.g.run(1151): Replicating app states via AMAS.
D/dalvikvm( 1461): GC_CONCURRENT freed 1938K, 60% free 4513K/11092K, paused 2ms+2ms, total 28ms
I/Finsky  ( 1461): [1] com.google.android.finsky.d.e.a(313): Completed 1 account content syncs with 0 successful.
I/Finsky  ( 1461): [1] com.google.android.finsky.services.j.a(155): Installation state replication failed.
I/Finsky  ( 1461): [1] com.google.android.finsky.services.j.a(158): Giving up after 6 failures.
D/DisplayPowerController(  811): ZTE_PM updateAutoBrightness: useAutoBrightness = true  mAmbientLuxValid = true  mAmbientLux = 0.9504225
D/DisplayPowerController(  811): updateAutoBrightness: value=0.051833235 *255 = 13.217475
D/DisplayPowerController(  811): ZTE_PM mPowerRequest.screenState is 2
D/DisplayPowerController(  811): ZTE_PM_PROX disable ProxSensor while NO useProximitySensor 
D/DisplayPowerController(  811): ZTE_PM_PROX setProximitySensorEnabled enable = false
D/DisplayPowerController(  811): ZTE_PM  setLightSensorEnabled enable = true updateAutoBrightness = false
D/DisplayPowerState(  811): Updating screen state: onChanged=false, on= true, backlightChanged=true, backlight=21
D/ledlog_java_com(  811): Excessive delay setting light: 66ms
D/DisplayPowerState(  811): Updating screen state: onChanged=false, on= true, backlightChanged=true, backlight=13
D/ledlog_java_com(  811): Excessive delay setting light: 65ms
D/DisplayPowerController(  811): updateAmbientLux:  mLightSensorListener lux is 1.0
D/DisplayPowerController(  811): updateAmbientLux:  mLightSensorListener lux is 3.0
D/DisplayPowerController(  811): updateAmbientLux:  mLightSensorListener lux is 6.0
D/DisplayPowerController(  811): updateAmbientLux:  mLightSensorListener lux is 7.0
D/DisplayPowerController(  811): updateAmbientLux:  mLightSensorListener lux is 11.0
D/DisplayPowerController(  811): updateAmbientLux:  mLightSensorListener lux is 15.0
D/DisplayPowerController(  811): updateAmbientLux:  mLightSensorListener lux is 16.0
D/DisplayPowerController(  811): updateAmbientLux:  mLightSensorListener lux is 15.0
D/DisplayPowerController(  811): updateAmbientLux:  mLightSensorListener lux is 11.0
D/DisplayPowerController(  811): updateAmbientLux:  mLightSensorListener lux is 10.0
D/DisplayPowerController(  811): updateAmbientLux:  mLightSensorListener lux is 19.0
D/DisplayPowerController(  811): updateAmbientLux:  mLightSensorListener lux is 16.0
D/DisplayPowerController(  811): updateAmbientLux:  mLightSensorListener lux is 15.0
D/DisplayPowerController(  811): ZTE_PM updateAutoBrightness: useAutoBrightness = true  mAmbientLuxValid = true  mAmbientLux = 11.761108
D/DisplayPowerController(  811): updateAutoBrightness: value=0.110610045 *255 = 28.20556
D/DisplayPowerController(  811): ZTE_PM mPowerRequest.screenState is 2
D/DisplayPowerController(  811): ZTE_PM_PROX disable ProxSensor while NO useProximitySensor 
D/DisplayPowerController(  811): ZTE_PM_PROX setProximitySensorEnabled enable = false
D/DisplayPowerController(  811): ZTE_PM  setLightSensorEnabled enable = true updateAutoBrightness = false
D/DisplayPowerState(  811): Updating screen state: onChanged=false, on= true, backlightChanged=true, backlight=16
D/ledlog_java_com(  811): Excessive delay setting light: 62ms
D/DisplayPowerState(  811): Updating screen state: onChanged=false, on= true, backlightChanged=true, backlight=26
D/ledlog_java_com(  811): Excessive delay setting light: 67ms
D/DisplayPowerState(  811): Updating screen state: onChanged=false, on= true, backlightChanged=true, backlight=28
D/DisplayPowerController(  811): updateAmbientLux:  mLightSensorListener lux is 14.0
D/ledlog_java_com(  811): Excessive delay setting light: 66ms
D/DisplayPowerController(  811): updateAmbientLux:  mLightSensorListener lux is 12.0
D/DisplayPowerController(  811): updateAmbientLux:  mLightSensorListener lux is 11.0
D/DisplayPowerController(  811): updateAmbientLux:  mLightSensorListener lux is 16.0
D/DisplayPowerController(  811): updateAmbientLux:  mLightSensorListener lux is 15.0
D/LockScreen_KeyguardUpdateMonitor(  978): received broadcast android.intent.action.TIME_TICK
D/LockScreen_DMLockCodeController(  978): canAcceptIntent - can: false
D/LockScreen_CMASAlertController(  978): canAcceptIntent - can: false
D/LockScreen_KeyguardUpdateMonitor(  978): handleTimeUpdate
W/AlarmManager(  811): Alarm triggering: Alarm{4195e488 type 3 android}
D/PowerManagerService(  811): sendPendingNotificationsLocked mSendGoToSleepFinishedNotificationWhenReady = false
E/niejiyong(  978): WeatherService is Running
E/niejiyong(  978): Weather process is Running
D/DisplayPowerController(  811): updateAmbientLux:  mLightSensorListener lux is 9.0
E/niejiyong(  978): WeatherService is Running
E/niejiyong(  978): Weather process is Running
D/haha    ( 1323): mDateTimeReceiver intent::Intent { act=android.intent.action.TIME_TICK flg=0x50000014 (has extras) }
E/niejiyong( 1323): TypeBWeatherWidget :: performUpdate..
E/niejiyong( 1323): TypeBWeatherWidget :: performUpdate..cityLocationId = cityId:351193
D/haha    ( 1323): WeatherWidget update  AmPm=0,  Hour=0,  Minute=38
W/AlarmManager(  811): +++alarm onSendFinished ,action=android.intent.action.TIME_TICK
D/PowerManagerService(  811): sendPendingNotificationsLocked mSendGoToSleepFinishedNotificationWhenReady = false
D/dalvikvm(  978): GC_CONCURRENT freed 2895K, 36% free 11906K/18552K, paused 3ms+4ms, total 40ms
D/DisplayPowerController(  811): updateAmbientLux:  mLightSensorListener lux is 6.0
D/DisplayPowerController(  811): updateAmbientLux:  mLightSensorListener lux is 5.0
D/DisplayPowerController(  811): updateAmbientLux:  mLightSensorListener lux is 3.0
D/DisplayPowerController(  811): updateAmbientLux:  mLightSensorListener lux is 1.0
D/DisplayPowerController(  811): updateAmbientLux:  mLightSensorListener lux is 2.0
D/DisplayPowerController(  811): updateAmbientLux:  mLightSensorListener lux is 0.0
D/DisplayPowerController(  811): updateAmbientLux:  mLightSensorListener lux is 2.0
D/DisplayPowerController(  811): updateAmbientLux:  mLightSensorListener lux is 3.0
D/DisplayPowerController(  811): updateAmbientLux:  mLightSensorListener lux is 4.0
D/DisplayPowerController(  811): updateAmbientLux:  mLightSensorListener lux is 6.0
D/DisplayPowerController(  811): updateAmbientLux:  mLightSensorListener lux is 7.0
D/DisplayPowerController(  811): updateAmbientLux:  mLightSensorListener lux is 10.0
D/DisplayPowerController(  811): updateAmbientLux:  mLightSensorListener lux is 9.0
D/DisplayPowerController(  811): updateAmbientLux:  mLightSensorListener lux is 10.0
D/DisplayPowerController(  811): updateAmbientLux:  mLightSensorListener lux is 9.0
D/DisplayPowerController(  811): updateAmbientLux:  mLightSensorListener lux is 8.0
D/DisplayPowerController(  811): updateAmbientLux:  mLightSensorListener lux is 7.0
D/DisplayPowerController(  811): updateAmbientLux:  mLightSensorListener lux is 6.0
D/DisplayPowerController(  811): ZTE_PM updateAutoBrightness: useAutoBrightness = true  mAmbientLuxValid = true  mAmbientLux = 6.8858857
D/DisplayPowerController(  811): updateAutoBrightness: value=0.08349177 *255 = 21.290401
D/DisplayPowerController(  811): ZTE_PM mPowerRequest.screenState is 2
D/DisplayPowerController(  811): ZTE_PM_PROX disable ProxSensor while NO useProximitySensor 
D/DisplayPowerController(  811): ZTE_PM_PROX setProximitySensorEnabled enable = false
D/DisplayPowerController(  811): ZTE_PM  setLightSensorEnabled enable = true updateAutoBrightness = false
D/DisplayPowerState(  811): Updating screen state: onChanged=false, on= true, backlightChanged=true, backlight=25
D/ledlog_java_com(  811): Excessive delay setting light: 63ms
D/DisplayPowerState(  811): Updating screen state: onChanged=false, on= true, backlightChanged=true, backlight=21
D/DisplayPowerController(  811): updateAmbientLux:  mLightSensorListener lux is 5.0
D/DisplayPowerController(  811): updateAmbientLux:  mLightSensorListener lux is 4.0
D/DisplayPowerController(  811): updateAmbientLux:  mLightSensorListener lux is 7.0
D/DisplayPowerController(  811): updateAmbientLux:  mLightSensorListener lux is 6.0
D/DisplayPowerController(  811): updateAmbientLux:  mLightSensorListener lux is 8.0
D/DisplayPowerController(  811): updateAmbientLux:  mLightSensorListener lux is 12.0
D/DisplayPowerController(  811): updateAmbientLux:  mLightSensorListener lux is 8.0
D/DisplayPowerController(  811): updateAmbientLux:  mLightSensorListener lux is 9.0
D/DisplayPowerController(  811): updateAmbientLux:  mLightSensorListener lux is 7.0
D/DisplayPowerController(  811): updateAmbientLux:  mLightSensorListener lux is 9.0
D/DisplayPowerController(  811): updateAmbientLux:  mLightSensorListener lux is 7.0
D/DisplayPowerController(  811): updateAmbientLux:  mLightSensorListener lux is 8.0
D/DisplayPowerController(  811): updateAmbientLux:  mLightSensorListener lux is 9.0
D/DisplayPowerController(  811): updateAmbientLux:  mLightSensorListener lux is 15.0
D/DisplayPowerController(  811): updateAmbientLux:  mLightSensorListener lux is 17.0
D/DisplayPowerController(  811): updateAmbientLux:  mLightSensorListener lux is 16.0
D/DisplayPowerController(  811): updateAmbientLux:  mLightSensorListener lux is 15.0
D/DisplayPowerController(  811): updateAmbientLux:  mLightSensorListener lux is 10.0
D/DisplayPowerController(  811): updateAmbientLux:  mLightSensorListener lux is 9.0
D/LockScreen_KeyguardUpdateMonitor(  978): received broadcast android.intent.action.BATTERY_CHANGED
D/LockScreen_DMLockCodeController(  978): canAcceptIntent - can: false
D/LockScreen_CMASAlertController(  978): canAcceptIntent - can: false
D/BatteryService(  811): ZTE Sending ACTION_BATTERY_CHANGED.  level:87, scale:100, status:2, health:2, present:true, voltage: 4140, temperature: 270, technology: Li-ion, AC powered:false, USB powered:false, Wireless powered:false, icon:17302966, invalid charger:0
D/LockScreen_KeyguardUpdateMonitor(  978): handleBatteryUpdate
D/WifiApPowerMode(  811): ACTION_BATTERY_CHANGED received. pluggedType=0 mUSBConnected=false
E/ledlog_hw(  811): is battery
E/ledlog_hw(  811): Battery or NotificationColor=0 newRGB=FFFFFF00 newMode=0
E/ledlog_hw(  811): update RGB over :red=255 green=255 blink=0
D/WifiController(  811): battery changed pluggedType: 0
D/PowerManagerService(  811): sendPendingNotificationsLocked mSendGoToSleepFinishedNotificationWhenReady = false
V/UsbDeviceManager(  811): USB UEVENT: {USB_STATE=ONLINE, SUBSYSTEM=switch, DEVPATH=/devices/virtual/switch/usb_scsi_command, SEQNUM=6148, ACTION=change}
D/UsbDeviceManager(  811): usb updateState(ONLINE)
D/BatteryService(  811): ZTE Sending ACTION_BATTERY_CHANGED.  level:87, scale:100, status:2, health:2, present:true, voltage: 4148, temperature: 270, technology: Li-ion, AC powered:false, USB powered:false, Wireless powered:false, icon:17302966, invalid charger:0
D/WifiApPowerMode(  811): ACTION_BATTERY_CHANGED received. pluggedType=0 mUSBConnected=false
D/LockScreen_KeyguardUpdateMonitor(  978): received broadcast android.intent.action.BATTERY_CHANGED
D/LockScreen_DMLockCodeController(  978): canAcceptIntent - can: false
D/LockScreen_CMASAlertController(  978): canAcceptIntent - can: false
D/PowerManagerService(  811): sendPendingNotificationsLocked mSendGoToSleepFinishedNotificationWhenReady = false
D/WifiController(  811): battery changed pluggedType: 0
D/LockScreen_KeyguardUpdateMonitor(  978): handleBatteryUpdate
D/DisplayPowerController(  811): updateAmbientLux:  mLightSensorListener lux is 10.0
D/BatteryService(  811): ZTE Sending ACTION_BATTERY_CHANGED.  level:87, scale:100, status:2, health:2, present:true, voltage: 4148, temperature: 270, technology: Li-ion, AC powered:false, USB powered:true, Wireless powered:false, icon:17302966, invalid charger:0
D/WifiApPowerMode(  811): ACTION_BATTERY_CHANGED received. pluggedType=2 mUSBConnected=true
D/LockScreen_KeyguardUpdateMonitor(  978): received broadcast android.intent.action.BATTERY_CHANGED
D/LockScreen_DMLockCodeController(  978): canAcceptIntent - can: false
D/LockScreen_CMASAlertController(  978): canAcceptIntent - can: false
D/PowerManagerService(  811): sendPendingNotificationsLocked mSendGoToSleepFinishedNotificationWhenReady = false
I/EntropyMixer(  811): Writing entropy...
D/WifiController(  811): battery changed pluggedType: 2
D/PowerUI (  978): playing charger insert/remove sound. enabledtrue
E/RingtoneManager(  978): lgn getRingtone ringtoneUri: ,streamType: -1
E/MediaPlayer-JNI(  978): QCMediaPlayer mediaplayer NOT present
E/MediaPlayer(  978): Uri is  /system/media/audio/ui/ChargerInsert.ogg
D/Sonivox (  268): file[-1199075144]: EAS_HWOpenFile ---->. mDrmManagerClient[0], mDrmBufOffset[0], mDrmBufSize[0], mDrmBuf[0]
D/Sonivox (  268): wangchong: path is NULL
D/PRDrmPlugIn(  266): PRDrmPlugin::onInitialize, uniqueId = 4562
D/PRDrmPlugIn(  266): PRDrmPlugin::onSetOnInfoListener: starts! uniqueId = 4562
D/PRDrmPlugIn(  266): PRDrmPlugin::onSetOnInfoListener: ends!
D/Sonivox (  268): [qwu ]FileSource::canHandle()begin 
D/Sonivox (  268): [qwu ]FileSource::canHandle()end 
D/Sonivox (  268): [qwu ]FileSource::canHandle() OK 
D/Sonivox (  268): [qwu ]FileSource::canHandle() failed 
D/PRDrmPlugIn(  266): PRDrmPlugin::onTerminate, uniqueId = 4562
D/Sonivox (  268): file[-1199075144]: EAS_HWOpenFile <----. mDrmManagerClient[0], mDrmBufOffset[0], mDrmBufSize[0], mDrmBuf[0]
D/Sonivox (  268): file[-1199075144]: EAS_HWCloseFile ---->. mDrmManagerClient[0], mDrmBufOffset[0], mDrmBufSize[0], mDrmBuf[0]
D/Sonivox (  268): file[-1199075144]: EAS_HWCloseFile <----. mDrmManagerClient[0], mDrmBufOffset[0], mDrmBufSize[0], mDrmBuf[0]
I/ExtendedUtils(  268): AV Sync late margin : Intended=40ms Using=0ms
D/Utils   (  268): printFileName fd(26) -> /system/media/audio/ui/ChargerInsert.ogg
D/Ulp_jni (  811): JNI:system_update. Event-2
D/LBSSystemMonitorService(  811): handleMessage what - 14
D/DeviceContext(  811): handleMessage what - 1
E/Vold    (  244): wangzy usb Switch state: CONNECTED
V/UsbDeviceManager(  811): USB UEVENT: {USB_STATE=CONNECTED, SUBSYSTEM=android_usb, DEVPATH=/devices/virtual/android_usb/android0, SEQNUM=6150, ACTION=change}
D/UsbDeviceManager(  811): usb updateState(CONNECTED)
D/Ulp_jni (  811): Location CB invoked
D/UsbDeviceManager(  811): broadcasting Intent { act=android.hardware.usb.action.USB_STATE flg=0x20000000 (has extras) } connected: true configured: false
D/UsbDeviceManager(  811): AlwaysAsk=1 mMenuPopUpEnabletrue
D/UsbDeviceManager(  811): updateUsbNotification();   1
E/UsbDeviceManager(  811): ++++++++++++++++mConnectedtrue
E/UsbDeviceManager(  811): ++++++++++++++++mUseUsbNotificationtrue
E/UsbDeviceManager(  811): ++++++++++++++++mUsbNotificationId0
E/UsbDeviceManager(  811): ++++++++++++++++id17040934
D/UsbDeviceManager(  811): com.android.settings.ConnectSettings
D/PRDrmPlugIn(  266): PRDrmPlugin::onInitialize, uniqueId = 4333
D/PRDrmPlugIn(  266): PRDrmPlugin::onSetOnInfoListener: starts! uniqueId = 4333
D/PRDrmPlugIn(  266): PRDrmPlugin::onSetOnInfoListener: ends!
D/PRDrmPlugIn(  266): PRDrmPlugin::onTerminate, uniqueId = 4333
D/ExtendedUtils(  268): extended extractor not needed, return default
D/AudioPolicyManager(  268): copl: isOffloadSupported: SR=44100, CM=0x3, Format=0x7000000, StreamType=2, BitRate=4294967295, duration=605555 us, has_video=0
D/AudioPolicyManager(  268): copl: isOffloadSupported: stream_type != MUSIC, returning false
D/OMXCodec(  268): Successfully allocated OMX node 'OMX.google.vorbis.decoder'
I/AwesomePlayer(  268): Could not offload audio decode, try pcm offload
D/AudioPolicyManager(  268): copl: isOffloadSupported: SR=44100, CM=0x1, Format=0x17000001, StreamType=2, BitRate=4294967295, duration=605555 us, has_video=0
D/AudioPolicyManager(  268): copl: isOffloadSupported: stream_type != MUSIC, returning false
D/Ringtone(  978): Successfully created local player
D/PowerManagerService(  811): sendPendingNotificationsLocked mSendGoToSleepFinishedNotificationWhenReady = false
D/PowerManagerService(  811): sendPendingNotificationsLocked mSendGoToSleepFinishedNotificationWhenReady = false
D/PowerManagerService(  811): sendPendingNotificationsLocked mSendGoToSleepFinishedNotificationWhenReady = false
D/PowerManagerService(  811): sendPendingNotificationsLocked mSendGoToSleepFinishedNotificationWhenReady = false
D/PowerManagerService(  811): sendPendingNotificationsLocked mSendGoToSleepFinishedNotificationWhenReady = false
E/NetworkScheduler.SR( 1284): Invalid parameter app
E/NetworkScheduler.SR( 1284): Invalid package name : Perhaps you didn't include a PendingIntent in the extras?
E/MediaPlayer-JNI(  978): QCMediaPlayer mediaplayer NOT present
E/MediaPlayer(  978): Uri is  /system/media/audio/ui/ChargerInsert.ogg
D/Sonivox (  268): file[-1199075144]: EAS_HWOpenFile ---->. mDrmManagerClient[0], mDrmBufOffset[0], mDrmBufSize[0], mDrmBuf[0]
D/Sonivox (  268): wangchong: path is NULL
D/PRDrmPlugIn(  266): PRDrmPlugin::onInitialize, uniqueId = 5040
D/PRDrmPlugIn(  266): PRDrmPlugin::onSetOnInfoListener: starts! uniqueId = 5040
D/PRDrmPlugIn(  266): PRDrmPlugin::onSetOnInfoListener: ends!
D/Sonivox (  268): [qwu ]FileSource::canHandle()begin 
D/Sonivox (  268): [qwu ]FileSource::canHandle()end 
D/Sonivox (  268): [qwu ]FileSource::canHandle() OK 
D/Sonivox (  268): [qwu ]FileSource::canHandle() failed 
D/PRDrmPlugIn(  266): PRDrmPlugin::onTerminate, uniqueId = 5040
D/Sonivox (  268): file[-1199075144]: EAS_HWOpenFile <----. mDrmManagerClient[0], mDrmBufOffset[0], mDrmBufSize[0], mDrmBuf[0]
D/Sonivox (  268): file[-1199075144]: EAS_HWCloseFile ---->. mDrmManagerClient[0], mDrmBufOffset[0], mDrmBufSize[0], mDrmBuf[0]
D/Sonivox (  268): file[-1199075144]: EAS_HWCloseFile <----. mDrmManagerClient[0], mDrmBufOffset[0], mDrmBufSize[0], mDrmBuf[0]
D/PowerManagerService(  811): sendPendingNotificationsLocked mSendGoToSleepFinishedNotificationWhenReady = false
D/PowerManagerService(  811): sendPendingNotificationsLocked mSendGoToSleepFinishedNotificationWhenReady = false
D/PowerManagerService(  811): sendPendingNotificationsLocked mSendGoToSleepFinishedNotificationWhenReady = false
D/PowerManagerService(  811): sendPendingNotificationsLocked mSendGoToSleepFinishedNotificationWhenReady = false
D/PowerManagerService(  811): sendPendingNotificationsLocked mSendGoToSleepFinishedNotificationWhenReady = false
D/PowerManagerService(  811): sendPendingNotificationsLocked mSendGoToSleepFinishedNotificationWhenReady = false
D/PowerManagerService(  811): sendPendingNotificationsLocked mSendGoToSleepFinishedNotificationWhenReady = false
I/ExtendedUtils(  268): AV Sync late margin : Intended=40ms Using=0ms
D/Utils   (  268): printFileName fd(26) -> /system/media/audio/ui/ChargerInsert.ogg
I/iu.Environment( 2056): update battery state; isPlugged? true*
D/DisplayPowerController(  811): updateAmbientLux:  mLightSensorListener lux is 11.0
D/PowerManagerService(  811): sendPendingNotificationsLocked mSendGoToSleepFinishedNotificationWhenReady = false
D/PowerManagerService(  811): sendPendingNotificationsLocked mSendGoToSleepFinishedNotificationWhenReady = false
D/PRDrmPlugIn(  266): PRDrmPlugin::onInitialize, uniqueId = 7997
D/PRDrmPlugIn(  266): PRDrmPlugin::onSetOnInfoListener: starts! uniqueId = 7997
D/PRDrmPlugIn(  266): PRDrmPlugin::onSetOnInfoListener: ends!
D/PRDrmPlugIn(  266): PRDrmPlugin::onTerminate, uniqueId = 7997
D/PowerManagerService(  811): sendPendingNotificationsLocked mSendGoToSleepFinishedNotificationWhenReady = false
D/PowerManagerService(  811): sendPendingNotificationsLocked mSendGoToSleepFinishedNotificationWhenReady = false
D/PowerManagerService(  811): sendPendingNotificationsLocked mSendGoToSleepFinishedNotificationWhenReady = false
D/PowerManagerService(  811): sendPendingNotificationsLocked mSendGoToSleepFinishedNotificationWhenReady = false
D/PowerManagerService(  811): sendPendingNotificationsLocked mSendGoToSleepFinishedNotificationWhenReady = false
D/PowerManagerService(  811): sendPendingNotificationsLocked mSendGoToSleepFinishedNotificationWhenReady = false
I/iu.UploadsManager( 2056): num queued entries: 0
D/ExtendedUtils(  268): extended extractor not needed, return default
I/iu.UploadsManager( 2056): num updated entries: 0
D/PowerManagerService(  811): sendPendingNotificationsLocked mSendGoToSleepFinishedNotificationWhenReady = false
D/PowerManagerService(  811): sendPendingNotificationsLocked mSendGoToSleepFinishedNotificationWhenReady = false
D/PowerManagerService(  811): sendPendingNotificationsLocked mSendGoToSleepFinishedNotificationWhenReady = false
I/iu.SyncManager( 2056): NEXT; no task
D/AudioPolicyManager(  268): copl: isOffloadSupported: SR=44100, CM=0x3, Format=0x7000000, StreamType=5, BitRate=4294967295, duration=605555 us, has_video=0
D/AudioPolicyManager(  268): copl: isOffloadSupported: stream_type != MUSIC, returning false
D/OMXCodec(  268): Successfully allocated OMX node 'OMX.google.vorbis.decoder'
I/AwesomePlayer(  268): Could not offload audio decode, try pcm offload
D/AudioPolicyManager(  268): copl: isOffloadSupported: SR=44100, CM=0x1, Format=0x17000001, StreamType=5, BitRate=4294967295, duration=605555 us, has_video=0
D/AudioPolicyManager(  268): copl: isOffloadSupported: stream_type != MUSIC, returning false
D/Ringtone(  978): Successfully created local player
D/PowerManagerService(  811): sendPendingNotificationsLocked mSendGoToSleepFinishedNotificationWhenReady = false
D/PowerManagerService(  811): sendPendingNotificationsLocked mSendGoToSleepFinishedNotificationWhenReady = false
I/iu.FingerprintManager( 2056): Start processing all media
D/LockScreen_KeyguardUpdateMonitor(  978): handleBatteryUpdate
I/iu.FingerprintManager( 2056): Start processing media store URI: content://media/external/images/media
E/Vold    (  244): wangzy usb Switch state: CONFIGURED
V/UsbDeviceManager(  811): USB UEVENT: {USB_STATE=CONFIGURED, SUBSYSTEM=android_usb, DEVPATH=/devices/virtual/android_usb/android0, SEQNUM=6155, ACTION=change}
D/UsbDeviceManager(  811): usb updateState(CONFIGURED)
D/PowerUI (  978): paly enable=true
D/UsbDeviceManager(  811): broadcasting Intent { act=android.hardware.usb.action.USB_STATE flg=0x20000000 (has extras) } connected: true configured: true
D/UsbDeviceManager(  811): AlwaysAsk=1 mMenuPopUpEnabletrue
D/UsbDeviceManager(  811): updateUsbNotification();   1
E/UsbDeviceManager(  811): ++++++++++++++++mConnectedtrue
E/UsbDeviceManager(  811): ++++++++++++++++mUseUsbNotificationtrue
E/UsbDeviceManager(  811): ++++++++++++++++mUsbNotificationId17040934
E/UsbDeviceManager(  811): ++++++++++++++++id17040934
D/PowerManagerService(  811): sendPendingNotificationsLocked mSendGoToSleepFinishedNotificationWhenReady = false
D/PowerManagerService(  811): sendPendingNotificationsLocked mSendGoToSleepFinishedNotificationWhenReady = false
D/PowerManagerService(  811): sendPendingNotificationsLocked mSendGoToSleepFinishedNotificationWhenReady = false
D/PowerManagerService(  811): sendPendingNotificationsLocked mSendGoToSleepFinishedNotificationWhenReady = false
I/iu.FingerprintManager( 2056): Start processing media store URI: content://media/external/video/media
D/PowerManagerService(  811): sendPendingNotificationsLocked mSendGoToSleepFinishedNotificationWhenReady = false
D/PowerManagerService(  811): sendPendingNotificationsLocked mSendGoToSleepFinishedNotificationWhenReady = false
E/AUD_MediaButtonIntentReceiver( 5201): receive action: android.hardware.usb.action.USB_STATE
E/AUD_MediaButtonIntentReceiver( 5201): usbState.equals(intentAction)
I/iu.FingerprintManager( 2056): Start processing media store URI: content://media/phoneStorage/images/media
I/iu.FingerprintManager( 2056): Start processing media store URI: content://media/phoneStorage/video/media
I/iu.FingerprintManager( 2056): Finished generating fingerprints; 0.057 seconds
I/iu.FingerprintManager( 2056):   numSeen=2 numGenerated=0 numDeleted=0 numFailed=0
D/PowerManagerService(  811): sendPendingNotificationsLocked mSendGoToSleepFinishedNotificationWhenReady = false
E/MediaPlayer(  978): Should have subtitle controller already set
D/PowerManagerService(  811): sendPendingNotificationsLocked mSendGoToSleepFinishedNotificationWhenReady = false
W/ctxmgr  ( 1112): [ContextSpecificAclFactory]LocationConsent failed, ULR opt-in status is: false, account#-395797278#
W/ctxmgr  ( 1112): [AclManager]No 2 for (accnt=account#-395797278#, com.google.android.gms(10012):UserLocationProducer, vrsn=10084000, 0, 3pPkg = null ,  3pMdlId = null). Was: 2 for 1, account#-395797278#
D/PowerManagerService(  811): sendPendingNotificationsLocked mSendGoToSleepFinishedNotificationWhenReady = false
D/DisplayPowerController(  811): updateAmbientLux:  mLightSensorListener lux is 10.0
D/DisplayPowerController(  811): updateAmbientLux:  mLightSensorListener lux is 7.0
D/DisplayPowerController(  811): ZTE_PM updateAutoBrightness: useAutoBrightness = true  mAmbientLuxValid = true  mAmbientLux = 10.291221
D/DisplayPowerController(  811): updateAutoBrightness: value=0.10242301 *255 = 26.117868
D/DisplayPowerController(  811): ZTE_PM mPowerRequest.screenState is 2
D/DisplayPowerController(  811): ZTE_PM_PROX disable ProxSensor while NO useProximitySensor 
D/DisplayPowerController(  811): ZTE_PM_PROX setProximitySensorEnabled enable = false
D/DisplayPowerController(  811): ZTE_PM  setLightSensorEnabled enable = true updateAutoBrightness = false
D/DisplayPowerState(  811): Updating screen state: onChanged=false, on= true, backlightChanged=true, backlight=24
D/ledlog_java_com(  811): Excessive delay setting light: 65ms
D/DisplayPowerState(  811): Updating screen state: onChanged=false, on= true, backlightChanged=true, backlight=26
D/DisplayPowerController(  811): updateAmbientLux:  mLightSensorListener lux is 6.0
D/DisplayPowerController(  811): updateAmbientLux:  mLightSensorListener lux is 9.0
D/DisplayPowerController(  811): updateAmbientLux:  mLightSensorListener lux is 20.0
D/DisplayPowerController(  811): updateAmbientLux:  mLightSensorListener lux is 35.0
D/DisplayPowerController(  811): updateAmbientLux:  mLightSensorListener lux is 36.0
D/DisplayPowerController(  811): updateAmbientLux:  mLightSensorListener lux is 34.0
D/DisplayPowerController(  811): updateAmbientLux:  mLightSensorListener lux is 31.0
D/DisplayPowerController(  811): updateAmbientLux:  mLightSensorListener lux is 18.0
D/DisplayPowerController(  811): updateAmbientLux:  mLightSensorListener lux is 11.0
D/DisplayPowerController(  811): updateAmbientLux:  mLightSensorListener lux is 12.0
