D/DisplayPowerController(  811): updateAmbientLux:  mLightSensorListener lux is 15.0
I/System.out( 7603): Sigma2016 -- Blue While did not run for 52ms
I/System.out( 7603): --BlueNear log-- ultrasoniclevel=28.0 error=21.0 angleOffset=-7.0 distance=80.0
I/System.out( 7603): --BlueNear log-- error=21.0 leftspeed=0.30000000000000004 rightSpeed=0.4 curAngle=-7.0 targetAngle=-5.0
I/System.out( 7603): Ground Brightness:: 102 Light Level:: 178
I/System.out( 7603): Sigma2016 -- Blue While did not run for 42ms
I/System.out( 7603): Sigma2016 -- Blue While did not run for 41ms
I/System.out( 7603): Sigma2016 -- Blue While did not run for 47ms
D/dalvikvm( 7603): GC_CONCURRENT freed 1987K, 36% free 7109K/11088K, paused 3ms+5ms, total 53ms
I/System.out( 7603): Sigma2016 -- Blue While did not run for 34ms
D/DisplayPowerController(  811): updateAmbientLux:  mLightSensorListener lux is 49.0
I/System.out( 7603): Sigma2016 -- Blue While did not run for 32ms
I/System.out( 7603): --BlueNear log-- ultrasoniclevel=113.0 error=106.0 angleOffset=5.0 distance=80.0
I/System.out( 7603): --BlueNear log-- error=106.0 leftspeed=0.4 rightSpeed=0.0 curAngle=5.0 targetAngle=-5.0
I/System.out( 7603): Ground Brightness:: 102 Light Level:: 178
I/System.out( 7603): --BlueNear log-- ultrasoniclevel=113.0 error=106.0 angleOffset=5.0 distance=80.0
I/System.out( 7603): --BlueNear log-- error=106.0 leftspeed=0.4 rightSpeed=0.0 curAngle=5.0 targetAngle=-5.0
I/System.out( 7603): Ground Brightness:: 102 Light Level:: 178
I/System.out( 7603): --BlueNear log-- ultrasoniclevel=113.0 error=106.0 angleOffset=5.0 distance=80.0
I/System.out( 7603): --BlueNear log-- error=106.0 leftspeed=0.4 rightSpeed=0.0 curAngle=5.0 targetAngle=-5.0
I/System.out( 7603): Ground Brightness:: 102 Light Level:: 178
D/DisplayPowerController(  811): ZTE_PM updateAutoBrightness: useAutoBrightness = true  mAmbientLuxValid = true  mAmbientLux = 24.060406
D/DisplayPowerController(  811): updateAutoBrightness: value=0.17356634 *255 = 44.25942
D/DisplayPowerController(  811): ZTE_PM mPowerRequest.screenState is 2
D/DisplayPowerController(  811): ZTE_PM_PROX disable ProxSensor while NO useProximitySensor 
D/DisplayPowerController(  811): ZTE_PM_PROX setProximitySensorEnabled enable = false
D/DisplayPowerController(  811): ZTE_PM  setLightSensorEnabled enable = true updateAutoBrightness = false
I/System.out( 7603): --BlueNear log-- ultrasoniclevel=113.0 error=106.0 angleOffset=6.0 distance=80.0
I/System.out( 7603): --BlueNear log-- error=106.0 leftspeed=0.4 rightSpeed=0.0 curAngle=6.0 targetAngle=-5.0
I/System.out( 7603): Ground Brightness:: 102 Light Level:: 178
D/DisplayPowerState(  811): Updating screen state: onChanged=false, on= true, backlightChanged=true, backlight=90
I/System.out( 7603): --BlueNear log-- ultrasoniclevel=113.0 error=106.0 angleOffset=6.0 distance=80.0
I/System.out( 7603): --BlueNear log-- error=106.0 leftspeed=0.4 rightSpeed=0.0 curAngle=6.0 targetAngle=-5.0
I/System.out( 7603): Ground Brightness:: 102 Light Level:: 178
V/Robocol ( 7603): received command: CMD_INIT_OP_MODE(10282) $Stop$Robot$
I/System.out( 7603): Sigma2016 -- center light sensor read is set to false
V/RobotCore( 7603): waiting for service user linear op mode
V/RobotCore( 7603): thread: ...terminating 'LinearOpMode main'
V/RobotCore( 7603): awaitTermination returned, isTerminated=true
V/RobotCore( 7603): executive service user linear op mode is terminated
I/RobotCore( 7603): Attempting to switch to op mode $Stop$Robot$
D/DisplayPowerState(  811): Updating screen state: onChanged=false, on= true, backlightChanged=true, backlight=83
D/DisplayPowerController(  811): updateAmbientLux:  mLightSensorListener lux is 73.0
V/Robocol ( 7603): sending CMD_INIT_OP_MODE_RESP(356), attempt: 0
V/Robocol ( 7603): received command: CMD_INIT_OP_MODE_RESP(356) $Stop$Robot$
V/Robocol ( 7603): received command: CMD_RUN_OP_MODE(10288) $Stop$Robot$
D/DisplayPowerState(  811): Updating screen state: onChanged=false, on= true, backlightChanged=true, backlight=73
V/Robocol ( 7603): sending CMD_RUN_OP_MODE_RESP(362), attempt: 0
D/DisplayPowerState(  811): Updating screen state: onChanged=false, on= true, backlightChanged=true, backlight=63
V/Robocol ( 7603): received command: CMD_RUN_OP_MODE_RESP(362) $Stop$Robot$
D/ledlog_java_com(  811): Excessive delay setting light: 66ms
D/DisplayPowerState(  811): Updating screen state: onChanged=false, on= true, backlightChanged=true, backlight=50
D/DisplayPowerState(  811): Updating screen state: onChanged=false, on= true, backlightChanged=true, backlight=44
D/DisplayPowerController(  811): updateAmbientLux:  mLightSensorListener lux is 74.0
D/DisplayPowerController(  811): updateAmbientLux:  mLightSensorListener lux is 76.0
D/DisplayPowerController(  811): updateAmbientLux:  mLightSensorListener lux is 74.0
D/dalvikvm( 7603): GC_CONCURRENT freed 2009K, 37% free 7096K/11088K, paused 4ms+6ms, total 55ms
D/DisplayPowerController(  811): updateAmbientLux:  mLightSensorListener lux is 75.0
D/DisplayPowerController(  811): updateAmbientLux:  mLightSensorListener lux is 74.0
D/dalvikvm( 7603): GC_CONCURRENT freed 2010K, 37% free 7073K/11088K, paused 4ms+4ms, total 48ms
D/DisplayPowerController(  811): ZTE_PM updateAutoBrightness: useAutoBrightness = true  mAmbientLuxValid = true  mAmbientLux = 58.175915
D/DisplayPowerController(  811): updateAutoBrightness: value=0.2655932 *255 = 67.726265
D/DisplayPowerController(  811): ZTE_PM mPowerRequest.screenState is 2
D/DisplayPowerController(  811): ZTE_PM_PROX disable ProxSensor while NO useProximitySensor 
D/DisplayPowerController(  811): ZTE_PM_PROX setProximitySensorEnabled enable = false
D/DisplayPowerController(  811): ZTE_PM  setLightSensorEnabled enable = true updateAutoBrightness = false
D/DisplayPowerState(  811): Updating screen state: onChanged=false, on= true, backlightChanged=true, backlight=46
D/ledlog_java_com(  811): Excessive delay setting light: 66ms
D/DisplayPowerState(  811): Updating screen state: onChanged=false, on= true, backlightChanged=true, backlight=59
D/DisplayPowerState(  811): Updating screen state: onChanged=false, on= true, backlightChanged=true, backlight=66
D/ledlog_java_com(  811): Excessive delay setting light: 66ms
D/DisplayPowerState(  811): Updating screen state: onChanged=false, on= true, backlightChanged=true, backlight=68
D/DisplayPowerController(  811): updateAmbientLux:  mLightSensorListener lux is 73.0
D/DisplayPowerController(  811): updateAmbientLux:  mLightSensorListener lux is 74.0
D/dalvikvm( 7603): GC_CONCURRENT freed 1968K, 37% free 7091K/11088K, paused 3ms+4ms, total 45ms
D/DisplayPowerController(  811): updateAmbientLux:  mLightSensorListener lux is 73.0
D/DisplayPowerController(  811): updateAmbientLux:  mLightSensorListener lux is 74.0
D/DisplayPowerController(  811): updateAmbientLux:  mLightSensorListener lux is 73.0
D/DisplayPowerController(  811): updateAmbientLux:  mLightSensorListener lux is 74.0
D/DisplayPowerController(  811): updateAmbientLux:  mLightSensorListener lux is 73.0
D/dalvikvm( 7603): GC_CONCURRENT freed 1997K, 37% free 7075K/11088K, paused 4ms+3ms, total 47ms
D/DisplayPowerController(  811): updateAmbientLux:  mLightSensorListener lux is 72.0
D/DisplayPowerController(  811): updateAmbientLux:  mLightSensorListener lux is 73.0
D/dalvikvm( 7603): GC_CONCURRENT freed 1993K, 37% free 7086K/11088K, paused 3ms+4ms, total 48ms
D/DisplayPowerController(  811): updateAmbientLux:  mLightSensorListener lux is 72.0
D/DisplayPowerController(  811): ZTE_PM updateAutoBrightness: useAutoBrightness = true  mAmbientLuxValid = true  mAmbientLux = 71.697044
D/DisplayPowerController(  811): updateAutoBrightness: value=0.28772816 *255 = 73.37068
D/DisplayPowerController(  811): ZTE_PM mPowerRequest.screenState is 2
D/DisplayPowerController(  811): ZTE_PM_PROX disable ProxSensor while NO useProximitySensor 
D/DisplayPowerController(  811): ZTE_PM_PROX setProximitySensorEnabled enable = false
D/DisplayPowerController(  811): ZTE_PM  setLightSensorEnabled enable = true updateAutoBrightness = false
D/DisplayPowerState(  811): Updating screen state: onChanged=false, on= true, backlightChanged=true, backlight=71
D/DisplayPowerState(  811): Updating screen state: onChanged=false, on= true, backlightChanged=true, backlight=73
D/DisplayPowerController(  811): updateAmbientLux:  mLightSensorListener lux is 74.0
D/ledlog_java_com(  811): Excessive delay setting light: 66ms
D/UsbDeviceConnectionJNI( 7603): close
D/ProcessRequestThread::( 7603): Device has been closed.
W/System.err( 7603): java.lang.InterruptedException
D/BulkIn::( 7603): Stop BulkIn thread
W/RobotCore( 7603): could not write to Modern Robotics USB DC Motor Controller [AL00VW5E]: FTDI Null Pointer Exception
E/RobotCore( 7603): java.lang.NullPointerException
W/System.err( 7603): 	at java.util.concurrent.locks.AbstractQueuedSynchronizer.doAcquireSharedInterruptibly(AbstractQueuedSynchronizer.java:975)
W/System.err( 7603): 	at java.util.concurrent.locks.AbstractQueuedSynchronizer.acquireSharedInterruptibly(AbstractQueuedSynchronizer.java:1281)
W/System.err( 7603): 	at java.util.concurrent.Semaphore.acquire(Semaphore.java:283)
W/System.err( 7603): 	at com.ftdi.j2xx.ProcessInCtrl.acquireReadableBuffer(FT_Device.java:2294)
W/System.err( 7603): 	at com.ftdi.j2xx.ProcessRequestWorker.run(FT_Device.java:2764)
W/System.err( 7603): 	at java.lang.Thread.run(Thread.java:841)
W/System.err( 7603): java.lang.NullPointerException
E/RobotCore( 7603):     at com.ftdi.j2xx.ProcessInCtrl.readBulkInData(FT_Device.java:2520)
W/System.err( 7603): 	at com.ftdi.j2xx.ProcessInCtrl.releaseWritableBuffers(FT_Device.java:2672)
W/System.err( 7603): 	at com.ftdi.j2xx.BulkInWorker.run(FT_Device.java:2879)
W/System.err( 7603): 	at java.lang.Thread.run(Thread.java:841)
E/RobotCore( 7603):     at com.ftdi.j2xx.FT_Device.read(FT_Device.java:666)
E/RobotCore( 7603):     at com.qualcomm.robotcore.hardware.usb.ftdi.RobotUsbDeviceFtdi.read(RobotUsbDeviceFtdi.java:211)
E/RobotCore( 7603):     at com.qualcomm.hardware.modernrobotics.comm.ModernRoboticsReaderWriter.readIncomingBytes(ModernRoboticsReaderWriter.java:362)
E/RobotCore( 7603):     at com.qualcomm.hardware.modernrobotics.comm.ModernRoboticsReaderWriter.readResponse(ModernRoboticsReaderWriter.java:313)
E/RobotCore( 7603):     at com.qualcomm.hardware.modernrobotics.comm.ModernRoboticsReaderWriter.read(ModernRoboticsReaderWriter.java:179)
E/RobotCore( 7603):     at com.qualcomm.hardware.modernrobotics.comm.ReadWriteRunnableStandard$1.run(ReadWriteRunnableStandard.java:344)
E/RobotCore( 7603):     at com.qualcomm.robotcore.util.ThreadPool.logThreadLifeCycle(ThreadPool.java:513)
E/RobotCore( 7603):     at com.qualcomm.hardware.modernrobotics.comm.ReadWriteRunnableStandard.run(ReadWriteRunnableStandard.java:304)
E/RobotCore( 7603):     at java.util.concurrent.ThreadPoolExecutor.runWorker(ThreadPoolExecutor.java:1112)
E/RobotCore( 7603):     at java.util.concurrent.ThreadPoolExecutor$Worker.run(ThreadPoolExecutor.java:587)
E/RobotCore( 7603):     at java.lang.Thread.run(Thread.java:841)
V/RobotUsbDeviceFtdi( 7603): closing AL00VW5E
V/RobotCore( 7603): thread: ...terminating 'r/w loop: Modern Robotics USB DC Motor Controller [AL00VW5E]'
D/RobotCore( 7603): system telemetry: key=$System$Warning$ msg="problem communicating with Modern Robotics USB DC Motor Controller [AL00VW5E]"
V/RobotCore( 7603): event loop: device has shutdown abnormally
V/RobotCore( 7603): event loop: detaching device owner
I/FIRST   ( 7603): ======= MODULE DETACH RECOVERY: disarm Modern Robotics USB DC Motor Controller [AL00VW5E]=======
D/RobotCore( 7603): disarming modern motor controller Modern Robotics USB DC Motor Controller [AL00VW5E]...
V/RobotCore( 7603): waiting for service ReadWriteRunnable for Modern Robotics USB Device
V/RobotCore( 7603): awaitTermination returned, isTerminated=true
V/RobotCore( 7603): executive service ReadWriteRunnable for Modern Robotics USB Device is terminated
V/RobotUsbDeviceFtdi( 7603): closing AL00VW5E
D/RobotCore( 7603): ...disarming modern motor controller Modern Robotics USB DC Motor Controller [AL00VW5E] complete
I/FIRST   ( 7603): ======= MODULE DETACH RECOVERY: pretend Modern Robotics USB DC Motor Controller [AL00VW5E]=======
D/RobotCore( 7603): arming modern motor controller Modern Robotics USB DC Motor Controller [AL00VW5E] (pretend)...
V/RobotCore( 7603): Starting up pretend device AL00VW5E
V/RobotCore( 7603): thread: 'r/w loop: Modern Robotics USB DC Motor Controller [AL00VW5E]' starting...
D/RobotCore( 7603): ...arming modern motor controller Modern Robotics USB DC Motor Controller [AL00VW5E] complete
I/FIRST   ( 7603): ======= MODULE DETACH RECOVERY: complete Modern Robotics USB DC Motor Controller [AL00VW5E]=======
E/MediaPlayer-JNI( 7603): QCMediaPlayer mediaplayer NOT present
D/Sonivox (  266): file[-1196955608]: EAS_HWOpenFile ---->. mDrmManagerClient[0], mDrmBufOffset[0], mDrmBufSize[0], mDrmBuf[0]
D/Sonivox (  266): wangchong: path is NULL
D/LockScreen_KeyguardViewMediator(  978): setHidden false
D/LockScreen_KeyguardUpdateMonitor(  978): sendKeyguardVisibilityChanged(true)
D/LockScreen_KeyguardUpdateMonitor(  978): handleKeyguardVisibilityChanged(1)
D/PRDrmPlugIn(  261): PRDrmPlugin::onInitialize, uniqueId = 5917
D/PRDrmPlugIn(  261): PRDrmPlugin::onSetOnInfoListener: starts! uniqueId = 5917
D/PRDrmPlugIn(  261): PRDrmPlugin::onSetOnInfoListener: ends!
D/Sonivox (  266): [qwu ]FileSource::canHandle()begin 
D/Sonivox (  266): [qwu ]FileSource::canHandle()end 
D/Sonivox (  266): [qwu ]FileSource::canHandle() OK 
D/Sonivox (  266): [qwu ]FileSource::canHandle() failed 
D/PRDrmPlugIn(  261): PRDrmPlugin::onTerminate, uniqueId = 5917
D/Sonivox (  266): file[-1196955608]: EAS_HWOpenFile <----. mDrmManagerClient[0], mDrmBufOffset[0], mDrmBufSize[0], mDrmBuf[0]
D/Sonivox (  266): file[-1196955608]: EAS_HWCloseFile ---->. mDrmManagerClient[0], mDrmBufOffset[0], mDrmBufSize[0], mDrmBuf[0]
D/Sonivox (  266): file[-1196955608]: EAS_HWCloseFile <----. mDrmManagerClient[0], mDrmBufOffset[0], mDrmBufSize[0], mDrmBuf[0]
I/ExtendedUtils(  266): AV Sync late margin : Intended=40ms Using=0ms
D/Utils   (  266): printFileName fd(33) -> /data/app/com.qualcomm.ftcrobotcontroller-2.apk
D/PRDrmPlugIn(  261): PRDrmPlugin::onInitialize, uniqueId = 6598
D/PRDrmPlugIn(  261): PRDrmPlugin::onSetOnInfoListener: starts! uniqueId = 6598
D/PRDrmPlugIn(  261): PRDrmPlugin::onSetOnInfoListener: ends!
D/PRDrmPlugIn(  261): PRDrmPlugin::onTerminate, uniqueId = 6598
D/ExtendedUtils(  266): extended extractor not needed, return default
D/AudioPolicyManager(  266): copl: isOffloadSupported: SR=44100, CM=0x0, Format=0x17000001, StreamType=3, BitRate=4294967295, duration=1043650 us, has_video=0
D/AudioPolicyManager(  266): copl: PCM offload disabled by property audio.offload.pcm.enable
I/AwesomePlayer(  266): Could not offload audio decode, try pcm offload
D/AudioPolicyManager(  266): copl: isOffloadSupported: SR=44100, CM=0x0, Format=0x17000001, StreamType=3, BitRate=4294967295, duration=1043650 us, has_video=0
D/AudioPolicyManager(  266): copl: PCM offload disabled by property audio.offload.pcm.enable
D/DisplayPowerController(  811): updateAmbientLux:  mLightSensorListener lux is 72.0
E/MediaPlayer( 7603): Should have subtitle controller already set
D/Sonivox (  266): file[-1196955608]: EAS_HWOpenFile ---->. mDrmManagerClient[0], mDrmBufOffset[0], mDrmBufSize[0], mDrmBuf[0]
D/Sonivox (  266): wangchong: path is NULL
D/PRDrmPlugIn(  261): PRDrmPlugin::onInitialize, uniqueId = 4276
D/PRDrmPlugIn(  261): PRDrmPlugin::onSetOnInfoListener: starts! uniqueId = 4276
D/PRDrmPlugIn(  261): PRDrmPlugin::onSetOnInfoListener: ends!
D/Sonivox (  266): [qwu ]FileSource::canHandle()begin 
D/Sonivox (  266): [qwu ]FileSource::canHandle()end 
D/Sonivox (  266): [qwu ]FileSource::canHandle() OK 
D/Sonivox (  266): [qwu ]FileSource::canHandle() failed 
D/PRDrmPlugIn(  261): PRDrmPlugin::onTerminate, uniqueId = 4276
D/Sonivox (  266): file[-1196955608]: EAS_HWOpenFile <----. mDrmManagerClient[0], mDrmBufOffset[0], mDrmBufSize[0], mDrmBuf[0]
D/Sonivox (  266): file[-1196955608]: EAS_HWCloseFile ---->. mDrmManagerClient[0], mDrmBufOffset[0], mDrmBufSize[0], mDrmBuf[0]
D/Sonivox (  266): file[-1196955608]: EAS_HWCloseFile <----. mDrmManagerClient[0], mDrmBufOffset[0], mDrmBufSize[0], mDrmBuf[0]
I/ExtendedUtils(  266): AV Sync late margin : Intended=40ms Using=0ms
D/Utils   (  266): printFileName fd(37) -> /data/app/com.qualcomm.ftcrobotcontroller-2.apk
D/PRDrmPlugIn(  261): PRDrmPlugin::onInitialize, uniqueId = 4110
D/PRDrmPlugIn(  261): PRDrmPlugin::onSetOnInfoListener: starts! uniqueId = 4110
D/PRDrmPlugIn(  261): PRDrmPlugin::onSetOnInfoListener: ends!
D/PRDrmPlugIn(  261): PRDrmPlugin::onTerminate, uniqueId = 4110
D/ExtendedUtils(  266): extended extractor not needed, return default
D/AudioPolicyManager(  266): copl: isOffloadSupported: SR=44100, CM=0x0, Format=0x17000001, StreamType=-1, BitRate=4294967295, duration=1043650 us, has_video=0
D/AudioPolicyManager(  266): copl: isOffloadSupported: stream_type != MUSIC, returning false
I/AwesomePlayer(  266): Could not offload audio decode, try pcm offload
D/AudioPolicyManager(  266): copl: isOffloadSupported: SR=44100, CM=0x0, Format=0x17000001, StreamType=-1, BitRate=4294967295, duration=1043650 us, has_video=0
D/AudioPolicyManager(  266): copl: isOffloadSupported: stream_type != MUSIC, returning false
D/AudioPlayer(  266): start of Playback, useOffload 0
D/AudioPlayer(  266): Pause Playback at 928798
D/AudioPlayer(  266): reset: mPlaying=0 mReachedEOS=1 useOffload=0
D/AudioPolicyManager(  266):  getOutput() device 2, stream 3, samplingRate 0, format 0, channelMask 3, flags 0 
D/AudioPolicyManager(  266): getOutput() returns output 2
D/AudioPolicyManager(  266):  getOutput() device 2, stream 3, samplingRate 0, format 0, channelMask 3, flags 0 
D/AudioPolicyManager(  266): getOutput() returns output 2
D/AudioPolicyManager(  266):  getOutput() device 2, stream 3, samplingRate 44100, format 1, channelMask 3, flags 4 
D/AudioPolicyManager(  266): getOutput() returns output 3
D/AudioFlinger(  266): start(4098), calling pid 7603 session 152
D/AudioFlinger(  266): ? => ACTIVE (4098) on thread 0xb8a7b040
D/AudioPolicyManagerBase(  266): startOutput() output 3, stream 3, session 152
D/audio_hw_primary(  266): start_output_stream: enter: stream(0xb8a52a78)usecase(1: low-latency-playback) devices(0x2)
D/audio_hw_primary(  266): select_devices: out_snd_device(2: speaker) in_snd_device(0: )
D/hardware_info(  266): hw_info_append_hw_type : device_name = speaker
I/listen_hal_loader(  266): audio_extn_listen_update_device_status(): device 0x2 of type 0 for Event 1, with Raise=0
D/ACDB-LOADER(  266): ACDB -> send_audio_cal, acdb_id = 14, path =  0
D/ACDB-LOADER(  266): ACDB -> send_adm_topology
D/ACDB-LOADER(  266): ACDB -> ACDB_CMD_GET_AUDPROC_COMMON_TOPOLOGY_ID
D/ACDB-LOADER(  266): ACDB -> send_asm_topology
D/ACDB-LOADER(  266): ACDB -> ACDB_CMD_GET_AUDPROC_STREAM_TOPOLOGY_ID
D/ACDB-LOADER(  266): ACDB -> send_audtable
D/ACDB-LOADER(  266): ACDB -> ACDB_CMD_GET_AUDPROC_COMMON_TABLE
D/ACDB-LOADER(  266): ACDB -> AUDIO_SET_AUDPROC_CAL
D/ACDB-LOADER(  266): ACDB -> send_audvoltable
D/ACDB-LOADER(  266): ACDB -> ACDB_CMD_GET_AUDPROC_GAIN_DEP_STEP_TABLE
D/ACDB-LOADER(  266): ACDB -> AUDIO_SET_AUDPROC_VOL_CAL
D/ACDB-LOADER(  266): ACDB -> send_afe_cal
D/ACDB-LOADER(  266): ACDB -> ACDB_CMD_GET_AFE_COMMON_TABLE
D/ACDB-LOADER(  266): ACDB -> AUDIO_SET_AFE_CAL
D/PowerManagerService(  811): sendPendingNotificationsLocked mSendGoToSleepFinishedNotificationWhenReady = false
D/LockScreen_KeyguardViewMediator(  978): setHidden false
D/LockScreen_KeyguardUpdateMonitor(  978): sendKeyguardVisibilityChanged(true)
D/LockScreen_KeyguardUpdateMonitor(  978): handleKeyguardVisibilityChanged(1)
I/listen_hal_loader(  266): audio_extn_listen_update_stream_status(): uc_id 1 of type 0 for Event 3, with Raise=0
D/audio_hw_primary(  266): select_devices: done
D/ACDB-LOADER(  266): ACDB -> send_audio_cal, acdb_id = 14, path =  0
D/ACDB-LOADER(  266): ACDB -> send_adm_topology
D/ACDB-LOADER(  266): ACDB -> ACDB_CMD_GET_AUDPROC_COMMON_TOPOLOGY_ID
D/ACDB-LOADER(  266): ACDB -> send_asm_topology
D/ACDB-LOADER(  266): ACDB -> ACDB_CMD_GET_AUDPROC_STREAM_TOPOLOGY_ID
D/ACDB-LOADER(  266): ACDB -> send_audtable
D/ACDB-LOADER(  266): ACDB -> ACDB_CMD_GET_AUDPROC_COMMON_TABLE
D/ACDB-LOADER(  266): ACDB -> AUDIO_SET_AUDPROC_CAL
D/ACDB-LOADER(  266): ACDB -> send_audvoltable
D/ACDB-LOADER(  266): ACDB -> ACDB_CMD_GET_AUDPROC_GAIN_DEP_STEP_TABLE
D/ACDB-LOADER(  266): ACDB -> AUDIO_SET_AUDPROC_VOL_CAL
D/ACDB-LOADER(  266): ACDB -> send_afe_cal
D/ACDB-LOADER(  266): ACDB -> ACDB_CMD_GET_AFE_COMMON_TABLE
D/ACDB-LOADER(  266): ACDB -> AUDIO_SET_AFE_CAL
D/DisplayPowerController(  811): updateAmbientLux:  mLightSensorListener lux is 73.0
D/dalvikvm( 7603): GC_CONCURRENT freed 2236K, 39% free 6773K/11088K, paused 2ms+2ms, total 30ms
V/UsbRequest( 7603): endpoint still open in finalize(): android.hardware.usb.UsbRequest@425a6f08
D/UsbRequestJNI( 7603): close
E/MRReaderWriter( 7603): AL00XOKN: comm timeout read: header: unable to read 5 bytes in 164 ms: [55 aa 80 40 09]
W/RobotCore( 7603): could not read Modern Robotics USB Servo Controller [AL00XOKN]: comm timeout read: header: unable to read 5 bytes in 164 ms
E/MRReaderWriter( 7603): AL00VE3C: comm timeout read: header: unable to read 5 bytes in 164 ms: [55 aa 80 03 15]
W/RobotCore( 7603): could not read Modern Robotics USB Core Device Interface Module [AL00VE3C]: comm timeout read: header: unable to read 5 bytes in 164 ms
E/MRReaderWriter( 7603): AL00VVUU: comm timeout read: header: unable to read 5 bytes in 164 ms: [55 aa 80 40 1e]
E/MRReaderWriter( 7603): AL00XROI: comm timeout write: header: unable to read 5 bytes in 164 ms: [55 aa 00 90 20]
W/RobotCore( 7603): could not read Modern Robotics USB DC Motor Controller [AL00VVUU]: comm timeout read: header: unable to read 5 bytes in 164 ms
W/RobotCore( 7603): could not write to Modern Robotics USB Legacy Module [AL00XROI]: comm timeout write: header: unable to read 5 bytes in 164 ms
E/MRReaderWriter( 7603): AL00VS9P: comm timeout read: header: unable to read 5 bytes in 164 ms: [55 aa 80 40 1e]
W/RobotCore( 7603): could not read Modern Robotics USB DC Motor Controller [AL00VS9P]: comm timeout read: header: unable to read 5 bytes in 164 ms
E/MRReaderWriter( 7603): AL00XOKN: comm timeout read: sync0: unable to read 1 bytes in 124 ms: [55 aa 80 40 09]
W/RobotCore( 7603): could not read Modern Robotics USB Servo Controller [AL00XOKN]: comm timeout read: sync0: unable to read 1 bytes in 124 ms
E/MRReaderWriter( 7603): AL00VE3C: comm timeout write: sync0: unable to read 1 bytes in 124 ms: [55 aa 00 30 20]
W/RobotCore( 7603): could not write to Modern Robotics USB Core Device Interface Module [AL00VE3C]: comm timeout write: sync0: unable to read 1 bytes in 124 ms
E/MRReaderWriter( 7603): AL00VVUU: comm timeout read: sync0: unable to read 1 bytes in 124 ms: [55 aa 80 40 1e]
W/RobotCore( 7603): could not read Modern Robotics USB DC Motor Controller [AL00VVUU]: comm timeout read: sync0: unable to read 1 bytes in 124 ms
E/MRReaderWriter( 7603): AL00XROI: comm timeout read: sync0: unable to read 1 bytes in 124 ms: [55 aa 80 03 0d]
W/RobotCore( 7603): could not read Modern Robotics USB Legacy Module [AL00XROI]: comm timeout read: sync0: unable to read 1 bytes in 124 ms
E/MRReaderWriter( 7603): AL00VS9P: comm timeout write: sync0: unable to read 1 bytes in 124 ms: [55 aa 00 40 1e]
W/RobotCore( 7603): could not write to Modern Robotics USB DC Motor Controller [AL00VS9P]: comm timeout write: sync0: unable to read 1 bytes in 124 ms
E/MRReaderWriter( 7603): AL00XOKN: comm timeout read: sync0: unable to read 1 bytes in 124 ms: [55 aa 80 40 09]
W/RobotCore( 7603): could not read Modern Robotics USB Servo Controller [AL00XOKN]: comm timeout read: sync0: unable to read 1 bytes in 124 ms
E/MRReaderWriter( 7603): AL00VE3C: comm timeout read: sync0: unable to read 1 bytes in 124 ms: [55 aa 80 03 15]
W/RobotCore( 7603): could not read Modern Robotics USB Core Device Interface Module [AL00VE3C]: comm timeout read: sync0: unable to read 1 bytes in 124 ms
D/DisplayPowerController(  811): updateAmbientLux:  mLightSensorListener lux is 72.0
E/MRReaderWriter( 7603): AL00VVUU: comm timeout read: sync0: unable to read 1 bytes in 124 ms: [55 aa 80 40 1e]
W/RobotCore( 7603): could not read Modern Robotics USB DC Motor Controller [AL00VVUU]: comm timeout read: sync0: unable to read 1 bytes in 124 ms
E/MRReaderWriter( 7603): AL00XROI: comm timeout write: sync0: unable to read 1 bytes in 124 ms: [55 aa 00 b0 20]
W/RobotCore( 7603): could not write to Modern Robotics USB Legacy Module [AL00XROI]: comm timeout write: sync0: unable to read 1 bytes in 124 ms
E/MRReaderWriter( 7603): AL00VS9P: comm timeout read: sync0: unable to read 1 bytes in 124 ms: [55 aa 80 40 1e]
W/RobotCore( 7603): could not read Modern Robotics USB DC Motor Controller [AL00VS9P]: comm timeout read: sync0: unable to read 1 bytes in 124 ms
E/MRReaderWriter( 7603): AL00XOKN: comm timeout read: sync0: unable to read 1 bytes in 124 ms: [55 aa 80 40 09]
W/RobotCore( 7603): could not read Modern Robotics USB Servo Controller [AL00XOKN]: comm timeout read: sync0: unable to read 1 bytes in 124 ms
E/MRReaderWriter( 7603): AL00VE3C: comm timeout write: sync0: unable to read 1 bytes in 124 ms: [55 aa 00 30 20]
W/RobotCore( 7603): could not write to Modern Robotics USB Core Device Interface Module [AL00VE3C]: comm timeout write: sync0: unable to read 1 bytes in 124 ms
E/MRReaderWriter( 7603): AL00XROI: comm timeout read: sync0: unable to read 1 bytes in 124 ms: [55 aa 80 03 0d]
E/MRReaderWriter( 7603): AL00VVUU: comm timeout write: sync0: unable to read 1 bytes in 124 ms: [55 aa 00 40 1e]
W/RobotCore( 7603): could not write to Modern Robotics USB DC Motor Controller [AL00VVUU]: comm timeout write: sync0: unable to read 1 bytes in 124 ms
W/RobotCore( 7603): could not read Modern Robotics USB Legacy Module [AL00XROI]: comm timeout read: sync0: unable to read 1 bytes in 124 ms
E/MRReaderWriter( 7603): AL00VS9P: comm timeout write: sync0: unable to read 1 bytes in 124 ms: [55 aa 00 40 1e]
W/RobotCore( 7603): could not write to Modern Robotics USB DC Motor Controller [AL00VS9P]: comm timeout write: sync0: unable to read 1 bytes in 124 ms
E/MRReaderWriter( 7603): AL00XOKN: comm timeout read: sync0: unable to read 1 bytes in 124 ms: [55 aa 80 40 09]
W/RobotCore( 7603): could not read Modern Robotics USB Servo Controller [AL00XOKN]: comm timeout read: sync0: unable to read 1 bytes in 124 ms
E/MRReaderWriter( 7603): AL00VE3C: comm timeout read: sync0: unable to read 1 bytes in 124 ms: [55 aa 80 03 15]
W/RobotCore( 7603): could not read Modern Robotics USB Core Device Interface Module [AL00VE3C]: comm timeout read: sync0: unable to read 1 bytes in 124 ms
E/MRReaderWriter( 7603): AL00VVUU: comm timeout read: sync0: unable to read 1 bytes in 124 ms: [55 aa 80 40 1e]
W/RobotCore( 7603): could not read Modern Robotics USB DC Motor Controller [AL00VVUU]: comm timeout read: sync0: unable to read 1 bytes in 124 ms
E/MRReaderWriter( 7603): AL00XROI: comm timeout write: sync0: unable to read 1 bytes in 124 ms: [55 aa 00 4f 01]
W/RobotCore( 7603): could not write to Modern Robotics USB Legacy Module [AL00XROI]: comm timeout write: sync0: unable to read 1 bytes in 124 ms
E/MRReaderWriter( 7603): AL00VS9P: comm timeout read: sync0: unable to read 1 bytes in 124 ms: [55 aa 80 40 1e]
W/RobotCore( 7603): could not read Modern Robotics USB DC Motor Controller [AL00VS9P]: comm timeout read: sync0: unable to read 1 bytes in 124 ms
E/MRReaderWriter( 7603): AL00XOKN: comm timeout read: sync0: unable to read 1 bytes in 124 ms: [55 aa 80 40 09]
W/RobotCore( 7603): could not read Modern Robotics USB Servo Controller [AL00XOKN]: comm timeout read: sync0: unable to read 1 bytes in 124 ms
E/MRReaderWriter( 7603): AL00VE3C: comm timeout write: sync0: unable to read 1 bytes in 124 ms: [55 aa 00 30 20]
W/RobotCore( 7603): could not write to Modern Robotics USB Core Device Interface Module [AL00VE3C]: comm timeout write: sync0: unable to read 1 bytes in 124 ms
E/MRReaderWriter( 7603): AL00VVUU: comm timeout write: sync0: unable to read 1 bytes in 124 ms: [55 aa 00 40 1e]
W/RobotCore( 7603): could not write to Modern Robotics USB DC Motor Controller [AL00VVUU]: comm timeout write: sync0: unable to read 1 bytes in 124 ms
E/MRReaderWriter( 7603): AL00XROI: comm timeout read: sync0: unable to read 1 bytes in 124 ms: [55 aa 80 03 0d]
W/RobotCore( 7603): could not read Modern Robotics USB Legacy Module [AL00XROI]: comm timeout read: sync0: unable to read 1 bytes in 124 ms
E/MRReaderWriter( 7603): AL00VS9P: comm timeout write: sync0: unable to read 1 bytes in 124 ms: [55 aa 00 40 1e]
W/RobotCore( 7603): could not write to Modern Robotics USB DC Motor Controller [AL00VS9P]: comm timeout write: sync0: unable to read 1 bytes in 124 ms
E/MRReaderWriter( 7603): AL00XOKN: comm timeout read: sync0: unable to read 1 bytes in 124 ms: [55 aa 80 40 09]
W/RobotCore( 7603): could not read Modern Robotics USB Servo Controller [AL00XOKN]: comm timeout read: sync0: unable to read 1 bytes in 124 ms
E/MRReaderWriter( 7603): AL00VE3C: comm timeout read: sync0: unable to read 1 bytes in 124 ms: [55 aa 80 03 15]
W/RobotCore( 7603): could not read Modern Robotics USB Core Device Interface Module [AL00VE3C]: comm timeout read: sync0: unable to read 1 bytes in 124 ms
D/DisplayPowerController(  811): updateAmbientLux:  mLightSensorListener lux is 71.0
E/MRReaderWriter( 7603): AL00VVUU: comm timeout read: sync0: unable to read 1 bytes in 124 ms: [55 aa 80 40 1e]
W/RobotCore( 7603): could not read Modern Robotics USB DC Motor Controller [AL00VVUU]: comm timeout read: sync0: unable to read 1 bytes in 124 ms
E/MRReaderWriter( 7603): AL00XROI: comm timeout write: sync0: unable to read 1 bytes in 124 ms: [55 aa 00 6f 01]
W/RobotCore( 7603): could not write to Modern Robotics USB Legacy Module [AL00XROI]: comm timeout write: sync0: unable to read 1 bytes in 124 ms
E/MRReaderWriter( 7603): AL00VS9P: comm timeout read: sync0: unable to read 1 bytes in 124 ms: [55 aa 80 40 1e]
W/RobotCore( 7603): could not read Modern Robotics USB DC Motor Controller [AL00VS9P]: comm timeout read: sync0: unable to read 1 bytes in 124 ms
D/DisplayPowerController(  811): updateAmbientLux:  mLightSensorListener lux is 72.0
E/MRReaderWriter( 7603): AL00XOKN: comm timeout read: sync0: unable to read 1 bytes in 124 ms: [55 aa 80 40 09]
W/RobotCore( 7603): could not read Modern Robotics USB Servo Controller [AL00XOKN]: comm timeout read: sync0: unable to read 1 bytes in 124 ms
E/MRReaderWriter( 7603): AL00VE3C: comm timeout write: sync0: unable to read 1 bytes in 124 ms: [55 aa 00 30 20]
W/RobotCore( 7603): could not write to Modern Robotics USB Core Device Interface Module [AL00VE3C]: comm timeout write: sync0: unable to read 1 bytes in 124 ms
D/DisplayPowerController(  811): updateAmbientLux:  mLightSensorListener lux is 71.0
D/UsbDeviceConnectionJNI( 7603): close
D/ProcessRequestThread::( 7603): Device has been closed.
W/System.err( 7603): java.lang.InterruptedException
W/System.err( 7603): 	at java.util.concurrent.locks.AbstractQueuedSynchronizer.doAcquireSharedInterruptibly(AbstractQueuedSynchronizer.java:975)
W/System.err( 7603): 	at java.util.concurrent.locks.AbstractQueuedSynchronizer.acquireSharedInterruptibly(AbstractQueuedSynchronizer.java:1281)
W/System.err( 7603): 	at java.util.concurrent.Semaphore.acquire(Semaphore.java:283)
W/System.err( 7603): 	at com.ftdi.j2xx.ProcessInCtrl.acquireReadableBuffer(FT_Device.java:2294)
W/System.err( 7603): 	at com.ftdi.j2xx.ProcessRequestWorker.run(FT_Device.java:2764)
W/System.err( 7603): 	at java.lang.Thread.run(Thread.java:841)
D/BulkIn::( 7603): Stop BulkIn thread
W/System.err( 7603): java.lang.NullPointerException
W/System.err( 7603): 	at com.ftdi.j2xx.ProcessInCtrl.releaseWritableBuffers(FT_Device.java:2675)
W/System.err( 7603): 	at com.ftdi.j2xx.BulkInWorker.run(FT_Device.java:2879)
W/System.err( 7603): 	at java.lang.Thread.run(Thread.java:841)
E/MRReaderWriter( 7603): AL00XROI: comm timeout read: sync0: unable to read 1 bytes in 124 ms: [55 aa 80 03 0d]
W/RobotCore( 7603): could not read Modern Robotics USB Legacy Module [AL00XROI]: comm timeout read: sync0: unable to read 1 bytes in 124 ms
E/FTDI_Device::( 7603): UsbConnection.requestWait() == null
E/MRReaderWriter( 7603): AL00VS9P: comm timeout write: sync0: unable to read 1 bytes in 124 ms: [55 aa 00 40 1e]
W/RobotCore( 7603): could not write to Modern Robotics USB DC Motor Controller [AL00VS9P]: comm timeout write: sync0: unable to read 1 bytes in 124 ms
W/RobotCore( 7603): error: closed: FT_Device.read()=-1
V/RobotUsbDeviceFtdi( 7603): closing AL00VS9P
V/RobotCore( 7603): thread: ...terminating 'r/w loop: Modern Robotics USB DC Motor Controller [AL00VS9P]'
D/UsbDeviceConnectionJNI( 7603): close
D/UsbDeviceConnectionJNI( 7603): close
W/System.err( 7603): java.lang.NullPointerException
W/System.err( 7603): 	at com.ftdi.j2xx.ProcessInCtrl.purgeINData(FT_Device.java:2593)
W/System.err( 7603): 	at com.ftdi.j2xx.BulkInWorker.run(FT_Device.java:2880)
W/System.err( 7603): 	at java.lang.Thread.run(Thread.java:841)
D/BulkIn::( 7603): Stop BulkIn thread
D/BulkIn::( 7603): Stop BulkIn thread
W/System.err( 7603): java.lang.NullPointerException
D/ProcessRequestThread::( 7603): Device has been closed.
W/System.err( 7603): java.lang.InterruptedException
D/ProcessRequestThread::( 7603): Device has been closed.
W/System.err( 7603): 	at java.util.concurrent.locks.AbstractQueuedSynchronizer.doAcquireSharedInterruptibly(AbstractQueuedSynchronizer.java:975)
W/System.err( 7603): 	at java.util.concurrent.locks.AbstractQueuedSynchronizer.acquireSharedInterruptibly(AbstractQueuedSynchronizer.java:1281)
W/System.err( 7603): 	at java.util.concurrent.Semaphore.acquire(Semaphore.java:283)
W/System.err( 7603): 	at com.ftdi.j2xx.ProcessInCtrl.acquireReadableBuffer(FT_Device.java:2294)
W/System.err( 7603): 	at com.ftdi.j2xx.ProcessRequestWorker.run(FT_Device.java:2764)
W/System.err( 7603): 	at java.lang.Thread.run(Thread.java:841)
E/MRReaderWriter( 7603): AL00VVUU: comm timeout write: sync0: unable to read 1 bytes in 124 ms: [55 aa 00 40 1e]
W/System.err( 7603): java.lang.InterruptedException
W/RobotCore( 7603): could not write to Modern Robotics USB DC Motor Controller [AL00VVUU]: comm timeout write: sync0: unable to read 1 bytes in 124 ms
W/RobotCore( 7603): error: closed: FT_Device.read()=-1
W/System.err( 7603): 	at java.util.concurrent.locks.AbstractQueuedSynchronizer.doAcquireSharedInterruptibly(AbstractQueuedSynchronizer.java:975)
W/System.err( 7603): 	at java.util.concurrent.locks.AbstractQueuedSynchronizer.acquireSharedInterruptibly(AbstractQueuedSynchronizer.java:1281)
V/RobotUsbDeviceFtdi( 7603): closing AL00VVUU
W/System.err( 7603): 	at java.util.concurrent.Semaphore.acquire(Semaphore.java:283)
W/System.err( 7603): 	at com.ftdi.j2xx.ProcessInCtrl.acquireReadableBuffer(FT_Device.java:2294)
W/System.err( 7603): 	at com.ftdi.j2xx.ProcessRequestWorker.run(FT_Device.java:2764)
W/System.err( 7603): 	at java.lang.Thread.run(Thread.java:841)
W/RobotCore( 7603): could not write to Modern Robotics USB Servo Controller [AL00XOKN]: FTDI Null Pointer Exception
E/RobotCore( 7603): java.lang.NullPointerException
W/System.err( 7603): java.lang.NullPointerException
W/System.err( 7603): 	at com.ftdi.j2xx.ProcessInCtrl.releaseWritableBuffers(FT_Device.java:2672)
D/RobotCore( 7603): system telemetry: key=$System$Warning$ msg="problem communicating with Modern Robotics USB DC Motor Controller [AL00VW5E]; problem communicating with Modern Robotics USB DC Motor Controller [AL00VVUU]; problem communicating with Modern Robotics USB DC Motor Controller [AL00VS9P]"
W/System.err( 7603): 	at com.ftdi.j2xx.BulkInWorker.run(FT_Device.java:2879)
W/System.err( 7603): 	at java.lang.Thread.run(Thread.java:841)
V/RobotCore( 7603): thread: ...terminating 'r/w loop: Modern Robotics USB DC Motor Controller [AL00VVUU]'
V/RobotCore( 7603): event loop: device has shutdown abnormally
V/RobotCore( 7603): event loop: detaching device owner
I/FIRST   ( 7603): ======= MODULE DETACH RECOVERY: disarm Modern Robotics USB DC Motor Controller [AL00VS9P]=======
W/System.err( 7603): 	at com.ftdi.j2xx.ProcessInCtrl.resetBufCount(FT_Device.java:2562)
D/RobotCore( 7603): disarming modern motor controller Modern Robotics USB DC Motor Controller [AL00VS9P]...
W/System.err( 7603): 	at com.ftdi.j2xx.ProcessInCtrl.purgeINData(FT_Device.java:2599)
W/System.err( 7603): 	at com.ftdi.j2xx.BulkInWorker.run(FT_Device.java:2880)
W/System.err( 7603): 	at java.lang.Thread.run(Thread.java:841)
V/RobotCore( 7603): waiting for service ReadWriteRunnable for Modern Robotics USB Device
E/RobotCore( 7603):     at com.ftdi.j2xx.ProcessInCtrl.readBulkInData(FT_Device.java:2520)
E/RobotCore( 7603):     at com.ftdi.j2xx.FT_Device.read(FT_Device.java:666)
E/RobotCore( 7603):     at com.qualcomm.robotcore.hardware.usb.ftdi.RobotUsbDeviceFtdi.read(RobotUsbDeviceFtdi.java:211)
E/RobotCore( 7603):     at com.qualcomm.hardware.modernrobotics.comm.ModernRoboticsReaderWriter.readIncomingBytes(ModernRoboticsReaderWriter.java:362)
E/RobotCore( 7603):     at com.qualcomm.hardware.modernrobotics.comm.ModernRoboticsReaderWriter.readSingleByte(ModernRoboticsReaderWriter.java:383)
E/RobotCore( 7603):     at com.qualcomm.hardware.modernrobotics.comm.ModernRoboticsReaderWriter.readResponse(ModernRoboticsReaderWriter.java:293)
E/RobotCore( 7603):     at com.qualcomm.hardware.modernrobotics.comm.ModernRoboticsReaderWriter.read(ModernRoboticsReaderWriter.java:179)
E/RobotCore( 7603):     at com.qualcomm.hardware.modernrobotics.comm.ReadWriteRunnableStandard$1.run(ReadWriteRunnableStandard.java:344)
E/RobotCore( 7603):     at com.qualcomm.robotcore.util.ThreadPool.logThreadLifeCycle(ThreadPool.java:513)
E/RobotCore( 7603):     at com.qualcomm.hardware.modernrobotics.comm.ReadWriteRunnableStandard.run(ReadWriteRunnableStandard.java:304)
E/RobotCore( 7603):     at java.util.concurrent.ThreadPoolExecutor.runWorker(ThreadPoolExecutor.java:1112)
E/RobotCore( 7603):     at java.util.concurrent.ThreadPoolExecutor$Worker.run(ThreadPoolExecutor.java:587)
E/RobotCore( 7603):     at java.lang.Thread.run(Thread.java:841)
V/RobotUsbDeviceFtdi( 7603): closing AL00XOKN
V/RobotCore( 7603): thread: ...terminating 'r/w loop: Modern Robotics USB Servo Controller [AL00XOKN]'
V/RobotCore( 7603): awaitTermination returned, isTerminated=true
V/RobotCore( 7603): executive service ReadWriteRunnable for Modern Robotics USB Device is terminated
V/RobotUsbDeviceFtdi( 7603): closing AL00VS9P
D/RobotCore( 7603): ...disarming modern motor controller Modern Robotics USB DC Motor Controller [AL00VS9P] complete
I/FIRST   ( 7603): ======= MODULE DETACH RECOVERY: pretend Modern Robotics USB DC Motor Controller [AL00VS9P]=======
D/RobotCore( 7603): arming modern motor controller Modern Robotics USB DC Motor Controller [AL00VS9P] (pretend)...
V/RobotCore( 7603): Starting up pretend device AL00VS9P
V/RobotCore( 7603): thread: 'r/w loop: Modern Robotics USB DC Motor Controller [AL00VS9P]' starting...
D/RobotCore( 7603): ...arming modern motor controller Modern Robotics USB DC Motor Controller [AL00VS9P] complete
I/FIRST   ( 7603): ======= MODULE DETACH RECOVERY: complete Modern Robotics USB DC Motor Controller [AL00VS9P]=======
V/RobotCore( 7603): event loop: device has shutdown abnormally
V/RobotCore( 7603): event loop: detaching device owner
I/FIRST   ( 7603): ======= MODULE DETACH RECOVERY: disarm Modern Robotics USB Servo Controller [AL00XOKN]=======
D/RobotCore( 7603): disarming modern servo controller "Modern Robotics USB Servo Controller [AL00XOKN]"...
V/RobotCore( 7603): waiting for service ReadWriteRunnable for Modern Robotics USB Device
D/AudioPolicyManager(  266):  getOutput() device 2, stream 3, samplingRate 0, format 0, channelMask 3, flags 0 
D/AudioPolicyManager(  266): getOutput() returns output 2
D/AudioPolicyManager(  266):  getOutput() device 2, stream 3, samplingRate 0, format 0, channelMask 3, flags 0 
D/AudioPolicyManager(  266): getOutput() returns output 2
D/AudioPolicyManager(  266):  getOutput() device 2, stream 3, samplingRate 44100, format 1, channelMask 3, flags 4 
D/AudioPolicyManager(  266): getOutput() returns output 3
D/ProcessRequestThread::( 7603): Device has been closed.
W/System.err( 7603): java.lang.InterruptedException
W/System.err( 7603): 	at java.util.concurrent.locks.AbstractQueuedSynchronizer.doAcquireSharedInterruptibly(AbstractQueuedSynchronizer.java:975)
W/System.err( 7603): 	at java.util.concurrent.locks.AbstractQueuedSynchronizer.acquireSharedInterruptibly(AbstractQueuedSynchronizer.java:1281)
W/System.err( 7603): 	at java.util.concurrent.Semaphore.acquire(Semaphore.java:283)
W/System.err( 7603): 	at com.ftdi.j2xx.ProcessInCtrl.acquireReadableBuffer(FT_Device.java:2294)
W/System.err( 7603): 	at com.ftdi.j2xx.ProcessRequestWorker.run(FT_Device.java:2764)
W/System.err( 7603): 	at java.lang.Thread.run(Thread.java:841)
D/UsbDeviceConnectionJNI( 7603): close
D/UsbDeviceConnectionJNI( 7603): close
D/ProcessRequestThread::( 7603): Device has been closed.
W/System.err( 7603): java.lang.InterruptedException
W/System.err( 7603): 	at java.util.concurrent.locks.AbstractQueuedSynchronizer.doAcquireSharedInterruptibly(AbstractQueuedSynchronizer.java:975)
W/System.err( 7603): 	at java.util.concurrent.locks.AbstractQueuedSynchronizer.acquireSharedInterruptibly(AbstractQueuedSynchronizer.java:1281)
D/BulkIn::( 7603): Stop BulkIn thread
W/System.err( 7603): 	at java.util.concurrent.Semaphore.acquire(Semaphore.java:283)
W/System.err( 7603): 	at com.ftdi.j2xx.ProcessInCtrl.acquireReadableBuffer(FT_Device.java:2294)
W/System.err( 7603): 	at com.ftdi.j2xx.ProcessRequestWorker.run(FT_Device.java:2764)
D/AudioFlinger(  266): start(4099), calling pid 7603 session 153
W/System.err( 7603): 	at java.lang.Thread.run(Thread.java:841)
D/AudioFlinger(  266): ? => ACTIVE (4099) on thread 0xb8a74588
D/AudioPolicyManagerBase(  266): startOutput() output 3, stream 3, session 153
V/RobotCore( 7603): awaitTermination returned, isTerminated=true
V/RobotCore( 7603): executive service ReadWriteRunnable for Modern Robotics USB Device is terminated
V/RobotUsbDeviceFtdi( 7603): closing AL00XOKN
W/System.err( 7603): java.lang.NullPointerException
D/RobotCore( 7603): ...disarming modern servo controller Modern Robotics USB Servo Controller [AL00XOKN] complete
W/System.err( 7603): 	at com.ftdi.j2xx.ProcessInCtrl.getBuffer(FT_Device.java:2269)
I/FIRST   ( 7603): ======= MODULE DETACH RECOVERY: pretend Modern Robotics USB Servo Controller [AL00XOKN]=======
W/System.err( 7603): 	at com.ftdi.j2xx.ProcessInCtrl.releaseWritableBuffers(FT_Device.java:2675)
D/RobotCore( 7603): arming modern servo controller Modern Robotics USB Servo Controller [AL00XOKN] (pretend)...
W/System.err( 7603): 	at com.ftdi.j2xx.BulkInWorker.run(FT_Device.java:2879)
W/System.err( 7603): 	at java.lang.Thread.run(Thread.java:841)
W/RobotCore( 7603): could not write to Modern Robotics USB Legacy Module [AL00XROI]: FTDI Null Pointer Exception
E/RobotCore( 7603): java.lang.NullPointerException
E/RobotCore( 7603):     at com.ftdi.j2xx.ProcessInCtrl.readBulkInData(FT_Device.java:2520)
E/RobotCore( 7603):     at com.ftdi.j2xx.FT_Device.read(FT_Device.java:666)
E/RobotCore( 7603):     at com.qualcomm.robotcore.hardware.usb.ftdi.RobotUsbDeviceFtdi.read(RobotUsbDeviceFtdi.java:211)
V/RobotCore( 7603): Starting up pretend device AL00XOKN
E/RobotCore( 7603):     at com.qualcomm.hardware.modernrobotics.comm.ModernRoboticsReaderWriter.readIncomingBytes(ModernRoboticsReaderWriter.java:362)
E/RobotCore( 7603):     at com.qualcomm.hardware.modernrobotics.comm.ModernRoboticsReaderWriter.readSingleByte(ModernRoboticsReaderWriter.java:383)
E/RobotCore( 7603):     at com.qualcomm.hardware.modernrobotics.comm.ModernRoboticsReaderWriter.readResponse(ModernRoboticsReaderWriter.java:293)
E/RobotCore( 7603):     at com.qualcomm.hardware.modernrobotics.comm.ModernRoboticsReaderWriter.write(ModernRoboticsReaderWriter.java:234)
E/RobotCore( 7603):     at com.qualcomm.hardware.modernrobotics.comm.ReadWriteRunnableStandard$1.run(ReadWriteRunnableStandard.java:410)
E/RobotCore( 7603):     at com.qualcomm.robotcore.util.ThreadPool.logThreadLifeCycle(ThreadPool.java:513)
E/RobotCore( 7603):     at com.qualcomm.hardware.modernrobotics.comm.ReadWriteRunnableStandard.run(ReadWriteRunnableStandard.java:304)
E/RobotCore( 7603):     at java.util.concurrent.ThreadPoolExecutor.runWorker(ThreadPoolExecutor.java:1112)
E/RobotCore( 7603):     at java.util.concurrent.ThreadPoolExecutor$Worker.run(ThreadPoolExecutor.java:587)
E/RobotCore( 7603):     at java.lang.Thread.run(Thread.java:841)
V/RobotUsbDeviceFtdi( 7603): closing AL00XROI
V/RobotCore( 7603): thread: ...terminating 'r/w loop: Modern Robotics USB Legacy Module [AL00XROI]'
V/RobotCore( 7603): thread: 'r/w loop: Modern Robotics USB Servo Controller [AL00XOKN]' starting...
D/RobotCore( 7603): ...arming modern servo controller Modern Robotics USB Servo Controller [AL00XOKN] complete
I/FIRST   ( 7603): ======= MODULE DETACH RECOVERY: complete Modern Robotics USB Servo Controller [AL00XOKN]=======
V/RobotCore( 7603): event loop: device has shutdown abnormally
V/RobotCore( 7603): event loop: detaching device owner
I/FIRST   ( 7603): ======= MODULE DETACH RECOVERY: disarm Modern Robotics USB DC Motor Controller [AL00VVUU]=======
D/RobotCore( 7603): disarming modern motor controller Modern Robotics USB DC Motor Controller [AL00VVUU]...
V/RobotCore( 7603): executive service ReadWriteRunnable for Modern Robotics USB Device is terminated
V/RobotUsbDeviceFtdi( 7603): closing AL00VVUU
D/RobotCore( 7603): ...disarming modern motor controller Modern Robotics USB DC Motor Controller [AL00VVUU] complete
I/FIRST   ( 7603): ======= MODULE DETACH RECOVERY: pretend Modern Robotics USB DC Motor Controller [AL00VVUU]=======
D/RobotCore( 7603): arming modern motor controller Modern Robotics USB DC Motor Controller [AL00VVUU] (pretend)...
V/RobotCore( 7603): Starting up pretend device AL00VVUU
V/RobotCore( 7603): thread: 'r/w loop: Modern Robotics USB DC Motor Controller [AL00VVUU]' starting...
D/RobotCore( 7603): ...arming modern motor controller Modern Robotics USB DC Motor Controller [AL00VVUU] complete
I/FIRST   ( 7603): ======= MODULE DETACH RECOVERY: complete Modern Robotics USB DC Motor Controller [AL00VVUU]=======
D/RobotCore( 7603): system telemetry: key=$System$Warning$ msg="problem communicating with Modern Robotics USB DC Motor Controller [AL00VW5E]; problem communicating with Modern Robotics USB DC Motor Controller [AL00VVUU]; problem communicating with Modern Robotics USB Servo Controller [AL00XOKN]; problem communicating with Modern Robotics USB DC Motor Controller [AL00VS9P]; problem communicating with Modern Robotics USB Legacy Module [AL00XROI]"
D/LockScreen_KeyguardViewMediator(  978): setHidden false
D/LockScreen_KeyguardUpdateMonitor(  978): sendKeyguardVisibilityChanged(true)
D/LockScreen_KeyguardUpdateMonitor(  978): handleKeyguardVisibilityChanged(1)
V/RobotCore( 7603): event loop: device has shutdown abnormally
V/RobotCore( 7603): event loop: detaching device owner
I/FIRST   ( 7603): ======= MODULE DETACH RECOVERY: disarm Modern Robotics USB Legacy Module [AL00XROI]=======
V/RobotCore( 7603): executive service ReadWriteRunnable for Modern Robotics USB Device is terminated
V/RobotUsbDeviceFtdi( 7603): closing AL00XROI
I/FIRST   ( 7603): ======= MODULE DETACH RECOVERY: pretend Modern Robotics USB Legacy Module [AL00XROI]=======
V/RobotCore( 7603): Starting up pretend device AL00XROI
V/RobotCore( 7603): thread: 'r/w loop: Modern Robotics USB Legacy Module [AL00XROI]' starting...
I/FIRST   ( 7603): ======= MODULE DETACH RECOVERY: complete Modern Robotics USB Legacy Module [AL00XROI]=======
D/LockScreen_KeyguardViewMediator(  978): setHidden false
D/LockScreen_KeyguardUpdateMonitor(  978): sendKeyguardVisibilityChanged(true)
D/LockScreen_KeyguardUpdateMonitor(  978): handleKeyguardVisibilityChanged(1)
E/MRReaderWriter( 7603): AL00VE3C: comm timeout read: sync0: unable to read 1 bytes in 124 ms: [55 aa 80 03 15]
W/RobotCore( 7603): could not read Modern Robotics USB Core Device Interface Module [AL00VE3C]: comm timeout read: sync0: unable to read 1 bytes in 124 ms
W/RobotCore( 7603): error: closed: FT_Device.read()=-1
V/RobotUsbDeviceFtdi( 7603): closing AL00VE3C
V/RobotCore( 7603): thread: ...terminating 'r/w loop: Modern Robotics USB Core Device Interface Module [AL00VE3C]'
D/RobotCore( 7603): system telemetry: key=$System$Warning$ msg="problem communicating with Modern Robotics USB DC Motor Controller [AL00VW5E]; problem communicating with Modern Robotics USB DC Motor Controller [AL00VVUU]; problem communicating with Modern Robotics USB Core Device Interface Module [AL00VE3C]; problem communicating with Modern Robotics USB Servo Controller [AL00XOKN]; problem communicating with Modern Robotics USB DC Motor Controller [AL00VS9P]; problem communicating with Modern Robotics USB Legacy Module [AL00XROI]"
V/RobotCore( 7603): event loop: device has shutdown abnormally
V/RobotCore( 7603): event loop: detaching device owner
I/FIRST   ( 7603): ======= MODULE DETACH RECOVERY: disarm Modern Robotics USB Core Device Interface Module [AL00VE3C]=======
