D/PowerManagerService(  811): sendPendingNotificationsLocked mSendGoToSleepFinishedNotificationWhenReady = false
D/PowerManagerService(  811): sendPendingNotificationsLocked mSendGoToSleepFinishedNotificationWhenReady = false
D/PowerManagerService(  811): sendPendingNotificationsLocked mSendGoToSleepFinishedNotificationWhenReady = false
D/PowerManagerService(  811): sendPendingNotificationsLocked mSendGoToSleepFinishedNotificationWhenReady = false
D/PowerManagerService(  811): sendPendingNotificationsLocked mSendGoToSleepFinishedNotificationWhenReady = false
D/PowerManagerService(  811): sendPendingNotificationsLocked mSendGoToSleepFinishedNotificationWhenReady = false
D/PowerManagerService(  811): sendPendingNotificationsLocked mSendGoToSleepFinishedNotificationWhenReady = false
D/PowerManagerService(  811): sendPendingNotificationsLocked mSendGoToSleepFinishedNotificationWhenReady = false
D/PowerManagerService(  811): sendPendingNotificationsLocked mSendGoToSleepFinishedNotificationWhenReady = false
D/PowerManagerService(  811): sendPendingNotificationsLocked mSendGoToSleepFinishedNotificationWhenReady = false
D/PowerManagerService(  811): sendPendingNotificationsLocked mSendGoToSleepFinishedNotificationWhenReady = false
D/PowerManagerService(  811): sendPendingNotificationsLocked mSendGoToSleepFinishedNotificationWhenReady = false
D/PowerManagerService(  811): sendPendingNotificationsLocked mSendGoToSleepFinishedNotificationWhenReady = false
D/PowerManagerService(  811): sendPendingNotificationsLocked mSendGoToSleepFinishedNotificationWhenReady = false
D/PowerManagerService(  811): sendPendingNotificationsLocked mSendGoToSleepFinishedNotificationWhenReady = false
D/PowerManagerService(  811): sendPendingNotificationsLocked mSendGoToSleepFinishedNotificationWhenReady = false
D/BatteryService(  811): ZTE Sending ACTION_BATTERY_CHANGED.  level:87, scale:100, status:2, health:2, present:true, voltage: 4250, temperature: 270, technology: Li-ion, AC powered:false, USB powered:true, Wireless powered:false, icon:17302966, invalid charger:0
D/PowerManagerService(  811): sendPendingNotificationsLocked mSendGoToSleepFinishedNotificationWhenReady = false
D/WifiController(  811): battery changed pluggedType: 2
I/ActivityManager(  811): Start proc com.android.defcontainer for service com.android.defcontainer/.DefaultContainerService: pid=5433 uid=10004 gids={50004, 1028, 1015, 1023, 2001, 1035}
W/ActivityManager(  811): No content provider found for permission revoke: file:///data/local/tmp/com.qualcomm.ftcrobotcontroller
W/ActivityManager(  811): No content provider found for permission revoke: file:///data/local/tmp/com.qualcomm.ftcrobotcontroller
I/PackageManager(  811): Copying native libraries to /data/app-lib/vmdl-820450432
I/ActivityManager(  811): Force stopping com.qualcomm.ftcrobotcontroller appid=10112 user=-1: uninstall pkg
I/PackageManager(  811): Package com.qualcomm.ftcrobotcontroller codePath changed from /data/app/com.qualcomm.ftcrobotcontroller-2.apk to /data/app/com.qualcomm.ftcrobotcontroller-1.apk; Retaining data and using new
D/PowerManagerService(  811): sendPendingNotificationsLocked mSendGoToSleepFinishedNotificationWhenReady = false
D/PowerManagerService(  811): sendPendingNotificationsLocked mSendGoToSleepFinishedNotificationWhenReady = false
D/PowerManagerService(  811): sendPendingNotificationsLocked mSendGoToSleepFinishedNotificationWhenReady = false
D/PowerManagerService(  811): sendPendingNotificationsLocked mSendGoToSleepFinishedNotificationWhenReady = false
D/PowerManagerService(  811): sendPendingNotificationsLocked mSendGoToSleepFinishedNotificationWhenReady = false
D/PowerManagerService(  811): sendPendingNotificationsLocked mSendGoToSleepFinishedNotificationWhenReady = false
D/PowerManagerService(  811): sendPendingNotificationsLocked mSendGoToSleepFinishedNotificationWhenReady = false
D/PowerManagerService(  811): sendPendingNotificationsLocked mSendGoToSleepFinishedNotificationWhenReady = false
D/PowerManagerService(  811): sendPendingNotificationsLocked mSendGoToSleepFinishedNotificationWhenReady = false
D/PowerManagerService(  811): sendPendingNotificationsLocked mSendGoToSleepFinishedNotificationWhenReady = false
D/PowerManagerService(  811): sendPendingNotificationsLocked mSendGoToSleepFinishedNotificationWhenReady = false
D/PowerManagerService(  811): sendPendingNotificationsLocked mSendGoToSleepFinishedNotificationWhenReady = false
D/PowerManagerService(  811): sendPendingNotificationsLocked mSendGoToSleepFinishedNotificationWhenReady = false
D/PowerManagerService(  811): sendPendingNotificationsLocked mSendGoToSleepFinishedNotificationWhenReady = false
D/PowerManagerService(  811): sendPendingNotificationsLocked mSendGoToSleepFinishedNotificationWhenReady = false
D/PowerManagerService(  811): sendPendingNotificationsLocked mSendGoToSleepFinishedNotificationWhenReady = false
D/PowerManagerService(  811): sendPendingNotificationsLocked mSendGoToSleepFinishedNotificationWhenReady = false
D/PowerManagerService(  811): sendPendingNotificationsLocked mSendGoToSleepFinishedNotificationWhenReady = false
D/PowerManagerService(  811): sendPendingNotificationsLocked mSendGoToSleepFinishedNotificationWhenReady = false
D/PowerManagerService(  811): sendPendingNotificationsLocked mSendGoToSleepFinishedNotificationWhenReady = false
D/PowerManagerService(  811): sendPendingNotificationsLocked mSendGoToSleepFinishedNotificationWhenReady = false
D/PowerManagerService(  811): sendPendingNotificationsLocked mSendGoToSleepFinishedNotificationWhenReady = false
D/PowerManagerService(  811): sendPendingNotificationsLocked mSendGoToSleepFinishedNotificationWhenReady = false
D/PowerManagerService(  811): sendPendingNotificationsLocked mSendGoToSleepFinishedNotificationWhenReady = false
W/PackageManager(  811): Code path for pkg : com.qualcomm.ftcrobotcontroller changing from /data/app/com.qualcomm.ftcrobotcontroller-2.apk to /data/app/com.qualcomm.ftcrobotcontroller-1.apk
I/ActivityManager(  811): Force stopping com.qualcomm.ftcrobotcontroller appid=10112 user=-1: update pkg
W/PackageManager(  811): Resource path for pkg : com.qualcomm.ftcrobotcontroller changing from /data/app/com.qualcomm.ftcrobotcontroller-2.apk to /data/app/com.qualcomm.ftcrobotcontroller-1.apk
D/WallpaperService(  811): mWallpaperDir=/data/system/users/0, path=package-restrictions.xml
D/BackupManagerService(  811): Now staging backup of android
D/WallpaperService(  811): mWallpaperDir=/data/system/users/0, path=package-restrictions-backup.xml
D/WallpaperService(  811): mWallpaperDir=/data/system/users/0, path=package-restrictions.xml
D/WallpaperService(  811): mWallpaperDir=/data/system/users/0, path=package-restrictions-backup.xml
D/WallpaperService(  811): mWallpaperDir=/data/system/users/0, path=package-restrictions.xml
D/WallpaperService(  811): mWallpaperDir=/data/system/users/0, path=package-restrictions-backup.xml
I/ActivityManager(  811): Force stopping com.qualcomm.ftcrobotcontroller appid=10112 user=0: pkg removed
I/PackageManager(  811): Adding preferred activity ComponentInfo{com.android.mms/com.android.mms.ui.ComposeMessageActivity} for user 0 :
D/WallpaperService(  811): mWallpaperDir=/data/system/users/0, path=package-restrictions.xml
D/WallpaperService(  811): mWallpaperDir=/data/system/users/0, path=package-restrictions-backup.xml
I/ActivityManager(  811): Start proc com.android.gallery3d for broadcast com.android.gallery3d/.app.PackagesMonitor: pid=5448 uid=10011 gids={50011, 9997, 3003, 1028, 1015, 1023}
I/PackageManager(  811): Adding preferred activity ComponentInfo{com.android.mms/com.android.mms.ui.ComposeMessageActivity} for user 0 :
D/WallpaperService(  811): mWallpaperDir=/data/system/users/0, path=package-restrictions.xml
D/WallpaperService(  811): mWallpaperDir=/data/system/users/0, path=package-restrictions-backup.xml
I/PackageManager(  811): Adding preferred activity ComponentInfo{com.android.mms/com.android.mms.ui.ComposeMessageActivity} for user 0 :
D/WallpaperService(  811): mWallpaperDir=/data/system/users/0, path=package-restrictions.xml
D/WallpaperService(  811): mWallpaperDir=/data/system/users/0, path=package-restrictions-backup.xml
D/BackupManagerService(  811): Received broadcast Intent { act=android.intent.action.PACKAGE_REMOVED dat=package:com.qualcomm.ftcrobotcontroller flg=0x4000010 (has extras) }
I/PackageManager(  811): Adding preferred activity ComponentInfo{com.android.mms/com.android.mms.ui.ComposeMessageActivity} for user 0 :
D/WallpaperService(  811): mWallpaperDir=/data/system/users/0, path=package-restrictions.xml
D/WallpaperService(  811): mWallpaperDir=/data/system/users/0, path=package-restrictions-backup.xml
I/PackageManager(  811): Adding preferred activity ComponentInfo{com.android.mms/com.android.mms.ui.ComposeMessageActivity} for user 0 :
D/WallpaperService(  811): mWallpaperDir=/data/system/users/0, path=package-restrictions.xml
D/WallpaperService(  811): mWallpaperDir=/data/system/users/0, path=package-restrictions-backup.xml
I/PackageManager(  811): Adding preferred activity ComponentInfo{com.android.mms/com.android.mms.ui.ComposeMessageActivity} for user 0 :
I/PackageManager(  811): Adding preferred activity ComponentInfo{com.android.mms/com.android.mms.ui.ComposeMessageActivity} for user 0 :
I/PackageManager(  811): Adding preferred activity ComponentInfo{com.android.mms/com.android.mms.ui.ComposeMessageActivity} for user 0 :
D/BackupManagerService(  811): Received broadcast Intent { act=android.intent.action.PACKAGE_ADDED dat=package:com.qualcomm.ftcrobotcontroller flg=0x4000010 (has extras) }
V/BackupManagerService(  811): removePackageParticipantsLocked: uid=10112 #1
V/BackupManagerService(  811): addPackageParticipantsLocked: #1
I/PackageManager(  811): Adding preferred activity ComponentInfo{com.android.mms/com.android.mms.ui.ComposeMessageActivity} for user 0 :
I/PackageManager(  811): Adding preferred activity ComponentInfo{com.android.mms/com.android.mms.ui.ComposeMessageActivity} for user 0 :
I/PackageManager(  811): Adding preferred activity ComponentInfo{com.android.mms/com.android.mms.ui.ComposeMessageActivity} for user 0 :
W/ActivityManager(  811): Unable to start service Intent { act=android.intent.action.PACKAGE_REMOVED dat=package:com.qualcomm.ftcrobotcontroller flg=0x4000010 cmp=com.android.gallery3d/.app.PackagesMonitor$AsyncService (has extras) } U=0: not found
I/ActivityManager(  811): Killing 4866:com.google.android.apps.docs/u0a50 (adj 15): empty #17
I/PackageManager(  811): Adding preferred activity ComponentInfo{com.android.mms/com.android.mms.ui.ComposeMessageActivity} for user 0 :
D/WallpaperService(  811): mWallpaperDir=/data/system/users/0, path=package-restrictions.xml
D/WallpaperService(  811): mWallpaperDir=/data/system/users/0, path=package-restrictions-backup.xml
D/WallpaperService(  811): mWallpaperDir=/data/system/users/0, path=package-restrictions.xml
D/WallpaperService(  811): mWallpaperDir=/data/system/users/0, path=package-restrictions-backup.xml
D/WallpaperService(  811): mWallpaperDir=/data/system/users/0, path=package-restrictions.xml
D/WallpaperService(  811): mWallpaperDir=/data/system/users/0, path=package-restrictions-backup.xml
D/WallpaperService(  811): mWallpaperDir=/data/system/users/0, path=package-restrictions.xml
D/WallpaperService(  811): mWallpaperDir=/data/system/users/0, path=package-restrictions-backup.xml
D/WallpaperService(  811): mWallpaperDir=/data/system/users/0, path=package-restrictions.xml
D/WallpaperService(  811): mWallpaperDir=/data/system/users/0, path=package-restrictions-backup.xml
D/WallpaperService(  811): mWallpaperDir=/data/system/users/0, path=package-restrictions.xml
D/WallpaperService(  811): mWallpaperDir=/data/system/users/0, path=package-restrictions-backup.xml
D/WallpaperService(  811): mWallpaperDir=/data/system/users/0, path=package-restrictions.xml
D/WallpaperService(  811): mWallpaperDir=/data/system/users/0, path=package-restrictions-backup.xml
I/PackageManager(  811): Adding preferred activity ComponentInfo{com.android.mms/com.android.mms.ui.ComposeMessageActivity} for user 0 :
D/WallpaperService(  811): mWallpaperDir=/data/system/users/0, path=package-restrictions.xml
D/WallpaperService(  811): mWallpaperDir=/data/system/users/0, path=package-restrictions-backup.xml
I/PackageManager(  811): Adding preferred activity ComponentInfo{com.android.mms/com.android.mms.ui.ComposeMessageActivity} for user 0 :
D/WallpaperService(  811): mWallpaperDir=/data/system/users/0, path=package-restrictions.xml
D/WallpaperService(  811): mWallpaperDir=/data/system/users/0, path=package-restrictions-backup.xml
I/PackageManager(  811): Adding preferred activity ComponentInfo{com.android.mms/com.android.mms.ui.ComposeMessageActivity} for user 0 :
D/WallpaperService(  811): mWallpaperDir=/data/system/users/0, path=package-restrictions.xml
I/PackageManager(  811): Adding preferred activity ComponentInfo{com.android.mms/com.android.mms.ui.ComposeMessageActivity} for user 0 :
D/WallpaperService(  811): mWallpaperDir=/data/system/users/0, path=package-restrictions-backup.xml
D/WallpaperService(  811): mWallpaperDir=/data/system/users/0, path=package-restrictions.xml
D/WallpaperService(  811): mWallpaperDir=/data/system/users/0, path=package-restrictions-backup.xml
I/PackageManager(  811): Adding preferred activity ComponentInfo{com.android.mms/com.android.mms.ui.ComposeMessageActivity} for user 0 :
D/WallpaperService(  811): mWallpaperDir=/data/system/users/0, path=package-restrictions.xml
D/WallpaperService(  811): mWallpaperDir=/data/system/users/0, path=package-restrictions-backup.xml
I/PackageManager(  811): Adding preferred activity ComponentInfo{com.android.mms/com.android.mms.ui.ComposeMessageActivity} for user 0 :
D/WallpaperService(  811): mWallpaperDir=/data/system/users/0, path=package-restrictions.xml
D/WallpaperService(  811): mWallpaperDir=/data/system/users/0, path=package-restrictions-backup.xml
I/PackageManager(  811): Adding preferred activity ComponentInfo{com.android.mms/com.android.mms.ui.ComposeMessageActivity} for user 0 :
D/WallpaperService(  811): mWallpaperDir=/data/system/users/0, path=package-restrictions.xml
D/WallpaperService(  811): mWallpaperDir=/data/system/users/0, path=package-restrictions-backup.xml
I/PackageManager(  811): Adding preferred activity ComponentInfo{com.android.mms/com.android.mms.ui.ComposeMessageActivity} for user 0 :
D/WallpaperService(  811): mWallpaperDir=/data/system/users/0, path=package-restrictions.xml
D/WallpaperService(  811): mWallpaperDir=/data/system/users/0, path=package-restrictions-backup.xml
I/PackageManager(  811): Adding preferred activity ComponentInfo{com.android.mms/com.android.mms.ui.ComposeMessageActivity} for user 0 :
D/WallpaperService(  811): mWallpaperDir=/data/system/users/0, path=package-restrictions.xml
D/WallpaperService(  811): mWallpaperDir=/data/system/users/0, path=package-restrictions-backup.xml
I/PackageManager(  811): Adding preferred activity ComponentInfo{com.android.mms/com.android.mms.ui.ComposeMessageActivity} for user 0 :
D/WallpaperService(  811): mWallpaperDir=/data/system/users/0, path=package-restrictions.xml
D/WallpaperService(  811): mWallpaperDir=/data/system/users/0, path=package-restrictions-backup.xml
I/PackageManager(  811): Adding preferred activity ComponentInfo{com.android.mms/com.android.mms.ui.ComposeMessageActivity} for user 0 :
D/WallpaperService(  811): mWallpaperDir=/data/system/users/0, path=package-restrictions.xml
D/WallpaperService(  811): mWallpaperDir=/data/system/users/0, path=package-restrictions-backup.xml
I/PackageManager(  811): Adding preferred activity ComponentInfo{com.android.mms/com.android.mms.ui.ComposeMessageActivity} for user 0 :
D/WallpaperService(  811): mWallpaperDir=/data/system/users/0, path=package-restrictions.xml
D/WallpaperService(  811): mWallpaperDir=/data/system/users/0, path=package-restrictions-backup.xml
D/WallpaperService(  811): mWallpaperDir=/data/system/users/0, path=appwidgets.xml
D/WallpaperService(  811): mWallpaperDir=/data/system/users/0, path=appwidgets.xml.bak
I/ActivityManager(  811): Start proc com.android.musicfx for broadcast com.android.musicfx/.Compatibility$Receiver: pid=5467 uid=10021 gids={50021, 3003, 3002}
I/ActivityManager(  811): Start proc com.android.voicedialer for broadcast com.android.voicedialer/.VoiceDialerReceiver: pid=5481 uid=10033 gids={50033, 3002}
I/ActivityManager(  811): Killing 4901:com.google.android.marvin.talkback/u0a103 (adj 15): empty #17
I/ActivityManager(  811): Start proc com.android.keychain for broadcast com.android.keychain/.KeyChainBroadcastReceiver: pid=5493 uid=1000 gids={41000, 3002, 3001, 9997, 1028, 1015, 1023, 3003, 1021, 3004, 3005, 1000, 3009, 1010, 1007}
I/ActivityManager(  811): Killing 4916:com.google.android.apps.books/u0a42 (adj 15): empty #17
W/ContextImpl( 5493): Calling a method in the system process without a qualified user: android.app.ContextImpl.startService:1569 android.content.ContextWrapper.startService:494 android.content.ContextWrapper.startService:494 com.android.keychain.KeyChainBroadcastReceiver.onReceive:12 android.app.ActivityThread.handleReceiver:2410 
D/PowerManagerService(  811): sendPendingNotificationsLocked mSendGoToSleepFinishedNotificationWhenReady = false
D/PowerManagerService(  811): sendPendingNotificationsLocked mSendGoToSleepFinishedNotificationWhenReady = false
I/ActivityManager(  811): Start proc com.google.android.apps.docs for broadcast com.google.android.apps.docs/.receivers.AppPackageAddRemoveReceiver: pid=5521 uid=10050 gids={50050, 9997, 1028, 3003, 1015}
D/PowerManagerService(  811): sendPendingNotificationsLocked mSendGoToSleepFinishedNotificationWhenReady = false
D/PowerManagerService(  811): sendPendingNotificationsLocked mSendGoToSleepFinishedNotificationWhenReady = false
I/ActivityManager(  811): START u0 {act=android.intent.action.MAIN cat=[android.intent.category.LAUNCHER] flg=0x10000000 cmp=com.qualcomm.ftcrobotcontroller/org.firstinspires.ftc.robotcontroller.internal.FtcRobotControllerActivity} from pid 5466
D/PowerManagerService(  811): sendPendingNotificationsLocked mSendGoToSleepFinishedNotificationWhenReady = false
W/BackupManagerService(  811): dataChanged but no participant pkg='com.android.providers.settings' uid=10017
I/ActivityManager(  811): Start proc com.qualcomm.ftcrobotcontroller for activity com.qualcomm.ftcrobotcontroller/org.firstinspires.ftc.robotcontroller.internal.FtcRobotControllerActivity: pid=5556 uid=10112 gids={50112, 3001, 3003, 3002, 1028, 1015}
W/BackupManagerService(  811): dataChanged but no participant pkg='com.android.providers.settings' uid=10017
W/ActivityManager(  811): Unable to start service Intent { act=android.intent.action.PACKAGE_ADDED dat=package:com.qualcomm.ftcrobotcontroller flg=0x4000010 cmp=com.android.gallery3d/.app.PackagesMonitor$AsyncService (has extras) } U=0: not found
D/PowerManagerService(  811): sendPendingNotificationsLocked mSendGoToSleepFinishedNotificationWhenReady = false
D/PowerManagerService(  811): sendPendingNotificationsLocked mSendGoToSleepFinishedNotificationWhenReady = false
I/ActivityManager(  811): Start proc com.google.android.partnersetup for broadcast com.google.android.partnersetup/.RlzPingBroadcastReceiver: pid=5579 uid=10015 gids={50015, 9997, 3003}
I/ActivityManager(  811): Killing 4940:com.google.android.gm/u0a53 (adj 15): empty #17
I/ActivityManager(  811): Killing 5043:com.android.inputmethod.latin/u0a60 (adj 15): empty #17
W/ActivityManager(  811): Scheduling restart of crashed service com.android.inputmethod.latin/.spellcheck.AndroidSpellCheckerService in 1000ms
W/NativeCrashListener(  811): Couldn't find ProcessRecord for pid 5286
D/PowerManagerService(  811): sendPendingNotificationsLocked mSendGoToSleepFinishedNotificationWhenReady = false
D/PowerManagerService(  811): sendPendingNotificationsLocked mSendGoToSleepFinishedNotificationWhenReady = false
D/PowerManagerService(  811): sendPendingNotificationsLocked mSendGoToSleepFinishedNotificationWhenReady = false
D/PowerManagerService(  811): sendPendingNotificationsLocked mSendGoToSleepFinishedNotificationWhenReady = false
D/PowerManagerService(  811): sendPendingNotificationsLocked mSendGoToSleepFinishedNotificationWhenReady = false
W/BackupManagerService(  811): dataChanged but no participant pkg='com.android.providers.settings' uid=10017
D/PowerManagerService(  811): sendPendingNotificationsLocked mSendGoToSleepFinishedNotificationWhenReady = false
I/ActivityManager(  811): Start proc com.google.android.apps.magazines for broadcast com.google.android.apps.magazines/com.google.apps.dots.android.app.receiver.FirstInstallNotificationReceiver: pid=5623 uid=10064 gids={50064, 9997, 3003, 1028, 1015}
D/PowerManagerService(  811): sendPendingNotificationsLocked mSendGoToSleepFinishedNotificationWhenReady = false
D/DisplayPowerController(  811): updateAmbientLux:  mLightSensorListener lux is 11.0
D/VoldCmdListener(  244): volume mkdirs /storage/sdcard1/Android/data/com.google.android.apps.magazines/cache/
W/Vold    (  244): Returning OperationFailed - no handler for errno 30
D/VoldCmdListener(  244): volume mkdirs /storage/sdcard1/Android/data/com.google.android.apps.magazines/files/
W/Vold    (  244): Returning OperationFailed - no handler for errno 30
D/VoldCmdListener(  244): volume mkdirs /storage/sdcard1/Android/data/com.google.android.apps.magazines/cache/
W/Vold    (  244): Returning OperationFailed - no handler for errno 30
D/VoldCmdListener(  244): volume mkdirs /storage/sdcard1/Android/data/com.google.android.apps.magazines/files/
W/Vold    (  244): Returning OperationFailed - no handler for errno 30
D/DisplayPowerController(  811): updateAmbientLux:  mLightSensorListener lux is 13.0
I/ActivityManager(  811): Start proc com.android.inputmethod.latin for service com.android.inputmethod.latin/.spellcheck.AndroidSpellCheckerService: pid=5646 uid=10060 gids={50060, 9997, 1028, 1015}
D/DisplayPowerController(  811): updateAmbientLux:  mLightSensorListener lux is 18.0
D/DisplayPowerController(  811): updateAmbientLux:  mLightSensorListener lux is 10.0
I/ActivityManager(  811): Killing 4596:com.google.android.talk/u0a57 (adj 15): empty #17
D/WifiService(  811): New client listening to asynchronous messages
D/WifiService(  811): acquireWifiLockLocked: WifiLock{ type=3 binder=android.os.BinderProxy@42144a50}
D/WifiP2pService(  811): GroupCreatedState{ when=-1ms what=139277 arg1=-2 arg2=1 target=com.android.internal.util.StateMachine$SmHandler }  > CREATE_GROUP
D/WifiP2pService(  811): P2pEnabledState{ when=-1ms what=139277 arg1=-2 arg2=1 target=com.android.internal.util.StateMachine$SmHandler }  > CREATE_GROUP
D/WifiP2pService(  811): DefaultState =139277
I/ActivityManager(  811): Killing 5088:com.qualcomm.logkit/u0a63 (adj 15): empty #17
D/DisplayPowerController(  811): updateAmbientLux:  mLightSensorListener lux is 6.0
F/ActivityManager(  811): Service ServiceRecord{41c16d60 u0 com.google.android.talk/com.google.android.apps.hangouts.concurrent.impl.ConcurrentService} in process ProcessRecord{4229ab68 4596:com.google.android.talk/u0a57} not same as in map: null
D/WifiP2pService(  811): GroupCreatedState{ when=-1ms what=139285 arg2=2 target=com.android.internal.util.StateMachine$SmHandler }  > REQUEST_CONNECTION_INFO
D/WifiP2pService(  811): P2pEnabledState{ when=-1ms what=139285 arg2=2 target=com.android.internal.util.StateMachine$SmHandler }  > REQUEST_CONNECTION_INFO
D/WifiP2pService(  811): DefaultState =139285
D/WifiP2pService(  811): GroupCreatedState{ when=0 what=139268 target=com.android.internal.util.StateMachine$SmHandler }  > STOP_DISCOVERY
D/WifiP2pService(  811): P2pEnabledState{ when=0 what=139268 target=com.android.internal.util.StateMachine$SmHandler }  > STOP_DISCOVERY
W/BroadcastQueue(  811): Exception when sending broadcast to ComponentInfo{com.qualcomm.logkit/com.qualcomm.logkit.autotrigger.AutotriggerReceiver}
W/BroadcastQueue(  811): android.os.TransactionTooLargeException
W/BroadcastQueue(  811): 	at android.os.BinderProxy.transact(Native Method)
W/BroadcastQueue(  811): 	at android.app.ApplicationThreadProxy.scheduleReceiver(ApplicationThreadNative.java:814)
W/BroadcastQueue(  811): 	at com.android.server.am.BroadcastQueue.processCurBroadcastLocked(BroadcastQueue.java:238)
W/BroadcastQueue(  811): 	at com.android.server.am.BroadcastQueue.processNextBroadcast(BroadcastQueue.java:915)
W/BroadcastQueue(  811): 	at com.android.server.am.BroadcastQueue$1.handleMessage(BroadcastQueue.java:143)
W/BroadcastQueue(  811): 	at android.os.Handler.dispatchMessage(Handler.java:102)
W/BroadcastQueue(  811): 	at android.os.Looper.loop(Looper.java:136)
W/BroadcastQueue(  811): 	at com.android.server.am.ActivityManagerService$AThread.run(ActivityManagerService.java:1895)
I/ActivityManager(  811): Start proc com.qualcomm.logkit for broadcast com.qualcomm.logkit/.autotrigger.AutotriggerReceiver: pid=5677 uid=10063 gids={50063, 1028, 1015, 1023, 1007, 3003, 3002}
D/WifiP2pService(  811): GroupCreatedState{ when=0 what=139287 arg2=3 target=com.android.internal.util.StateMachine$SmHandler }  > REQUEST_GROUP_INFO
D/WifiP2pService(  811): P2pEnabledState{ when=-1ms what=139287 arg2=3 target=com.android.internal.util.StateMachine$SmHandler }  > REQUEST_GROUP_INFO
D/WifiP2pService(  811): DefaultState =139287
D/WifiP2pService(  811): GroupCreatedState{ when=-2ms what=139268 target=com.android.internal.util.StateMachine$SmHandler }  > STOP_DISCOVERY
D/WifiP2pService(  811): P2pEnabledState{ when=-3ms what=139268 target=com.android.internal.util.StateMachine$SmHandler }  > STOP_DISCOVERY
D/PowerManagerService(  811): sendPendingNotificationsLocked mSendGoToSleepFinishedNotificationWhenReady = false
D/DisplayPowerController(  811): updateAmbientLux:  mLightSensorListener lux is 5.0
D/PowerManagerService(  811): sendPendingNotificationsLocked mSendGoToSleepFinishedNotificationWhenReady = false
D/DisplayPowerController(  811): updateAmbientLux:  mLightSensorListener lux is 7.0
D/PowerManagerService(  811): sendPendingNotificationsLocked mSendGoToSleepFinishedNotificationWhenReady = false
D/DisplayPowerController(  811): updateAmbientLux:  mLightSensorListener lux is 8.0
D/DisplayPowerController(  811): updateAmbientLux:  mLightSensorListener lux is 9.0
D/BatteryService(  811): ZTE Sending ACTION_BATTERY_CHANGED.  level:87, scale:100, status:2, health:2, present:true, voltage: 4235, temperature: 270, technology: Li-ion, AC powered:false, USB powered:true, Wireless powered:false, icon:17302966, invalid charger:0
D/PowerManagerService(  811): sendPendingNotificationsLocked mSendGoToSleepFinishedNotificationWhenReady = false
D/WifiController(  811): battery changed pluggedType: 2
V/UsbDeviceManager(  811): USB UEVENT: {USB_STATE=OFFLINE, SUBSYSTEM=switch, DEVPATH=/devices/virtual/switch/usb_scsi_command, SEQNUM=5980, ACTION=change}
D/UsbDeviceManager(  811): usb updateState(OFFLINE)
E/Vold    (  244): wangzy usb Switch state: DISCONNECTED
V/UsbDeviceManager(  811): USB UEVENT: {USB_STATE=DISCONNECTED, SUBSYSTEM=android_usb, DEVPATH=/devices/virtual/android_usb/android0, SEQNUM=5981, ACTION=change}
D/UsbDeviceManager(  811): usb updateState(DISCONNECTED)
D/DisplayPowerController(  811): updateAmbientLux:  mLightSensorListener lux is 7.0
D/VoldCmdListener(  244): volume mkdirs /storage/sdcard1/Android/data/com.google.android.apps.docs/cache/
W/Vold    (  244): Returning OperationFailed - no handler for errno 30
D/BatteryService(  811): ZTE Sending ACTION_BATTERY_CHANGED.  level:87, scale:100, status:2, health:2, present:true, voltage: 4235, temperature: 270, technology: Li-ion, AC powered:false, USB powered:false, Wireless powered:false, icon:17302966, invalid charger:0
D/WifiController(  811): battery changed pluggedType: 0
D/PowerManagerService(  811): sendPendingNotificationsLocked mSendGoToSleepFinishedNotificationWhenReady = false
D/BatteryService(  811): ZTE Sending ACTION_BATTERY_CHANGED.  level:87, scale:100, status:3, health:2, present:true, voltage: 4235, temperature: 270, technology: Li-ion, AC powered:false, USB powered:false, Wireless powered:false, icon:17302952, invalid charger:0
D/PowerUI (  978): playing charger insert/remove sound. enabledfalse
D/PowerManagerService(  811): sendPendingNotificationsLocked mSendGoToSleepFinishedNotificationWhenReady = false
D/WifiController(  811): battery changed pluggedType: 0
D/PowerManagerService(  811): sendPendingNotificationsLocked mSendGoToSleepFinishedNotificationWhenReady = false
D/PowerManagerService(  811): sendPendingNotificationsLocked mSendGoToSleepFinishedNotificationWhenReady = false
D/PowerManagerService(  811): sendPendingNotificationsLocked mSendGoToSleepFinishedNotificationWhenReady = false
D/PowerManagerService(  811): sendPendingNotificationsLocked mSendGoToSleepFinishedNotificationWhenReady = false
D/PowerUI (  978): paly enable=false
D/DisplayPowerController(  811): updateAmbientLux:  mLightSensorListener lux is 10.0
D/PowerManagerService(  811): sendPendingNotificationsLocked mSendGoToSleepFinishedNotificationWhenReady = false
D/PowerManagerService(  811): sendPendingNotificationsLocked mSendGoToSleepFinishedNotificationWhenReady = false
D/DisplayPowerController(  811): updateAmbientLux:  mLightSensorListener lux is 6.0
D/UsbDeviceManager(  811): setEnabledFunctions charge,adb makeDefault: false
D/UsbDeviceManager(  811): processOperatorUsbOverride
D/UsbDeviceManager(  811): send a broadcast when usb line plugged out
W/ContextImpl(  811): Calling a method in the system process without a qualified user: android.app.ContextImpl.sendBroadcast:1213 com.android.server.usb.UsbDeviceManager$UsbHandler.handleMessage:758 android.os.Handler.dispatchMessage:102 android.os.Looper.loop:136 android.os.HandlerThread.run:61 
D/ledlog_java_ntf(  811): cancelNotification
D/ledlog_java_ntf(  811): mLedNotification=null turn off
D/UsbDeviceManager(  811): broadcasting Intent { act=android.hardware.usb.action.USB_STATE flg=0x20000000 (has extras) } connected: false configured: false
D/UsbDeviceManager(  811): AlwaysAsk=1 mMenuPopUpEnabletrue
D/UsbDeviceManager(  811): updateUsbNotification();   1
E/UsbDeviceManager(  811): ++++++++++++++++mConnectedfalse
E/UsbDeviceManager(  811): ++++++++++++++++mUseUsbNotificationtrue
E/UsbDeviceManager(  811): ++++++++++++++++mUsbNotificationId17040934
E/UsbDeviceManager(  811): ++++++++++++++++id0
D/ledlog_java_ntf(  811): cancelNotification
D/ledlog_java_ntf(  811): mLedNotification=null turn off
W/AlarmManager(  811): Alarm triggering: Alarm{422b1e98 type 3 android}
D/PowerManagerService(  811): sendPendingNotificationsLocked mSendGoToSleepFinishedNotificationWhenReady = false
D/DisplayPowerController(  811): updateAmbientLux:  mLightSensorListener lux is 5.0
W/AlarmManager(  811): +++alarm onSendFinished ,action=android.intent.action.TIME_TICK
D/PowerManagerService(  811): sendPendingNotificationsLocked mSendGoToSleepFinishedNotificationWhenReady = false
D/DisplayPowerController(  811): updateAmbientLux:  mLightSensorListener lux is 4.0
D/DisplayPowerController(  811): updateAmbientLux:  mLightSensorListener lux is 5.0
D/vibrator_java(  811): mPackageName=android
D/PowerManagerService(  811): sendPendingNotificationsLocked mSendGoToSleepFinishedNotificationWhenReady = false
W/ContextImpl(  811): Calling a method in the system process without a qualified user: android.app.ContextImpl.sendBroadcast:1213 com.android.internal.policy.impl.PhoneWindowManager.interceptKeyBeforeQueueing:4268 com.android.server.wm.InputMonitor.interceptKeyBeforeQueueing:357 com.android.server.input.InputManagerService.interceptKeyBeforeQueueing:1343 dalvik.system.NativeStart.run:-2 
D/PowerManagerService(  811): sendPendingNotificationsLocked mSendGoToSleepFinishedNotificationWhenReady = false
D/LightsService(  811):  Trun on the button and after 2000s,then turn off the button !
D/vibrator_java(  811): mPackageName=android
D/vibrator_java(  811): doVibratorOn  uid= 1000  millis=40ms
D/PowerManagerService(  811): sendPendingNotificationsLocked mSendGoToSleepFinishedNotificationWhenReady = false
D/DisplayPowerController(  811): updateAmbientLux:  mLightSensorListener lux is 7.0
D/DisplayPowerController(  811): updateAmbientLux:  mLightSensorListener lux is 9.0
D/DisplayPowerController(  811): updateAmbientLux:  mLightSensorListener lux is 19.0
D/PowerManagerService(  811): sendPendingNotificationsLocked mSendGoToSleepFinishedNotificationWhenReady = false
D/LightsService(  811):  Trun on the button and after 2000s,then turn off the button !
D/vibrator_java(  811): mPackageName=android
D/PowerManagerService(  811): sendPendingNotificationsLocked mSendGoToSleepFinishedNotificationWhenReady = false
D/DisplayPowerController(  811): updateAmbientLux:  mLightSensorListener lux is 48.0
D/vibrator_java(  811): doVibratorOn  uid= 1000  millis=1ms
D/vibrator_java(  811): doVibratorOn  uid= 1000  millis=21ms
I/ActivityManager(  811): START u0 {act=com.android.systemui.recent.action.TOGGLE_RECENTS flg=0x10800000 cmp=com.android.systemui/.recent.RecentsActivity (has extras)} from pid 978
D/PowerManagerService(  811): sendPendingNotificationsLocked mSendGoToSleepFinishedNotificationWhenReady = false
D/PowerManagerService(  811): sendPendingNotificationsLocked mSendGoToSleepFinishedNotificationWhenReady = false
D/DisplayPowerController(  811): updateAmbientLux:  mLightSensorListener lux is 62.0
W/ViewRootImpl( 5556): Dropping event due to no window focus: KeyEvent { action=ACTION_DOWN, keyCode=KEYCODE_MENU, scanCode=139, metaState=0, flags=0x48, repeatCount=4, eventTime=3739441, downTime=3738766, deviceId=0, source=0x101 }
W/ViewRootImpl(  978): Dropping event due to no window focus: KeyEvent { action=ACTION_DOWN, keyCode=KEYCODE_MENU, scanCode=139, metaState=0, flags=0x48, repeatCount=5, eventTime=3739492, downTime=3738766, deviceId=0, source=0x101 }
W/ViewRootImpl(  978): Dropping event due to no window focus: KeyEvent { action=ACTION_DOWN, keyCode=KEYCODE_MENU, scanCode=139, metaState=0, flags=0x48, repeatCount=6, eventTime=3739575, downTime=3738766, deviceId=0, source=0x101 }
D/DisplayPowerController(  811): updateAmbientLux:  mLightSensorListener lux is 67.0
D/PowerManagerService(  811): sendPendingNotificationsLocked mSendGoToSleepFinishedNotificationWhenReady = false
D/DisplayPowerController(  811): updateAmbientLux:  mLightSensorListener lux is 76.0
D/PowerManagerService(  811): sendPendingNotificationsLocked mSendGoToSleepFinishedNotificationWhenReady = false
D/LightsService(  811):  Trun on the button and after 2000s,then turn off the button !
D/DisplayPowerController(  811): updateAmbientLux:  mLightSensorListener lux is 78.0
D/PowerManagerService(  811): sendPendingNotificationsLocked mSendGoToSleepFinishedNotificationWhenReady = false
D/LightsService(  811):  Trun on the button and after 2000s,then turn off the button !
D/PowerManagerService(  811): sendPendingNotificationsLocked mSendGoToSleepFinishedNotificationWhenReady = false
W/ContextImpl(  811): Calling a method in the system process without a qualified user: android.app.ContextImpl.sendBroadcast:1213 com.android.internal.policy.impl.PhoneWindowManager.interceptKeyBeforeQueueing:4268 com.android.server.wm.InputMonitor.interceptKeyBeforeQueueing:357 com.android.server.input.InputManagerService.interceptKeyBeforeQueueing:1343 dalvik.system.NativeStart.run:-2 
D/DisplayPowerController(  811): updateAmbientLux:  mLightSensorListener lux is 75.0
D/DisplayPowerController(  811): updateAmbientLux:  mLightSensorListener lux is 73.0
D/PowerManagerService(  811): sendPendingNotificationsLocked mSendGoToSleepFinishedNotificationWhenReady = false
D/LightsService(  811):  Trun on the button and after 2000s,then turn off the button !
D/DisplayPowerController(  811): updateAmbientLux:  mLightSensorListener lux is 76.0
D/DisplayPowerController(  811): updateAmbientLux:  mLightSensorListener lux is 77.0
D/PowerManagerService(  811): sendPendingNotificationsLocked mSendGoToSleepFinishedNotificationWhenReady = false
I/ActivityManager(  811): Killing 5433:com.android.defcontainer/u0a4 (adj 15): empty #17
I/ActivityManager(  811): Killing 5556:com.qualcomm.ftcrobotcontroller/u0a112 (adj 9): remove task
F/ActivityManager(  811): Service ServiceRecord{424b86c8 u0 com.qualcomm.ftcrobotcontroller/com.qualcomm.ftccommon.FtcRobotControllerService} in process ProcessRecord{4248f0b8 5556:com.qualcomm.ftcrobotcontroller/u0a112} not same as in map: null
D/WifiService(  811): Client connection lost with reason: 4
I/WindowState(  811): WIN DEATH: Window{41935aa8 u0 com.qualcomm.ftcrobotcontroller/org.firstinspires.ftc.robotcontroller.internal.FtcRobotControllerActivity}
D/WifiService(  811): releaseWifiLockLocked: WifiLock{ type=3 binder=android.os.BinderProxy@42144a50}
W/BackupManagerService(  811): dataChanged but no participant pkg='com.android.providers.settings' uid=10017
D/DisplayPowerController(  811): updateAmbientLux:  mLightSensorListener lux is 68.0
D/PowerManagerService(  811): sendPendingNotificationsLocked mSendGoToSleepFinishedNotificationWhenReady = false
D/DisplayPowerController(  811): updateAmbientLux:  mLightSensorListener lux is 51.0
D/DisplayPowerController(  811): updateAmbientLux:  mLightSensorListener lux is 45.0
D/DisplayPowerController(  811): updateAmbientLux:  mLightSensorListener lux is 48.0
D/DisplayPowerController(  811): updateAmbientLux:  mLightSensorListener lux is 46.0
D/DisplayPowerController(  811): ZTE_PM updateAutoBrightness: useAutoBrightness = true  mAmbientLuxValid = true  mAmbientLux = 52.8218
D/DisplayPowerController(  811): updateAutoBrightness: value=0.25503054 *255 = 65.03279
D/DisplayPowerController(  811): ZTE_PM mPowerRequest.screenState is 2
D/DisplayPowerController(  811): ZTE_PM_PROX disable ProxSensor while NO useProximitySensor 
D/DisplayPowerController(  811): ZTE_PM_PROX setProximitySensorEnabled enable = false
D/DisplayPowerController(  811): ZTE_PM  setLightSensorEnabled enable = true updateAutoBrightness = false
D/DisplayPowerState(  811): Updating screen state: onChanged=false, on= true, backlightChanged=true, backlight=33
D/DisplayPowerState(  811): Updating screen state: onChanged=false, on= true, backlightChanged=true, backlight=43
D/DisplayPowerController(  811): updateAmbientLux:  mLightSensorListener lux is 16.0
D/DisplayPowerState(  811): Updating screen state: onChanged=false, on= true, backlightChanged=true, backlight=57
D/DisplayPowerState(  811): Updating screen state: onChanged=false, on= true, backlightChanged=true, backlight=65
D/DisplayPowerController(  811): updateAmbientLux:  mLightSensorListener lux is 15.0
D/DisplayPowerController(  811): updateAmbientLux:  mLightSensorListener lux is 20.0
D/DisplayPowerController(  811): updateAmbientLux:  mLightSensorListener lux is 17.0
D/DisplayPowerController(  811): updateAmbientLux:  mLightSensorListener lux is 13.0
D/LightsService(  811):  turnOffButtonLight   mButtonLightTimeout = 2000
D/DisplayPowerController(  811): updateAmbientLux:  mLightSensorListener lux is 10.0
D/DisplayPowerController(  811): updateAmbientLux:  mLightSensorListener lux is 11.0
D/DisplayPowerController(  811): updateAmbientLux:  mLightSensorListener lux is 22.0
D/DisplayPowerController(  811): updateAmbientLux:  mLightSensorListener lux is 24.0
D/DisplayPowerController(  811): updateAmbientLux:  mLightSensorListener lux is 22.0
D/DisplayPowerController(  811): updateAmbientLux:  mLightSensorListener lux is 16.0
D/DisplayPowerController(  811): updateAmbientLux:  mLightSensorListener lux is 7.0
D/DisplayPowerController(  811): updateAmbientLux:  mLightSensorListener lux is 8.0
D/DisplayPowerController(  811): updateAmbientLux:  mLightSensorListener lux is 10.0
D/DisplayPowerController(  811): updateAmbientLux:  mLightSensorListener lux is 12.0
D/DisplayPowerController(  811): updateAmbientLux:  mLightSensorListener lux is 14.0
D/DisplayPowerController(  811): updateAmbientLux:  mLightSensorListener lux is 16.0
D/DisplayPowerController(  811): updateAmbientLux:  mLightSensorListener lux is 18.0
D/DisplayPowerController(  811): updateAmbientLux:  mLightSensorListener lux is 17.0
D/DisplayPowerController(  811): updateAmbientLux:  mLightSensorListener lux is 14.0
D/DisplayPowerController(  811): updateAmbientLux:  mLightSensorListener lux is 13.0
D/DisplayPowerController(  811): ZTE_PM updateAutoBrightness: useAutoBrightness = true  mAmbientLuxValid = true  mAmbientLux = 16.117296
D/DisplayPowerController(  811): updateAutoBrightness: value=0.13445161 *255 = 34.28516
D/DisplayPowerController(  811): ZTE_PM mPowerRequest.screenState is 2
D/DisplayPowerController(  811): ZTE_PM_PROX disable ProxSensor while NO useProximitySensor 
D/DisplayPowerController(  811): ZTE_PM_PROX setProximitySensorEnabled enable = false
D/DisplayPowerController(  811): ZTE_PM  setLightSensorEnabled enable = true updateAutoBrightness = false
D/DisplayPowerState(  811): Updating screen state: onChanged=false, on= true, backlightChanged=true, backlight=62
D/DisplayPowerState(  811): Updating screen state: onChanged=false, on= true, backlightChanged=true, backlight=52
D/DisplayPowerState(  811): Updating screen state: onChanged=false, on= true, backlightChanged=true, backlight=39
D/DisplayPowerController(  811): updateAmbientLux:  mLightSensorListener lux is 12.0
D/DisplayPowerState(  811): Updating screen state: onChanged=false, on= true, backlightChanged=true, backlight=34
D/DisplayPowerController(  811): updateAmbientLux:  mLightSensorListener lux is 11.0
D/DisplayPowerController(  811): updateAmbientLux:  mLightSensorListener lux is 3.0
D/DisplayPowerController(  811): updateAmbientLux:  mLightSensorListener lux is 0.0
W/AlarmManager(  811): Alarm triggering: Alarm{42377020 type 0 com.android.vending}
W/AlarmManager(  811): +++Alarm  wakeup phone ,pkg=com.android.vending
D/PowerManagerService(  811): sendPendingNotificationsLocked mSendGoToSleepFinishedNotificationWhenReady = false
W/AlarmManager(  811): +++alarm onSendFinished ,action=null
D/PowerManagerService(  811): sendPendingNotificationsLocked mSendGoToSleepFinishedNotificationWhenReady = false
D/DisplayPowerController(  811): ZTE_PM updateAutoBrightness: useAutoBrightness = true  mAmbientLuxValid = true  mAmbientLux = 2.1650763
D/DisplayPowerController(  811): updateAutoBrightness: value=0.058078766 *255 = 14.810085
D/DisplayPowerController(  811): ZTE_PM mPowerRequest.screenState is 2
D/DisplayPowerController(  811): ZTE_PM_PROX disable ProxSensor while NO useProximitySensor 
D/DisplayPowerController(  811): ZTE_PM_PROX setProximitySensorEnabled enable = false
D/DisplayPowerController(  811): ZTE_PM  setLightSensorEnabled enable = true updateAutoBrightness = false
D/DisplayPowerState(  811): Updating screen state: onChanged=false, on= true, backlightChanged=true, backlight=31
D/DisplayPowerState(  811): Updating screen state: onChanged=false, on= true, backlightChanged=true, backlight=21
D/DisplayPowerController(  811): ZTE_PM updateAutoBrightness: useAutoBrightness = true  mAmbientLuxValid = true  mAmbientLux = 1.0771524
D/DisplayPowerController(  811): updateAutoBrightness: value=0.05247762 *255 = 13.381793
D/DisplayPowerController(  811): ZTE_PM mPowerRequest.screenState is 2
D/DisplayPowerController(  811): ZTE_PM_PROX disable ProxSensor while NO useProximitySensor 
D/DisplayPowerController(  811): ZTE_PM_PROX setProximitySensorEnabled enable = false
D/DisplayPowerController(  811): ZTE_PM  setLightSensorEnabled enable = true updateAutoBrightness = false
D/DisplayPowerState(  811): Updating screen state: onChanged=false, on= true, backlightChanged=true, backlight=13
D/DisplayPowerController(  811): updateAmbientLux:  mLightSensorListener lux is 1.0
D/DisplayPowerController(  811): updateAmbientLux:  mLightSensorListener lux is 3.0
D/DisplayPowerController(  811): updateAmbientLux:  mLightSensorListener lux is 5.0
D/DisplayPowerController(  811): updateAmbientLux:  mLightSensorListener lux is 4.0
D/DisplayPowerController(  811): updateAmbientLux:  mLightSensorListener lux is 6.0
D/DisplayPowerController(  811): updateAmbientLux:  mLightSensorListener lux is 10.0
D/DisplayPowerController(  811): updateAmbientLux:  mLightSensorListener lux is 8.0
D/DisplayPowerController(  811): updateAmbientLux:  mLightSensorListener lux is 6.0
D/DisplayPowerController(  811): updateAmbientLux:  mLightSensorListener lux is 7.0
D/DisplayPowerController(  811): updateAmbientLux:  mLightSensorListener lux is 8.0
D/DisplayPowerController(  811): updateAmbientLux:  mLightSensorListener lux is 10.0
D/DisplayPowerController(  811): updateAmbientLux:  mLightSensorListener lux is 11.0
D/DisplayPowerController(  811): updateAmbientLux:  mLightSensorListener lux is 10.0
D/DisplayPowerController(  811): updateAmbientLux:  mLightSensorListener lux is 6.0
D/DisplayPowerController(  811): updateAmbientLux:  mLightSensorListener lux is 7.0
D/DisplayPowerController(  811): ZTE_PM updateAutoBrightness: useAutoBrightness = true  mAmbientLuxValid = true  mAmbientLux = 6.830658
D/DisplayPowerController(  811): updateAutoBrightness: value=0.083187066 *255 = 21.212702
D/DisplayPowerController(  811): ZTE_PM mPowerRequest.screenState is 2
D/DisplayPowerController(  811): ZTE_PM_PROX disable ProxSensor while NO useProximitySensor 
D/DisplayPowerController(  811): ZTE_PM_PROX setProximitySensorEnabled enable = false
D/DisplayPowerController(  811): ZTE_PM  setLightSensorEnabled enable = true updateAutoBrightness = false
D/DisplayPowerState(  811): Updating screen state: onChanged=false, on= true, backlightChanged=true, backlight=16
D/DisplayPowerState(  811): Updating screen state: onChanged=false, on= true, backlightChanged=true, backlight=21
D/DisplayPowerController(  811): updateAmbientLux:  mLightSensorListener lux is 5.0
D/DisplayPowerController(  811): updateAmbientLux:  mLightSensorListener lux is 6.0
D/DisplayPowerController(  811): updateAmbientLux:  mLightSensorListener lux is 7.0
D/DisplayPowerController(  811): updateAmbientLux:  mLightSensorListener lux is 9.0
D/DisplayPowerController(  811): updateAmbientLux:  mLightSensorListener lux is 14.0
D/DisplayPowerController(  811): updateAmbientLux:  mLightSensorListener lux is 15.0
D/DisplayPowerController(  811): updateAmbientLux:  mLightSensorListener lux is 11.0
D/DisplayPowerController(  811): updateAmbientLux:  mLightSensorListener lux is 9.0
D/DisplayPowerController(  811): updateAmbientLux:  mLightSensorListener lux is 10.0
D/DisplayPowerController(  811): updateAmbientLux:  mLightSensorListener lux is 11.0
D/DisplayPowerController(  811): updateAmbientLux:  mLightSensorListener lux is 10.0
D/DisplayPowerController(  811): updateAmbientLux:  mLightSensorListener lux is 11.0
D/DisplayPowerController(  811): updateAmbientLux:  mLightSensorListener lux is 7.0
D/DisplayPowerController(  811): updateAmbientLux:  mLightSensorListener lux is 6.0
D/DisplayPowerController(  811): updateAmbientLux:  mLightSensorListener lux is 1.0
D/DisplayPowerController(  811): ZTE_PM updateAutoBrightness: useAutoBrightness = true  mAmbientLuxValid = true  mAmbientLux = 8.252925
D/DisplayPowerController(  811): updateAutoBrightness: value=0.091065645 *255 = 23.221739
D/DisplayPowerController(  811): ZTE_PM mPowerRequest.screenState is 2
D/DisplayPowerController(  811): ZTE_PM_PROX disable ProxSensor while NO useProximitySensor 
D/DisplayPowerController(  811): ZTE_PM_PROX setProximitySensorEnabled enable = false
D/DisplayPowerController(  811): ZTE_PM  setLightSensorEnabled enable = true updateAutoBrightness = false
D/DisplayPowerState(  811): Updating screen state: onChanged=false, on= true, backlightChanged=true, backlight=23
D/DisplayPowerController(  811): updateAmbientLux:  mLightSensorListener lux is 3.0
D/DisplayPowerController(  811): updateAmbientLux:  mLightSensorListener lux is 6.0
D/PowerManagerService(  811): sendPendingNotificationsLocked mSendGoToSleepFinishedNotificationWhenReady = false
D/LightsService(  811):  Trun on the button and after 2000s,then turn off the button !
D/DisplayPowerController(  811): updateAmbientLux:  mLightSensorListener lux is 4.0
D/DisplayPowerController(  811): updateAmbientLux:  mLightSensorListener lux is 0.0
D/PowerManagerService(  811): sendPendingNotificationsLocked mSendGoToSleepFinishedNotificationWhenReady = false
D/LightsService(  811):  Trun on the button and after 2000s,then turn off the button !
D/ledlog_java_ntf(  811): statusBar update by user
D/ledlog_java_ntf(  811): mLedNotification=null turn off
D/ledlog_java_ntf(  811): statusBar update by user
D/ledlog_java_ntf(  811): mLedNotification=null turn off
W/InputMethodManagerService(  811): Window already focused, ignoring focus gain of: com.android.internal.view.IInputMethodClient$Stub$Proxy@4218de58 attribute=null, token = android.os.BinderProxy@421a0868
D/PowerManagerService(  811): sendPendingNotificationsLocked mSendGoToSleepFinishedNotificationWhenReady = false
D/PowerManagerService(  811): sendPendingNotificationsLocked mSendGoToSleepFinishedNotificationWhenReady = false
D/LightsService(  811):  turnOffButtonLight   mButtonLightTimeout = 2000
D/DisplayPowerController(  811): ZTE_PM updateAutoBrightness: useAutoBrightness = true  mAmbientLuxValid = true  mAmbientLux = 1.1591864
D/DisplayPowerController(  811): updateAutoBrightness: value=0.052895676 *255 = 13.488398
D/DisplayPowerController(  811): ZTE_PM mPowerRequest.screenState is 2
